// Validating benchmarks:
// ***** BenchmarkRunner: Start   *****
// ***** Found 2 benchmark(s) in total *****
// ***** Building 1 exe(s) in Parallel: Start   *****
// start dotnet  restore /p:UseSharedCompilation=false /p:BuildInParallel=false /m:1 /p:Deterministic=true /p:Optimize=true /p:ArtifactsPath="C:\AOCR\AOCR\AOCR05-01-2026\AOCR1\AOCR\BenchmarkSuite1\bin\Release\net9.0\BenchmarkSuite1-DefaultJob-1/" /p:OutDir="C:\AOCR\AOCR\AOCR05-01-2026\AOCR1\AOCR\BenchmarkSuite1\bin\Release\net9.0\BenchmarkSuite1-DefaultJob-1\bin\Release\net9.0/" /p:OutputPath="C:\AOCR\AOCR\AOCR05-01-2026\AOCR1\AOCR\BenchmarkSuite1\bin\Release\net9.0\BenchmarkSuite1-DefaultJob-1\bin\Release\net9.0/" /p:PublishDir="C:\AOCR\AOCR\AOCR05-01-2026\AOCR1\AOCR\BenchmarkSuite1\bin\Release\net9.0\BenchmarkSuite1-DefaultJob-1\publish/" in C:\AOCR\AOCR\AOCR05-01-2026\AOCR1\AOCR\BenchmarkSuite1\bin\Release\net9.0\BenchmarkSuite1-DefaultJob-1
// command took 0.95 sec and exited with 0
// start dotnet  build -c Release --no-restore /p:UseSharedCompilation=false /p:BuildInParallel=false /m:1 /p:Deterministic=true /p:Optimize=true /p:ArtifactsPath="C:\AOCR\AOCR\AOCR05-01-2026\AOCR1\AOCR\BenchmarkSuite1\bin\Release\net9.0\BenchmarkSuite1-DefaultJob-1/" /p:OutDir="C:\AOCR\AOCR\AOCR05-01-2026\AOCR1\AOCR\BenchmarkSuite1\bin\Release\net9.0\BenchmarkSuite1-DefaultJob-1\bin\Release\net9.0/" /p:OutputPath="C:\AOCR\AOCR\AOCR05-01-2026\AOCR1\AOCR\BenchmarkSuite1\bin\Release\net9.0\BenchmarkSuite1-DefaultJob-1\bin\Release\net9.0/" /p:PublishDir="C:\AOCR\AOCR\AOCR05-01-2026\AOCR1\AOCR\BenchmarkSuite1\bin\Release\net9.0\BenchmarkSuite1-DefaultJob-1\publish/" --output "C:\AOCR\AOCR\AOCR05-01-2026\AOCR1\AOCR\BenchmarkSuite1\bin\Release\net9.0\BenchmarkSuite1-DefaultJob-1\bin\Release\net9.0/" in C:\AOCR\AOCR\AOCR05-01-2026\AOCR1\AOCR\BenchmarkSuite1\bin\Release\net9.0\BenchmarkSuite1-DefaultJob-1
// command took 3.84 sec and exited with 0
// ***** Done, took 00:00:05 (5.12 sec)   *****
// Found 2 benchmarks:
//   MapearOrdenBenchmark.MapearOrden_Actual: DefaultJob
//   MapearOrdenBenchmark.MapearOrden_Optimizado: DefaultJob

Setup power plan (GUID: 8c5e7fda-e8bf-4a96-9a85-a6e23a8c635c FriendlyName: Alto rendimiento)
// **************************
// Benchmark: MapearOrdenBenchmark.MapearOrden_Actual: DefaultJob
// *** Execute ***
// Launch: 1 / 1
// Execute: dotnet BenchmarkSuite1-DefaultJob-1.dll --anonymousPipes 4472 5108 --benchmarkName CapaDatos.Benchmarks.MapearOrdenBenchmark.MapearOrden_Actual --job Default --benchmarkId 0 in C:\AOCR\AOCR\AOCR05-01-2026\AOCR1\AOCR\BenchmarkSuite1\bin\Release\net9.0\BenchmarkSuite1-DefaultJob-1\bin\Release\net9.0
// BeforeAnythingElse

// Benchmark Process Environment Information:
// BenchmarkDotNet v0.15.2
// Runtime=.NET 9.0.14 (9.0.1426.11910), X64 RyuJIT AVX2
// GC=Concurrent Workstation
// HardwareIntrinsics=AVX2,AES,BMI1,BMI2,FMA,LZCNT,PCLMUL,POPCNT VectorSize=256
// Job: DefaultJob

OverheadJitting  1: 1 op, 174300.00 ns, 174.3000 us/op
WorkloadJitting  1: 1 op, 3658000.00 ns, 3.6580 ms/op

OverheadJitting  2: 16 op, 522800.00 ns, 32.6750 us/op
WorkloadJitting  2: 16 op, 21880500.00 ns, 1.3675 ms/op

WorkloadPilot    1: 16 op, 21295300.00 ns, 1.3310 ms/op
WorkloadPilot    2: 32 op, 43090000.00 ns, 1.3466 ms/op
WorkloadPilot    3: 64 op, 83856000.00 ns, 1.3103 ms/op
WorkloadPilot    4: 128 op, 114660500.00 ns, 895.7852 us/op
WorkloadPilot    5: 256 op, 44228800.00 ns, 172.7688 us/op
WorkloadPilot    6: 512 op, 88118000.00 ns, 172.1055 us/op
WorkloadPilot    7: 1024 op, 175402200.00 ns, 171.2912 us/op
WorkloadPilot    8: 2048 op, 349110800.00 ns, 170.4643 us/op
WorkloadPilot    9: 4096 op, 700690400.00 ns, 171.0670 us/op

OverheadWarmup   1: 4096 op, 15700.00 ns, 3.8330 ns/op
OverheadWarmup   2: 4096 op, 14500.00 ns, 3.5400 ns/op
OverheadWarmup   3: 4096 op, 14600.00 ns, 3.5645 ns/op
OverheadWarmup   4: 4096 op, 14400.00 ns, 3.5156 ns/op
OverheadWarmup   5: 4096 op, 14600.00 ns, 3.5645 ns/op
OverheadWarmup   6: 4096 op, 14600.00 ns, 3.5645 ns/op

OverheadActual   1: 4096 op, 14500.00 ns, 3.5400 ns/op
OverheadActual   2: 4096 op, 14400.00 ns, 3.5156 ns/op
OverheadActual   3: 4096 op, 14600.00 ns, 3.5645 ns/op
OverheadActual   4: 4096 op, 14400.00 ns, 3.5156 ns/op
OverheadActual   5: 4096 op, 14600.00 ns, 3.5645 ns/op
OverheadActual   6: 4096 op, 14400.00 ns, 3.5156 ns/op
OverheadActual   7: 4096 op, 14400.00 ns, 3.5156 ns/op
OverheadActual   8: 4096 op, 14400.00 ns, 3.5156 ns/op
OverheadActual   9: 4096 op, 14600.00 ns, 3.5645 ns/op
OverheadActual  10: 4096 op, 14500.00 ns, 3.5400 ns/op
OverheadActual  11: 4096 op, 15200.00 ns, 3.7109 ns/op
OverheadActual  12: 4096 op, 14400.00 ns, 3.5156 ns/op
OverheadActual  13: 4096 op, 14400.00 ns, 3.5156 ns/op
OverheadActual  14: 4096 op, 14400.00 ns, 3.5156 ns/op
OverheadActual  15: 4096 op, 14500.00 ns, 3.5400 ns/op

OverheadWarmup   1: 4096 op, 14500.00 ns, 3.5400 ns/op
OverheadWarmup   2: 4096 op, 14500.00 ns, 3.5400 ns/op
OverheadWarmup   3: 4096 op, 14400.00 ns, 3.5156 ns/op
OverheadWarmup   4: 4096 op, 14600.00 ns, 3.5645 ns/op
OverheadWarmup   5: 4096 op, 14500.00 ns, 3.5400 ns/op
OverheadWarmup   6: 4096 op, 14400.00 ns, 3.5156 ns/op

// BeforeActualRun
WorkloadActual   1: 4096 op, 707098200.00 ns, 172.6314 us/op
WorkloadActual   2: 4096 op, 701840600.00 ns, 171.3478 us/op
WorkloadActual   3: 4096 op, 701281400.00 ns, 171.2113 us/op
WorkloadActual   4: 4096 op, 700181100.00 ns, 170.9427 us/op
WorkloadActual   5: 4096 op, 699773600.00 ns, 170.8432 us/op
WorkloadActual   6: 4096 op, 705131600.00 ns, 172.1513 us/op
WorkloadActual   7: 4096 op, 706027400.00 ns, 172.3700 us/op
WorkloadActual   8: 4096 op, 713571100.00 ns, 174.2117 us/op
WorkloadActual   9: 4096 op, 722428100.00 ns, 176.3740 us/op
WorkloadActual  10: 4096 op, 727374900.00 ns, 177.5818 us/op
WorkloadActual  11: 4096 op, 712316300.00 ns, 173.9053 us/op
WorkloadActual  12: 4096 op, 712098700.00 ns, 173.8522 us/op
WorkloadActual  13: 4096 op, 703650900.00 ns, 171.7898 us/op
WorkloadActual  14: 4096 op, 700540100.00 ns, 171.0303 us/op
WorkloadActual  15: 4096 op, 704339300.00 ns, 171.9578 us/op

// AfterActualRun
WorkloadResult   1: 4096 op, 707083800.00 ns, 172.6279 us/op
WorkloadResult   2: 4096 op, 701826200.00 ns, 171.3443 us/op
WorkloadResult   3: 4096 op, 701267000.00 ns, 171.2078 us/op
WorkloadResult   4: 4096 op, 700166700.00 ns, 170.9391 us/op
WorkloadResult   5: 4096 op, 699759200.00 ns, 170.8396 us/op
WorkloadResult   6: 4096 op, 705117200.00 ns, 172.1478 us/op
WorkloadResult   7: 4096 op, 706013000.00 ns, 172.3665 us/op
WorkloadResult   8: 4096 op, 713556700.00 ns, 174.2082 us/op
WorkloadResult   9: 4096 op, 722413700.00 ns, 176.3705 us/op
WorkloadResult  10: 4096 op, 727360500.00 ns, 177.5782 us/op
WorkloadResult  11: 4096 op, 712301900.00 ns, 173.9018 us/op
WorkloadResult  12: 4096 op, 712084300.00 ns, 173.8487 us/op
WorkloadResult  13: 4096 op, 703636500.00 ns, 171.7863 us/op
WorkloadResult  14: 4096 op, 700525700.00 ns, 171.0268 us/op
WorkloadResult  15: 4096 op, 704324900.00 ns, 171.9543 us/op
// GC:  67 19 0 426213376 4096
// Threading:  0 0 4096

// AfterAll
// Benchmark Process 12412 has exited with code 0.

Mean = 172.810 μs, StdErr = 0.523 μs (0.30%), N = 15, StdDev = 2.024 μs
Min = 170.840 μs, Q1 = 171.276 μs, Median = 172.148 μs, Q3 = 173.875 μs, Max = 177.578 μs
IQR = 2.599 μs, LowerFence = 167.377 μs, UpperFence = 177.774 μs
ConfidenceInterval = [170.646 μs; 174.974 μs] (CI 99.9%), Margin = 2.164 μs (1.25% of Mean)
Skewness = 1.04, Kurtosis = 2.92, MValue = 2

// ** Remained 1 (50,0 %) benchmark(s) to run. Estimated finish 2026-03-16 16:02 (0h 0m from now) **
Setup power plan (GUID: 8c5e7fda-e8bf-4a96-9a85-a6e23a8c635c FriendlyName: Alto rendimiento)
// **************************
// Benchmark: MapearOrdenBenchmark.MapearOrden_Optimizado: DefaultJob
// *** Execute ***
// Launch: 1 / 1
// Execute: dotnet BenchmarkSuite1-DefaultJob-1.dll --anonymousPipes 3420 656 --benchmarkName CapaDatos.Benchmarks.MapearOrdenBenchmark.MapearOrden_Optimizado --job Default --benchmarkId 1 in C:\AOCR\AOCR\AOCR05-01-2026\AOCR1\AOCR\BenchmarkSuite1\bin\Release\net9.0\BenchmarkSuite1-DefaultJob-1\bin\Release\net9.0
// BeforeAnythingElse

// Benchmark Process Environment Information:
// BenchmarkDotNet v0.15.2
// Runtime=.NET 9.0.14 (9.0.1426.11910), X64 RyuJIT AVX2
// GC=Concurrent Workstation
// HardwareIntrinsics=AVX2,AES,BMI1,BMI2,FMA,LZCNT,PCLMUL,POPCNT VectorSize=256
// Job: DefaultJob

OverheadJitting  1: 1 op, 171200.00 ns, 171.2000 us/op
WorkloadJitting  1: 1 op, 2610300.00 ns, 2.6103 ms/op

OverheadJitting  2: 16 op, 507200.00 ns, 31.7000 us/op
WorkloadJitting  2: 16 op, 14486800.00 ns, 905.4250 us/op

WorkloadPilot    1: 16 op, 13760000.00 ns, 860.0000 us/op
WorkloadPilot    2: 32 op, 27468000.00 ns, 858.3750 us/op
WorkloadPilot    3: 64 op, 54321100.00 ns, 848.7672 us/op
WorkloadPilot    4: 128 op, 105165800.00 ns, 821.6078 us/op
WorkloadPilot    5: 256 op, 35603700.00 ns, 139.0770 us/op
WorkloadPilot    6: 512 op, 47900300.00 ns, 93.5553 us/op
WorkloadPilot    7: 1024 op, 95613800.00 ns, 93.3729 us/op
WorkloadPilot    8: 2048 op, 196752200.00 ns, 96.0704 us/op
WorkloadPilot    9: 4096 op, 386337300.00 ns, 94.3206 us/op
WorkloadPilot   10: 8192 op, 755951200.00 ns, 92.2792 us/op

OverheadWarmup   1: 8192 op, 30000.00 ns, 3.6621 ns/op
OverheadWarmup   2: 8192 op, 29000.00 ns, 3.5400 ns/op
OverheadWarmup   3: 8192 op, 28900.00 ns, 3.5278 ns/op
OverheadWarmup   4: 8192 op, 28700.00 ns, 3.5034 ns/op
OverheadWarmup   5: 8192 op, 29000.00 ns, 3.5400 ns/op
OverheadWarmup   6: 8192 op, 29100.00 ns, 3.5522 ns/op
OverheadWarmup   7: 8192 op, 29200.00 ns, 3.5645 ns/op
OverheadWarmup   8: 8192 op, 29100.00 ns, 3.5522 ns/op
OverheadWarmup   9: 8192 op, 29100.00 ns, 3.5522 ns/op
OverheadWarmup  10: 8192 op, 29200.00 ns, 3.5645 ns/op

OverheadActual   1: 8192 op, 29200.00 ns, 3.5645 ns/op
OverheadActual   2: 8192 op, 28600.00 ns, 3.4912 ns/op
OverheadActual   3: 8192 op, 29200.00 ns, 3.5645 ns/op
OverheadActual   4: 8192 op, 29200.00 ns, 3.5645 ns/op
OverheadActual   5: 8192 op, 28600.00 ns, 3.4912 ns/op
OverheadActual   6: 8192 op, 29200.00 ns, 3.5645 ns/op
OverheadActual   7: 8192 op, 29700.00 ns, 3.6255 ns/op
OverheadActual   8: 8192 op, 28900.00 ns, 3.5278 ns/op
OverheadActual   9: 8192 op, 29200.00 ns, 3.5645 ns/op
OverheadActual  10: 8192 op, 29100.00 ns, 3.5522 ns/op
OverheadActual  11: 8192 op, 29200.00 ns, 3.5645 ns/op
OverheadActual  12: 8192 op, 29100.00 ns, 3.5522 ns/op
OverheadActual  13: 8192 op, 29000.00 ns, 3.5400 ns/op
OverheadActual  14: 8192 op, 29200.00 ns, 3.5645 ns/op
OverheadActual  15: 8192 op, 29400.00 ns, 3.5889 ns/op

OverheadWarmup   1: 8192 op, 29100.00 ns, 3.5522 ns/op
OverheadWarmup   2: 8192 op, 29100.00 ns, 3.5522 ns/op
OverheadWarmup   3: 8192 op, 28800.00 ns, 3.5156 ns/op
OverheadWarmup   4: 8192 op, 28900.00 ns, 3.5278 ns/op
OverheadWarmup   5: 8192 op, 29000.00 ns, 3.5400 ns/op
OverheadWarmup   6: 8192 op, 28700.00 ns, 3.5034 ns/op

// BeforeActualRun
WorkloadActual   1: 8192 op, 820488300.00 ns, 100.1573 us/op
WorkloadActual   2: 8192 op, 813242100.00 ns, 99.2727 us/op
WorkloadActual   3: 8192 op, 786627000.00 ns, 96.0238 us/op
WorkloadActual   4: 8192 op, 765256800.00 ns, 93.4151 us/op
WorkloadActual   5: 8192 op, 765767800.00 ns, 93.4775 us/op
WorkloadActual   6: 8192 op, 780150900.00 ns, 95.2333 us/op
WorkloadActual   7: 8192 op, 771814400.00 ns, 94.2156 us/op
WorkloadActual   8: 8192 op, 767916700.00 ns, 93.7398 us/op
WorkloadActual   9: 8192 op, 787412300.00 ns, 96.1197 us/op
WorkloadActual  10: 8192 op, 784027100.00 ns, 95.7064 us/op
WorkloadActual  11: 8192 op, 858143200.00 ns, 104.7538 us/op
WorkloadActual  12: 8192 op, 933772000.00 ns, 113.9858 us/op
WorkloadActual  13: 8192 op, 838703500.00 ns, 102.3808 us/op
WorkloadActual  14: 8192 op, 855420400.00 ns, 104.4214 us/op
WorkloadActual  15: 8192 op, 933807400.00 ns, 113.9902 us/op
WorkloadActual  16: 8192 op, 938549300.00 ns, 114.5690 us/op
WorkloadActual  17: 8192 op, 961062200.00 ns, 117.3172 us/op
WorkloadActual  18: 8192 op, 763776000.00 ns, 93.2344 us/op
WorkloadActual  19: 8192 op, 765494400.00 ns, 93.4441 us/op
WorkloadActual  20: 8192 op, 764101400.00 ns, 93.2741 us/op
WorkloadActual  21: 8192 op, 763769500.00 ns, 93.2336 us/op
WorkloadActual  22: 8192 op, 773992000.00 ns, 94.4814 us/op
WorkloadActual  23: 8192 op, 768605600.00 ns, 93.8239 us/op
WorkloadActual  24: 8192 op, 764917500.00 ns, 93.3737 us/op
WorkloadActual  25: 8192 op, 763912000.00 ns, 93.2510 us/op
WorkloadActual  26: 8192 op, 774630000.00 ns, 94.5593 us/op
WorkloadActual  27: 8192 op, 785810000.00 ns, 95.9241 us/op
WorkloadActual  28: 8192 op, 767918800.00 ns, 93.7401 us/op
WorkloadActual  29: 8192 op, 766102100.00 ns, 93.5183 us/op
WorkloadActual  30: 8192 op, 777585400.00 ns, 94.9201 us/op
WorkloadActual  31: 8192 op, 808288600.00 ns, 98.6680 us/op
WorkloadActual  32: 8192 op, 790171900.00 ns, 96.4565 us/op
WorkloadActual  33: 8192 op, 1264545500.00 ns, 154.3635 us/op
WorkloadActual  34: 8192 op, 780570700.00 ns, 95.2845 us/op
WorkloadActual  35: 8192 op, 768510600.00 ns, 93.8123 us/op
WorkloadActual  36: 8192 op, 771663300.00 ns, 94.1972 us/op
WorkloadActual  37: 8192 op, 777361600.00 ns, 94.8928 us/op
WorkloadActual  38: 8192 op, 829444800.00 ns, 101.2506 us/op
WorkloadActual  39: 8192 op, 827739000.00 ns, 101.0424 us/op
WorkloadActual  40: 8192 op, 836436900.00 ns, 102.1041 us/op
WorkloadActual  41: 8192 op, 795662100.00 ns, 97.1267 us/op
WorkloadActual  42: 8192 op, 837074200.00 ns, 102.1819 us/op
WorkloadActual  43: 8192 op, 781401500.00 ns, 95.3859 us/op
WorkloadActual  44: 8192 op, 775697700.00 ns, 94.6897 us/op
WorkloadActual  45: 8192 op, 779380000.00 ns, 95.1392 us/op

// AfterActualRun
WorkloadResult   1: 8192 op, 820459100.00 ns, 100.1537 us/op
WorkloadResult   2: 8192 op, 813212900.00 ns, 99.2692 us/op
WorkloadResult   3: 8192 op, 786597800.00 ns, 96.0202 us/op
WorkloadResult   4: 8192 op, 765227600.00 ns, 93.4116 us/op
WorkloadResult   5: 8192 op, 765738600.00 ns, 93.4740 us/op
WorkloadResult   6: 8192 op, 780121700.00 ns, 95.2297 us/op
WorkloadResult   7: 8192 op, 771785200.00 ns, 94.2121 us/op
WorkloadResult   8: 8192 op, 767887500.00 ns, 93.7363 us/op
WorkloadResult   9: 8192 op, 787383100.00 ns, 96.1161 us/op
WorkloadResult  10: 8192 op, 783997900.00 ns, 95.7029 us/op
WorkloadResult  11: 8192 op, 858114000.00 ns, 104.7502 us/op
WorkloadResult  12: 8192 op, 838674300.00 ns, 102.3772 us/op
WorkloadResult  13: 8192 op, 855391200.00 ns, 104.4179 us/op
WorkloadResult  14: 8192 op, 763746800.00 ns, 93.2308 us/op
WorkloadResult  15: 8192 op, 765465200.00 ns, 93.4406 us/op
WorkloadResult  16: 8192 op, 764072200.00 ns, 93.2705 us/op
WorkloadResult  17: 8192 op, 763740300.00 ns, 93.2300 us/op
WorkloadResult  18: 8192 op, 773962800.00 ns, 94.4779 us/op
WorkloadResult  19: 8192 op, 768576400.00 ns, 93.8204 us/op
WorkloadResult  20: 8192 op, 764888300.00 ns, 93.3702 us/op
WorkloadResult  21: 8192 op, 763882800.00 ns, 93.2474 us/op
WorkloadResult  22: 8192 op, 774600800.00 ns, 94.5558 us/op
WorkloadResult  23: 8192 op, 785780800.00 ns, 95.9205 us/op
WorkloadResult  24: 8192 op, 767889600.00 ns, 93.7365 us/op
WorkloadResult  25: 8192 op, 766072900.00 ns, 93.5148 us/op
WorkloadResult  26: 8192 op, 777556200.00 ns, 94.9165 us/op
WorkloadResult  27: 8192 op, 808259400.00 ns, 98.6645 us/op
WorkloadResult  28: 8192 op, 790142700.00 ns, 96.4530 us/op
WorkloadResult  29: 8192 op, 780541500.00 ns, 95.2809 us/op
WorkloadResult  30: 8192 op, 768481400.00 ns, 93.8088 us/op
WorkloadResult  31: 8192 op, 771634100.00 ns, 94.1936 us/op
WorkloadResult  32: 8192 op, 777332400.00 ns, 94.8892 us/op
WorkloadResult  33: 8192 op, 829415600.00 ns, 101.2470 us/op
WorkloadResult  34: 8192 op, 827709800.00 ns, 101.0388 us/op
WorkloadResult  35: 8192 op, 836407700.00 ns, 102.1005 us/op
WorkloadResult  36: 8192 op, 795632900.00 ns, 97.1232 us/op
WorkloadResult  37: 8192 op, 837045000.00 ns, 102.1783 us/op
WorkloadResult  38: 8192 op, 781372300.00 ns, 95.3824 us/op
WorkloadResult  39: 8192 op, 775668500.00 ns, 94.6861 us/op
WorkloadResult  40: 8192 op, 779350800.00 ns, 95.1356 us/op
// GC:  135 38 0 852426752 8192
// Threading:  0 0 8192

// AfterAll
// Benchmark Process 35516 has exited with code 0.

Mean = 96.295 μs, StdErr = 0.537 μs (0.56%), N = 40, StdDev = 3.396 μs
Min = 93.230 μs, Q1 = 93.736 μs, Median = 95.026 μs, Q3 = 97.508 μs, Max = 104.750 μs
IQR = 3.772 μs, LowerFence = 88.078 μs, UpperFence = 103.167 μs
ConfidenceInterval = [94.384 μs; 98.205 μs] (CI 99.9%), Margin = 1.910 μs (1.98% of Mean)
Skewness = 1.12, Kurtosis = 2.92, MValue = 2.33

// ** Remained 0 (0,0 %) benchmark(s) to run. Estimated finish 2026-03-16 16:03 (0h 0m from now) **
Successfully reverted power plan (GUID: 611cfc0b-4a76-421d-8fec-f3efc102b093 FriendlyName: Lenovo Default)
// ***** BenchmarkRunner: Finish  *****

// * Export *
  BenchmarkDotNet.Artifacts\results\CapaDatos.Benchmarks.MapearOrdenBenchmark-report.csv
  BenchmarkDotNet.Artifacts\results\CapaDatos.Benchmarks.MapearOrdenBenchmark-report-github.md
  BenchmarkDotNet.Artifacts\results\CapaDatos.Benchmarks.MapearOrdenBenchmark-report.html

// * Detailed results *
MapearOrdenBenchmark.MapearOrden_Actual: DefaultJob
Runtime = .NET 9.0.14 (9.0.1426.11910), X64 RyuJIT AVX2; GC = Concurrent Workstation
Mean = 172.810 μs, StdErr = 0.523 μs (0.30%), N = 15, StdDev = 2.024 μs
Min = 170.840 μs, Q1 = 171.276 μs, Median = 172.148 μs, Q3 = 173.875 μs, Max = 177.578 μs
IQR = 2.599 μs, LowerFence = 167.377 μs, UpperFence = 177.774 μs
ConfidenceInterval = [170.646 μs; 174.974 μs] (CI 99.9%), Margin = 2.164 μs (1.25% of Mean)
Skewness = 1.04, Kurtosis = 2.92, MValue = 2
-------------------- Histogram --------------------
[170.016 μs ; 178.656 μs) | @@@@@@@@@@@@@@@
---------------------------------------------------

MapearOrdenBenchmark.MapearOrden_Optimizado: DefaultJob
Runtime = .NET 9.0.14 (9.0.1426.11910), X64 RyuJIT AVX2; GC = Concurrent Workstation
Mean = 96.295 μs, StdErr = 0.537 μs (0.56%), N = 40, StdDev = 3.396 μs
Min = 93.230 μs, Q1 = 93.736 μs, Median = 95.026 μs, Q3 = 97.508 μs, Max = 104.750 μs
IQR = 3.772 μs, LowerFence = 88.078 μs, UpperFence = 103.167 μs
ConfidenceInterval = [94.384 μs; 98.205 μs] (CI 99.9%), Margin = 1.910 μs (1.98% of Mean)
Skewness = 1.12, Kurtosis = 2.92, MValue = 2.33
-------------------- Histogram --------------------
[ 93.163 μs ;  95.770 μs) | @@@@@@@@@@@@@@@@@@@@@@@@@
[ 95.770 μs ;  97.825 μs) | @@@@@
[ 97.825 μs ;  99.962 μs) | @@
[ 99.962 μs ; 103.281 μs) | @@@@@@
[103.281 μs ; 106.053 μs) | @@
---------------------------------------------------

// * Summary *

BenchmarkDotNet v0.15.2, Windows 11 (10.0.26200.8037)
Intel Core i7-8700 CPU 3.20GHz (Max: 3.19GHz) (Coffee Lake), 1 CPU, 12 logical and 6 physical cores
.NET SDK 9.0.312
  [Host]     : .NET 9.0.14 (9.0.1426.11910), X64 RyuJIT AVX2
  DefaultJob : .NET 9.0.14 (9.0.1426.11910), X64 RyuJIT AVX2


| Method                 | Mean      | Error    | StdDev   | Ratio | RatioSD | Alloc Ratio |
|----------------------- |----------:|---------:|---------:|------:|--------:|------------:|
| MapearOrden_Actual     | 172.81 μs | 2.164 μs | 2.024 μs |  1.00 |    0.02 |          NA |
| MapearOrden_Optimizado |  96.29 μs | 1.910 μs | 3.396 μs |  0.56 |    0.02 |          NA |

// * Hints *
Outliers
  MapearOrdenBenchmark.MapearOrden_Optimizado: Default -> 5 outliers were removed (113.99 μs..154.36 μs)

// * Legends *
  Mean        : Arithmetic mean of all measurements
  Error       : Half of 99.9% confidence interval
  StdDev      : Standard deviation of all measurements
  Ratio       : Mean of the ratio distribution ([Current]/[Baseline])
  RatioSD     : Standard deviation of the ratio distribution ([Current]/[Baseline])
  Alloc Ratio : Allocated memory ratio distribution ([Current]/[Baseline])
  1 μs        : 1 Microsecond (0.000001 sec)

// * Diagnostic Output - CPUUsageDiagnoser *
Saving diagsession as a file. This may take a moment...
Exported diagsession file: C:\AOCR\AOCR\AOCR05-01-2026\AOCR1\AOCR\BenchmarkSuite1\BenchmarkDotNet.Artifacts\BenchmarkDotNet_MapearOrdenBenchmark_20260316_160306.diagsession.
Opening diagsession in VisualStudio: 17652


// ***** BenchmarkRunner: End *****
Run time: 00:01:00 (60.52 sec), executed benchmarks: 2

Global total time: 00:01:21 (81.73 sec), executed benchmarks: 2
// * Artifacts cleanup *
Artifacts cleanup is finished
