// Validating benchmarks:
// ***** BenchmarkRunner: Start   *****
// ***** Found 14 benchmark(s) in total *****
// ***** Building 1 exe(s) in Parallel: Start   *****
// start dotnet  restore /p:UseSharedCompilation=false /p:BuildInParallel=false /m:1 /p:Deterministic=true /p:Optimize=true /p:ArtifactsPath="C:\AOCR\AOCR\AOCR05-01-2026\AOCR1\AOCR\BenchmarkSuite1\bin\Release\net9.0\BenchmarkSuite1-DefaultJob-1/" /p:OutDir="C:\AOCR\AOCR\AOCR05-01-2026\AOCR1\AOCR\BenchmarkSuite1\bin\Release\net9.0\BenchmarkSuite1-DefaultJob-1\bin\Release\net9.0/" /p:OutputPath="C:\AOCR\AOCR\AOCR05-01-2026\AOCR1\AOCR\BenchmarkSuite1\bin\Release\net9.0\BenchmarkSuite1-DefaultJob-1\bin\Release\net9.0/" /p:PublishDir="C:\AOCR\AOCR\AOCR05-01-2026\AOCR1\AOCR\BenchmarkSuite1\bin\Release\net9.0\BenchmarkSuite1-DefaultJob-1\publish/" in C:\AOCR\AOCR\AOCR05-01-2026\AOCR1\AOCR\BenchmarkSuite1\bin\Release\net9.0\BenchmarkSuite1-DefaultJob-1
// command took 1.01 sec and exited with 0
// start dotnet  build -c Release --no-restore /p:UseSharedCompilation=false /p:BuildInParallel=false /m:1 /p:Deterministic=true /p:Optimize=true /p:ArtifactsPath="C:\AOCR\AOCR\AOCR05-01-2026\AOCR1\AOCR\BenchmarkSuite1\bin\Release\net9.0\BenchmarkSuite1-DefaultJob-1/" /p:OutDir="C:\AOCR\AOCR\AOCR05-01-2026\AOCR1\AOCR\BenchmarkSuite1\bin\Release\net9.0\BenchmarkSuite1-DefaultJob-1\bin\Release\net9.0/" /p:OutputPath="C:\AOCR\AOCR\AOCR05-01-2026\AOCR1\AOCR\BenchmarkSuite1\bin\Release\net9.0\BenchmarkSuite1-DefaultJob-1\bin\Release\net9.0/" /p:PublishDir="C:\AOCR\AOCR\AOCR05-01-2026\AOCR1\AOCR\BenchmarkSuite1\bin\Release\net9.0\BenchmarkSuite1-DefaultJob-1\publish/" --output "C:\AOCR\AOCR\AOCR05-01-2026\AOCR1\AOCR\BenchmarkSuite1\bin\Release\net9.0\BenchmarkSuite1-DefaultJob-1\bin\Release\net9.0/" in C:\AOCR\AOCR\AOCR05-01-2026\AOCR1\AOCR\BenchmarkSuite1\bin\Release\net9.0\BenchmarkSuite1-DefaultJob-1
// command took 3.64 sec and exited with 0
// ***** Done, took 00:00:05 (5.1 sec)   *****
// Found 14 benchmarks:
//   MapearOrdenBenchmark.MapearOrden_Actual: DefaultJob
//   MapearOrdenBenchmark.MapearOrden_Optimizado: DefaultJob
//   MapearOrdenBenchmark.MapearDetalle_Actual: DefaultJob
//   MapearOrdenBenchmark.MapearDetalle_Optimizado: DefaultJob
//   MapearOrdenBenchmark.MapearPagoModel_Actual: DefaultJob
//   MapearOrdenBenchmark.MapearPagoModel_Optimizado: DefaultJob
//   MapearOrdenBenchmark.MapearPagoEntidad_Actual: DefaultJob
//   MapearOrdenBenchmark.MapearPagoEntidad_Optimizado: DefaultJob
//   MapearOrdenBenchmark.LeerOrdenTx_Actual: DefaultJob
//   MapearOrdenBenchmark.LeerOrdenTx_Optimizado: DefaultJob
//   MapearOrdenBenchmark.LeerOrdenMeta_Actual: DefaultJob
//   MapearOrdenBenchmark.LeerOrdenMeta_Optimizado: DefaultJob
//   MapearOrdenBenchmark.LeerOrdenFr3_Actual: DefaultJob
//   MapearOrdenBenchmark.LeerOrdenFr3_Optimizado: DefaultJob

Setup power plan (GUID: 8c5e7fda-e8bf-4a96-9a85-a6e23a8c635c FriendlyName: Alto rendimiento)
// **************************
// Benchmark: MapearOrdenBenchmark.MapearOrden_Actual: DefaultJob
// *** Execute ***
// Launch: 1 / 1
// Execute: dotnet BenchmarkSuite1-DefaultJob-1.dll --anonymousPipes 3608 3604 --benchmarkName CapaDatos.Benchmarks.MapearOrdenBenchmark.MapearOrden_Actual --job Default --benchmarkId 0 in C:\AOCR\AOCR\AOCR05-01-2026\AOCR1\AOCR\BenchmarkSuite1\bin\Release\net9.0\BenchmarkSuite1-DefaultJob-1\bin\Release\net9.0
// BeforeAnythingElse

// Benchmark Process Environment Information:
// BenchmarkDotNet v0.15.2
// Runtime=.NET 9.0.14 (9.0.1426.11910), X64 RyuJIT AVX2
// GC=Concurrent Workstation
// HardwareIntrinsics=AVX2,AES,BMI1,BMI2,FMA,LZCNT,PCLMUL,POPCNT VectorSize=256
// Job: DefaultJob

OverheadJitting  1: 1 op, 167400.00 ns, 167.4000 us/op
WorkloadJitting  1: 1 op, 3224700.00 ns, 3.2247 ms/op

OverheadJitting  2: 16 op, 479100.00 ns, 29.9438 us/op
WorkloadJitting  2: 16 op, 21463200.00 ns, 1.3415 ms/op

WorkloadPilot    1: 16 op, 21201000.00 ns, 1.3251 ms/op
WorkloadPilot    2: 32 op, 41175700.00 ns, 1.2867 ms/op
WorkloadPilot    3: 64 op, 81732500.00 ns, 1.2771 ms/op
WorkloadPilot    4: 128 op, 58634800.00 ns, 458.0844 us/op
WorkloadPilot    5: 256 op, 45637200.00 ns, 178.2703 us/op
WorkloadPilot    6: 512 op, 90007900.00 ns, 175.7967 us/op
WorkloadPilot    7: 1024 op, 181603000.00 ns, 177.3467 us/op
WorkloadPilot    8: 2048 op, 359032100.00 ns, 175.3086 us/op
WorkloadPilot    9: 4096 op, 731551100.00 ns, 178.6013 us/op

OverheadWarmup   1: 4096 op, 15700.00 ns, 3.8330 ns/op
OverheadWarmup   2: 4096 op, 14800.00 ns, 3.6133 ns/op
OverheadWarmup   3: 4096 op, 14600.00 ns, 3.5645 ns/op
OverheadWarmup   4: 4096 op, 14600.00 ns, 3.5645 ns/op
OverheadWarmup   5: 4096 op, 14800.00 ns, 3.6133 ns/op
OverheadWarmup   6: 4096 op, 14600.00 ns, 3.5645 ns/op
OverheadWarmup   7: 4096 op, 14700.00 ns, 3.5889 ns/op

OverheadActual   1: 4096 op, 14900.00 ns, 3.6377 ns/op
OverheadActual   2: 4096 op, 14700.00 ns, 3.5889 ns/op
OverheadActual   3: 4096 op, 14900.00 ns, 3.6377 ns/op
OverheadActual   4: 4096 op, 14800.00 ns, 3.6133 ns/op
OverheadActual   5: 4096 op, 14700.00 ns, 3.5889 ns/op
OverheadActual   6: 4096 op, 14800.00 ns, 3.6133 ns/op
OverheadActual   7: 4096 op, 14700.00 ns, 3.5889 ns/op
OverheadActual   8: 4096 op, 14600.00 ns, 3.5645 ns/op
OverheadActual   9: 4096 op, 14800.00 ns, 3.6133 ns/op
OverheadActual  10: 4096 op, 15300.00 ns, 3.7354 ns/op
OverheadActual  11: 4096 op, 14500.00 ns, 3.5400 ns/op
OverheadActual  12: 4096 op, 14600.00 ns, 3.5645 ns/op
OverheadActual  13: 4096 op, 14600.00 ns, 3.5645 ns/op
OverheadActual  14: 4096 op, 14600.00 ns, 3.5645 ns/op
OverheadActual  15: 4096 op, 14800.00 ns, 3.6133 ns/op

OverheadWarmup   1: 4096 op, 14700.00 ns, 3.5889 ns/op
OverheadWarmup   2: 4096 op, 14500.00 ns, 3.5400 ns/op
OverheadWarmup   3: 4096 op, 14700.00 ns, 3.5889 ns/op
OverheadWarmup   4: 4096 op, 14600.00 ns, 3.5645 ns/op
OverheadWarmup   5: 4096 op, 14500.00 ns, 3.5400 ns/op
OverheadWarmup   6: 4096 op, 14600.00 ns, 3.5645 ns/op
OverheadWarmup   7: 4096 op, 14500.00 ns, 3.5400 ns/op

// BeforeActualRun
WorkloadActual   1: 4096 op, 740898500.00 ns, 180.8834 us/op
WorkloadActual   2: 4096 op, 730436800.00 ns, 178.3293 us/op
WorkloadActual   3: 4096 op, 726541400.00 ns, 177.3783 us/op
WorkloadActual   4: 4096 op, 717125200.00 ns, 175.0794 us/op
WorkloadActual   5: 4096 op, 723044000.00 ns, 176.5244 us/op
WorkloadActual   6: 4096 op, 716855600.00 ns, 175.0136 us/op
WorkloadActual   7: 4096 op, 727853500.00 ns, 177.6986 us/op
WorkloadActual   8: 4096 op, 723966400.00 ns, 176.7496 us/op
WorkloadActual   9: 4096 op, 722162000.00 ns, 176.3091 us/op
WorkloadActual  10: 4096 op, 721495800.00 ns, 176.1464 us/op
WorkloadActual  11: 4096 op, 725926400.00 ns, 177.2281 us/op
WorkloadActual  12: 4096 op, 739728900.00 ns, 180.5979 us/op
WorkloadActual  13: 4096 op, 734444900.00 ns, 179.3078 us/op
WorkloadActual  14: 4096 op, 719366400.00 ns, 175.6266 us/op
WorkloadActual  15: 4096 op, 722096700.00 ns, 176.2931 us/op

// AfterActualRun
WorkloadResult   1: 4096 op, 730422100.00 ns, 178.3257 us/op
WorkloadResult   2: 4096 op, 726526700.00 ns, 177.3747 us/op
WorkloadResult   3: 4096 op, 717110500.00 ns, 175.0758 us/op
WorkloadResult   4: 4096 op, 723029300.00 ns, 176.5208 us/op
WorkloadResult   5: 4096 op, 716840900.00 ns, 175.0100 us/op
WorkloadResult   6: 4096 op, 727838800.00 ns, 177.6950 us/op
WorkloadResult   7: 4096 op, 723951700.00 ns, 176.7460 us/op
WorkloadResult   8: 4096 op, 722147300.00 ns, 176.3055 us/op
WorkloadResult   9: 4096 op, 721481100.00 ns, 176.1428 us/op
WorkloadResult  10: 4096 op, 725911700.00 ns, 177.2245 us/op
WorkloadResult  11: 4096 op, 739714200.00 ns, 180.5943 us/op
WorkloadResult  12: 4096 op, 734430200.00 ns, 179.3042 us/op
WorkloadResult  13: 4096 op, 719351700.00 ns, 175.6230 us/op
WorkloadResult  14: 4096 op, 722082000.00 ns, 176.2896 us/op
// GC:  67 19 0 426213376 4096
// Threading:  0 0 4096

// AfterAll
// Benchmark Process 25716 has exited with code 0.

Mean = 177.017 μs, StdErr = 0.421 μs (0.24%), N = 14, StdDev = 1.575 μs
Min = 175.010 μs, Q1 = 176.180 μs, Median = 176.633 μs, Q3 = 177.615 μs, Max = 180.594 μs
IQR = 1.435 μs, LowerFence = 174.026 μs, UpperFence = 179.768 μs
ConfidenceInterval = [175.240 μs; 178.793 μs] (CI 99.9%), Margin = 1.776 μs (1.00% of Mean)
Skewness = 0.75, Kurtosis = 2.67, MValue = 2

// ** Remained 13 (92,9 %) benchmark(s) to run. Estimated finish 2026-03-16 16:47 (0h 3m from now) **
Setup power plan (GUID: 8c5e7fda-e8bf-4a96-9a85-a6e23a8c635c FriendlyName: Alto rendimiento)
// **************************
// Benchmark: MapearOrdenBenchmark.MapearOrden_Optimizado: DefaultJob
// *** Execute ***
// Launch: 1 / 1
// Execute: dotnet BenchmarkSuite1-DefaultJob-1.dll --anonymousPipes 1640 3684 --benchmarkName CapaDatos.Benchmarks.MapearOrdenBenchmark.MapearOrden_Optimizado --job Default --benchmarkId 1 in C:\AOCR\AOCR\AOCR05-01-2026\AOCR1\AOCR\BenchmarkSuite1\bin\Release\net9.0\BenchmarkSuite1-DefaultJob-1\bin\Release\net9.0
// BeforeAnythingElse

// Benchmark Process Environment Information:
// BenchmarkDotNet v0.15.2
// Runtime=.NET 9.0.14 (9.0.1426.11910), X64 RyuJIT AVX2
// GC=Concurrent Workstation
// HardwareIntrinsics=AVX2,AES,BMI1,BMI2,FMA,LZCNT,PCLMUL,POPCNT VectorSize=256
// Job: DefaultJob

OverheadJitting  1: 1 op, 179700.00 ns, 179.7000 us/op
WorkloadJitting  1: 1 op, 2582700.00 ns, 2.5827 ms/op

OverheadJitting  2: 16 op, 491800.00 ns, 30.7375 us/op
WorkloadJitting  2: 16 op, 14730400.00 ns, 920.6500 us/op

WorkloadPilot    1: 16 op, 13602000.00 ns, 850.1250 us/op
WorkloadPilot    2: 32 op, 28515300.00 ns, 891.1031 us/op
WorkloadPilot    3: 64 op, 54994100.00 ns, 859.2828 us/op
WorkloadPilot    4: 128 op, 103575700.00 ns, 809.1852 us/op
WorkloadPilot    5: 256 op, 33155100.00 ns, 129.5121 us/op
WorkloadPilot    6: 512 op, 47666200.00 ns, 93.0980 us/op
WorkloadPilot    7: 1024 op, 94193100.00 ns, 91.9854 us/op
WorkloadPilot    8: 2048 op, 186694900.00 ns, 91.1596 us/op
WorkloadPilot    9: 4096 op, 371037700.00 ns, 90.5854 us/op
WorkloadPilot   10: 8192 op, 725508000.00 ns, 88.5630 us/op

OverheadWarmup   1: 8192 op, 29600.00 ns, 3.6133 ns/op
OverheadWarmup   2: 8192 op, 38900.00 ns, 4.7485 ns/op
OverheadWarmup   3: 8192 op, 34200.00 ns, 4.1748 ns/op
OverheadWarmup   4: 8192 op, 29000.00 ns, 3.5400 ns/op
OverheadWarmup   5: 8192 op, 28500.00 ns, 3.4790 ns/op
OverheadWarmup   6: 8192 op, 28500.00 ns, 3.4790 ns/op
OverheadWarmup   7: 8192 op, 28500.00 ns, 3.4790 ns/op

OverheadActual   1: 8192 op, 28700.00 ns, 3.5034 ns/op
OverheadActual   2: 8192 op, 29100.00 ns, 3.5522 ns/op
OverheadActual   3: 8192 op, 28700.00 ns, 3.5034 ns/op
OverheadActual   4: 8192 op, 28400.00 ns, 3.4668 ns/op
OverheadActual   5: 8192 op, 28700.00 ns, 3.5034 ns/op
OverheadActual   6: 8192 op, 28500.00 ns, 3.4790 ns/op
OverheadActual   7: 8192 op, 28500.00 ns, 3.4790 ns/op
OverheadActual   8: 8192 op, 28400.00 ns, 3.4668 ns/op
OverheadActual   9: 8192 op, 28500.00 ns, 3.4790 ns/op
OverheadActual  10: 8192 op, 28700.00 ns, 3.5034 ns/op
OverheadActual  11: 8192 op, 28400.00 ns, 3.4668 ns/op
OverheadActual  12: 8192 op, 28400.00 ns, 3.4668 ns/op
OverheadActual  13: 8192 op, 28500.00 ns, 3.4790 ns/op
OverheadActual  14: 8192 op, 28600.00 ns, 3.4912 ns/op
OverheadActual  15: 8192 op, 28500.00 ns, 3.4790 ns/op

OverheadWarmup   1: 8192 op, 28500.00 ns, 3.4790 ns/op
OverheadWarmup   2: 8192 op, 38200.00 ns, 4.6631 ns/op
OverheadWarmup   3: 8192 op, 28900.00 ns, 3.5278 ns/op
OverheadWarmup   4: 8192 op, 28400.00 ns, 3.4668 ns/op
OverheadWarmup   5: 8192 op, 28400.00 ns, 3.4668 ns/op
OverheadWarmup   6: 8192 op, 28700.00 ns, 3.5034 ns/op

// BeforeActualRun
WorkloadActual   1: 8192 op, 753676700.00 ns, 92.0016 us/op
WorkloadActual   2: 8192 op, 746375800.00 ns, 91.1103 us/op
WorkloadActual   3: 8192 op, 756616200.00 ns, 92.3604 us/op
WorkloadActual   4: 8192 op, 752005600.00 ns, 91.7976 us/op
WorkloadActual   5: 8192 op, 747912700.00 ns, 91.2979 us/op
WorkloadActual   6: 8192 op, 747103100.00 ns, 91.1991 us/op
WorkloadActual   7: 8192 op, 751862000.00 ns, 91.7800 us/op
WorkloadActual   8: 8192 op, 746858100.00 ns, 91.1692 us/op
WorkloadActual   9: 8192 op, 744956700.00 ns, 90.9371 us/op
WorkloadActual  10: 8192 op, 743882400.00 ns, 90.8060 us/op
WorkloadActual  11: 8192 op, 757731500.00 ns, 92.4965 us/op
WorkloadActual  12: 8192 op, 748758900.00 ns, 91.4012 us/op
WorkloadActual  13: 8192 op, 746018000.00 ns, 91.0667 us/op
WorkloadActual  14: 8192 op, 747656500.00 ns, 91.2667 us/op
WorkloadActual  15: 8192 op, 748614000.00 ns, 91.3835 us/op

// AfterActualRun
WorkloadResult   1: 8192 op, 753648200.00 ns, 91.9981 us/op
WorkloadResult   2: 8192 op, 746347300.00 ns, 91.1068 us/op
WorkloadResult   3: 8192 op, 756587700.00 ns, 92.3569 us/op
WorkloadResult   4: 8192 op, 751977100.00 ns, 91.7941 us/op
WorkloadResult   5: 8192 op, 747884200.00 ns, 91.2945 us/op
WorkloadResult   6: 8192 op, 747074600.00 ns, 91.1956 us/op
WorkloadResult   7: 8192 op, 751833500.00 ns, 91.7766 us/op
WorkloadResult   8: 8192 op, 746829600.00 ns, 91.1657 us/op
WorkloadResult   9: 8192 op, 744928200.00 ns, 90.9336 us/op
WorkloadResult  10: 8192 op, 743853900.00 ns, 90.8025 us/op
WorkloadResult  11: 8192 op, 757703000.00 ns, 92.4930 us/op
WorkloadResult  12: 8192 op, 748730400.00 ns, 91.3978 us/op
WorkloadResult  13: 8192 op, 745989500.00 ns, 91.0632 us/op
WorkloadResult  14: 8192 op, 747628000.00 ns, 91.2632 us/op
WorkloadResult  15: 8192 op, 748585500.00 ns, 91.3801 us/op
// GC:  135 38 0 852426752 8192
// Threading:  0 0 8192

// AfterAll
// Benchmark Process 5216 has exited with code 0.

Mean = 91.468 μs, StdErr = 0.131 μs (0.14%), N = 15, StdDev = 0.507 μs
Min = 90.802 μs, Q1 = 91.136 μs, Median = 91.294 μs, Q3 = 91.785 μs, Max = 92.493 μs
IQR = 0.649 μs, LowerFence = 90.163 μs, UpperFence = 92.759 μs
ConfidenceInterval = [90.926 μs; 92.010 μs] (CI 99.9%), Margin = 0.542 μs (0.59% of Mean)
Skewness = 0.7, Kurtosis = 2.19, MValue = 2

// ** Remained 12 (85,7 %) benchmark(s) to run. Estimated finish 2026-03-16 16:47 (0h 3m from now) **
Setup power plan (GUID: 8c5e7fda-e8bf-4a96-9a85-a6e23a8c635c FriendlyName: Alto rendimiento)
// **************************
// Benchmark: MapearOrdenBenchmark.MapearDetalle_Actual: DefaultJob
// *** Execute ***
// Launch: 1 / 1
// Execute: dotnet BenchmarkSuite1-DefaultJob-1.dll --anonymousPipes 3732 3728 --benchmarkName CapaDatos.Benchmarks.MapearOrdenBenchmark.MapearDetalle_Actual --job Default --benchmarkId 2 in C:\AOCR\AOCR\AOCR05-01-2026\AOCR1\AOCR\BenchmarkSuite1\bin\Release\net9.0\BenchmarkSuite1-DefaultJob-1\bin\Release\net9.0
// BeforeAnythingElse

// Benchmark Process Environment Information:
// BenchmarkDotNet v0.15.2
// Runtime=.NET 9.0.14 (9.0.1426.11910), X64 RyuJIT AVX2
// GC=Concurrent Workstation
// HardwareIntrinsics=AVX2,AES,BMI1,BMI2,FMA,LZCNT,PCLMUL,POPCNT VectorSize=256
// Job: DefaultJob

OverheadJitting  1: 1 op, 166500.00 ns, 166.5000 us/op
WorkloadJitting  1: 1 op, 1991200.00 ns, 1.9912 ms/op

OverheadJitting  2: 16 op, 480800.00 ns, 30.0500 us/op
WorkloadJitting  2: 16 op, 11034000.00 ns, 689.6250 us/op

WorkloadPilot    1: 16 op, 10055900.00 ns, 628.4938 us/op
WorkloadPilot    2: 32 op, 20295400.00 ns, 634.2313 us/op
WorkloadPilot    3: 64 op, 40757300.00 ns, 636.8328 us/op
WorkloadPilot    4: 128 op, 78532600.00 ns, 613.5359 us/op
WorkloadPilot    5: 256 op, 81696600.00 ns, 319.1273 us/op
WorkloadPilot    6: 512 op, 43201400.00 ns, 84.3777 us/op
WorkloadPilot    7: 1024 op, 84538300.00 ns, 82.5569 us/op
WorkloadPilot    8: 2048 op, 170170500.00 ns, 83.0911 us/op
WorkloadPilot    9: 4096 op, 340728400.00 ns, 83.1856 us/op
WorkloadPilot   10: 8192 op, 704662700.00 ns, 86.0184 us/op

OverheadWarmup   1: 8192 op, 29000.00 ns, 3.5400 ns/op
OverheadWarmup   2: 8192 op, 28100.00 ns, 3.4302 ns/op
OverheadWarmup   3: 8192 op, 28200.00 ns, 3.4424 ns/op
OverheadWarmup   4: 8192 op, 28300.00 ns, 3.4546 ns/op
OverheadWarmup   5: 8192 op, 28700.00 ns, 3.5034 ns/op
OverheadWarmup   6: 8192 op, 28300.00 ns, 3.4546 ns/op
OverheadWarmup   7: 8192 op, 28000.00 ns, 3.4180 ns/op
OverheadWarmup   8: 8192 op, 28200.00 ns, 3.4424 ns/op
OverheadWarmup   9: 8192 op, 28700.00 ns, 3.5034 ns/op
OverheadWarmup  10: 8192 op, 39800.00 ns, 4.8584 ns/op

OverheadActual   1: 8192 op, 28400.00 ns, 3.4668 ns/op
OverheadActual   2: 8192 op, 28700.00 ns, 3.5034 ns/op
OverheadActual   3: 8192 op, 27900.00 ns, 3.4058 ns/op
OverheadActual   4: 8192 op, 28600.00 ns, 3.4912 ns/op
OverheadActual   5: 8192 op, 28300.00 ns, 3.4546 ns/op
OverheadActual   6: 8192 op, 28600.00 ns, 3.4912 ns/op
OverheadActual   7: 8192 op, 40600.00 ns, 4.9561 ns/op
OverheadActual   8: 8192 op, 28200.00 ns, 3.4424 ns/op
OverheadActual   9: 8192 op, 28000.00 ns, 3.4180 ns/op
OverheadActual  10: 8192 op, 29500.00 ns, 3.6011 ns/op
OverheadActual  11: 8192 op, 28600.00 ns, 3.4912 ns/op
OverheadActual  12: 8192 op, 28700.00 ns, 3.5034 ns/op
OverheadActual  13: 8192 op, 28300.00 ns, 3.4546 ns/op
OverheadActual  14: 8192 op, 28700.00 ns, 3.5034 ns/op
OverheadActual  15: 8192 op, 28500.00 ns, 3.4790 ns/op

OverheadWarmup   1: 8192 op, 28000.00 ns, 3.4180 ns/op
OverheadWarmup   2: 8192 op, 28400.00 ns, 3.4668 ns/op
OverheadWarmup   3: 8192 op, 28700.00 ns, 3.5034 ns/op
OverheadWarmup   4: 8192 op, 28300.00 ns, 3.4546 ns/op
OverheadWarmup   5: 8192 op, 28300.00 ns, 3.4546 ns/op
OverheadWarmup   6: 8192 op, 28300.00 ns, 3.4546 ns/op

// BeforeActualRun
WorkloadActual   1: 8192 op, 689847500.00 ns, 84.2099 us/op
WorkloadActual   2: 8192 op, 675049800.00 ns, 82.4035 us/op
WorkloadActual   3: 8192 op, 674804400.00 ns, 82.3736 us/op
WorkloadActual   4: 8192 op, 714081200.00 ns, 87.1681 us/op
WorkloadActual   5: 8192 op, 690979900.00 ns, 84.3481 us/op
WorkloadActual   6: 8192 op, 736893900.00 ns, 89.9529 us/op
WorkloadActual   7: 8192 op, 765951100.00 ns, 93.4999 us/op
WorkloadActual   8: 8192 op, 704123900.00 ns, 85.9526 us/op
WorkloadActual   9: 8192 op, 703998600.00 ns, 85.9373 us/op
WorkloadActual  10: 8192 op, 814868200.00 ns, 99.4712 us/op
WorkloadActual  11: 8192 op, 714415800.00 ns, 87.2090 us/op
WorkloadActual  12: 8192 op, 809480800.00 ns, 98.8136 us/op
WorkloadActual  13: 8192 op, 671544600.00 ns, 81.9757 us/op
WorkloadActual  14: 8192 op, 670834800.00 ns, 81.8890 us/op
WorkloadActual  15: 8192 op, 673539600.00 ns, 82.2192 us/op
WorkloadActual  16: 8192 op, 673334100.00 ns, 82.1941 us/op
WorkloadActual  17: 8192 op, 671794400.00 ns, 82.0062 us/op
WorkloadActual  18: 8192 op, 680463400.00 ns, 83.0644 us/op
WorkloadActual  19: 8192 op, 668630500.00 ns, 81.6199 us/op
WorkloadActual  20: 8192 op, 673431700.00 ns, 82.2060 us/op
WorkloadActual  21: 8192 op, 683081000.00 ns, 83.3839 us/op
WorkloadActual  22: 8192 op, 669034700.00 ns, 81.6693 us/op
WorkloadActual  23: 8192 op, 673048200.00 ns, 82.1592 us/op
WorkloadActual  24: 8192 op, 671705000.00 ns, 81.9952 us/op
WorkloadActual  25: 8192 op, 674080400.00 ns, 82.2852 us/op
WorkloadActual  26: 8192 op, 670490400.00 ns, 81.8470 us/op
WorkloadActual  27: 8192 op, 667622200.00 ns, 81.4969 us/op
WorkloadActual  28: 8192 op, 667484600.00 ns, 81.4801 us/op
WorkloadActual  29: 8192 op, 668228100.00 ns, 81.5708 us/op

// AfterActualRun
WorkloadResult   1: 8192 op, 689818900.00 ns, 84.2064 us/op
WorkloadResult   2: 8192 op, 675021200.00 ns, 82.4000 us/op
WorkloadResult   3: 8192 op, 674775800.00 ns, 82.3701 us/op
WorkloadResult   4: 8192 op, 714052600.00 ns, 87.1646 us/op
WorkloadResult   5: 8192 op, 690951300.00 ns, 84.3446 us/op
WorkloadResult   6: 8192 op, 736865300.00 ns, 89.9494 us/op
WorkloadResult   7: 8192 op, 704095300.00 ns, 85.9491 us/op
WorkloadResult   8: 8192 op, 703970000.00 ns, 85.9338 us/op
WorkloadResult   9: 8192 op, 714387200.00 ns, 87.2055 us/op
WorkloadResult  10: 8192 op, 671516000.00 ns, 81.9722 us/op
WorkloadResult  11: 8192 op, 670806200.00 ns, 81.8855 us/op
WorkloadResult  12: 8192 op, 673511000.00 ns, 82.2157 us/op
WorkloadResult  13: 8192 op, 673305500.00 ns, 82.1906 us/op
WorkloadResult  14: 8192 op, 671765800.00 ns, 82.0027 us/op
WorkloadResult  15: 8192 op, 680434800.00 ns, 83.0609 us/op
WorkloadResult  16: 8192 op, 668601900.00 ns, 81.6164 us/op
WorkloadResult  17: 8192 op, 673403100.00 ns, 82.2025 us/op
WorkloadResult  18: 8192 op, 683052400.00 ns, 83.3804 us/op
WorkloadResult  19: 8192 op, 669006100.00 ns, 81.6658 us/op
WorkloadResult  20: 8192 op, 673019600.00 ns, 82.1557 us/op
WorkloadResult  21: 8192 op, 671676400.00 ns, 81.9917 us/op
WorkloadResult  22: 8192 op, 674051800.00 ns, 82.2817 us/op
WorkloadResult  23: 8192 op, 670461800.00 ns, 81.8435 us/op
WorkloadResult  24: 8192 op, 667593600.00 ns, 81.4934 us/op
WorkloadResult  25: 8192 op, 667456000.00 ns, 81.4766 us/op
WorkloadResult  26: 8192 op, 668199500.00 ns, 81.5673 us/op
// GC:  99 23 0 623050752 8192
// Threading:  0 0 8192

// AfterAll
// Benchmark Process 23992 has exited with code 0.

Mean = 83.251 μs, StdErr = 0.434 μs (0.52%), N = 26, StdDev = 2.212 μs
Min = 81.477 μs, Q1 = 81.907 μs, Median = 82.209 μs, Q3 = 84.000 μs, Max = 89.949 μs
IQR = 2.093 μs, LowerFence = 78.768 μs, UpperFence = 87.139 μs
ConfidenceInterval = [81.635 μs; 84.867 μs] (CI 99.9%), Margin = 1.616 μs (1.94% of Mean)
Skewness = 1.5, Kurtosis = 4.28, MValue = 2

// ** Remained 11 (78,6 %) benchmark(s) to run. Estimated finish 2026-03-16 16:48 (0h 3m from now) **
Setup power plan (GUID: 8c5e7fda-e8bf-4a96-9a85-a6e23a8c635c FriendlyName: Alto rendimiento)
// **************************
// Benchmark: MapearOrdenBenchmark.MapearDetalle_Optimizado: DefaultJob
// *** Execute ***
// Launch: 1 / 1
// Execute: dotnet BenchmarkSuite1-DefaultJob-1.dll --anonymousPipes 972 968 --benchmarkName CapaDatos.Benchmarks.MapearOrdenBenchmark.MapearDetalle_Optimizado --job Default --benchmarkId 3 in C:\AOCR\AOCR\AOCR05-01-2026\AOCR1\AOCR\BenchmarkSuite1\bin\Release\net9.0\BenchmarkSuite1-DefaultJob-1\bin\Release\net9.0
// BeforeAnythingElse

// Benchmark Process Environment Information:
// BenchmarkDotNet v0.15.2
// Runtime=.NET 9.0.14 (9.0.1426.11910), X64 RyuJIT AVX2
// GC=Concurrent Workstation
// HardwareIntrinsics=AVX2,AES,BMI1,BMI2,FMA,LZCNT,PCLMUL,POPCNT VectorSize=256
// Job: DefaultJob

OverheadJitting  1: 1 op, 169500.00 ns, 169.5000 us/op
WorkloadJitting  1: 1 op, 1759300.00 ns, 1.7593 ms/op

OverheadJitting  2: 16 op, 481200.00 ns, 30.0750 us/op
WorkloadJitting  2: 16 op, 8337600.00 ns, 521.1000 us/op

WorkloadPilot    1: 16 op, 7827000.00 ns, 489.1875 us/op
WorkloadPilot    2: 32 op, 14897600.00 ns, 465.5500 us/op
WorkloadPilot    3: 64 op, 29414600.00 ns, 459.6031 us/op
WorkloadPilot    4: 128 op, 57761500.00 ns, 451.2617 us/op
WorkloadPilot    5: 256 op, 97163500.00 ns, 379.5449 us/op
WorkloadPilot    6: 512 op, 29089200.00 ns, 56.8148 us/op
WorkloadPilot    7: 1024 op, 58138700.00 ns, 56.7761 us/op
WorkloadPilot    8: 2048 op, 116861400.00 ns, 57.0612 us/op
WorkloadPilot    9: 4096 op, 230024700.00 ns, 56.1584 us/op
WorkloadPilot   10: 8192 op, 445783800.00 ns, 54.4170 us/op
WorkloadPilot   11: 16384 op, 888946500.00 ns, 54.2570 us/op

OverheadWarmup   1: 16384 op, 57600.00 ns, 3.5156 ns/op
OverheadWarmup   2: 16384 op, 56500.00 ns, 3.4485 ns/op
OverheadWarmup   3: 16384 op, 55600.00 ns, 3.3936 ns/op
OverheadWarmup   4: 16384 op, 61200.00 ns, 3.7354 ns/op
OverheadWarmup   5: 16384 op, 57100.00 ns, 3.4851 ns/op
OverheadWarmup   6: 16384 op, 56500.00 ns, 3.4485 ns/op
OverheadWarmup   7: 16384 op, 56700.00 ns, 3.4607 ns/op
OverheadWarmup   8: 16384 op, 61200.00 ns, 3.7354 ns/op
OverheadWarmup   9: 16384 op, 56400.00 ns, 3.4424 ns/op

OverheadActual   1: 16384 op, 56700.00 ns, 3.4607 ns/op
OverheadActual   2: 16384 op, 55600.00 ns, 3.3936 ns/op
OverheadActual   3: 16384 op, 56500.00 ns, 3.4485 ns/op
OverheadActual   4: 16384 op, 56800.00 ns, 3.4668 ns/op
OverheadActual   5: 16384 op, 56200.00 ns, 3.4302 ns/op
OverheadActual   6: 16384 op, 55400.00 ns, 3.3813 ns/op
OverheadActual   7: 16384 op, 56500.00 ns, 3.4485 ns/op
OverheadActual   8: 16384 op, 56500.00 ns, 3.4485 ns/op
OverheadActual   9: 16384 op, 56100.00 ns, 3.4241 ns/op
OverheadActual  10: 16384 op, 55800.00 ns, 3.4058 ns/op
OverheadActual  11: 16384 op, 56800.00 ns, 3.4668 ns/op
OverheadActual  12: 16384 op, 56300.00 ns, 3.4363 ns/op
OverheadActual  13: 16384 op, 57000.00 ns, 3.4790 ns/op
OverheadActual  14: 16384 op, 56100.00 ns, 3.4241 ns/op
OverheadActual  15: 16384 op, 56500.00 ns, 3.4485 ns/op

OverheadWarmup   1: 16384 op, 56100.00 ns, 3.4241 ns/op
OverheadWarmup   2: 16384 op, 56300.00 ns, 3.4363 ns/op
OverheadWarmup   3: 16384 op, 56200.00 ns, 3.4302 ns/op
OverheadWarmup   4: 16384 op, 56500.00 ns, 3.4485 ns/op
OverheadWarmup   5: 16384 op, 79500.00 ns, 4.8523 ns/op
OverheadWarmup   6: 16384 op, 57000.00 ns, 3.4790 ns/op

// BeforeActualRun
WorkloadActual   1: 16384 op, 909751600.00 ns, 55.5268 us/op
WorkloadActual   2: 16384 op, 927790200.00 ns, 56.6278 us/op
WorkloadActual   3: 16384 op, 917465100.00 ns, 55.9976 us/op
WorkloadActual   4: 16384 op, 914068100.00 ns, 55.7903 us/op
WorkloadActual   5: 16384 op, 913147800.00 ns, 55.7341 us/op
WorkloadActual   6: 16384 op, 911620200.00 ns, 55.6409 us/op
WorkloadActual   7: 16384 op, 914221400.00 ns, 55.7996 us/op
WorkloadActual   8: 16384 op, 920924800.00 ns, 56.2088 us/op
WorkloadActual   9: 16384 op, 914132200.00 ns, 55.7942 us/op
WorkloadActual  10: 16384 op, 920920600.00 ns, 56.2085 us/op
WorkloadActual  11: 16384 op, 918358600.00 ns, 56.0522 us/op
WorkloadActual  12: 16384 op, 916765900.00 ns, 55.9549 us/op
WorkloadActual  13: 16384 op, 916926900.00 ns, 55.9648 us/op
WorkloadActual  14: 16384 op, 913994800.00 ns, 55.7858 us/op
WorkloadActual  15: 16384 op, 916451700.00 ns, 55.9358 us/op

// AfterActualRun
WorkloadResult   1: 16384 op, 909695100.00 ns, 55.5234 us/op
WorkloadResult   2: 16384 op, 917408600.00 ns, 55.9942 us/op
WorkloadResult   3: 16384 op, 914011600.00 ns, 55.7868 us/op
WorkloadResult   4: 16384 op, 913091300.00 ns, 55.7307 us/op
WorkloadResult   5: 16384 op, 911563700.00 ns, 55.6374 us/op
WorkloadResult   6: 16384 op, 914164900.00 ns, 55.7962 us/op
WorkloadResult   7: 16384 op, 920868300.00 ns, 56.2053 us/op
WorkloadResult   8: 16384 op, 914075700.00 ns, 55.7908 us/op
WorkloadResult   9: 16384 op, 920864100.00 ns, 56.2051 us/op
WorkloadResult  10: 16384 op, 918302100.00 ns, 56.0487 us/op
WorkloadResult  11: 16384 op, 916709400.00 ns, 55.9515 us/op
WorkloadResult  12: 16384 op, 916870400.00 ns, 55.9613 us/op
WorkloadResult  13: 16384 op, 913938300.00 ns, 55.7824 us/op
WorkloadResult  14: 16384 op, 916395200.00 ns, 55.9323 us/op
// GC:  198 47 0 1246101504 16384
// Threading:  0 0 16384

// AfterAll
// Benchmark Process 18276 has exited with code 0.

Mean = 55.882 μs, StdErr = 0.053 μs (0.09%), N = 14, StdDev = 0.198 μs
Min = 55.523 μs, Q1 = 55.783 μs, Median = 55.864 μs, Q3 = 55.986 μs, Max = 56.205 μs
IQR = 0.202 μs, LowerFence = 55.480 μs, UpperFence = 56.290 μs
ConfidenceInterval = [55.659 μs; 56.105 μs] (CI 99.9%), Margin = 0.223 μs (0.40% of Mean)
Skewness = 0.07, Kurtosis = 2.04, MValue = 2

// ** Remained 10 (71,4 %) benchmark(s) to run. Estimated finish 2026-03-16 16:48 (0h 3m from now) **
Setup power plan (GUID: 8c5e7fda-e8bf-4a96-9a85-a6e23a8c635c FriendlyName: Alto rendimiento)
// **************************
// Benchmark: MapearOrdenBenchmark.MapearPagoModel_Actual: DefaultJob
// *** Execute ***
// Launch: 1 / 1
// Execute: dotnet BenchmarkSuite1-DefaultJob-1.dll --anonymousPipes 3692 1388 --benchmarkName CapaDatos.Benchmarks.MapearOrdenBenchmark.MapearPagoModel_Actual --job Default --benchmarkId 4 in C:\AOCR\AOCR\AOCR05-01-2026\AOCR1\AOCR\BenchmarkSuite1\bin\Release\net9.0\BenchmarkSuite1-DefaultJob-1\bin\Release\net9.0
// BeforeAnythingElse

// Benchmark Process Environment Information:
// BenchmarkDotNet v0.15.2
// Runtime=.NET 9.0.14 (9.0.1426.11910), X64 RyuJIT AVX2
// GC=Concurrent Workstation
// HardwareIntrinsics=AVX2,AES,BMI1,BMI2,FMA,LZCNT,PCLMUL,POPCNT VectorSize=256
// Job: DefaultJob

OverheadJitting  1: 1 op, 166800.00 ns, 166.8000 us/op
WorkloadJitting  1: 1 op, 2437500.00 ns, 2.4375 ms/op

OverheadJitting  2: 16 op, 480700.00 ns, 30.0438 us/op
WorkloadJitting  2: 16 op, 14268000.00 ns, 891.7500 us/op

WorkloadPilot    1: 16 op, 13105000.00 ns, 819.0625 us/op
WorkloadPilot    2: 32 op, 26751500.00 ns, 835.9844 us/op
WorkloadPilot    3: 64 op, 55218800.00 ns, 862.7938 us/op
WorkloadPilot    4: 128 op, 106669100.00 ns, 833.3523 us/op
WorkloadPilot    5: 256 op, 49023500.00 ns, 191.4980 us/op
WorkloadPilot    6: 512 op, 65226100.00 ns, 127.3947 us/op
WorkloadPilot    7: 1024 op, 129274000.00 ns, 126.2441 us/op
WorkloadPilot    8: 2048 op, 259079900.00 ns, 126.5039 us/op
WorkloadPilot    9: 4096 op, 516349500.00 ns, 126.0619 us/op

OverheadWarmup   1: 4096 op, 15500.00 ns, 3.7842 ns/op
OverheadWarmup   2: 4096 op, 14500.00 ns, 3.5400 ns/op
OverheadWarmup   3: 4096 op, 14400.00 ns, 3.5156 ns/op
OverheadWarmup   4: 4096 op, 14500.00 ns, 3.5400 ns/op
OverheadWarmup   5: 4096 op, 14300.00 ns, 3.4912 ns/op
OverheadWarmup   6: 4096 op, 14500.00 ns, 3.5400 ns/op
OverheadWarmup   7: 4096 op, 14400.00 ns, 3.5156 ns/op

OverheadActual   1: 4096 op, 14400.00 ns, 3.5156 ns/op
OverheadActual   2: 4096 op, 14400.00 ns, 3.5156 ns/op
OverheadActual   3: 4096 op, 14500.00 ns, 3.5400 ns/op
OverheadActual   4: 4096 op, 14300.00 ns, 3.4912 ns/op
OverheadActual   5: 4096 op, 14500.00 ns, 3.5400 ns/op
OverheadActual   6: 4096 op, 14400.00 ns, 3.5156 ns/op
OverheadActual   7: 4096 op, 14500.00 ns, 3.5400 ns/op
OverheadActual   8: 4096 op, 14400.00 ns, 3.5156 ns/op
OverheadActual   9: 4096 op, 14500.00 ns, 3.5400 ns/op
OverheadActual  10: 4096 op, 15000.00 ns, 3.6621 ns/op
OverheadActual  11: 4096 op, 14500.00 ns, 3.5400 ns/op
OverheadActual  12: 4096 op, 18700.00 ns, 4.5654 ns/op
OverheadActual  13: 4096 op, 14500.00 ns, 3.5400 ns/op
OverheadActual  14: 4096 op, 14500.00 ns, 3.5400 ns/op
OverheadActual  15: 4096 op, 14400.00 ns, 3.5156 ns/op

OverheadWarmup   1: 4096 op, 14400.00 ns, 3.5156 ns/op
OverheadWarmup   2: 4096 op, 14400.00 ns, 3.5156 ns/op
OverheadWarmup   3: 4096 op, 14500.00 ns, 3.5400 ns/op
OverheadWarmup   4: 4096 op, 14500.00 ns, 3.5400 ns/op
OverheadWarmup   5: 4096 op, 14500.00 ns, 3.5400 ns/op
OverheadWarmup   6: 4096 op, 14300.00 ns, 3.4912 ns/op

// BeforeActualRun
WorkloadActual   1: 4096 op, 522137600.00 ns, 127.4750 us/op
WorkloadActual   2: 4096 op, 521228400.00 ns, 127.2530 us/op
WorkloadActual   3: 4096 op, 517457900.00 ns, 126.3325 us/op
WorkloadActual   4: 4096 op, 516139300.00 ns, 126.0106 us/op
WorkloadActual   5: 4096 op, 521217600.00 ns, 127.2504 us/op
WorkloadActual   6: 4096 op, 516723600.00 ns, 126.1532 us/op
WorkloadActual   7: 4096 op, 514794400.00 ns, 125.6822 us/op
WorkloadActual   8: 4096 op, 523641300.00 ns, 127.8421 us/op
WorkloadActual   9: 4096 op, 519812300.00 ns, 126.9073 us/op
WorkloadActual  10: 4096 op, 520735000.00 ns, 127.1326 us/op
WorkloadActual  11: 4096 op, 519600400.00 ns, 126.8556 us/op
WorkloadActual  12: 4096 op, 519212000.00 ns, 126.7607 us/op
WorkloadActual  13: 4096 op, 513874000.00 ns, 125.4575 us/op
WorkloadActual  14: 4096 op, 516692800.00 ns, 126.1457 us/op
WorkloadActual  15: 4096 op, 514050200.00 ns, 125.5005 us/op

// AfterActualRun
WorkloadResult   1: 4096 op, 522123100.00 ns, 127.4715 us/op
WorkloadResult   2: 4096 op, 521213900.00 ns, 127.2495 us/op
WorkloadResult   3: 4096 op, 517443400.00 ns, 126.3290 us/op
WorkloadResult   4: 4096 op, 516124800.00 ns, 126.0070 us/op
WorkloadResult   5: 4096 op, 521203100.00 ns, 127.2469 us/op
WorkloadResult   6: 4096 op, 516709100.00 ns, 126.1497 us/op
WorkloadResult   7: 4096 op, 514779900.00 ns, 125.6787 us/op
WorkloadResult   8: 4096 op, 523626800.00 ns, 127.8386 us/op
WorkloadResult   9: 4096 op, 519797800.00 ns, 126.9038 us/op
WorkloadResult  10: 4096 op, 520720500.00 ns, 127.1290 us/op
WorkloadResult  11: 4096 op, 519585900.00 ns, 126.8520 us/op
WorkloadResult  12: 4096 op, 519197500.00 ns, 126.7572 us/op
WorkloadResult  13: 4096 op, 513859500.00 ns, 125.4540 us/op
WorkloadResult  14: 4096 op, 516678300.00 ns, 126.1422 us/op
WorkloadResult  15: 4096 op, 514035700.00 ns, 125.4970 us/op
// GC:  49 11 0 311525376 4096
// Threading:  0 0 4096

// AfterAll
// Benchmark Process 17800 has exited with code 0.

Mean = 126.580 μs, StdErr = 0.193 μs (0.15%), N = 15, StdDev = 0.747 μs
Min = 125.454 μs, Q1 = 126.075 μs, Median = 126.757 μs, Q3 = 127.188 μs, Max = 127.839 μs
IQR = 1.113 μs, LowerFence = 124.405 μs, UpperFence = 128.858 μs
ConfidenceInterval = [125.782 μs; 127.379 μs] (CI 99.9%), Margin = 0.798 μs (0.63% of Mean)
Skewness = -0.05, Kurtosis = 1.6, MValue = 2

// ** Remained 9 (64,3 %) benchmark(s) to run. Estimated finish 2026-03-16 16:48 (0h 2m from now) **
Setup power plan (GUID: 8c5e7fda-e8bf-4a96-9a85-a6e23a8c635c FriendlyName: Alto rendimiento)
// **************************
// Benchmark: MapearOrdenBenchmark.MapearPagoModel_Optimizado: DefaultJob
// *** Execute ***
// Launch: 1 / 1
// Execute: dotnet BenchmarkSuite1-DefaultJob-1.dll --anonymousPipes 652 1356 --benchmarkName CapaDatos.Benchmarks.MapearOrdenBenchmark.MapearPagoModel_Optimizado --job Default --benchmarkId 5 in C:\AOCR\AOCR\AOCR05-01-2026\AOCR1\AOCR\BenchmarkSuite1\bin\Release\net9.0\BenchmarkSuite1-DefaultJob-1\bin\Release\net9.0
// BeforeAnythingElse

// Benchmark Process Environment Information:
// BenchmarkDotNet v0.15.2
// Runtime=.NET 9.0.14 (9.0.1426.11910), X64 RyuJIT AVX2
// GC=Concurrent Workstation
// HardwareIntrinsics=AVX2,AES,BMI1,BMI2,FMA,LZCNT,PCLMUL,POPCNT VectorSize=256
// Job: DefaultJob

OverheadJitting  1: 1 op, 166400.00 ns, 166.4000 us/op
WorkloadJitting  1: 1 op, 1949200.00 ns, 1.9492 ms/op

OverheadJitting  2: 16 op, 479200.00 ns, 29.9500 us/op
WorkloadJitting  2: 16 op, 9623600.00 ns, 601.4750 us/op

WorkloadPilot    1: 16 op, 8734800.00 ns, 545.9250 us/op
WorkloadPilot    2: 32 op, 17553000.00 ns, 548.5313 us/op
WorkloadPilot    3: 64 op, 34800500.00 ns, 543.7578 us/op
WorkloadPilot    4: 128 op, 67426200.00 ns, 526.7672 us/op
WorkloadPilot    5: 256 op, 86945800.00 ns, 339.6320 us/op
WorkloadPilot    6: 512 op, 37557600.00 ns, 73.3547 us/op
WorkloadPilot    7: 1024 op, 73597500.00 ns, 71.8726 us/op
WorkloadPilot    8: 2048 op, 147448400.00 ns, 71.9963 us/op
WorkloadPilot    9: 4096 op, 294026700.00 ns, 71.7839 us/op
WorkloadPilot   10: 8192 op, 571566700.00 ns, 69.7713 us/op

OverheadWarmup   1: 8192 op, 29600.00 ns, 3.6133 ns/op
OverheadWarmup   2: 8192 op, 29300.00 ns, 3.5767 ns/op
OverheadWarmup   3: 8192 op, 29100.00 ns, 3.5522 ns/op
OverheadWarmup   4: 8192 op, 28500.00 ns, 3.4790 ns/op
OverheadWarmup   5: 8192 op, 28400.00 ns, 3.4668 ns/op
OverheadWarmup   6: 8192 op, 28700.00 ns, 3.5034 ns/op
OverheadWarmup   7: 8192 op, 28500.00 ns, 3.4790 ns/op
OverheadWarmup   8: 8192 op, 30500.00 ns, 3.7231 ns/op
OverheadWarmup   9: 8192 op, 29700.00 ns, 3.6255 ns/op

OverheadActual   1: 8192 op, 28800.00 ns, 3.5156 ns/op
OverheadActual   2: 8192 op, 28800.00 ns, 3.5156 ns/op
OverheadActual   3: 8192 op, 28600.00 ns, 3.4912 ns/op
OverheadActual   4: 8192 op, 28700.00 ns, 3.5034 ns/op
OverheadActual   5: 8192 op, 28400.00 ns, 3.4668 ns/op
OverheadActual   6: 8192 op, 28700.00 ns, 3.5034 ns/op
OverheadActual   7: 8192 op, 28700.00 ns, 3.5034 ns/op
OverheadActual   8: 8192 op, 29000.00 ns, 3.5400 ns/op
OverheadActual   9: 8192 op, 28600.00 ns, 3.4912 ns/op
OverheadActual  10: 8192 op, 28700.00 ns, 3.5034 ns/op
OverheadActual  11: 8192 op, 28600.00 ns, 3.4912 ns/op
OverheadActual  12: 8192 op, 28700.00 ns, 3.5034 ns/op
OverheadActual  13: 8192 op, 28700.00 ns, 3.5034 ns/op
OverheadActual  14: 8192 op, 28700.00 ns, 3.5034 ns/op
OverheadActual  15: 8192 op, 28700.00 ns, 3.5034 ns/op

OverheadWarmup   1: 8192 op, 29000.00 ns, 3.5400 ns/op
OverheadWarmup   2: 8192 op, 28300.00 ns, 3.4546 ns/op
OverheadWarmup   3: 8192 op, 29300.00 ns, 3.5767 ns/op
OverheadWarmup   4: 8192 op, 29400.00 ns, 3.5889 ns/op
OverheadWarmup   5: 8192 op, 28500.00 ns, 3.4790 ns/op
OverheadWarmup   6: 8192 op, 28400.00 ns, 3.4668 ns/op
OverheadWarmup   7: 8192 op, 29300.00 ns, 3.5767 ns/op
OverheadWarmup   8: 8192 op, 28500.00 ns, 3.4790 ns/op

// BeforeActualRun
WorkloadActual   1: 8192 op, 607636300.00 ns, 74.1744 us/op
WorkloadActual   2: 8192 op, 620643600.00 ns, 75.7622 us/op
WorkloadActual   3: 8192 op, 725394600.00 ns, 88.5491 us/op
WorkloadActual   4: 8192 op, 610861000.00 ns, 74.5680 us/op
WorkloadActual   5: 8192 op, 735415600.00 ns, 89.7724 us/op
WorkloadActual   6: 8192 op, 596104200.00 ns, 72.7666 us/op
WorkloadActual   7: 8192 op, 578778500.00 ns, 70.6517 us/op
WorkloadActual   8: 8192 op, 585160900.00 ns, 71.4308 us/op
WorkloadActual   9: 8192 op, 581132100.00 ns, 70.9390 us/op
WorkloadActual  10: 8192 op, 584338000.00 ns, 71.3303 us/op
WorkloadActual  11: 8192 op, 583861200.00 ns, 71.2721 us/op
WorkloadActual  12: 8192 op, 581439800.00 ns, 70.9765 us/op
WorkloadActual  13: 8192 op, 588262000.00 ns, 71.8093 us/op
WorkloadActual  14: 8192 op, 584798200.00 ns, 71.3865 us/op
WorkloadActual  15: 8192 op, 587658100.00 ns, 71.7356 us/op
WorkloadActual  16: 8192 op, 590962400.00 ns, 72.1390 us/op
WorkloadActual  17: 8192 op, 588144400.00 ns, 71.7950 us/op
WorkloadActual  18: 8192 op, 583426900.00 ns, 71.2191 us/op
WorkloadActual  19: 8192 op, 646844500.00 ns, 78.9605 us/op
WorkloadActual  20: 8192 op, 601383300.00 ns, 73.4110 us/op
WorkloadActual  21: 8192 op, 638204400.00 ns, 77.9058 us/op
WorkloadActual  22: 8192 op, 583769300.00 ns, 71.2609 us/op
WorkloadActual  23: 8192 op, 582955100.00 ns, 71.1615 us/op
WorkloadActual  24: 8192 op, 580798300.00 ns, 70.8982 us/op
WorkloadActual  25: 8192 op, 579056400.00 ns, 70.6856 us/op
WorkloadActual  26: 8192 op, 590692800.00 ns, 72.1061 us/op

// AfterActualRun
WorkloadResult   1: 8192 op, 607607600.00 ns, 74.1708 us/op
WorkloadResult   2: 8192 op, 620614900.00 ns, 75.7587 us/op
WorkloadResult   3: 8192 op, 610832300.00 ns, 74.5645 us/op
WorkloadResult   4: 8192 op, 596075500.00 ns, 72.7631 us/op
WorkloadResult   5: 8192 op, 578749800.00 ns, 70.6482 us/op
WorkloadResult   6: 8192 op, 585132200.00 ns, 71.4273 us/op
WorkloadResult   7: 8192 op, 581103400.00 ns, 70.9355 us/op
WorkloadResult   8: 8192 op, 584309300.00 ns, 71.3268 us/op
WorkloadResult   9: 8192 op, 583832500.00 ns, 71.2686 us/op
WorkloadResult  10: 8192 op, 581411100.00 ns, 70.9730 us/op
WorkloadResult  11: 8192 op, 588233300.00 ns, 71.8058 us/op
WorkloadResult  12: 8192 op, 584769500.00 ns, 71.3830 us/op
WorkloadResult  13: 8192 op, 587629400.00 ns, 71.7321 us/op
WorkloadResult  14: 8192 op, 590933700.00 ns, 72.1355 us/op
WorkloadResult  15: 8192 op, 588115700.00 ns, 71.7915 us/op
WorkloadResult  16: 8192 op, 583398200.00 ns, 71.2156 us/op
WorkloadResult  17: 8192 op, 601354600.00 ns, 73.4075 us/op
WorkloadResult  18: 8192 op, 638175700.00 ns, 77.9023 us/op
WorkloadResult  19: 8192 op, 583740600.00 ns, 71.2574 us/op
WorkloadResult  20: 8192 op, 582926400.00 ns, 71.1580 us/op
WorkloadResult  21: 8192 op, 580769600.00 ns, 70.8947 us/op
WorkloadResult  22: 8192 op, 579027700.00 ns, 70.6821 us/op
WorkloadResult  23: 8192 op, 590664100.00 ns, 72.1026 us/op
// GC:  99 23 0 623050752 8192
// Threading:  0 0 8192

// AfterAll
// Benchmark Process 26592 has exited with code 0.

Mean = 72.231 μs, StdErr = 0.378 μs (0.52%), N = 23, StdDev = 1.813 μs
Min = 70.648 μs, Q1 = 71.187 μs, Median = 71.427 μs, Q3 = 72.449 μs, Max = 77.902 μs
IQR = 1.262 μs, LowerFence = 69.293 μs, UpperFence = 74.343 μs
ConfidenceInterval = [70.797 μs; 73.664 μs] (CI 99.9%), Margin = 1.434 μs (1.98% of Mean)
Skewness = 1.66, Kurtosis = 5.08, MValue = 2

// ** Remained 8 (57,1 %) benchmark(s) to run. Estimated finish 2026-03-16 16:48 (0h 2m from now) **
Setup power plan (GUID: 8c5e7fda-e8bf-4a96-9a85-a6e23a8c635c FriendlyName: Alto rendimiento)
// **************************
// Benchmark: MapearOrdenBenchmark.MapearPagoEntidad_Actual: DefaultJob
// *** Execute ***
// Launch: 1 / 1
// Execute: dotnet BenchmarkSuite1-DefaultJob-1.dll --anonymousPipes 1632 3704 --benchmarkName CapaDatos.Benchmarks.MapearOrdenBenchmark.MapearPagoEntidad_Actual --job Default --benchmarkId 6 in C:\AOCR\AOCR\AOCR05-01-2026\AOCR1\AOCR\BenchmarkSuite1\bin\Release\net9.0\BenchmarkSuite1-DefaultJob-1\bin\Release\net9.0
// BeforeAnythingElse

// Benchmark Process Environment Information:
// BenchmarkDotNet v0.15.2
// Runtime=.NET 9.0.14 (9.0.1426.11910), X64 RyuJIT AVX2
// GC=Concurrent Workstation
// HardwareIntrinsics=AVX2,AES,BMI1,BMI2,FMA,LZCNT,PCLMUL,POPCNT VectorSize=256
// Job: DefaultJob

OverheadJitting  1: 1 op, 171700.00 ns, 171.7000 us/op
WorkloadJitting  1: 1 op, 2350200.00 ns, 2.3502 ms/op

OverheadJitting  2: 16 op, 479100.00 ns, 29.9438 us/op
WorkloadJitting  2: 16 op, 12885300.00 ns, 805.3313 us/op

WorkloadPilot    1: 16 op, 12203400.00 ns, 762.7125 us/op
WorkloadPilot    2: 32 op, 24367200.00 ns, 761.4750 us/op
WorkloadPilot    3: 64 op, 48622200.00 ns, 759.7219 us/op
WorkloadPilot    4: 128 op, 95659700.00 ns, 747.3414 us/op
WorkloadPilot    5: 256 op, 58956800.00 ns, 230.3000 us/op
WorkloadPilot    6: 512 op, 54055900.00 ns, 105.5779 us/op
WorkloadPilot    7: 1024 op, 108933200.00 ns, 106.3801 us/op
WorkloadPilot    8: 2048 op, 214482100.00 ns, 104.7276 us/op
WorkloadPilot    9: 4096 op, 444988700.00 ns, 108.6398 us/op
WorkloadPilot   10: 8192 op, 881356200.00 ns, 107.5874 us/op

OverheadWarmup   1: 8192 op, 29700.00 ns, 3.6255 ns/op
OverheadWarmup   2: 8192 op, 28300.00 ns, 3.4546 ns/op
OverheadWarmup   3: 8192 op, 28400.00 ns, 3.4668 ns/op
OverheadWarmup   4: 8192 op, 28200.00 ns, 3.4424 ns/op
OverheadWarmup   5: 8192 op, 28300.00 ns, 3.4546 ns/op
OverheadWarmup   6: 8192 op, 28200.00 ns, 3.4424 ns/op

OverheadActual   1: 8192 op, 28700.00 ns, 3.5034 ns/op
OverheadActual   2: 8192 op, 28600.00 ns, 3.4912 ns/op
OverheadActual   3: 8192 op, 28800.00 ns, 3.5156 ns/op
OverheadActual   4: 8192 op, 28500.00 ns, 3.4790 ns/op
OverheadActual   5: 8192 op, 28200.00 ns, 3.4424 ns/op
OverheadActual   6: 8192 op, 28400.00 ns, 3.4668 ns/op
OverheadActual   7: 8192 op, 28400.00 ns, 3.4668 ns/op
OverheadActual   8: 8192 op, 28200.00 ns, 3.4424 ns/op
OverheadActual   9: 8192 op, 46600.00 ns, 5.6885 ns/op
OverheadActual  10: 8192 op, 28700.00 ns, 3.5034 ns/op
OverheadActual  11: 8192 op, 28500.00 ns, 3.4790 ns/op
OverheadActual  12: 8192 op, 28200.00 ns, 3.4424 ns/op
OverheadActual  13: 8192 op, 28700.00 ns, 3.5034 ns/op
OverheadActual  14: 8192 op, 28400.00 ns, 3.4668 ns/op
OverheadActual  15: 8192 op, 28500.00 ns, 3.4790 ns/op

OverheadWarmup   1: 8192 op, 28400.00 ns, 3.4668 ns/op
OverheadWarmup   2: 8192 op, 28400.00 ns, 3.4668 ns/op
OverheadWarmup   3: 8192 op, 28200.00 ns, 3.4424 ns/op
OverheadWarmup   4: 8192 op, 28600.00 ns, 3.4912 ns/op
OverheadWarmup   5: 8192 op, 28200.00 ns, 3.4424 ns/op
OverheadWarmup   6: 8192 op, 28200.00 ns, 3.4424 ns/op

// BeforeActualRun
WorkloadActual   1: 8192 op, 860905200.00 ns, 105.0910 us/op
WorkloadActual   2: 8192 op, 857911900.00 ns, 104.7256 us/op
WorkloadActual   3: 8192 op, 862082800.00 ns, 105.2347 us/op
WorkloadActual   4: 8192 op, 856897500.00 ns, 104.6017 us/op
WorkloadActual   5: 8192 op, 857915800.00 ns, 104.7260 us/op
WorkloadActual   6: 8192 op, 857652800.00 ns, 104.6939 us/op
WorkloadActual   7: 8192 op, 860729400.00 ns, 105.0695 us/op
WorkloadActual   8: 8192 op, 872380700.00 ns, 106.4918 us/op
WorkloadActual   9: 8192 op, 894408500.00 ns, 109.1807 us/op
WorkloadActual  10: 8192 op, 890026000.00 ns, 108.6458 us/op
WorkloadActual  11: 8192 op, 921001100.00 ns, 112.4269 us/op
WorkloadActual  12: 8192 op, 861575200.00 ns, 105.1728 us/op
WorkloadActual  13: 8192 op, 860301200.00 ns, 105.0172 us/op
WorkloadActual  14: 8192 op, 858181600.00 ns, 104.7585 us/op
WorkloadActual  15: 8192 op, 855092200.00 ns, 104.3814 us/op

// AfterActualRun
WorkloadResult   1: 8192 op, 860876700.00 ns, 105.0875 us/op
WorkloadResult   2: 8192 op, 857883400.00 ns, 104.7221 us/op
WorkloadResult   3: 8192 op, 862054300.00 ns, 105.2312 us/op
WorkloadResult   4: 8192 op, 856869000.00 ns, 104.5983 us/op
WorkloadResult   5: 8192 op, 857887300.00 ns, 104.7226 us/op
WorkloadResult   6: 8192 op, 857624300.00 ns, 104.6905 us/op
WorkloadResult   7: 8192 op, 860700900.00 ns, 105.0660 us/op
WorkloadResult   8: 8192 op, 872352200.00 ns, 106.4883 us/op
WorkloadResult   9: 8192 op, 861546700.00 ns, 105.1693 us/op
WorkloadResult  10: 8192 op, 860272700.00 ns, 105.0138 us/op
WorkloadResult  11: 8192 op, 858153100.00 ns, 104.7550 us/op
WorkloadResult  12: 8192 op, 855063700.00 ns, 104.3779 us/op
// GC:  83 15 0 524746752 8192
// Threading:  0 0 8192

// AfterAll
// Benchmark Process 23740 has exited with code 0.

Mean = 104.994 μs, StdErr = 0.155 μs (0.15%), N = 12, StdDev = 0.537 μs
Min = 104.378 μs, Q1 = 104.714 μs, Median = 104.884 μs, Q3 = 105.108 μs, Max = 106.488 μs
IQR = 0.394 μs, LowerFence = 104.124 μs, UpperFence = 105.699 μs
ConfidenceInterval = [104.306 μs; 105.681 μs] (CI 99.9%), Margin = 0.687 μs (0.65% of Mean)
Skewness = 1.61, Kurtosis = 5.21, MValue = 2

// ** Remained 7 (50,0 %) benchmark(s) to run. Estimated finish 2026-03-16 16:48 (0h 2m from now) **
Setup power plan (GUID: 8c5e7fda-e8bf-4a96-9a85-a6e23a8c635c FriendlyName: Alto rendimiento)
// **************************
// Benchmark: MapearOrdenBenchmark.MapearPagoEntidad_Optimizado: DefaultJob
// *** Execute ***
// Launch: 1 / 1
// Execute: dotnet BenchmarkSuite1-DefaultJob-1.dll --anonymousPipes 4240 8016 --benchmarkName CapaDatos.Benchmarks.MapearOrdenBenchmark.MapearPagoEntidad_Optimizado --job Default --benchmarkId 7 in C:\AOCR\AOCR\AOCR05-01-2026\AOCR1\AOCR\BenchmarkSuite1\bin\Release\net9.0\BenchmarkSuite1-DefaultJob-1\bin\Release\net9.0
// BeforeAnythingElse

// Benchmark Process Environment Information:
// BenchmarkDotNet v0.15.2
// Runtime=.NET 9.0.14 (9.0.1426.11910), X64 RyuJIT AVX2
// GC=Concurrent Workstation
// HardwareIntrinsics=AVX2,AES,BMI1,BMI2,FMA,LZCNT,PCLMUL,POPCNT VectorSize=256
// Job: DefaultJob

OverheadJitting  1: 1 op, 166100.00 ns, 166.1000 us/op
WorkloadJitting  1: 1 op, 1866300.00 ns, 1.8663 ms/op

OverheadJitting  2: 16 op, 479600.00 ns, 29.9750 us/op
WorkloadJitting  2: 16 op, 8633200.00 ns, 539.5750 us/op

WorkloadPilot    1: 16 op, 7982900.00 ns, 498.9313 us/op
WorkloadPilot    2: 32 op, 15345700.00 ns, 479.5531 us/op
WorkloadPilot    3: 64 op, 30700800.00 ns, 479.7000 us/op
WorkloadPilot    4: 128 op, 61440600.00 ns, 480.0047 us/op
WorkloadPilot    5: 256 op, 110857400.00 ns, 433.0367 us/op
WorkloadPilot    6: 512 op, 35301600.00 ns, 68.9484 us/op
WorkloadPilot    7: 1024 op, 69824000.00 ns, 68.1875 us/op
WorkloadPilot    8: 2048 op, 139430500.00 ns, 68.0813 us/op
WorkloadPilot    9: 4096 op, 278736000.00 ns, 68.0508 us/op
WorkloadPilot   10: 8192 op, 540409000.00 ns, 65.9679 us/op

OverheadWarmup   1: 8192 op, 30000.00 ns, 3.6621 ns/op
OverheadWarmup   2: 8192 op, 28900.00 ns, 3.5278 ns/op
OverheadWarmup   3: 8192 op, 29000.00 ns, 3.5400 ns/op
OverheadWarmup   4: 8192 op, 28900.00 ns, 3.5278 ns/op
OverheadWarmup   5: 8192 op, 29100.00 ns, 3.5522 ns/op
OverheadWarmup   6: 8192 op, 28900.00 ns, 3.5278 ns/op

OverheadActual   1: 8192 op, 28900.00 ns, 3.5278 ns/op
OverheadActual   2: 8192 op, 29100.00 ns, 3.5522 ns/op
OverheadActual   3: 8192 op, 30000.00 ns, 3.6621 ns/op
OverheadActual   4: 8192 op, 29100.00 ns, 3.5522 ns/op
OverheadActual   5: 8192 op, 29200.00 ns, 3.5645 ns/op
OverheadActual   6: 8192 op, 29100.00 ns, 3.5522 ns/op
OverheadActual   7: 8192 op, 29000.00 ns, 3.5400 ns/op
OverheadActual   8: 8192 op, 29200.00 ns, 3.5645 ns/op
OverheadActual   9: 8192 op, 29000.00 ns, 3.5400 ns/op
OverheadActual  10: 8192 op, 33800.00 ns, 4.1260 ns/op
OverheadActual  11: 8192 op, 29500.00 ns, 3.6011 ns/op
OverheadActual  12: 8192 op, 28900.00 ns, 3.5278 ns/op
OverheadActual  13: 8192 op, 28900.00 ns, 3.5278 ns/op
OverheadActual  14: 8192 op, 28800.00 ns, 3.5156 ns/op
OverheadActual  15: 8192 op, 28900.00 ns, 3.5278 ns/op

OverheadWarmup   1: 8192 op, 29100.00 ns, 3.5522 ns/op
OverheadWarmup   2: 8192 op, 28800.00 ns, 3.5156 ns/op
OverheadWarmup   3: 8192 op, 28900.00 ns, 3.5278 ns/op
OverheadWarmup   4: 8192 op, 29300.00 ns, 3.5767 ns/op
OverheadWarmup   5: 8192 op, 28700.00 ns, 3.5034 ns/op
OverheadWarmup   6: 8192 op, 29100.00 ns, 3.5522 ns/op
OverheadWarmup   7: 8192 op, 29100.00 ns, 3.5522 ns/op

// BeforeActualRun
WorkloadActual   1: 8192 op, 547980600.00 ns, 66.8922 us/op
WorkloadActual   2: 8192 op, 548069100.00 ns, 66.9030 us/op
WorkloadActual   3: 8192 op, 546873100.00 ns, 66.7570 us/op
WorkloadActual   4: 8192 op, 549150800.00 ns, 67.0350 us/op
WorkloadActual   5: 8192 op, 549578300.00 ns, 67.0872 us/op
WorkloadActual   6: 8192 op, 543876900.00 ns, 66.3912 us/op
WorkloadActual   7: 8192 op, 539016800.00 ns, 65.7979 us/op
WorkloadActual   8: 8192 op, 564342300.00 ns, 68.8894 us/op
WorkloadActual   9: 8192 op, 573896400.00 ns, 70.0557 us/op
WorkloadActual  10: 8192 op, 585008800.00 ns, 71.4122 us/op
WorkloadActual  11: 8192 op, 559428100.00 ns, 68.2896 us/op
WorkloadActual  12: 8192 op, 562290400.00 ns, 68.6390 us/op
WorkloadActual  13: 8192 op, 557547600.00 ns, 68.0600 us/op
WorkloadActual  14: 8192 op, 576556200.00 ns, 70.3804 us/op
WorkloadActual  15: 8192 op, 563340100.00 ns, 68.7671 us/op
WorkloadActual  16: 8192 op, 563920700.00 ns, 68.8380 us/op
WorkloadActual  17: 8192 op, 550333800.00 ns, 67.1794 us/op
WorkloadActual  18: 8192 op, 546256700.00 ns, 66.6817 us/op
WorkloadActual  19: 8192 op, 542751900.00 ns, 66.2539 us/op
WorkloadActual  20: 8192 op, 546115700.00 ns, 66.6645 us/op

// AfterActualRun
WorkloadResult   1: 8192 op, 547951500.00 ns, 66.8886 us/op
WorkloadResult   2: 8192 op, 548040000.00 ns, 66.8994 us/op
WorkloadResult   3: 8192 op, 546844000.00 ns, 66.7534 us/op
WorkloadResult   4: 8192 op, 549121700.00 ns, 67.0315 us/op
WorkloadResult   5: 8192 op, 549549200.00 ns, 67.0836 us/op
WorkloadResult   6: 8192 op, 543847800.00 ns, 66.3877 us/op
WorkloadResult   7: 8192 op, 538987700.00 ns, 65.7944 us/op
WorkloadResult   8: 8192 op, 564313200.00 ns, 68.8859 us/op
WorkloadResult   9: 8192 op, 573867300.00 ns, 70.0522 us/op
WorkloadResult  10: 8192 op, 584979700.00 ns, 71.4087 us/op
WorkloadResult  11: 8192 op, 559399000.00 ns, 68.2860 us/op
WorkloadResult  12: 8192 op, 562261300.00 ns, 68.6354 us/op
WorkloadResult  13: 8192 op, 557518500.00 ns, 68.0565 us/op
WorkloadResult  14: 8192 op, 576527100.00 ns, 70.3768 us/op
WorkloadResult  15: 8192 op, 563311000.00 ns, 68.7635 us/op
WorkloadResult  16: 8192 op, 563891600.00 ns, 68.8344 us/op
WorkloadResult  17: 8192 op, 550304700.00 ns, 67.1759 us/op
WorkloadResult  18: 8192 op, 546227600.00 ns, 66.6782 us/op
WorkloadResult  19: 8192 op, 542722800.00 ns, 66.2503 us/op
WorkloadResult  20: 8192 op, 546086600.00 ns, 66.6610 us/op
// GC:  83 15 0 524746752 8192
// Threading:  0 0 8192

// AfterAll
// Benchmark Process 34120 has exited with code 0.

Mean = 67.845 μs, StdErr = 0.341 μs (0.50%), N = 20, StdDev = 1.523 μs
Min = 65.794 μs, Q1 = 66.735 μs, Median = 67.130 μs, Q3 = 68.781 μs, Max = 71.409 μs
IQR = 2.047 μs, LowerFence = 63.665 μs, UpperFence = 71.851 μs
ConfidenceInterval = [66.523 μs; 69.168 μs] (CI 99.9%), Margin = 1.323 μs (1.95% of Mean)
Skewness = 0.74, Kurtosis = 2.47, MValue = 2

// ** Remained 6 (42,9 %) benchmark(s) to run. Estimated finish 2026-03-16 16:48 (0h 2m from now) **
Setup power plan (GUID: 8c5e7fda-e8bf-4a96-9a85-a6e23a8c635c FriendlyName: Alto rendimiento)
// **************************
// Benchmark: MapearOrdenBenchmark.LeerOrdenTx_Actual: DefaultJob
// *** Execute ***
// Launch: 1 / 1
// Execute: dotnet BenchmarkSuite1-DefaultJob-1.dll --anonymousPipes 1388 8556 --benchmarkName CapaDatos.Benchmarks.MapearOrdenBenchmark.LeerOrdenTx_Actual --job Default --benchmarkId 8 in C:\AOCR\AOCR\AOCR05-01-2026\AOCR1\AOCR\BenchmarkSuite1\bin\Release\net9.0\BenchmarkSuite1-DefaultJob-1\bin\Release\net9.0
// BeforeAnythingElse

// Benchmark Process Environment Information:
// BenchmarkDotNet v0.15.2
// Runtime=.NET 9.0.14 (9.0.1426.11910), X64 RyuJIT AVX2
// GC=Concurrent Workstation
// HardwareIntrinsics=AVX2,AES,BMI1,BMI2,FMA,LZCNT,PCLMUL,POPCNT VectorSize=256
// Job: DefaultJob

OverheadJitting  1: 1 op, 181200.00 ns, 181.2000 us/op
WorkloadJitting  1: 1 op, 1452100.00 ns, 1.4521 ms/op

OverheadJitting  2: 16 op, 501300.00 ns, 31.3313 us/op
WorkloadJitting  2: 16 op, 8205600.00 ns, 512.8500 us/op

WorkloadPilot    1: 16 op, 5188100.00 ns, 324.2563 us/op
WorkloadPilot    2: 32 op, 10151000.00 ns, 317.2188 us/op
WorkloadPilot    3: 64 op, 20162200.00 ns, 315.0344 us/op
WorkloadPilot    4: 128 op, 41689900.00 ns, 325.7023 us/op
WorkloadPilot    5: 256 op, 75718900.00 ns, 295.7770 us/op
WorkloadPilot    6: 512 op, 81588000.00 ns, 159.3516 us/op
WorkloadPilot    7: 1024 op, 56257500.00 ns, 54.9390 us/op
WorkloadPilot    8: 2048 op, 113102200.00 ns, 55.2257 us/op
WorkloadPilot    9: 4096 op, 245472500.00 ns, 59.9298 us/op
WorkloadPilot   10: 8192 op, 429424600.00 ns, 52.4200 us/op
WorkloadPilot   11: 16384 op, 969168700.00 ns, 59.1534 us/op

OverheadWarmup   1: 16384 op, 56500.00 ns, 3.4485 ns/op
OverheadWarmup   2: 16384 op, 67000.00 ns, 4.0894 ns/op
OverheadWarmup   3: 16384 op, 82500.00 ns, 5.0354 ns/op
OverheadWarmup   4: 16384 op, 56500.00 ns, 3.4485 ns/op
OverheadWarmup   5: 16384 op, 56500.00 ns, 3.4485 ns/op
OverheadWarmup   6: 16384 op, 56300.00 ns, 3.4363 ns/op

OverheadActual   1: 16384 op, 56100.00 ns, 3.4241 ns/op
OverheadActual   2: 16384 op, 56700.00 ns, 3.4607 ns/op
OverheadActual   3: 16384 op, 56400.00 ns, 3.4424 ns/op
OverheadActual   4: 16384 op, 56500.00 ns, 3.4485 ns/op
OverheadActual   5: 16384 op, 56100.00 ns, 3.4241 ns/op
OverheadActual   6: 16384 op, 56100.00 ns, 3.4241 ns/op
OverheadActual   7: 16384 op, 56000.00 ns, 3.4180 ns/op
OverheadActual   8: 16384 op, 56700.00 ns, 3.4607 ns/op
OverheadActual   9: 16384 op, 56500.00 ns, 3.4485 ns/op
OverheadActual  10: 16384 op, 56600.00 ns, 3.4546 ns/op
OverheadActual  11: 16384 op, 56300.00 ns, 3.4363 ns/op
OverheadActual  12: 16384 op, 56300.00 ns, 3.4363 ns/op
OverheadActual  13: 16384 op, 56200.00 ns, 3.4302 ns/op
OverheadActual  14: 16384 op, 56800.00 ns, 3.4668 ns/op
OverheadActual  15: 16384 op, 57100.00 ns, 3.4851 ns/op

OverheadWarmup   1: 16384 op, 56400.00 ns, 3.4424 ns/op
OverheadWarmup   2: 16384 op, 56500.00 ns, 3.4485 ns/op
OverheadWarmup   3: 16384 op, 56300.00 ns, 3.4363 ns/op
OverheadWarmup   4: 16384 op, 56100.00 ns, 3.4241 ns/op
OverheadWarmup   5: 16384 op, 56500.00 ns, 3.4485 ns/op
OverheadWarmup   6: 16384 op, 94100.00 ns, 5.7434 ns/op
OverheadWarmup   7: 16384 op, 56000.00 ns, 3.4180 ns/op

// BeforeActualRun
WorkloadActual   1: 16384 op, 938987600.00 ns, 57.3113 us/op
WorkloadActual   2: 16384 op, 829203500.00 ns, 50.6106 us/op
WorkloadActual   3: 16384 op, 829311800.00 ns, 50.6172 us/op
WorkloadActual   4: 16384 op, 826494300.00 ns, 50.4452 us/op
WorkloadActual   5: 16384 op, 823702400.00 ns, 50.2748 us/op
WorkloadActual   6: 16384 op, 828284400.00 ns, 50.5545 us/op
WorkloadActual   7: 16384 op, 825286700.00 ns, 50.3715 us/op
WorkloadActual   8: 16384 op, 826001300.00 ns, 50.4151 us/op
WorkloadActual   9: 16384 op, 825114100.00 ns, 50.3610 us/op
WorkloadActual  10: 16384 op, 823066500.00 ns, 50.2360 us/op
WorkloadActual  11: 16384 op, 826302400.00 ns, 50.4335 us/op
WorkloadActual  12: 16384 op, 831741500.00 ns, 50.7655 us/op
WorkloadActual  13: 16384 op, 843802600.00 ns, 51.5016 us/op
WorkloadActual  14: 16384 op, 836130200.00 ns, 51.0333 us/op
WorkloadActual  15: 16384 op, 836849600.00 ns, 51.0772 us/op

// AfterActualRun
WorkloadResult   1: 16384 op, 829147100.00 ns, 50.6071 us/op
WorkloadResult   2: 16384 op, 829255400.00 ns, 50.6137 us/op
WorkloadResult   3: 16384 op, 826437900.00 ns, 50.4418 us/op
WorkloadResult   4: 16384 op, 823646000.00 ns, 50.2714 us/op
WorkloadResult   5: 16384 op, 828228000.00 ns, 50.5510 us/op
WorkloadResult   6: 16384 op, 825230300.00 ns, 50.3681 us/op
WorkloadResult   7: 16384 op, 825944900.00 ns, 50.4117 us/op
WorkloadResult   8: 16384 op, 825057700.00 ns, 50.3575 us/op
WorkloadResult   9: 16384 op, 823010100.00 ns, 50.2326 us/op
WorkloadResult  10: 16384 op, 826246000.00 ns, 50.4301 us/op
WorkloadResult  11: 16384 op, 831685100.00 ns, 50.7620 us/op
WorkloadResult  12: 16384 op, 843746200.00 ns, 51.4982 us/op
WorkloadResult  13: 16384 op, 836073800.00 ns, 51.0299 us/op
WorkloadResult  14: 16384 op, 836793200.00 ns, 51.0738 us/op
// GC:  188 39 0 1180565504 16384
// Threading:  0 0 16384

// AfterAll
// Benchmark Process 30264 has exited with code 0.

Mean = 50.618 μs, StdErr = 0.096 μs (0.19%), N = 14, StdDev = 0.360 μs
Min = 50.233 μs, Q1 = 50.379 μs, Median = 50.496 μs, Q3 = 50.725 μs, Max = 51.498 μs
IQR = 0.346 μs, LowerFence = 49.860 μs, UpperFence = 51.244 μs
ConfidenceInterval = [50.212 μs; 51.024 μs] (CI 99.9%), Margin = 0.406 μs (0.80% of Mean)
Skewness = 1.07, Kurtosis = 3.07, MValue = 2

// ** Remained 5 (35,7 %) benchmark(s) to run. Estimated finish 2026-03-16 16:48 (0h 1m from now) **
Setup power plan (GUID: 8c5e7fda-e8bf-4a96-9a85-a6e23a8c635c FriendlyName: Alto rendimiento)
// **************************
// Benchmark: MapearOrdenBenchmark.LeerOrdenTx_Optimizado: DefaultJob
// *** Execute ***
// Launch: 1 / 1
// Execute: dotnet BenchmarkSuite1-DefaultJob-1.dll --anonymousPipes 3668 5108 --benchmarkName CapaDatos.Benchmarks.MapearOrdenBenchmark.LeerOrdenTx_Optimizado --job Default --benchmarkId 9 in C:\AOCR\AOCR\AOCR05-01-2026\AOCR1\AOCR\BenchmarkSuite1\bin\Release\net9.0\BenchmarkSuite1-DefaultJob-1\bin\Release\net9.0
// BeforeAnythingElse

// Benchmark Process Environment Information:
// BenchmarkDotNet v0.15.2
// Runtime=.NET 9.0.14 (9.0.1426.11910), X64 RyuJIT AVX2
// GC=Concurrent Workstation
// HardwareIntrinsics=AVX2,AES,BMI1,BMI2,FMA,LZCNT,PCLMUL,POPCNT VectorSize=256
// Job: DefaultJob

OverheadJitting  1: 1 op, 244700.00 ns, 244.7000 us/op
WorkloadJitting  1: 1 op, 1756800.00 ns, 1.7568 ms/op

OverheadJitting  2: 16 op, 861000.00 ns, 53.8125 us/op
WorkloadJitting  2: 16 op, 4810800.00 ns, 300.6750 us/op

WorkloadPilot    1: 16 op, 3678500.00 ns, 229.9063 us/op
WorkloadPilot    2: 32 op, 7278100.00 ns, 227.4406 us/op
WorkloadPilot    3: 64 op, 14339500.00 ns, 224.0547 us/op
WorkloadPilot    4: 128 op, 27933400.00 ns, 218.2297 us/op
WorkloadPilot    5: 256 op, 52069500.00 ns, 203.3965 us/op
WorkloadPilot    6: 512 op, 78288900.00 ns, 152.9080 us/op
WorkloadPilot    7: 1024 op, 33807000.00 ns, 33.0146 us/op
WorkloadPilot    8: 2048 op, 66294700.00 ns, 32.3705 us/op
WorkloadPilot    9: 4096 op, 130148100.00 ns, 31.7744 us/op
WorkloadPilot   10: 8192 op, 244182900.00 ns, 29.8075 us/op
WorkloadPilot   11: 16384 op, 488477000.00 ns, 29.8143 us/op
WorkloadPilot   12: 32768 op, 962846600.00 ns, 29.3837 us/op

OverheadWarmup   1: 32768 op, 128700.00 ns, 3.9276 ns/op
OverheadWarmup   2: 32768 op, 113600.00 ns, 3.4668 ns/op
OverheadWarmup   3: 32768 op, 115200.00 ns, 3.5156 ns/op
OverheadWarmup   4: 32768 op, 113700.00 ns, 3.4698 ns/op
OverheadWarmup   5: 32768 op, 115100.00 ns, 3.5126 ns/op
OverheadWarmup   6: 32768 op, 129100.00 ns, 3.9398 ns/op
OverheadWarmup   7: 32768 op, 115200.00 ns, 3.5156 ns/op

OverheadActual   1: 32768 op, 124000.00 ns, 3.7842 ns/op
OverheadActual   2: 32768 op, 130600.00 ns, 3.9856 ns/op
OverheadActual   3: 32768 op, 129800.00 ns, 3.9612 ns/op
OverheadActual   4: 32768 op, 128600.00 ns, 3.9246 ns/op
OverheadActual   5: 32768 op, 125500.00 ns, 3.8300 ns/op
OverheadActual   6: 32768 op, 114100.00 ns, 3.4821 ns/op
OverheadActual   7: 32768 op, 129700.00 ns, 3.9581 ns/op
OverheadActual   8: 32768 op, 115100.00 ns, 3.5126 ns/op
OverheadActual   9: 32768 op, 115400.00 ns, 3.5217 ns/op
OverheadActual  10: 32768 op, 160800.00 ns, 4.9072 ns/op
OverheadActual  11: 32768 op, 115500.00 ns, 3.5248 ns/op
OverheadActual  12: 32768 op, 128500.00 ns, 3.9215 ns/op
OverheadActual  13: 32768 op, 114500.00 ns, 3.4943 ns/op
OverheadActual  14: 32768 op, 114300.00 ns, 3.4882 ns/op
OverheadActual  15: 32768 op, 115600.00 ns, 3.5278 ns/op
OverheadActual  16: 32768 op, 128300.00 ns, 3.9154 ns/op
OverheadActual  17: 32768 op, 115500.00 ns, 3.5248 ns/op
OverheadActual  18: 32768 op, 115100.00 ns, 3.5126 ns/op
OverheadActual  19: 32768 op, 128800.00 ns, 3.9307 ns/op
OverheadActual  20: 32768 op, 123000.00 ns, 3.7537 ns/op

OverheadWarmup   1: 32768 op, 113700.00 ns, 3.4698 ns/op
OverheadWarmup   2: 32768 op, 117400.00 ns, 3.5828 ns/op
OverheadWarmup   3: 32768 op, 115600.00 ns, 3.5278 ns/op
OverheadWarmup   4: 32768 op, 129300.00 ns, 3.9459 ns/op
OverheadWarmup   5: 32768 op, 128800.00 ns, 3.9307 ns/op
OverheadWarmup   6: 32768 op, 128400.00 ns, 3.9185 ns/op

// BeforeActualRun
WorkloadActual   1: 32768 op, 1098320300.00 ns, 33.5181 us/op
WorkloadActual   2: 32768 op, 1001990000.00 ns, 30.5783 us/op
WorkloadActual   3: 32768 op, 981576800.00 ns, 29.9553 us/op
WorkloadActual   4: 32768 op, 981156800.00 ns, 29.9425 us/op
WorkloadActual   5: 32768 op, 980891600.00 ns, 29.9344 us/op
WorkloadActual   6: 32768 op, 985428100.00 ns, 30.0729 us/op
WorkloadActual   7: 32768 op, 979534500.00 ns, 29.8930 us/op
WorkloadActual   8: 32768 op, 1018475700.00 ns, 31.0814 us/op
WorkloadActual   9: 32768 op, 1027644600.00 ns, 31.3612 us/op
WorkloadActual  10: 32768 op, 980941800.00 ns, 29.9360 us/op
WorkloadActual  11: 32768 op, 986387900.00 ns, 30.1022 us/op
WorkloadActual  12: 32768 op, 984426700.00 ns, 30.0423 us/op
WorkloadActual  13: 32768 op, 982601900.00 ns, 29.9866 us/op
WorkloadActual  14: 32768 op, 980568400.00 ns, 29.9246 us/op
WorkloadActual  15: 32768 op, 979999000.00 ns, 29.9072 us/op

// AfterActualRun
WorkloadResult   1: 32768 op, 1001866500.00 ns, 30.5745 us/op
WorkloadResult   2: 32768 op, 981453300.00 ns, 29.9516 us/op
WorkloadResult   3: 32768 op, 981033300.00 ns, 29.9388 us/op
WorkloadResult   4: 32768 op, 980768100.00 ns, 29.9307 us/op
WorkloadResult   5: 32768 op, 985304600.00 ns, 30.0691 us/op
WorkloadResult   6: 32768 op, 979411000.00 ns, 29.8893 us/op
WorkloadResult   7: 32768 op, 980818300.00 ns, 29.9322 us/op
WorkloadResult   8: 32768 op, 986264400.00 ns, 30.0984 us/op
WorkloadResult   9: 32768 op, 984303200.00 ns, 30.0385 us/op
WorkloadResult  10: 32768 op, 982478400.00 ns, 29.9829 us/op
WorkloadResult  11: 32768 op, 980444900.00 ns, 29.9208 us/op
WorkloadResult  12: 32768 op, 979875500.00 ns, 29.9034 us/op
// GC:  376 79 0 2361131008 32768
// Threading:  0 0 32768

// AfterAll
// Benchmark Process 15668 has exited with code 0.

Mean = 30.019 μs, StdErr = 0.054 μs (0.18%), N = 12, StdDev = 0.187 μs
Min = 29.889 μs, Q1 = 29.928 μs, Median = 29.945 μs, Q3 = 30.046 μs, Max = 30.575 μs
IQR = 0.118 μs, LowerFence = 29.751 μs, UpperFence = 30.223 μs
ConfidenceInterval = [29.779 μs; 30.259 μs] (CI 99.9%), Margin = 0.240 μs (0.80% of Mean)
Skewness = 2.1, Kurtosis = 6.52, MValue = 2

// ** Remained 4 (28,6 %) benchmark(s) to run. Estimated finish 2026-03-16 16:48 (0h 1m from now) **
Setup power plan (GUID: 8c5e7fda-e8bf-4a96-9a85-a6e23a8c635c FriendlyName: Alto rendimiento)
// **************************
// Benchmark: MapearOrdenBenchmark.LeerOrdenMeta_Actual: DefaultJob
// *** Execute ***
// Launch: 1 / 1
// Execute: dotnet BenchmarkSuite1-DefaultJob-1.dll --anonymousPipes 1304 1356 --benchmarkName CapaDatos.Benchmarks.MapearOrdenBenchmark.LeerOrdenMeta_Actual --job Default --benchmarkId 10 in C:\AOCR\AOCR\AOCR05-01-2026\AOCR1\AOCR\BenchmarkSuite1\bin\Release\net9.0\BenchmarkSuite1-DefaultJob-1\bin\Release\net9.0
// BeforeAnythingElse

// Benchmark Process Environment Information:
// BenchmarkDotNet v0.15.2
// Runtime=.NET 9.0.14 (9.0.1426.11910), X64 RyuJIT AVX2
// GC=Concurrent Workstation
// HardwareIntrinsics=AVX2,AES,BMI1,BMI2,FMA,LZCNT,PCLMUL,POPCNT VectorSize=256
// Job: DefaultJob

OverheadJitting  1: 1 op, 236000.00 ns, 236.0000 us/op
WorkloadJitting  1: 1 op, 1195500.00 ns, 1.1955 ms/op

OverheadJitting  2: 16 op, 829900.00 ns, 51.8688 us/op
WorkloadJitting  2: 16 op, 3203500.00 ns, 200.2188 us/op

WorkloadPilot    1: 16 op, 2061500.00 ns, 128.8438 us/op
WorkloadPilot    2: 32 op, 3707900.00 ns, 115.8719 us/op
WorkloadPilot    3: 64 op, 7649200.00 ns, 119.5188 us/op
WorkloadPilot    4: 128 op, 14306100.00 ns, 111.7664 us/op
WorkloadPilot    5: 256 op, 25443900.00 ns, 99.3902 us/op
WorkloadPilot    6: 512 op, 50854100.00 ns, 99.3244 us/op
WorkloadPilot    7: 1024 op, 78977300.00 ns, 77.1263 us/op
WorkloadPilot    8: 2048 op, 49347000.00 ns, 24.0952 us/op
WorkloadPilot    9: 4096 op, 98606200.00 ns, 24.0738 us/op
WorkloadPilot   10: 8192 op, 181586100.00 ns, 22.1663 us/op
WorkloadPilot   11: 16384 op, 356683200.00 ns, 21.7702 us/op
WorkloadPilot   12: 32768 op, 725385700.00 ns, 22.1370 us/op

OverheadWarmup   1: 32768 op, 115300.00 ns, 3.5187 ns/op
OverheadWarmup   2: 32768 op, 115500.00 ns, 3.5248 ns/op
OverheadWarmup   3: 32768 op, 115800.00 ns, 3.5339 ns/op
OverheadWarmup   4: 32768 op, 114300.00 ns, 3.4882 ns/op
OverheadWarmup   5: 32768 op, 114600.00 ns, 3.4973 ns/op
OverheadWarmup   6: 32768 op, 114600.00 ns, 3.4973 ns/op

OverheadActual   1: 32768 op, 114500.00 ns, 3.4943 ns/op
OverheadActual   2: 32768 op, 114700.00 ns, 3.5004 ns/op
OverheadActual   3: 32768 op, 113100.00 ns, 3.4515 ns/op
OverheadActual   4: 32768 op, 114500.00 ns, 3.4943 ns/op
OverheadActual   5: 32768 op, 114400.00 ns, 3.4912 ns/op
OverheadActual   6: 32768 op, 115400.00 ns, 3.5217 ns/op
OverheadActual   7: 32768 op, 113800.00 ns, 3.4729 ns/op
OverheadActual   8: 32768 op, 114500.00 ns, 3.4943 ns/op
OverheadActual   9: 32768 op, 114700.00 ns, 3.5004 ns/op
OverheadActual  10: 32768 op, 114600.00 ns, 3.4973 ns/op
OverheadActual  11: 32768 op, 114400.00 ns, 3.4912 ns/op
OverheadActual  12: 32768 op, 114600.00 ns, 3.4973 ns/op
OverheadActual  13: 32768 op, 115900.00 ns, 3.5370 ns/op
OverheadActual  14: 32768 op, 114500.00 ns, 3.4943 ns/op
OverheadActual  15: 32768 op, 115900.00 ns, 3.5370 ns/op

OverheadWarmup   1: 32768 op, 114200.00 ns, 3.4851 ns/op
OverheadWarmup   2: 32768 op, 114200.00 ns, 3.4851 ns/op
OverheadWarmup   3: 32768 op, 114700.00 ns, 3.5004 ns/op
OverheadWarmup   4: 32768 op, 114500.00 ns, 3.4943 ns/op
OverheadWarmup   5: 32768 op, 114700.00 ns, 3.5004 ns/op
OverheadWarmup   6: 32768 op, 115500.00 ns, 3.5248 ns/op

// BeforeActualRun
WorkloadActual   1: 32768 op, 870991100.00 ns, 26.5805 us/op
WorkloadActual   2: 32768 op, 745961900.00 ns, 22.7650 us/op
WorkloadActual   3: 32768 op, 719727600.00 ns, 21.9643 us/op
WorkloadActual   4: 32768 op, 719224600.00 ns, 21.9490 us/op
WorkloadActual   5: 32768 op, 718658700.00 ns, 21.9317 us/op
WorkloadActual   6: 32768 op, 732803700.00 ns, 22.3634 us/op
WorkloadActual   7: 32768 op, 721897900.00 ns, 22.0306 us/op
WorkloadActual   8: 32768 op, 721937700.00 ns, 22.0318 us/op
WorkloadActual   9: 32768 op, 723077600.00 ns, 22.0666 us/op
WorkloadActual  10: 32768 op, 722171700.00 ns, 22.0389 us/op
WorkloadActual  11: 32768 op, 717799700.00 ns, 21.9055 us/op
WorkloadActual  12: 32768 op, 722261100.00 ns, 22.0417 us/op
WorkloadActual  13: 32768 op, 722776900.00 ns, 22.0574 us/op
WorkloadActual  14: 32768 op, 723246700.00 ns, 22.0717 us/op
WorkloadActual  15: 32768 op, 756212600.00 ns, 23.0778 us/op

// AfterActualRun
WorkloadResult   1: 32768 op, 719613100.00 ns, 21.9608 us/op
WorkloadResult   2: 32768 op, 719110100.00 ns, 21.9455 us/op
WorkloadResult   3: 32768 op, 718544200.00 ns, 21.9282 us/op
WorkloadResult   4: 32768 op, 732689200.00 ns, 22.3599 us/op
WorkloadResult   5: 32768 op, 721783400.00 ns, 22.0271 us/op
WorkloadResult   6: 32768 op, 721823200.00 ns, 22.0283 us/op
WorkloadResult   7: 32768 op, 722963100.00 ns, 22.0631 us/op
WorkloadResult   8: 32768 op, 722057200.00 ns, 22.0354 us/op
WorkloadResult   9: 32768 op, 717685200.00 ns, 21.9020 us/op
WorkloadResult  10: 32768 op, 722146600.00 ns, 22.0382 us/op
WorkloadResult  11: 32768 op, 722662400.00 ns, 22.0539 us/op
WorkloadResult  12: 32768 op, 723132200.00 ns, 22.0682 us/op
// GC:  376 79 0 2361131008 32768
// Threading:  0 0 32768

// AfterAll
// Benchmark Process 29152 has exited with code 0.

Mean = 22.034 μs, StdErr = 0.034 μs (0.15%), N = 12, StdDev = 0.117 μs
Min = 21.902 μs, Q1 = 21.957 μs, Median = 22.032 μs, Q3 = 22.056 μs, Max = 22.360 μs
IQR = 0.099 μs, LowerFence = 21.808 μs, UpperFence = 22.205 μs
ConfidenceInterval = [21.884 μs; 22.184 μs] (CI 99.9%), Margin = 0.150 μs (0.68% of Mean)
Skewness = 1.56, Kurtosis = 5.24, MValue = 2

// ** Remained 3 (21,4 %) benchmark(s) to run. Estimated finish 2026-03-16 16:48 (0h 1m from now) **
Setup power plan (GUID: 8c5e7fda-e8bf-4a96-9a85-a6e23a8c635c FriendlyName: Alto rendimiento)
// **************************
// Benchmark: MapearOrdenBenchmark.LeerOrdenMeta_Optimizado: DefaultJob
// *** Execute ***
// Launch: 1 / 1
// Execute: dotnet BenchmarkSuite1-DefaultJob-1.dll --anonymousPipes 6948 1316 --benchmarkName CapaDatos.Benchmarks.MapearOrdenBenchmark.LeerOrdenMeta_Optimizado --job Default --benchmarkId 11 in C:\AOCR\AOCR\AOCR05-01-2026\AOCR1\AOCR\BenchmarkSuite1\bin\Release\net9.0\BenchmarkSuite1-DefaultJob-1\bin\Release\net9.0
// BeforeAnythingElse

// Benchmark Process Environment Information:
// BenchmarkDotNet v0.15.2
// Runtime=.NET 9.0.14 (9.0.1426.11910), X64 RyuJIT AVX2
// GC=Concurrent Workstation
// HardwareIntrinsics=AVX2,AES,BMI1,BMI2,FMA,LZCNT,PCLMUL,POPCNT VectorSize=256
// Job: DefaultJob

OverheadJitting  1: 1 op, 255300.00 ns, 255.3000 us/op
WorkloadJitting  1: 1 op, 1283500.00 ns, 1.2835 ms/op

OverheadJitting  2: 16 op, 845000.00 ns, 52.8125 us/op
WorkloadJitting  2: 16 op, 2566500.00 ns, 160.4063 us/op

WorkloadPilot    1: 16 op, 1741800.00 ns, 108.8625 us/op
WorkloadPilot    2: 32 op, 2985400.00 ns, 93.2938 us/op
WorkloadPilot    3: 64 op, 6412200.00 ns, 100.1906 us/op
WorkloadPilot    4: 128 op, 11869400.00 ns, 92.7297 us/op
WorkloadPilot    5: 256 op, 19858200.00 ns, 77.5711 us/op
WorkloadPilot    6: 512 op, 37496000.00 ns, 73.2344 us/op
WorkloadPilot    7: 1024 op, 78141200.00 ns, 76.3098 us/op
WorkloadPilot    8: 2048 op, 46632600.00 ns, 22.7698 us/op
WorkloadPilot    9: 4096 op, 85288400.00 ns, 20.8224 us/op
WorkloadPilot   10: 8192 op, 155509700.00 ns, 18.9831 us/op
WorkloadPilot   11: 16384 op, 292885600.00 ns, 17.8763 us/op
WorkloadPilot   12: 32768 op, 632305200.00 ns, 19.2964 us/op

OverheadWarmup   1: 32768 op, 129000.00 ns, 3.9368 ns/op
OverheadWarmup   2: 32768 op, 184100.00 ns, 5.6183 ns/op
OverheadWarmup   3: 32768 op, 113500.00 ns, 3.4637 ns/op
OverheadWarmup   4: 32768 op, 126800.00 ns, 3.8696 ns/op
OverheadWarmup   5: 32768 op, 134000.00 ns, 4.0894 ns/op
OverheadWarmup   6: 32768 op, 127300.00 ns, 3.8849 ns/op

OverheadActual   1: 32768 op, 128900.00 ns, 3.9337 ns/op
OverheadActual   2: 32768 op, 187100.00 ns, 5.7098 ns/op
OverheadActual   3: 32768 op, 212700.00 ns, 6.4911 ns/op
OverheadActual   4: 32768 op, 126600.00 ns, 3.8635 ns/op
OverheadActual   5: 32768 op, 204800.00 ns, 6.2500 ns/op
OverheadActual   6: 32768 op, 268900.00 ns, 8.2062 ns/op
OverheadActual   7: 32768 op, 243700.00 ns, 7.4371 ns/op
OverheadActual   8: 32768 op, 128600.00 ns, 3.9246 ns/op
OverheadActual   9: 32768 op, 208700.00 ns, 6.3690 ns/op
OverheadActual  10: 32768 op, 210100.00 ns, 6.4117 ns/op
OverheadActual  11: 32768 op, 113100.00 ns, 3.4515 ns/op
OverheadActual  12: 32768 op, 112800.00 ns, 3.4424 ns/op
OverheadActual  13: 32768 op, 200900.00 ns, 6.1310 ns/op
OverheadActual  14: 32768 op, 268700.00 ns, 8.2001 ns/op
OverheadActual  15: 32768 op, 173500.00 ns, 5.2948 ns/op
OverheadActual  16: 32768 op, 172900.00 ns, 5.2765 ns/op
OverheadActual  17: 32768 op, 113600.00 ns, 3.4668 ns/op
OverheadActual  18: 32768 op, 165000.00 ns, 5.0354 ns/op
OverheadActual  19: 32768 op, 168800.00 ns, 5.1514 ns/op
OverheadActual  20: 32768 op, 181800.00 ns, 5.5481 ns/op

OverheadWarmup   1: 32768 op, 244400.00 ns, 7.4585 ns/op
OverheadWarmup   2: 32768 op, 233800.00 ns, 7.1350 ns/op
OverheadWarmup   3: 32768 op, 222000.00 ns, 6.7749 ns/op
OverheadWarmup   4: 32768 op, 186600.00 ns, 5.6946 ns/op
OverheadWarmup   5: 32768 op, 221700.00 ns, 6.7657 ns/op
OverheadWarmup   6: 32768 op, 234700.00 ns, 7.1625 ns/op
OverheadWarmup   7: 32768 op, 136300.00 ns, 4.1595 ns/op
OverheadWarmup   8: 32768 op, 125800.00 ns, 3.8391 ns/op
OverheadWarmup   9: 32768 op, 142500.00 ns, 4.3488 ns/op
OverheadWarmup  10: 32768 op, 126300.00 ns, 3.8544 ns/op

// BeforeActualRun
WorkloadActual   1: 32768 op, 682330200.00 ns, 20.8231 us/op
WorkloadActual   2: 32768 op, 557943300.00 ns, 17.0271 us/op
WorkloadActual   3: 32768 op, 557246400.00 ns, 17.0058 us/op
WorkloadActual   4: 32768 op, 550605200.00 ns, 16.8031 us/op
WorkloadActual   5: 32768 op, 548110700.00 ns, 16.7270 us/op
WorkloadActual   6: 32768 op, 543569700.00 ns, 16.5884 us/op
WorkloadActual   7: 32768 op, 547420800.00 ns, 16.7060 us/op
WorkloadActual   8: 32768 op, 540091200.00 ns, 16.4823 us/op
WorkloadActual   9: 32768 op, 542377900.00 ns, 16.5521 us/op
WorkloadActual  10: 32768 op, 542428600.00 ns, 16.5536 us/op
WorkloadActual  11: 32768 op, 543990900.00 ns, 16.6013 us/op
WorkloadActual  12: 32768 op, 547048100.00 ns, 16.6946 us/op
WorkloadActual  13: 32768 op, 542461500.00 ns, 16.5546 us/op
WorkloadActual  14: 32768 op, 543210200.00 ns, 16.5775 us/op
WorkloadActual  15: 32768 op, 541392700.00 ns, 16.5220 us/op

// AfterActualRun
WorkloadResult   1: 32768 op, 557765650.00 ns, 17.0217 us/op
WorkloadResult   2: 32768 op, 557068750.00 ns, 17.0004 us/op
WorkloadResult   3: 32768 op, 550427550.00 ns, 16.7977 us/op
WorkloadResult   4: 32768 op, 547933050.00 ns, 16.7216 us/op
WorkloadResult   5: 32768 op, 543392050.00 ns, 16.5830 us/op
WorkloadResult   6: 32768 op, 547243150.00 ns, 16.7005 us/op
WorkloadResult   7: 32768 op, 539913550.00 ns, 16.4769 us/op
WorkloadResult   8: 32768 op, 542200250.00 ns, 16.5466 us/op
WorkloadResult   9: 32768 op, 542250950.00 ns, 16.5482 us/op
WorkloadResult  10: 32768 op, 543813250.00 ns, 16.5959 us/op
WorkloadResult  11: 32768 op, 546870450.00 ns, 16.6892 us/op
WorkloadResult  12: 32768 op, 542283850.00 ns, 16.5492 us/op
WorkloadResult  13: 32768 op, 543032550.00 ns, 16.5720 us/op
WorkloadResult  14: 32768 op, 541215050.00 ns, 16.5166 us/op
// GC:  376 79 0 2361131008 32768
// Threading:  0 0 32768

// AfterAll
// Benchmark Process 2560 has exited with code 0.

Mean = 16.666 μs, StdErr = 0.046 μs (0.27%), N = 14, StdDev = 0.171 μs
Min = 16.477 μs, Q1 = 16.548 μs, Median = 16.589 μs, Q3 = 16.716 μs, Max = 17.022 μs
IQR = 0.168 μs, LowerFence = 16.297 μs, UpperFence = 16.968 μs
ConfidenceInterval = [16.473 μs; 16.859 μs] (CI 99.9%), Margin = 0.193 μs (1.16% of Mean)
Skewness = 0.98, Kurtosis = 2.61, MValue = 2

// ** Remained 2 (14,3 %) benchmark(s) to run. Estimated finish 2026-03-16 16:48 (0h 0m from now) **
Setup power plan (GUID: 8c5e7fda-e8bf-4a96-9a85-a6e23a8c635c FriendlyName: Alto rendimiento)
// **************************
// Benchmark: MapearOrdenBenchmark.LeerOrdenFr3_Actual: DefaultJob
// *** Execute ***
// Launch: 1 / 1
// Execute: dotnet BenchmarkSuite1-DefaultJob-1.dll --anonymousPipes 1356 7516 --benchmarkName CapaDatos.Benchmarks.MapearOrdenBenchmark.LeerOrdenFr3_Actual --job Default --benchmarkId 12 in C:\AOCR\AOCR\AOCR05-01-2026\AOCR1\AOCR\BenchmarkSuite1\bin\Release\net9.0\BenchmarkSuite1-DefaultJob-1\bin\Release\net9.0
// BeforeAnythingElse

// Benchmark Process Environment Information:
// BenchmarkDotNet v0.15.2
// Runtime=.NET 9.0.14 (9.0.1426.11910), X64 RyuJIT AVX2
// GC=Concurrent Workstation
// HardwareIntrinsics=AVX2,AES,BMI1,BMI2,FMA,LZCNT,PCLMUL,POPCNT VectorSize=256
// Job: DefaultJob

OverheadJitting  1: 1 op, 236700.00 ns, 236.7000 us/op
WorkloadJitting  1: 1 op, 1267200.00 ns, 1.2672 ms/op

OverheadJitting  2: 16 op, 838700.00 ns, 52.4188 us/op
WorkloadJitting  2: 16 op, 3132100.00 ns, 195.7563 us/op

WorkloadPilot    1: 16 op, 2076400.00 ns, 129.7750 us/op
WorkloadPilot    2: 32 op, 3842400.00 ns, 120.0750 us/op
WorkloadPilot    3: 64 op, 8138000.00 ns, 127.1563 us/op
WorkloadPilot    4: 128 op, 14878700.00 ns, 116.2398 us/op
WorkloadPilot    5: 256 op, 26762100.00 ns, 104.5395 us/op
WorkloadPilot    6: 512 op, 53017900.00 ns, 103.5506 us/op
WorkloadPilot    7: 1024 op, 106046100.00 ns, 103.5606 us/op
WorkloadPilot    8: 2048 op, 99240600.00 ns, 48.4573 us/op
WorkloadPilot    9: 4096 op, 99917800.00 ns, 24.3940 us/op
WorkloadPilot   10: 8192 op, 183808800.00 ns, 22.4376 us/op
WorkloadPilot   11: 16384 op, 352708500.00 ns, 21.5276 us/op
WorkloadPilot   12: 32768 op, 710900600.00 ns, 21.6950 us/op

OverheadWarmup   1: 32768 op, 113800.00 ns, 3.4729 ns/op
OverheadWarmup   2: 32768 op, 113600.00 ns, 3.4668 ns/op
OverheadWarmup   3: 32768 op, 113900.00 ns, 3.4760 ns/op
OverheadWarmup   4: 32768 op, 113500.00 ns, 3.4637 ns/op
OverheadWarmup   5: 32768 op, 113000.00 ns, 3.4485 ns/op
OverheadWarmup   6: 32768 op, 113600.00 ns, 3.4668 ns/op
OverheadWarmup   7: 32768 op, 114200.00 ns, 3.4851 ns/op
OverheadWarmup   8: 32768 op, 113500.00 ns, 3.4637 ns/op

OverheadActual   1: 32768 op, 113000.00 ns, 3.4485 ns/op
OverheadActual   2: 32768 op, 113500.00 ns, 3.4637 ns/op
OverheadActual   3: 32768 op, 113100.00 ns, 3.4515 ns/op
OverheadActual   4: 32768 op, 113500.00 ns, 3.4637 ns/op
OverheadActual   5: 32768 op, 113000.00 ns, 3.4485 ns/op
OverheadActual   6: 32768 op, 113500.00 ns, 3.4637 ns/op
OverheadActual   7: 32768 op, 134600.00 ns, 4.1077 ns/op
OverheadActual   8: 32768 op, 113600.00 ns, 3.4668 ns/op
OverheadActual   9: 32768 op, 114100.00 ns, 3.4821 ns/op
OverheadActual  10: 32768 op, 113500.00 ns, 3.4637 ns/op
OverheadActual  11: 32768 op, 113900.00 ns, 3.4760 ns/op
OverheadActual  12: 32768 op, 113500.00 ns, 3.4637 ns/op
OverheadActual  13: 32768 op, 113000.00 ns, 3.4485 ns/op
OverheadActual  14: 32768 op, 113500.00 ns, 3.4637 ns/op
OverheadActual  15: 32768 op, 114000.00 ns, 3.4790 ns/op

OverheadWarmup   1: 32768 op, 113500.00 ns, 3.4637 ns/op
OverheadWarmup   2: 32768 op, 113200.00 ns, 3.4546 ns/op
OverheadWarmup   3: 32768 op, 113600.00 ns, 3.4668 ns/op
OverheadWarmup   4: 32768 op, 114000.00 ns, 3.4790 ns/op
OverheadWarmup   5: 32768 op, 113500.00 ns, 3.4637 ns/op
OverheadWarmup   6: 32768 op, 112900.00 ns, 3.4454 ns/op
OverheadWarmup   7: 32768 op, 113600.00 ns, 3.4668 ns/op
OverheadWarmup   8: 32768 op, 114000.00 ns, 3.4790 ns/op
OverheadWarmup   9: 32768 op, 113500.00 ns, 3.4637 ns/op

// BeforeActualRun
WorkloadActual   1: 32768 op, 844068300.00 ns, 25.7589 us/op
WorkloadActual   2: 32768 op, 733037900.00 ns, 22.3705 us/op
WorkloadActual   3: 32768 op, 726014200.00 ns, 22.1562 us/op
WorkloadActual   4: 32768 op, 716900400.00 ns, 21.8781 us/op
WorkloadActual   5: 32768 op, 717416500.00 ns, 21.8938 us/op
WorkloadActual   6: 32768 op, 718087900.00 ns, 21.9143 us/op
WorkloadActual   7: 32768 op, 718303700.00 ns, 21.9209 us/op
WorkloadActual   8: 32768 op, 729939300.00 ns, 22.2760 us/op
WorkloadActual   9: 32768 op, 720666400.00 ns, 21.9930 us/op
WorkloadActual  10: 32768 op, 717283100.00 ns, 21.8897 us/op
WorkloadActual  11: 32768 op, 719061200.00 ns, 21.9440 us/op
WorkloadActual  12: 32768 op, 722819900.00 ns, 22.0587 us/op
WorkloadActual  13: 32768 op, 719913000.00 ns, 21.9700 us/op
WorkloadActual  14: 32768 op, 731051100.00 ns, 22.3099 us/op
WorkloadActual  15: 32768 op, 732432800.00 ns, 22.3521 us/op

// AfterActualRun
WorkloadResult   1: 32768 op, 732924400.00 ns, 22.3671 us/op
WorkloadResult   2: 32768 op, 725900700.00 ns, 22.1527 us/op
WorkloadResult   3: 32768 op, 716786900.00 ns, 21.8746 us/op
WorkloadResult   4: 32768 op, 717303000.00 ns, 21.8904 us/op
WorkloadResult   5: 32768 op, 717974400.00 ns, 21.9108 us/op
WorkloadResult   6: 32768 op, 718190200.00 ns, 21.9174 us/op
WorkloadResult   7: 32768 op, 729825800.00 ns, 22.2725 us/op
WorkloadResult   8: 32768 op, 720552900.00 ns, 21.9895 us/op
WorkloadResult   9: 32768 op, 717169600.00 ns, 21.8863 us/op
WorkloadResult  10: 32768 op, 718947700.00 ns, 21.9405 us/op
WorkloadResult  11: 32768 op, 722706400.00 ns, 22.0552 us/op
WorkloadResult  12: 32768 op, 719799500.00 ns, 21.9665 us/op
WorkloadResult  13: 32768 op, 730937600.00 ns, 22.3064 us/op
WorkloadResult  14: 32768 op, 732319300.00 ns, 22.3486 us/op
// GC:  376 79 0 2361131008 32768
// Threading:  0 0 32768

// AfterAll
// Benchmark Process 10320 has exited with code 0.

Mean = 22.063 μs, StdErr = 0.050 μs (0.23%), N = 14, StdDev = 0.187 μs
Min = 21.875 μs, Q1 = 21.912 μs, Median = 21.978 μs, Q3 = 22.243 μs, Max = 22.367 μs
IQR = 0.330 μs, LowerFence = 21.417 μs, UpperFence = 22.738 μs
ConfidenceInterval = [21.852 μs; 22.274 μs] (CI 99.9%), Margin = 0.211 μs (0.96% of Mean)
Skewness = 0.53, Kurtosis = 1.46, MValue = 2

// ** Remained 1 (7,1 %) benchmark(s) to run. Estimated finish 2026-03-16 16:48 (0h 0m from now) **
Setup power plan (GUID: 8c5e7fda-e8bf-4a96-9a85-a6e23a8c635c FriendlyName: Alto rendimiento)
// **************************
// Benchmark: MapearOrdenBenchmark.LeerOrdenFr3_Optimizado: DefaultJob
// *** Execute ***
// Launch: 1 / 1
// Execute: dotnet BenchmarkSuite1-DefaultJob-1.dll --anonymousPipes 3704 7300 --benchmarkName CapaDatos.Benchmarks.MapearOrdenBenchmark.LeerOrdenFr3_Optimizado --job Default --benchmarkId 13 in C:\AOCR\AOCR\AOCR05-01-2026\AOCR1\AOCR\BenchmarkSuite1\bin\Release\net9.0\BenchmarkSuite1-DefaultJob-1\bin\Release\net9.0
// BeforeAnythingElse

// Benchmark Process Environment Information:
// BenchmarkDotNet v0.15.2
// Runtime=.NET 9.0.14 (9.0.1426.11910), X64 RyuJIT AVX2
// GC=Concurrent Workstation
// HardwareIntrinsics=AVX2,AES,BMI1,BMI2,FMA,LZCNT,PCLMUL,POPCNT VectorSize=256
// Job: DefaultJob

OverheadJitting  1: 1 op, 237900.00 ns, 237.9000 us/op
WorkloadJitting  1: 1 op, 1368900.00 ns, 1.3689 ms/op

OverheadJitting  2: 16 op, 815600.00 ns, 50.9750 us/op
WorkloadJitting  2: 16 op, 2884200.00 ns, 180.2625 us/op

WorkloadPilot    1: 16 op, 1745800.00 ns, 109.1125 us/op
WorkloadPilot    2: 32 op, 3133000.00 ns, 97.9063 us/op
WorkloadPilot    3: 64 op, 6608000.00 ns, 103.2500 us/op
WorkloadPilot    4: 128 op, 11604500.00 ns, 90.6602 us/op
WorkloadPilot    5: 256 op, 20511100.00 ns, 80.1215 us/op
WorkloadPilot    6: 512 op, 41912200.00 ns, 81.8598 us/op
WorkloadPilot    7: 1024 op, 81079400.00 ns, 79.1791 us/op
WorkloadPilot    8: 2048 op, 50779800.00 ns, 24.7948 us/op
WorkloadPilot    9: 4096 op, 73805300.00 ns, 18.0189 us/op
WorkloadPilot   10: 8192 op, 136223700.00 ns, 16.6289 us/op
WorkloadPilot   11: 16384 op, 260978200.00 ns, 15.9288 us/op
WorkloadPilot   12: 32768 op, 524980200.00 ns, 16.0211 us/op

OverheadWarmup   1: 32768 op, 115900.00 ns, 3.5370 ns/op
OverheadWarmup   2: 32768 op, 114900.00 ns, 3.5065 ns/op
OverheadWarmup   3: 32768 op, 114900.00 ns, 3.5065 ns/op
OverheadWarmup   4: 32768 op, 135800.00 ns, 4.1443 ns/op
OverheadWarmup   5: 32768 op, 115700.00 ns, 3.5309 ns/op
OverheadWarmup   6: 32768 op, 115000.00 ns, 3.5095 ns/op
OverheadWarmup   7: 32768 op, 115100.00 ns, 3.5126 ns/op

OverheadActual   1: 32768 op, 126500.00 ns, 3.8605 ns/op
OverheadActual   2: 32768 op, 117500.00 ns, 3.5858 ns/op
OverheadActual   3: 32768 op, 115500.00 ns, 3.5248 ns/op
OverheadActual   4: 32768 op, 114100.00 ns, 3.4821 ns/op
OverheadActual   5: 32768 op, 117500.00 ns, 3.5858 ns/op
OverheadActual   6: 32768 op, 114100.00 ns, 3.4821 ns/op
OverheadActual   7: 32768 op, 127500.00 ns, 3.8910 ns/op
OverheadActual   8: 32768 op, 126200.00 ns, 3.8513 ns/op
OverheadActual   9: 32768 op, 126400.00 ns, 3.8574 ns/op
OverheadActual  10: 32768 op, 118700.00 ns, 3.6224 ns/op
OverheadActual  11: 32768 op, 114500.00 ns, 3.4943 ns/op
OverheadActual  12: 32768 op, 114400.00 ns, 3.4912 ns/op
OverheadActual  13: 32768 op, 115500.00 ns, 3.5248 ns/op
OverheadActual  14: 32768 op, 115500.00 ns, 3.5248 ns/op
OverheadActual  15: 32768 op, 115400.00 ns, 3.5217 ns/op

OverheadWarmup   1: 32768 op, 115100.00 ns, 3.5126 ns/op
OverheadWarmup   2: 32768 op, 115400.00 ns, 3.5217 ns/op
OverheadWarmup   3: 32768 op, 115900.00 ns, 3.5370 ns/op
OverheadWarmup   4: 32768 op, 115400.00 ns, 3.5217 ns/op
OverheadWarmup   5: 32768 op, 114500.00 ns, 3.4943 ns/op
OverheadWarmup   6: 32768 op, 127400.00 ns, 3.8879 ns/op
OverheadWarmup   7: 32768 op, 114200.00 ns, 3.4851 ns/op

// BeforeActualRun
WorkloadActual   1: 32768 op, 644859800.00 ns, 19.6796 us/op
WorkloadActual   2: 32768 op, 562428400.00 ns, 17.1640 us/op
WorkloadActual   3: 32768 op, 543147200.00 ns, 16.5755 us/op
WorkloadActual   4: 32768 op, 541322200.00 ns, 16.5198 us/op
WorkloadActual   5: 32768 op, 533319900.00 ns, 16.2756 us/op
WorkloadActual   6: 32768 op, 540506100.00 ns, 16.4949 us/op
WorkloadActual   7: 32768 op, 542919300.00 ns, 16.5686 us/op
WorkloadActual   8: 32768 op, 543971800.00 ns, 16.6007 us/op
WorkloadActual   9: 32768 op, 532553700.00 ns, 16.2522 us/op
WorkloadActual  10: 32768 op, 536366800.00 ns, 16.3686 us/op
WorkloadActual  11: 32768 op, 531902800.00 ns, 16.2324 us/op
WorkloadActual  12: 32768 op, 532541900.00 ns, 16.2519 us/op
WorkloadActual  13: 32768 op, 532698700.00 ns, 16.2567 us/op
WorkloadActual  14: 32768 op, 531812300.00 ns, 16.2296 us/op
WorkloadActual  15: 32768 op, 537351300.00 ns, 16.3987 us/op

// AfterActualRun
WorkloadResult   1: 32768 op, 543031700.00 ns, 16.5720 us/op
WorkloadResult   2: 32768 op, 541206700.00 ns, 16.5163 us/op
WorkloadResult   3: 32768 op, 533204400.00 ns, 16.2721 us/op
WorkloadResult   4: 32768 op, 540390600.00 ns, 16.4914 us/op
WorkloadResult   5: 32768 op, 542803800.00 ns, 16.5651 us/op
WorkloadResult   6: 32768 op, 543856300.00 ns, 16.5972 us/op
WorkloadResult   7: 32768 op, 532438200.00 ns, 16.2487 us/op
WorkloadResult   8: 32768 op, 536251300.00 ns, 16.3651 us/op
WorkloadResult   9: 32768 op, 531787300.00 ns, 16.2289 us/op
WorkloadResult  10: 32768 op, 532426400.00 ns, 16.2484 us/op
WorkloadResult  11: 32768 op, 532583200.00 ns, 16.2531 us/op
WorkloadResult  12: 32768 op, 531696800.00 ns, 16.2261 us/op
WorkloadResult  13: 32768 op, 537235800.00 ns, 16.3951 us/op
// GC:  376 79 0 2361131008 32768
// Threading:  0 0 32768

// AfterAll
// Benchmark Process 26840 has exited with code 0.

Mean = 16.383 μs, StdErr = 0.041 μs (0.25%), N = 13, StdDev = 0.147 μs
Min = 16.226 μs, Q1 = 16.249 μs, Median = 16.365 μs, Q3 = 16.516 μs, Max = 16.597 μs
IQR = 0.268 μs, LowerFence = 15.847 μs, UpperFence = 16.918 μs
ConfidenceInterval = [16.207 μs; 16.559 μs] (CI 99.9%), Margin = 0.176 μs (1.07% of Mean)
Skewness = 0.25, Kurtosis = 1.19, MValue = 2

// ** Remained 0 (0,0 %) benchmark(s) to run. Estimated finish 2026-03-16 16:48 (0h 0m from now) **
Successfully reverted power plan (GUID: 611cfc0b-4a76-421d-8fec-f3efc102b093 FriendlyName: Lenovo Default)
// ***** BenchmarkRunner: Finish  *****

// * Export *
  BenchmarkDotNet.Artifacts\results\CapaDatos.Benchmarks.MapearOrdenBenchmark-report.csv
  BenchmarkDotNet.Artifacts\results\CapaDatos.Benchmarks.MapearOrdenBenchmark-report-github.md
  BenchmarkDotNet.Artifacts\results\CapaDatos.Benchmarks.MapearOrdenBenchmark-report.html

// * Detailed results *
MapearOrdenBenchmark.MapearOrden_Actual: DefaultJob
Runtime = .NET 9.0.14 (9.0.1426.11910), X64 RyuJIT AVX2; GC = Concurrent Workstation
Mean = 177.017 μs, StdErr = 0.421 μs (0.24%), N = 14, StdDev = 1.575 μs
Min = 175.010 μs, Q1 = 176.180 μs, Median = 176.633 μs, Q3 = 177.615 μs, Max = 180.594 μs
IQR = 1.435 μs, LowerFence = 174.026 μs, UpperFence = 179.768 μs
ConfidenceInterval = [175.240 μs; 178.793 μs] (CI 99.9%), Margin = 1.776 μs (1.00% of Mean)
Skewness = 0.75, Kurtosis = 2.67, MValue = 2
-------------------- Histogram --------------------
[174.153 μs ; 181.452 μs) | @@@@@@@@@@@@@@
---------------------------------------------------

MapearOrdenBenchmark.MapearOrden_Optimizado: DefaultJob
Runtime = .NET 9.0.14 (9.0.1426.11910), X64 RyuJIT AVX2; GC = Concurrent Workstation
Mean = 91.468 μs, StdErr = 0.131 μs (0.14%), N = 15, StdDev = 0.507 μs
Min = 90.802 μs, Q1 = 91.136 μs, Median = 91.294 μs, Q3 = 91.785 μs, Max = 92.493 μs
IQR = 0.649 μs, LowerFence = 90.163 μs, UpperFence = 92.759 μs
ConfidenceInterval = [90.926 μs; 92.010 μs] (CI 99.9%), Margin = 0.542 μs (0.59% of Mean)
Skewness = 0.7, Kurtosis = 2.19, MValue = 2
-------------------- Histogram --------------------
[90.533 μs ; 92.763 μs) | @@@@@@@@@@@@@@@
---------------------------------------------------

MapearOrdenBenchmark.MapearDetalle_Actual: DefaultJob
Runtime = .NET 9.0.14 (9.0.1426.11910), X64 RyuJIT AVX2; GC = Concurrent Workstation
Mean = 83.251 μs, StdErr = 0.434 μs (0.52%), N = 26, StdDev = 2.212 μs
Min = 81.477 μs, Q1 = 81.907 μs, Median = 82.209 μs, Q3 = 84.000 μs, Max = 89.949 μs
IQR = 2.093 μs, LowerFence = 78.768 μs, UpperFence = 87.139 μs
ConfidenceInterval = [81.635 μs; 84.867 μs] (CI 99.9%), Margin = 1.616 μs (1.94% of Mean)
Skewness = 1.5, Kurtosis = 4.28, MValue = 2
-------------------- Histogram --------------------
[81.449 μs ; 83.408 μs) | @@@@@@@@@@@@@@@@@@@
[83.408 μs ; 85.590 μs) | @@
[85.590 μs ; 88.970 μs) | @@@@
[88.970 μs ; 90.929 μs) | @
---------------------------------------------------

MapearOrdenBenchmark.MapearDetalle_Optimizado: DefaultJob
Runtime = .NET 9.0.14 (9.0.1426.11910), X64 RyuJIT AVX2; GC = Concurrent Workstation
Mean = 55.882 μs, StdErr = 0.053 μs (0.09%), N = 14, StdDev = 0.198 μs
Min = 55.523 μs, Q1 = 55.783 μs, Median = 55.864 μs, Q3 = 55.986 μs, Max = 56.205 μs
IQR = 0.202 μs, LowerFence = 55.480 μs, UpperFence = 56.290 μs
ConfidenceInterval = [55.659 μs; 56.105 μs] (CI 99.9%), Margin = 0.223 μs (0.40% of Mean)
Skewness = 0.07, Kurtosis = 2.04, MValue = 2
-------------------- Histogram --------------------
[55.416 μs ; 56.313 μs) | @@@@@@@@@@@@@@
---------------------------------------------------

MapearOrdenBenchmark.MapearPagoModel_Actual: DefaultJob
Runtime = .NET 9.0.14 (9.0.1426.11910), X64 RyuJIT AVX2; GC = Concurrent Workstation
Mean = 126.580 μs, StdErr = 0.193 μs (0.15%), N = 15, StdDev = 0.747 μs
Min = 125.454 μs, Q1 = 126.075 μs, Median = 126.757 μs, Q3 = 127.188 μs, Max = 127.839 μs
IQR = 1.113 μs, LowerFence = 124.405 μs, UpperFence = 128.858 μs
ConfidenceInterval = [125.782 μs; 127.379 μs] (CI 99.9%), Margin = 0.798 μs (0.63% of Mean)
Skewness = -0.05, Kurtosis = 1.6, MValue = 2
-------------------- Histogram --------------------
[125.057 μs ; 128.236 μs) | @@@@@@@@@@@@@@@
---------------------------------------------------

MapearOrdenBenchmark.MapearPagoModel_Optimizado: DefaultJob
Runtime = .NET 9.0.14 (9.0.1426.11910), X64 RyuJIT AVX2; GC = Concurrent Workstation
Mean = 72.231 μs, StdErr = 0.378 μs (0.52%), N = 23, StdDev = 1.813 μs
Min = 70.648 μs, Q1 = 71.187 μs, Median = 71.427 μs, Q3 = 72.449 μs, Max = 77.902 μs
IQR = 1.262 μs, LowerFence = 69.293 μs, UpperFence = 74.343 μs
ConfidenceInterval = [70.797 μs; 73.664 μs] (CI 99.9%), Margin = 1.434 μs (1.98% of Mean)
Skewness = 1.66, Kurtosis = 5.08, MValue = 2
-------------------- Histogram --------------------
[70.555 μs ; 72.229 μs) | @@@@@@@@@@@@@@@@@
[72.229 μs ; 74.823 μs) | @@@@
[74.823 μs ; 76.595 μs) | @
[76.595 μs ; 78.739 μs) | @
---------------------------------------------------

MapearOrdenBenchmark.MapearPagoEntidad_Actual: DefaultJob
Runtime = .NET 9.0.14 (9.0.1426.11910), X64 RyuJIT AVX2; GC = Concurrent Workstation
Mean = 104.994 μs, StdErr = 0.155 μs (0.15%), N = 12, StdDev = 0.537 μs
Min = 104.378 μs, Q1 = 104.714 μs, Median = 104.884 μs, Q3 = 105.108 μs, Max = 106.488 μs
IQR = 0.394 μs, LowerFence = 104.124 μs, UpperFence = 105.699 μs
ConfidenceInterval = [104.306 μs; 105.681 μs] (CI 99.9%), Margin = 0.687 μs (0.65% of Mean)
Skewness = 1.61, Kurtosis = 5.21, MValue = 2
-------------------- Histogram --------------------
[104.070 μs ; 106.796 μs) | @@@@@@@@@@@@
---------------------------------------------------

MapearOrdenBenchmark.MapearPagoEntidad_Optimizado: DefaultJob
Runtime = .NET 9.0.14 (9.0.1426.11910), X64 RyuJIT AVX2; GC = Concurrent Workstation
Mean = 67.845 μs, StdErr = 0.341 μs (0.50%), N = 20, StdDev = 1.523 μs
Min = 65.794 μs, Q1 = 66.735 μs, Median = 67.130 μs, Q3 = 68.781 μs, Max = 71.409 μs
IQR = 2.047 μs, LowerFence = 63.665 μs, UpperFence = 71.851 μs
ConfidenceInterval = [66.523 μs; 69.168 μs] (CI 99.9%), Margin = 1.323 μs (1.95% of Mean)
Skewness = 0.74, Kurtosis = 2.47, MValue = 2
-------------------- Histogram --------------------
[65.749 μs ; 67.222 μs) | @@@@@@@@@@@
[67.222 μs ; 69.208 μs) | @@@@@@
[69.208 μs ; 71.467 μs) | @@@
---------------------------------------------------

MapearOrdenBenchmark.LeerOrdenTx_Actual: DefaultJob
Runtime = .NET 9.0.14 (9.0.1426.11910), X64 RyuJIT AVX2; GC = Concurrent Workstation
Mean = 50.618 μs, StdErr = 0.096 μs (0.19%), N = 14, StdDev = 0.360 μs
Min = 50.233 μs, Q1 = 50.379 μs, Median = 50.496 μs, Q3 = 50.725 μs, Max = 51.498 μs
IQR = 0.346 μs, LowerFence = 49.860 μs, UpperFence = 51.244 μs
ConfidenceInterval = [50.212 μs; 51.024 μs] (CI 99.9%), Margin = 0.406 μs (0.80% of Mean)
Skewness = 1.07, Kurtosis = 3.07, MValue = 2
-------------------- Histogram --------------------
[50.036 μs ; 51.694 μs) | @@@@@@@@@@@@@@
---------------------------------------------------

MapearOrdenBenchmark.LeerOrdenTx_Optimizado: DefaultJob
Runtime = .NET 9.0.14 (9.0.1426.11910), X64 RyuJIT AVX2; GC = Concurrent Workstation
Mean = 30.019 μs, StdErr = 0.054 μs (0.18%), N = 12, StdDev = 0.187 μs
Min = 29.889 μs, Q1 = 29.928 μs, Median = 29.945 μs, Q3 = 30.046 μs, Max = 30.575 μs
IQR = 0.118 μs, LowerFence = 29.751 μs, UpperFence = 30.223 μs
ConfidenceInterval = [29.779 μs; 30.259 μs] (CI 99.9%), Margin = 0.240 μs (0.80% of Mean)
Skewness = 2.1, Kurtosis = 6.52, MValue = 2
-------------------- Histogram --------------------
[29.782 μs ; 30.682 μs) | @@@@@@@@@@@@
---------------------------------------------------

MapearOrdenBenchmark.LeerOrdenMeta_Actual: DefaultJob
Runtime = .NET 9.0.14 (9.0.1426.11910), X64 RyuJIT AVX2; GC = Concurrent Workstation
Mean = 22.034 μs, StdErr = 0.034 μs (0.15%), N = 12, StdDev = 0.117 μs
Min = 21.902 μs, Q1 = 21.957 μs, Median = 22.032 μs, Q3 = 22.056 μs, Max = 22.360 μs
IQR = 0.099 μs, LowerFence = 21.808 μs, UpperFence = 22.205 μs
ConfidenceInterval = [21.884 μs; 22.184 μs] (CI 99.9%), Margin = 0.150 μs (0.68% of Mean)
Skewness = 1.56, Kurtosis = 5.24, MValue = 2
-------------------- Histogram --------------------
[21.835 μs ; 22.427 μs) | @@@@@@@@@@@@
---------------------------------------------------

MapearOrdenBenchmark.LeerOrdenMeta_Optimizado: DefaultJob
Runtime = .NET 9.0.14 (9.0.1426.11910), X64 RyuJIT AVX2; GC = Concurrent Workstation
Mean = 16.666 μs, StdErr = 0.046 μs (0.27%), N = 14, StdDev = 0.171 μs
Min = 16.477 μs, Q1 = 16.548 μs, Median = 16.589 μs, Q3 = 16.716 μs, Max = 17.022 μs
IQR = 0.168 μs, LowerFence = 16.297 μs, UpperFence = 16.968 μs
ConfidenceInterval = [16.473 μs; 16.859 μs] (CI 99.9%), Margin = 0.193 μs (1.16% of Mean)
Skewness = 0.98, Kurtosis = 2.61, MValue = 2
-------------------- Histogram --------------------
[16.468 μs ; 17.115 μs) | @@@@@@@@@@@@@@
---------------------------------------------------

MapearOrdenBenchmark.LeerOrdenFr3_Actual: DefaultJob
Runtime = .NET 9.0.14 (9.0.1426.11910), X64 RyuJIT AVX2; GC = Concurrent Workstation
Mean = 22.063 μs, StdErr = 0.050 μs (0.23%), N = 14, StdDev = 0.187 μs
Min = 21.875 μs, Q1 = 21.912 μs, Median = 21.978 μs, Q3 = 22.243 μs, Max = 22.367 μs
IQR = 0.330 μs, LowerFence = 21.417 μs, UpperFence = 22.738 μs
ConfidenceInterval = [21.852 μs; 22.274 μs] (CI 99.9%), Margin = 0.211 μs (0.96% of Mean)
Skewness = 0.53, Kurtosis = 1.46, MValue = 2
-------------------- Histogram --------------------
[21.773 μs ; 22.469 μs) | @@@@@@@@@@@@@@
---------------------------------------------------

MapearOrdenBenchmark.LeerOrdenFr3_Optimizado: DefaultJob
Runtime = .NET 9.0.14 (9.0.1426.11910), X64 RyuJIT AVX2; GC = Concurrent Workstation
Mean = 16.383 μs, StdErr = 0.041 μs (0.25%), N = 13, StdDev = 0.147 μs
Min = 16.226 μs, Q1 = 16.249 μs, Median = 16.365 μs, Q3 = 16.516 μs, Max = 16.597 μs
IQR = 0.268 μs, LowerFence = 15.847 μs, UpperFence = 16.918 μs
ConfidenceInterval = [16.207 μs; 16.559 μs] (CI 99.9%), Margin = 0.176 μs (1.07% of Mean)
Skewness = 0.25, Kurtosis = 1.19, MValue = 2
-------------------- Histogram --------------------
[16.144 μs ; 16.679 μs) | @@@@@@@@@@@@@
---------------------------------------------------

// * Summary *

BenchmarkDotNet v0.15.2, Windows 11 (10.0.26200.8037)
Intel Core i7-8700 CPU 3.20GHz (Max: 3.19GHz) (Coffee Lake), 1 CPU, 12 logical and 6 physical cores
.NET SDK 9.0.312
  [Host]     : .NET 9.0.14 (9.0.1426.11910), X64 RyuJIT AVX2
  DefaultJob : .NET 9.0.14 (9.0.1426.11910), X64 RyuJIT AVX2


| Method                       | Mean      | Error    | StdDev   | Ratio | Alloc Ratio |
|----------------------------- |----------:|---------:|---------:|------:|------------:|
| MapearOrden_Actual           | 177.02 μs | 1.776 μs | 1.575 μs |  1.00 |          NA |
| MapearOrden_Optimizado       |  91.47 μs | 0.542 μs | 0.507 μs |  0.52 |          NA |
| MapearDetalle_Actual         |  83.25 μs | 1.616 μs | 2.212 μs |  0.47 |          NA |
| MapearDetalle_Optimizado     |  55.88 μs | 0.223 μs | 0.198 μs |  0.32 |          NA |
| MapearPagoModel_Actual       | 126.58 μs | 0.798 μs | 0.747 μs |  0.72 |          NA |
| MapearPagoModel_Optimizado   |  72.23 μs | 1.434 μs | 1.813 μs |  0.41 |          NA |
| MapearPagoEntidad_Actual     | 104.99 μs | 0.687 μs | 0.537 μs |  0.59 |          NA |
| MapearPagoEntidad_Optimizado |  67.85 μs | 1.323 μs | 1.523 μs |  0.38 |          NA |
| LeerOrdenTx_Actual           |  50.62 μs | 0.406 μs | 0.360 μs |  0.29 |          NA |
| LeerOrdenTx_Optimizado       |  30.02 μs | 0.240 μs | 0.187 μs |  0.17 |          NA |
| LeerOrdenMeta_Actual         |  22.03 μs | 0.150 μs | 0.117 μs |  0.12 |          NA |
| LeerOrdenMeta_Optimizado     |  16.67 μs | 0.193 μs | 0.171 μs |  0.09 |          NA |
| LeerOrdenFr3_Actual          |  22.06 μs | 0.211 μs | 0.187 μs |  0.12 |          NA |
| LeerOrdenFr3_Optimizado      |  16.38 μs | 0.176 μs | 0.147 μs |  0.09 |          NA |

// * Hints *
Outliers
  MapearOrdenBenchmark.MapearOrden_Actual: Default         -> 1 outlier  was  removed (180.88 μs)
  MapearOrdenBenchmark.MapearDetalle_Actual: Default       -> 3 outliers were removed (93.50 μs..99.47 μs)
  MapearOrdenBenchmark.MapearDetalle_Optimizado: Default   -> 1 outlier  was  removed (56.63 μs)
  MapearOrdenBenchmark.MapearPagoModel_Optimizado: Default -> 3 outliers were removed (78.96 μs..89.77 μs)
  MapearOrdenBenchmark.MapearPagoEntidad_Actual: Default   -> 3 outliers were removed (108.65 μs..112.43 μs)
  MapearOrdenBenchmark.LeerOrdenTx_Actual: Default         -> 1 outlier  was  removed (57.31 μs)
  MapearOrdenBenchmark.LeerOrdenTx_Optimizado: Default     -> 3 outliers were removed (31.08 μs..33.52 μs)
  MapearOrdenBenchmark.LeerOrdenMeta_Actual: Default       -> 3 outliers were removed (22.76 μs..26.58 μs)
  MapearOrdenBenchmark.LeerOrdenMeta_Optimizado: Default   -> 1 outlier  was  removed (20.82 μs)
  MapearOrdenBenchmark.LeerOrdenFr3_Actual: Default        -> 1 outlier  was  removed (25.76 μs)
  MapearOrdenBenchmark.LeerOrdenFr3_Optimizado: Default    -> 2 outliers were removed (17.16 μs, 19.68 μs)

// * Legends *
  Mean        : Arithmetic mean of all measurements
  Error       : Half of 99.9% confidence interval
  StdDev      : Standard deviation of all measurements
  Ratio       : Mean of the ratio distribution ([Current]/[Baseline])
  Alloc Ratio : Allocated memory ratio distribution ([Current]/[Baseline])
  1 μs        : 1 Microsecond (0.000001 sec)

// * Diagnostic Output - CPUUsageDiagnoser *
Saving diagsession as a file. This may take a moment...
Exported diagsession file: C:\AOCR\AOCR\AOCR05-01-2026\AOCR1\AOCR\BenchmarkSuite1\BenchmarkDotNet.Artifacts\BenchmarkDotNet_MapearOrdenBenchmark_20260316_164829.diagsession.
Opening diagsession in VisualStudio: 17652


// ***** BenchmarkRunner: End *****
Run time: 00:04:36 (276.31 sec), executed benchmarks: 14

Global total time: 00:05:23 (323.31 sec), executed benchmarks: 14
// * Artifacts cleanup *
Artifacts cleanup is finished
