// Validating benchmarks:
// ***** BenchmarkRunner: Start   *****
// ***** Found 24 benchmark(s) in total *****
// ***** Building 1 exe(s) in Parallel: Start   *****
// start dotnet  restore /p:UseSharedCompilation=false /p:BuildInParallel=false /m:1 /p:Deterministic=true /p:Optimize=true /p:ArtifactsPath="C:\AOCR\AOCR\AOCR05-01-2026\AOCR1\AOCR\BenchmarkSuite1\bin\Release\net9.0\BenchmarkSuite1-DefaultJob-1/" /p:OutDir="C:\AOCR\AOCR\AOCR05-01-2026\AOCR1\AOCR\BenchmarkSuite1\bin\Release\net9.0\BenchmarkSuite1-DefaultJob-1\bin\Release\net9.0/" /p:OutputPath="C:\AOCR\AOCR\AOCR05-01-2026\AOCR1\AOCR\BenchmarkSuite1\bin\Release\net9.0\BenchmarkSuite1-DefaultJob-1\bin\Release\net9.0/" /p:PublishDir="C:\AOCR\AOCR\AOCR05-01-2026\AOCR1\AOCR\BenchmarkSuite1\bin\Release\net9.0\BenchmarkSuite1-DefaultJob-1\publish/" in C:\AOCR\AOCR\AOCR05-01-2026\AOCR1\AOCR\BenchmarkSuite1\bin\Release\net9.0\BenchmarkSuite1-DefaultJob-1
// command took 1.02 sec and exited with 0
// start dotnet  build -c Release --no-restore /p:UseSharedCompilation=false /p:BuildInParallel=false /m:1 /p:Deterministic=true /p:Optimize=true /p:ArtifactsPath="C:\AOCR\AOCR\AOCR05-01-2026\AOCR1\AOCR\BenchmarkSuite1\bin\Release\net9.0\BenchmarkSuite1-DefaultJob-1/" /p:OutDir="C:\AOCR\AOCR\AOCR05-01-2026\AOCR1\AOCR\BenchmarkSuite1\bin\Release\net9.0\BenchmarkSuite1-DefaultJob-1\bin\Release\net9.0/" /p:OutputPath="C:\AOCR\AOCR\AOCR05-01-2026\AOCR1\AOCR\BenchmarkSuite1\bin\Release\net9.0\BenchmarkSuite1-DefaultJob-1\bin\Release\net9.0/" /p:PublishDir="C:\AOCR\AOCR\AOCR05-01-2026\AOCR1\AOCR\BenchmarkSuite1\bin\Release\net9.0\BenchmarkSuite1-DefaultJob-1\publish/" --output "C:\AOCR\AOCR\AOCR05-01-2026\AOCR1\AOCR\BenchmarkSuite1\bin\Release\net9.0\BenchmarkSuite1-DefaultJob-1\bin\Release\net9.0/" in C:\AOCR\AOCR\AOCR05-01-2026\AOCR1\AOCR\BenchmarkSuite1\bin\Release\net9.0\BenchmarkSuite1-DefaultJob-1
// command took 4.62 sec and exited with 0
// ***** Done, took 00:00:06 (6.03 sec)   *****
// Found 24 benchmarks:
//   MapearOrdenBenchmark.MapearOrden_Actual: DefaultJob
//   MapearOrdenBenchmark.MapearOrden_Optimizado: DefaultJob
//   MapearOrdenBenchmark.MapearDetalle_Actual: DefaultJob
//   MapearOrdenBenchmark.MapearDetalle_Optimizado: DefaultJob
//   MapearOrdenBenchmark.MapearPagoModel_Actual: DefaultJob
//   MapearOrdenBenchmark.MapearPagoModel_Optimizado: DefaultJob
//   MapearOrdenBenchmark.MapearPagoEntidad_Actual: DefaultJob
//   MapearOrdenBenchmark.MapearPagoEntidad_Optimizado: DefaultJob
//   MapearOrdenBenchmark.LeerOrdenTx_Actual: DefaultJob
//   MapearOrdenBenchmark.LeerOrdenTx_Optimizado: DefaultJob
//   MapearOrdenBenchmark.LeerOrdenMeta_Actual: DefaultJob
//   MapearOrdenBenchmark.LeerOrdenMeta_Optimizado: DefaultJob
//   MapearOrdenBenchmark.LeerOrdenFr3_Actual: DefaultJob
//   MapearOrdenBenchmark.LeerOrdenFr3_Optimizado: DefaultJob
//   MapearOrdenBenchmark.MapearViatico_Actual: DefaultJob
//   MapearOrdenBenchmark.MapearViatico_Optimizado: DefaultJob
//   MapearOrdenBenchmark.MapearLog_Actual: DefaultJob
//   MapearOrdenBenchmark.MapearLog_Optimizado: DefaultJob
//   MapearOrdenBenchmark.MapearAeronave_Actual: DefaultJob
//   MapearOrdenBenchmark.MapearAeronave_Optimizado: DefaultJob
//   MapearOrdenBenchmark.MapearEmpresa_Actual: DefaultJob
//   MapearOrdenBenchmark.MapearEmpresa_Optimizado: DefaultJob
//   MapearOrdenBenchmark.MapearMenu_Actual: DefaultJob
//   MapearOrdenBenchmark.MapearMenu_Optimizado: DefaultJob

Setup power plan (GUID: 8c5e7fda-e8bf-4a96-9a85-a6e23a8c635c FriendlyName: Alto rendimiento)
// **************************
// Benchmark: MapearOrdenBenchmark.MapearOrden_Actual: DefaultJob
// *** Execute ***
// Launch: 1 / 1
// Execute: dotnet BenchmarkSuite1-DefaultJob-1.dll --anonymousPipes 8540 8544 --benchmarkName CapaDatos.Benchmarks.MapearOrdenBenchmark.MapearOrden_Actual --job Default --benchmarkId 0 in C:\AOCR\AOCR\AOCR05-01-2026\AOCR1\AOCR\BenchmarkSuite1\bin\Release\net9.0\BenchmarkSuite1-DefaultJob-1\bin\Release\net9.0
// BeforeAnythingElse

// Benchmark Process Environment Information:
// BenchmarkDotNet v0.15.2
// Runtime=.NET 9.0.14 (9.0.1426.11910), X64 RyuJIT AVX2
// GC=Concurrent Workstation
// HardwareIntrinsics=AVX2,AES,BMI1,BMI2,FMA,LZCNT,PCLMUL,POPCNT VectorSize=256
// Job: DefaultJob

OverheadJitting  1: 1 op, 213800.00 ns, 213.8000 us/op
WorkloadJitting  1: 1 op, 3429900.00 ns, 3.4299 ms/op

OverheadJitting  2: 16 op, 501000.00 ns, 31.3125 us/op
WorkloadJitting  2: 16 op, 22043500.00 ns, 1.3777 ms/op

WorkloadPilot    1: 16 op, 20722200.00 ns, 1.2951 ms/op
WorkloadPilot    2: 32 op, 43906500.00 ns, 1.3721 ms/op
WorkloadPilot    3: 64 op, 83651700.00 ns, 1.3071 ms/op
WorkloadPilot    4: 128 op, 51061600.00 ns, 398.9188 us/op
WorkloadPilot    5: 256 op, 44916600.00 ns, 175.4555 us/op
WorkloadPilot    6: 512 op, 88158300.00 ns, 172.1842 us/op
WorkloadPilot    7: 1024 op, 187822500.00 ns, 183.4204 us/op
WorkloadPilot    8: 2048 op, 405984800.00 ns, 198.2348 us/op
WorkloadPilot    9: 4096 op, 869277100.00 ns, 212.2259 us/op

OverheadWarmup   1: 4096 op, 16800.00 ns, 4.1016 ns/op
OverheadWarmup   2: 4096 op, 29200.00 ns, 7.1289 ns/op
OverheadWarmup   3: 4096 op, 14700.00 ns, 3.5889 ns/op
OverheadWarmup   4: 4096 op, 23900.00 ns, 5.8350 ns/op
OverheadWarmup   5: 4096 op, 15600.00 ns, 3.8086 ns/op

OverheadActual   1: 4096 op, 37800.00 ns, 9.2285 ns/op
OverheadActual   2: 4096 op, 22800.00 ns, 5.5664 ns/op
OverheadActual   3: 4096 op, 46400.00 ns, 11.3281 ns/op
OverheadActual   4: 4096 op, 22600.00 ns, 5.5176 ns/op
OverheadActual   5: 4096 op, 36600.00 ns, 8.9355 ns/op
OverheadActual   6: 4096 op, 30600.00 ns, 7.4707 ns/op
OverheadActual   7: 4096 op, 28900.00 ns, 7.0557 ns/op
OverheadActual   8: 4096 op, 32300.00 ns, 7.8857 ns/op
OverheadActual   9: 4096 op, 77500.00 ns, 18.9209 ns/op
OverheadActual  10: 4096 op, 82900.00 ns, 20.2393 ns/op
OverheadActual  11: 4096 op, 28400.00 ns, 6.9336 ns/op
OverheadActual  12: 4096 op, 27400.00 ns, 6.6895 ns/op
OverheadActual  13: 4096 op, 27000.00 ns, 6.5918 ns/op
OverheadActual  14: 4096 op, 29400.00 ns, 7.1777 ns/op
OverheadActual  15: 4096 op, 45700.00 ns, 11.1572 ns/op
OverheadActual  16: 4096 op, 27400.00 ns, 6.6895 ns/op
OverheadActual  17: 4096 op, 35000.00 ns, 8.5449 ns/op
OverheadActual  18: 4096 op, 41300.00 ns, 10.0830 ns/op
OverheadActual  19: 4096 op, 28800.00 ns, 7.0313 ns/op
OverheadActual  20: 4096 op, 37700.00 ns, 9.2041 ns/op

OverheadWarmup   1: 4096 op, 28500.00 ns, 6.9580 ns/op
OverheadWarmup   2: 4096 op, 50100.00 ns, 12.2314 ns/op
OverheadWarmup   3: 4096 op, 46800.00 ns, 11.4258 ns/op
OverheadWarmup   4: 4096 op, 16000.00 ns, 3.9063 ns/op
OverheadWarmup   5: 4096 op, 25700.00 ns, 6.2744 ns/op
OverheadWarmup   6: 4096 op, 70800.00 ns, 17.2852 ns/op
OverheadWarmup   7: 4096 op, 15600.00 ns, 3.8086 ns/op

// BeforeActualRun
WorkloadActual   1: 4096 op, 747511700.00 ns, 182.4980 us/op
WorkloadActual   2: 4096 op, 869545300.00 ns, 212.2913 us/op
WorkloadActual   3: 4096 op, 1015442000.00 ns, 247.9106 us/op
WorkloadActual   4: 4096 op, 855513000.00 ns, 208.8655 us/op
WorkloadActual   5: 4096 op, 872977800.00 ns, 213.1293 us/op
WorkloadActual   6: 4096 op, 1048044300.00 ns, 255.8702 us/op
WorkloadActual   7: 4096 op, 771210900.00 ns, 188.2839 us/op
WorkloadActual   8: 4096 op, 767971800.00 ns, 187.4931 us/op
WorkloadActual   9: 4096 op, 887222700.00 ns, 216.6071 us/op
WorkloadActual  10: 4096 op, 849047100.00 ns, 207.2869 us/op
WorkloadActual  11: 4096 op, 894222500.00 ns, 218.3160 us/op
WorkloadActual  12: 4096 op, 851937900.00 ns, 207.9927 us/op
WorkloadActual  13: 4096 op, 973925500.00 ns, 237.7748 us/op
WorkloadActual  14: 4096 op, 805572600.00 ns, 196.6730 us/op
WorkloadActual  15: 4096 op, 991583900.00 ns, 242.0859 us/op
WorkloadActual  16: 4096 op, 760955500.00 ns, 185.7802 us/op
WorkloadActual  17: 4096 op, 748835200.00 ns, 182.8211 us/op
WorkloadActual  18: 4096 op, 760144700.00 ns, 185.5822 us/op
WorkloadActual  19: 4096 op, 754115600.00 ns, 184.1103 us/op
WorkloadActual  20: 4096 op, 1309757500.00 ns, 319.7650 us/op
WorkloadActual  21: 4096 op, 890423800.00 ns, 217.3886 us/op
WorkloadActual  22: 4096 op, 782137400.00 ns, 190.9515 us/op
WorkloadActual  23: 4096 op, 799083400.00 ns, 195.0887 us/op
WorkloadActual  24: 4096 op, 790914900.00 ns, 193.0945 us/op
WorkloadActual  25: 4096 op, 844636900.00 ns, 206.2102 us/op
WorkloadActual  26: 4096 op, 935027100.00 ns, 228.2781 us/op
WorkloadActual  27: 4096 op, 858633600.00 ns, 209.6273 us/op
WorkloadActual  28: 4096 op, 827323600.00 ns, 201.9833 us/op
WorkloadActual  29: 4096 op, 831611700.00 ns, 203.0302 us/op
WorkloadActual  30: 4096 op, 825400100.00 ns, 201.5137 us/op
WorkloadActual  31: 4096 op, 809552300.00 ns, 197.6446 us/op
WorkloadActual  32: 4096 op, 779992900.00 ns, 190.4280 us/op
WorkloadActual  33: 4096 op, 799477400.00 ns, 195.1849 us/op
WorkloadActual  34: 4096 op, 791047300.00 ns, 193.1268 us/op
WorkloadActual  35: 4096 op, 750779300.00 ns, 183.2957 us/op
WorkloadActual  36: 4096 op, 867166300.00 ns, 211.7105 us/op
WorkloadActual  37: 4096 op, 755778100.00 ns, 184.5161 us/op
WorkloadActual  38: 4096 op, 794227000.00 ns, 193.9031 us/op
WorkloadActual  39: 4096 op, 771704600.00 ns, 188.4044 us/op
WorkloadActual  40: 4096 op, 789668600.00 ns, 192.7902 us/op
WorkloadActual  41: 4096 op, 870699400.00 ns, 212.5731 us/op
WorkloadActual  42: 4096 op, 853541600.00 ns, 208.3842 us/op
WorkloadActual  43: 4096 op, 744224600.00 ns, 181.6955 us/op
WorkloadActual  44: 4096 op, 808159900.00 ns, 197.3047 us/op
WorkloadActual  45: 4096 op, 842773200.00 ns, 205.7552 us/op
WorkloadActual  46: 4096 op, 804122900.00 ns, 196.3191 us/op
WorkloadActual  47: 4096 op, 781392500.00 ns, 190.7697 us/op
WorkloadActual  48: 4096 op, 891576500.00 ns, 217.6700 us/op
WorkloadActual  49: 4096 op, 831156100.00 ns, 202.9190 us/op
WorkloadActual  50: 4096 op, 861744800.00 ns, 210.3869 us/op
WorkloadActual  51: 4096 op, 803602400.00 ns, 196.1920 us/op
WorkloadActual  52: 4096 op, 793135600.00 ns, 193.6366 us/op
WorkloadActual  53: 4096 op, 770687500.00 ns, 188.1561 us/op
WorkloadActual  54: 4096 op, 803835700.00 ns, 196.2490 us/op
WorkloadActual  55: 4096 op, 756654400.00 ns, 184.7301 us/op
WorkloadActual  56: 4096 op, 766620700.00 ns, 187.1633 us/op
WorkloadActual  57: 4096 op, 743674900.00 ns, 181.5613 us/op
WorkloadActual  58: 4096 op, 740088700.00 ns, 180.6857 us/op
WorkloadActual  59: 4096 op, 726513400.00 ns, 177.3714 us/op
WorkloadActual  60: 4096 op, 729514000.00 ns, 178.1040 us/op
WorkloadActual  61: 4096 op, 727184600.00 ns, 177.5353 us/op
WorkloadActual  62: 4096 op, 735440600.00 ns, 179.5509 us/op
WorkloadActual  63: 4096 op, 779304600.00 ns, 190.2599 us/op
WorkloadActual  64: 4096 op, 776357700.00 ns, 189.5405 us/op
WorkloadActual  65: 4096 op, 800672800.00 ns, 195.4768 us/op
WorkloadActual  66: 4096 op, 831778400.00 ns, 203.0709 us/op
WorkloadActual  67: 4096 op, 733336800.00 ns, 179.0373 us/op
WorkloadActual  68: 4096 op, 843934000.00 ns, 206.0386 us/op
WorkloadActual  69: 4096 op, 828007000.00 ns, 202.1501 us/op
WorkloadActual  70: 4096 op, 749899000.00 ns, 183.0808 us/op
WorkloadActual  71: 4096 op, 727400000.00 ns, 177.5879 us/op
WorkloadActual  72: 4096 op, 720527200.00 ns, 175.9100 us/op
WorkloadActual  73: 4096 op, 726690000.00 ns, 177.4146 us/op
WorkloadActual  74: 4096 op, 732982700.00 ns, 178.9509 us/op
WorkloadActual  75: 4096 op, 730930200.00 ns, 178.4498 us/op
WorkloadActual  76: 4096 op, 733295700.00 ns, 179.0273 us/op
WorkloadActual  77: 4096 op, 727858700.00 ns, 177.6999 us/op
WorkloadActual  78: 4096 op, 723753400.00 ns, 176.6976 us/op
WorkloadActual  79: 4096 op, 723422900.00 ns, 176.6169 us/op
WorkloadActual  80: 4096 op, 734857600.00 ns, 179.4086 us/op
WorkloadActual  81: 4096 op, 737722200.00 ns, 180.1080 us/op
WorkloadActual  82: 4096 op, 751253600.00 ns, 183.4115 us/op
WorkloadActual  83: 4096 op, 819577000.00 ns, 200.0920 us/op
WorkloadActual  84: 4096 op, 917926600.00 ns, 224.1032 us/op
WorkloadActual  85: 4096 op, 852192800.00 ns, 208.0549 us/op
WorkloadActual  86: 4096 op, 840466000.00 ns, 205.1919 us/op
WorkloadActual  87: 4096 op, 848624600.00 ns, 207.1837 us/op
WorkloadActual  88: 4096 op, 793650700.00 ns, 193.7624 us/op
WorkloadActual  89: 4096 op, 888833300.00 ns, 217.0003 us/op
WorkloadActual  90: 4096 op, 730219100.00 ns, 178.2761 us/op
WorkloadActual  91: 4096 op, 725925600.00 ns, 177.2279 us/op
WorkloadActual  92: 4096 op, 731216500.00 ns, 178.5197 us/op
WorkloadActual  93: 4096 op, 727649200.00 ns, 177.6487 us/op
WorkloadActual  94: 4096 op, 732514800.00 ns, 178.8366 us/op
WorkloadActual  95: 4096 op, 738933200.00 ns, 180.4036 us/op
WorkloadActual  96: 4096 op, 777851400.00 ns, 189.9051 us/op
WorkloadActual  97: 4096 op, 845788900.00 ns, 206.4914 us/op
WorkloadActual  98: 4096 op, 756755300.00 ns, 184.7547 us/op
WorkloadActual  99: 4096 op, 739598500.00 ns, 180.5660 us/op
WorkloadActual  100: 4096 op, 873509500.00 ns, 213.2592 us/op

// AfterActualRun
WorkloadResult   1: 4096 op, 747480250.00 ns, 182.4903 us/op
WorkloadResult   2: 4096 op, 869513850.00 ns, 212.2837 us/op
WorkloadResult   3: 4096 op, 855481550.00 ns, 208.8578 us/op
WorkloadResult   4: 4096 op, 872946350.00 ns, 213.1217 us/op
WorkloadResult   5: 4096 op, 771179450.00 ns, 188.2762 us/op
WorkloadResult   6: 4096 op, 767940350.00 ns, 187.4854 us/op
WorkloadResult   7: 4096 op, 887191250.00 ns, 216.5994 us/op
WorkloadResult   8: 4096 op, 849015650.00 ns, 207.2792 us/op
WorkloadResult   9: 4096 op, 894191050.00 ns, 218.3084 us/op
WorkloadResult  10: 4096 op, 851906450.00 ns, 207.9850 us/op
WorkloadResult  11: 4096 op, 973894050.00 ns, 237.7671 us/op
WorkloadResult  12: 4096 op, 805541150.00 ns, 196.6653 us/op
WorkloadResult  13: 4096 op, 991552450.00 ns, 242.0782 us/op
WorkloadResult  14: 4096 op, 760924050.00 ns, 185.7725 us/op
WorkloadResult  15: 4096 op, 748803750.00 ns, 182.8134 us/op
WorkloadResult  16: 4096 op, 760113250.00 ns, 185.5745 us/op
WorkloadResult  17: 4096 op, 754084150.00 ns, 184.1026 us/op
WorkloadResult  18: 4096 op, 890392350.00 ns, 217.3809 us/op
WorkloadResult  19: 4096 op, 782105950.00 ns, 190.9438 us/op
WorkloadResult  20: 4096 op, 799051950.00 ns, 195.0810 us/op
WorkloadResult  21: 4096 op, 790883450.00 ns, 193.0868 us/op
WorkloadResult  22: 4096 op, 844605450.00 ns, 206.2025 us/op
WorkloadResult  23: 4096 op, 934995650.00 ns, 228.2704 us/op
WorkloadResult  24: 4096 op, 858602150.00 ns, 209.6197 us/op
WorkloadResult  25: 4096 op, 827292150.00 ns, 201.9756 us/op
WorkloadResult  26: 4096 op, 831580250.00 ns, 203.0225 us/op
WorkloadResult  27: 4096 op, 825368650.00 ns, 201.5060 us/op
WorkloadResult  28: 4096 op, 809520850.00 ns, 197.6369 us/op
WorkloadResult  29: 4096 op, 779961450.00 ns, 190.4203 us/op
WorkloadResult  30: 4096 op, 799445950.00 ns, 195.1772 us/op
WorkloadResult  31: 4096 op, 791015850.00 ns, 193.1191 us/op
WorkloadResult  32: 4096 op, 750747850.00 ns, 183.2880 us/op
WorkloadResult  33: 4096 op, 867134850.00 ns, 211.7028 us/op
WorkloadResult  34: 4096 op, 755746650.00 ns, 184.5085 us/op
WorkloadResult  35: 4096 op, 794195550.00 ns, 193.8954 us/op
WorkloadResult  36: 4096 op, 771673150.00 ns, 188.3968 us/op
WorkloadResult  37: 4096 op, 789637150.00 ns, 192.7825 us/op
WorkloadResult  38: 4096 op, 870667950.00 ns, 212.5654 us/op
WorkloadResult  39: 4096 op, 853510150.00 ns, 208.3765 us/op
WorkloadResult  40: 4096 op, 744193150.00 ns, 181.6878 us/op
WorkloadResult  41: 4096 op, 808128450.00 ns, 197.2970 us/op
WorkloadResult  42: 4096 op, 842741750.00 ns, 205.7475 us/op
WorkloadResult  43: 4096 op, 804091450.00 ns, 196.3114 us/op
WorkloadResult  44: 4096 op, 781361050.00 ns, 190.7620 us/op
WorkloadResult  45: 4096 op, 891545050.00 ns, 217.6624 us/op
WorkloadResult  46: 4096 op, 831124650.00 ns, 202.9113 us/op
WorkloadResult  47: 4096 op, 861713350.00 ns, 210.3792 us/op
WorkloadResult  48: 4096 op, 803570950.00 ns, 196.1843 us/op
WorkloadResult  49: 4096 op, 793104150.00 ns, 193.6289 us/op
WorkloadResult  50: 4096 op, 770656050.00 ns, 188.1484 us/op
WorkloadResult  51: 4096 op, 803804250.00 ns, 196.2413 us/op
WorkloadResult  52: 4096 op, 756622950.00 ns, 184.7224 us/op
WorkloadResult  53: 4096 op, 766589250.00 ns, 187.1556 us/op
WorkloadResult  54: 4096 op, 743643450.00 ns, 181.5536 us/op
WorkloadResult  55: 4096 op, 740057250.00 ns, 180.6780 us/op
WorkloadResult  56: 4096 op, 726481950.00 ns, 177.3638 us/op
WorkloadResult  57: 4096 op, 729482550.00 ns, 178.0963 us/op
WorkloadResult  58: 4096 op, 727153150.00 ns, 177.5276 us/op
WorkloadResult  59: 4096 op, 735409150.00 ns, 179.5432 us/op
WorkloadResult  60: 4096 op, 779273150.00 ns, 190.2522 us/op
WorkloadResult  61: 4096 op, 776326250.00 ns, 189.5328 us/op
WorkloadResult  62: 4096 op, 800641350.00 ns, 195.4691 us/op
WorkloadResult  63: 4096 op, 831746950.00 ns, 203.0632 us/op
WorkloadResult  64: 4096 op, 733305350.00 ns, 179.0296 us/op
WorkloadResult  65: 4096 op, 843902550.00 ns, 206.0309 us/op
WorkloadResult  66: 4096 op, 827975550.00 ns, 202.1425 us/op
WorkloadResult  67: 4096 op, 749867550.00 ns, 183.0731 us/op
WorkloadResult  68: 4096 op, 727368550.00 ns, 177.5802 us/op
WorkloadResult  69: 4096 op, 720495750.00 ns, 175.9023 us/op
WorkloadResult  70: 4096 op, 726658550.00 ns, 177.4069 us/op
WorkloadResult  71: 4096 op, 732951250.00 ns, 178.9432 us/op
WorkloadResult  72: 4096 op, 730898750.00 ns, 178.4421 us/op
WorkloadResult  73: 4096 op, 733264250.00 ns, 179.0196 us/op
WorkloadResult  74: 4096 op, 727827250.00 ns, 177.6922 us/op
WorkloadResult  75: 4096 op, 723721950.00 ns, 176.6899 us/op
WorkloadResult  76: 4096 op, 723391450.00 ns, 176.6092 us/op
WorkloadResult  77: 4096 op, 734826150.00 ns, 179.4009 us/op
WorkloadResult  78: 4096 op, 737690750.00 ns, 180.1003 us/op
WorkloadResult  79: 4096 op, 751222150.00 ns, 183.4038 us/op
WorkloadResult  80: 4096 op, 819545550.00 ns, 200.0844 us/op
WorkloadResult  81: 4096 op, 917895150.00 ns, 224.0955 us/op
WorkloadResult  82: 4096 op, 852161350.00 ns, 208.0472 us/op
WorkloadResult  83: 4096 op, 840434550.00 ns, 205.1842 us/op
WorkloadResult  84: 4096 op, 848593150.00 ns, 207.1761 us/op
WorkloadResult  85: 4096 op, 793619250.00 ns, 193.7547 us/op
WorkloadResult  86: 4096 op, 888801850.00 ns, 216.9926 us/op
WorkloadResult  87: 4096 op, 730187650.00 ns, 178.2685 us/op
WorkloadResult  88: 4096 op, 725894150.00 ns, 177.2203 us/op
WorkloadResult  89: 4096 op, 731185050.00 ns, 178.5120 us/op
WorkloadResult  90: 4096 op, 727617750.00 ns, 177.6411 us/op
WorkloadResult  91: 4096 op, 732483350.00 ns, 178.8289 us/op
WorkloadResult  92: 4096 op, 738901750.00 ns, 180.3959 us/op
WorkloadResult  93: 4096 op, 777819950.00 ns, 189.8974 us/op
WorkloadResult  94: 4096 op, 845757450.00 ns, 206.4838 us/op
WorkloadResult  95: 4096 op, 756723850.00 ns, 184.7470 us/op
WorkloadResult  96: 4096 op, 739567050.00 ns, 180.5584 us/op
WorkloadResult  97: 4096 op, 873478050.00 ns, 213.2515 us/op
// GC:  67 19 0 426213376 4096
// Threading:  0 0 4096

// AfterAll
// Benchmark Process 16964 has exited with code 0.

Mean = 194.546 μs, StdErr = 1.510 μs (0.78%), N = 97, StdDev = 14.869 μs
Min = 175.902 μs, Q1 = 181.554 μs, Median = 192.783 μs, Q3 = 206.031 μs, Max = 242.078 μs
IQR = 24.477 μs, LowerFence = 144.838 μs, UpperFence = 242.747 μs
ConfidenceInterval = [189.421 μs; 199.671 μs] (CI 99.9%), Margin = 5.125 μs (2.63% of Mean)
Skewness = 0.79, Kurtosis = 3.14, MValue = 3.53

// ** Remained 23 (95,8 %) benchmark(s) to run. Estimated finish 2026-03-17 9:30 (0h 33m from now) **
Setup power plan (GUID: 8c5e7fda-e8bf-4a96-9a85-a6e23a8c635c FriendlyName: Alto rendimiento)
// **************************
// Benchmark: MapearOrdenBenchmark.MapearOrden_Optimizado: DefaultJob
// *** Execute ***
// Launch: 1 / 1
// Execute: dotnet BenchmarkSuite1-DefaultJob-1.dll --anonymousPipes 1716 8508 --benchmarkName CapaDatos.Benchmarks.MapearOrdenBenchmark.MapearOrden_Optimizado --job Default --benchmarkId 1 in C:\AOCR\AOCR\AOCR05-01-2026\AOCR1\AOCR\BenchmarkSuite1\bin\Release\net9.0\BenchmarkSuite1-DefaultJob-1\bin\Release\net9.0
// BeforeAnythingElse

// Benchmark Process Environment Information:
// BenchmarkDotNet v0.15.2
// Runtime=.NET 9.0.14 (9.0.1426.11910), X64 RyuJIT AVX2
// GC=Concurrent Workstation
// HardwareIntrinsics=AVX2,AES,BMI1,BMI2,FMA,LZCNT,PCLMUL,POPCNT VectorSize=256
// Job: DefaultJob

OverheadJitting  1: 1 op, 496300.00 ns, 496.3000 us/op
WorkloadJitting  1: 1 op, 2592300.00 ns, 2.5923 ms/op

OverheadJitting  2: 16 op, 532500.00 ns, 33.2813 us/op
WorkloadJitting  2: 16 op, 15109900.00 ns, 944.3688 us/op

WorkloadPilot    1: 16 op, 14738300.00 ns, 921.1438 us/op
WorkloadPilot    2: 32 op, 28022400.00 ns, 875.7000 us/op
WorkloadPilot    3: 64 op, 57891200.00 ns, 904.5500 us/op
WorkloadPilot    4: 128 op, 95663900.00 ns, 747.3742 us/op
WorkloadPilot    5: 256 op, 27677400.00 ns, 108.1148 us/op
WorkloadPilot    6: 512 op, 51373100.00 ns, 100.3381 us/op
WorkloadPilot    7: 1024 op, 104643700.00 ns, 102.1911 us/op
WorkloadPilot    8: 2048 op, 210015800.00 ns, 102.5468 us/op
WorkloadPilot    9: 4096 op, 409447800.00 ns, 99.9628 us/op
WorkloadPilot   10: 8192 op, 799802400.00 ns, 97.6321 us/op

OverheadWarmup   1: 8192 op, 33000.00 ns, 4.0283 ns/op
OverheadWarmup   2: 8192 op, 45200.00 ns, 5.5176 ns/op
OverheadWarmup   3: 8192 op, 30700.00 ns, 3.7476 ns/op
OverheadWarmup   4: 8192 op, 30000.00 ns, 3.6621 ns/op
OverheadWarmup   5: 8192 op, 30100.00 ns, 3.6743 ns/op
OverheadWarmup   6: 8192 op, 29900.00 ns, 3.6499 ns/op

OverheadActual   1: 8192 op, 30000.00 ns, 3.6621 ns/op
OverheadActual   2: 8192 op, 30000.00 ns, 3.6621 ns/op
OverheadActual   3: 8192 op, 30500.00 ns, 3.7231 ns/op
OverheadActual   4: 8192 op, 30000.00 ns, 3.6621 ns/op
OverheadActual   5: 8192 op, 30000.00 ns, 3.6621 ns/op
OverheadActual   6: 8192 op, 29900.00 ns, 3.6499 ns/op
OverheadActual   7: 8192 op, 30000.00 ns, 3.6621 ns/op
OverheadActual   8: 8192 op, 30100.00 ns, 3.6743 ns/op
OverheadActual   9: 8192 op, 29800.00 ns, 3.6377 ns/op
OverheadActual  10: 8192 op, 29700.00 ns, 3.6255 ns/op
OverheadActual  11: 8192 op, 30000.00 ns, 3.6621 ns/op
OverheadActual  12: 8192 op, 29300.00 ns, 3.5767 ns/op
OverheadActual  13: 8192 op, 29900.00 ns, 3.6499 ns/op
OverheadActual  14: 8192 op, 29900.00 ns, 3.6499 ns/op
OverheadActual  15: 8192 op, 41700.00 ns, 5.0903 ns/op

OverheadWarmup   1: 8192 op, 30300.00 ns, 3.6987 ns/op
OverheadWarmup   2: 8192 op, 29700.00 ns, 3.6255 ns/op
OverheadWarmup   3: 8192 op, 30500.00 ns, 3.7231 ns/op
OverheadWarmup   4: 8192 op, 30700.00 ns, 3.7476 ns/op
OverheadWarmup   5: 8192 op, 30000.00 ns, 3.6621 ns/op
OverheadWarmup   6: 8192 op, 29900.00 ns, 3.6499 ns/op
OverheadWarmup   7: 8192 op, 29800.00 ns, 3.6377 ns/op
OverheadWarmup   8: 8192 op, 30000.00 ns, 3.6621 ns/op
OverheadWarmup   9: 8192 op, 29700.00 ns, 3.6255 ns/op

// BeforeActualRun
WorkloadActual   1: 8192 op, 814908200.00 ns, 99.4761 us/op
WorkloadActual   2: 8192 op, 802964600.00 ns, 98.0181 us/op
WorkloadActual   3: 8192 op, 804195500.00 ns, 98.1684 us/op
WorkloadActual   4: 8192 op, 813120500.00 ns, 99.2579 us/op
WorkloadActual   5: 8192 op, 802560400.00 ns, 97.9688 us/op
WorkloadActual   6: 8192 op, 802154400.00 ns, 97.9192 us/op
WorkloadActual   7: 8192 op, 808839400.00 ns, 98.7353 us/op
WorkloadActual   8: 8192 op, 801827800.00 ns, 97.8794 us/op
WorkloadActual   9: 8192 op, 813406200.00 ns, 99.2927 us/op
WorkloadActual  10: 8192 op, 810534500.00 ns, 98.9422 us/op
WorkloadActual  11: 8192 op, 832293300.00 ns, 101.5983 us/op
WorkloadActual  12: 8192 op, 804946800.00 ns, 98.2601 us/op
WorkloadActual  13: 8192 op, 823468600.00 ns, 100.5211 us/op
WorkloadActual  14: 8192 op, 815501900.00 ns, 99.5486 us/op
WorkloadActual  15: 8192 op, 803067800.00 ns, 98.0307 us/op

// AfterActualRun
WorkloadResult   1: 8192 op, 814878200.00 ns, 99.4724 us/op
WorkloadResult   2: 8192 op, 802934600.00 ns, 98.0145 us/op
WorkloadResult   3: 8192 op, 804165500.00 ns, 98.1647 us/op
WorkloadResult   4: 8192 op, 813090500.00 ns, 99.2542 us/op
WorkloadResult   5: 8192 op, 802530400.00 ns, 97.9651 us/op
WorkloadResult   6: 8192 op, 802124400.00 ns, 97.9156 us/op
WorkloadResult   7: 8192 op, 808809400.00 ns, 98.7316 us/op
WorkloadResult   8: 8192 op, 801797800.00 ns, 97.8757 us/op
WorkloadResult   9: 8192 op, 813376200.00 ns, 99.2891 us/op
WorkloadResult  10: 8192 op, 810504500.00 ns, 98.9385 us/op
WorkloadResult  11: 8192 op, 804916800.00 ns, 98.2564 us/op
WorkloadResult  12: 8192 op, 823438600.00 ns, 100.5174 us/op
WorkloadResult  13: 8192 op, 815471900.00 ns, 99.5449 us/op
WorkloadResult  14: 8192 op, 803037800.00 ns, 98.0271 us/op
// GC:  135 38 0 852426752 8192
// Threading:  0 0 8192

// AfterAll
// Benchmark Process 35516 has exited with code 0.

Mean = 98.712 μs, StdErr = 0.217 μs (0.22%), N = 14, StdDev = 0.812 μs
Min = 97.876 μs, Q1 = 98.018 μs, Median = 98.494 μs, Q3 = 99.280 μs, Max = 100.517 μs
IQR = 1.263 μs, LowerFence = 96.124 μs, UpperFence = 101.174 μs
ConfidenceInterval = [97.796 μs; 99.628 μs] (CI 99.9%), Margin = 0.916 μs (0.93% of Mean)
Skewness = 0.65, Kurtosis = 2.21, MValue = 2

// ** Remained 22 (91,7 %) benchmark(s) to run. Estimated finish 2026-03-17 9:17 (0h 19m from now) **
Setup power plan (GUID: 8c5e7fda-e8bf-4a96-9a85-a6e23a8c635c FriendlyName: Alto rendimiento)
// **************************
// Benchmark: MapearOrdenBenchmark.MapearDetalle_Actual: DefaultJob
// *** Execute ***
// Launch: 1 / 1
// Execute: dotnet BenchmarkSuite1-DefaultJob-1.dll --anonymousPipes 832 3604 --benchmarkName CapaDatos.Benchmarks.MapearOrdenBenchmark.MapearDetalle_Actual --job Default --benchmarkId 2 in C:\AOCR\AOCR\AOCR05-01-2026\AOCR1\AOCR\BenchmarkSuite1\bin\Release\net9.0\BenchmarkSuite1-DefaultJob-1\bin\Release\net9.0
// BeforeAnythingElse

// Benchmark Process Environment Information:
// BenchmarkDotNet v0.15.2
// Runtime=.NET 9.0.14 (9.0.1426.11910), X64 RyuJIT AVX2
// GC=Concurrent Workstation
// HardwareIntrinsics=AVX2,AES,BMI1,BMI2,FMA,LZCNT,PCLMUL,POPCNT VectorSize=256
// Job: DefaultJob

OverheadJitting  1: 1 op, 181800.00 ns, 181.8000 us/op
WorkloadJitting  1: 1 op, 2020900.00 ns, 2.0209 ms/op

OverheadJitting  2: 16 op, 476200.00 ns, 29.7625 us/op
WorkloadJitting  2: 16 op, 11048600.00 ns, 690.5375 us/op

WorkloadPilot    1: 16 op, 10639700.00 ns, 664.9813 us/op
WorkloadPilot    2: 32 op, 21497300.00 ns, 671.7906 us/op
WorkloadPilot    3: 64 op, 41528900.00 ns, 648.8891 us/op
WorkloadPilot    4: 128 op, 81063400.00 ns, 633.3078 us/op
WorkloadPilot    5: 256 op, 67372200.00 ns, 263.1727 us/op
WorkloadPilot    6: 512 op, 44194900.00 ns, 86.3182 us/op
WorkloadPilot    7: 1024 op, 88845200.00 ns, 86.7629 us/op
WorkloadPilot    8: 2048 op, 177620900.00 ns, 86.7290 us/op
WorkloadPilot    9: 4096 op, 359637500.00 ns, 87.8021 us/op
WorkloadPilot   10: 8192 op, 692521000.00 ns, 84.5363 us/op

OverheadWarmup   1: 8192 op, 30300.00 ns, 3.6987 ns/op
OverheadWarmup   2: 8192 op, 28600.00 ns, 3.4912 ns/op
OverheadWarmup   3: 8192 op, 28800.00 ns, 3.5156 ns/op
OverheadWarmup   4: 8192 op, 28300.00 ns, 3.4546 ns/op
OverheadWarmup   5: 8192 op, 28700.00 ns, 3.5034 ns/op
OverheadWarmup   6: 8192 op, 28100.00 ns, 3.4302 ns/op

OverheadActual   1: 8192 op, 28900.00 ns, 3.5278 ns/op
OverheadActual   2: 8192 op, 28700.00 ns, 3.5034 ns/op
OverheadActual   3: 8192 op, 29000.00 ns, 3.5400 ns/op
OverheadActual   4: 8192 op, 28400.00 ns, 3.4668 ns/op
OverheadActual   5: 8192 op, 29900.00 ns, 3.6499 ns/op
OverheadActual   6: 8192 op, 28500.00 ns, 3.4790 ns/op
OverheadActual   7: 8192 op, 48300.00 ns, 5.8960 ns/op
OverheadActual   8: 8192 op, 28600.00 ns, 3.4912 ns/op
OverheadActual   9: 8192 op, 28600.00 ns, 3.4912 ns/op
OverheadActual  10: 8192 op, 28500.00 ns, 3.4790 ns/op
OverheadActual  11: 8192 op, 29200.00 ns, 3.5645 ns/op
OverheadActual  12: 8192 op, 29200.00 ns, 3.5645 ns/op
OverheadActual  13: 8192 op, 28500.00 ns, 3.4790 ns/op
OverheadActual  14: 8192 op, 28300.00 ns, 3.4546 ns/op
OverheadActual  15: 8192 op, 28300.00 ns, 3.4546 ns/op

OverheadWarmup   1: 8192 op, 28400.00 ns, 3.4668 ns/op
OverheadWarmup   2: 8192 op, 28600.00 ns, 3.4912 ns/op
OverheadWarmup   3: 8192 op, 28600.00 ns, 3.4912 ns/op
OverheadWarmup   4: 8192 op, 29200.00 ns, 3.5645 ns/op
OverheadWarmup   5: 8192 op, 28800.00 ns, 3.5156 ns/op
OverheadWarmup   6: 8192 op, 28600.00 ns, 3.4912 ns/op

// BeforeActualRun
WorkloadActual   1: 8192 op, 714011500.00 ns, 87.1596 us/op
WorkloadActual   2: 8192 op, 707487800.00 ns, 86.3633 us/op
WorkloadActual   3: 8192 op, 703120400.00 ns, 85.8301 us/op
WorkloadActual   4: 8192 op, 715460600.00 ns, 87.3365 us/op
WorkloadActual   5: 8192 op, 822837300.00 ns, 100.4440 us/op
WorkloadActual   6: 8192 op, 765044900.00 ns, 93.3893 us/op
WorkloadActual   7: 8192 op, 776589100.00 ns, 94.7985 us/op
WorkloadActual   8: 8192 op, 754968100.00 ns, 92.1592 us/op
WorkloadActual   9: 8192 op, 766062600.00 ns, 93.5135 us/op
WorkloadActual  10: 8192 op, 701761200.00 ns, 85.6642 us/op
WorkloadActual  11: 8192 op, 720123900.00 ns, 87.9057 us/op
WorkloadActual  12: 8192 op, 711155200.00 ns, 86.8109 us/op
WorkloadActual  13: 8192 op, 700479100.00 ns, 85.5077 us/op
WorkloadActual  14: 8192 op, 701128900.00 ns, 85.5870 us/op
WorkloadActual  15: 8192 op, 702705600.00 ns, 85.7795 us/op
WorkloadActual  16: 8192 op, 712305100.00 ns, 86.9513 us/op
WorkloadActual  17: 8192 op, 699590500.00 ns, 85.3992 us/op
WorkloadActual  18: 8192 op, 700335900.00 ns, 85.4902 us/op
WorkloadActual  19: 8192 op, 700127300.00 ns, 85.4648 us/op
WorkloadActual  20: 8192 op, 704343700.00 ns, 85.9795 us/op
WorkloadActual  21: 8192 op, 700255300.00 ns, 85.4804 us/op

// AfterActualRun
WorkloadResult   1: 8192 op, 713982900.00 ns, 87.1561 us/op
WorkloadResult   2: 8192 op, 707459200.00 ns, 86.3598 us/op
WorkloadResult   3: 8192 op, 703091800.00 ns, 85.8266 us/op
WorkloadResult   4: 8192 op, 715432000.00 ns, 87.3330 us/op
WorkloadResult   5: 8192 op, 701732600.00 ns, 85.6607 us/op
WorkloadResult   6: 8192 op, 720095300.00 ns, 87.9023 us/op
WorkloadResult   7: 8192 op, 711126600.00 ns, 86.8074 us/op
WorkloadResult   8: 8192 op, 700450500.00 ns, 85.5042 us/op
WorkloadResult   9: 8192 op, 701100300.00 ns, 85.5835 us/op
WorkloadResult  10: 8192 op, 702677000.00 ns, 85.7760 us/op
WorkloadResult  11: 8192 op, 712276500.00 ns, 86.9478 us/op
WorkloadResult  12: 8192 op, 699561900.00 ns, 85.3957 us/op
WorkloadResult  13: 8192 op, 700307300.00 ns, 85.4867 us/op
WorkloadResult  14: 8192 op, 700098700.00 ns, 85.4613 us/op
WorkloadResult  15: 8192 op, 704315100.00 ns, 85.9760 us/op
WorkloadResult  16: 8192 op, 700226700.00 ns, 85.4769 us/op
// GC:  99 23 0 623050752 8192
// Threading:  0 0 8192

// AfterAll
// Benchmark Process 12428 has exited with code 0.

Mean = 86.166 μs, StdErr = 0.202 μs (0.23%), N = 16, StdDev = 0.807 μs
Min = 85.396 μs, Q1 = 85.500 μs, Median = 85.801 μs, Q3 = 86.843 μs, Max = 87.902 μs
IQR = 1.343 μs, LowerFence = 83.486 μs, UpperFence = 88.857 μs
ConfidenceInterval = [85.344 μs; 86.988 μs] (CI 99.9%), Margin = 0.822 μs (0.95% of Mean)
Skewness = 0.76, Kurtosis = 2.04, MValue = 2

// ** Remained 21 (87,5 %) benchmark(s) to run. Estimated finish 2026-03-17 9:13 (0h 15m from now) **
Setup power plan (GUID: 8c5e7fda-e8bf-4a96-9a85-a6e23a8c635c FriendlyName: Alto rendimiento)
// **************************
// Benchmark: MapearOrdenBenchmark.MapearDetalle_Optimizado: DefaultJob
// *** Execute ***
// Launch: 1 / 1
// Execute: dotnet BenchmarkSuite1-DefaultJob-1.dll --anonymousPipes 1856 1876 --benchmarkName CapaDatos.Benchmarks.MapearOrdenBenchmark.MapearDetalle_Optimizado --job Default --benchmarkId 3 in C:\AOCR\AOCR\AOCR05-01-2026\AOCR1\AOCR\BenchmarkSuite1\bin\Release\net9.0\BenchmarkSuite1-DefaultJob-1\bin\Release\net9.0
// BeforeAnythingElse

// Benchmark Process Environment Information:
// BenchmarkDotNet v0.15.2
// Runtime=.NET 9.0.14 (9.0.1426.11910), X64 RyuJIT AVX2
// GC=Concurrent Workstation
// HardwareIntrinsics=AVX2,AES,BMI1,BMI2,FMA,LZCNT,PCLMUL,POPCNT VectorSize=256
// Job: DefaultJob

OverheadJitting  1: 1 op, 183300.00 ns, 183.3000 us/op
WorkloadJitting  1: 1 op, 2058300.00 ns, 2.0583 ms/op

OverheadJitting  2: 16 op, 517000.00 ns, 32.3125 us/op
WorkloadJitting  2: 16 op, 8759300.00 ns, 547.4563 us/op

WorkloadPilot    1: 16 op, 7641400.00 ns, 477.5875 us/op
WorkloadPilot    2: 32 op, 16320600.00 ns, 510.0188 us/op
WorkloadPilot    3: 64 op, 30403900.00 ns, 475.0609 us/op
WorkloadPilot    4: 128 op, 60407400.00 ns, 471.9328 us/op
WorkloadPilot    5: 256 op, 106389400.00 ns, 415.5836 us/op
WorkloadPilot    6: 512 op, 36693700.00 ns, 71.6674 us/op
WorkloadPilot    7: 1024 op, 68053700.00 ns, 66.4587 us/op
WorkloadPilot    8: 2048 op, 141868300.00 ns, 69.2716 us/op
WorkloadPilot    9: 4096 op, 277303300.00 ns, 67.7010 us/op
WorkloadPilot   10: 8192 op, 652024300.00 ns, 79.5928 us/op

OverheadWarmup   1: 8192 op, 28800.00 ns, 3.5156 ns/op
OverheadWarmup   2: 8192 op, 27900.00 ns, 3.4058 ns/op
OverheadWarmup   3: 8192 op, 27900.00 ns, 3.4058 ns/op
OverheadWarmup   4: 8192 op, 28300.00 ns, 3.4546 ns/op
OverheadWarmup   5: 8192 op, 28200.00 ns, 3.4424 ns/op
OverheadWarmup   6: 8192 op, 27800.00 ns, 3.3936 ns/op
OverheadWarmup   7: 8192 op, 41400.00 ns, 5.0537 ns/op

OverheadActual   1: 8192 op, 27900.00 ns, 3.4058 ns/op
OverheadActual   2: 8192 op, 28700.00 ns, 3.5034 ns/op
OverheadActual   3: 8192 op, 28700.00 ns, 3.5034 ns/op
OverheadActual   4: 8192 op, 28000.00 ns, 3.4180 ns/op
OverheadActual   5: 8192 op, 28200.00 ns, 3.4424 ns/op
OverheadActual   6: 8192 op, 28000.00 ns, 3.4180 ns/op
OverheadActual   7: 8192 op, 28100.00 ns, 3.4302 ns/op
OverheadActual   8: 8192 op, 28000.00 ns, 3.4180 ns/op
OverheadActual   9: 8192 op, 28200.00 ns, 3.4424 ns/op
OverheadActual  10: 8192 op, 28400.00 ns, 3.4668 ns/op
OverheadActual  11: 8192 op, 28300.00 ns, 3.4546 ns/op
OverheadActual  12: 8192 op, 28000.00 ns, 3.4180 ns/op
OverheadActual  13: 8192 op, 28000.00 ns, 3.4180 ns/op
OverheadActual  14: 8192 op, 27900.00 ns, 3.4058 ns/op
OverheadActual  15: 8192 op, 27900.00 ns, 3.4058 ns/op

OverheadWarmup   1: 8192 op, 27900.00 ns, 3.4058 ns/op
OverheadWarmup   2: 8192 op, 27900.00 ns, 3.4058 ns/op
OverheadWarmup   3: 8192 op, 28800.00 ns, 3.5156 ns/op
OverheadWarmup   4: 8192 op, 28000.00 ns, 3.4180 ns/op
OverheadWarmup   5: 8192 op, 28400.00 ns, 3.4668 ns/op
OverheadWarmup   6: 8192 op, 31000.00 ns, 3.7842 ns/op

// BeforeActualRun
WorkloadActual   1: 8192 op, 499303100.00 ns, 60.9501 us/op
WorkloadActual   2: 8192 op, 494574000.00 ns, 60.3728 us/op
WorkloadActual   3: 8192 op, 495663700.00 ns, 60.5058 us/op
WorkloadActual   4: 8192 op, 494062700.00 ns, 60.3104 us/op
WorkloadActual   5: 8192 op, 496446700.00 ns, 60.6014 us/op
WorkloadActual   6: 8192 op, 496680300.00 ns, 60.6299 us/op
WorkloadActual   7: 8192 op, 497863800.00 ns, 60.7744 us/op
WorkloadActual   8: 8192 op, 512565400.00 ns, 62.5690 us/op
WorkloadActual   9: 8192 op, 496396400.00 ns, 60.5953 us/op
WorkloadActual  10: 8192 op, 498821100.00 ns, 60.8912 us/op
WorkloadActual  11: 8192 op, 496901000.00 ns, 60.6569 us/op
WorkloadActual  12: 8192 op, 504367900.00 ns, 61.5683 us/op
WorkloadActual  13: 8192 op, 500987700.00 ns, 61.1557 us/op
WorkloadActual  14: 8192 op, 499126400.00 ns, 60.9285 us/op
WorkloadActual  15: 8192 op, 512484000.00 ns, 62.5591 us/op

// AfterActualRun
WorkloadResult   1: 8192 op, 499275100.00 ns, 60.9467 us/op
WorkloadResult   2: 8192 op, 494546000.00 ns, 60.3694 us/op
WorkloadResult   3: 8192 op, 495635700.00 ns, 60.5024 us/op
WorkloadResult   4: 8192 op, 494034700.00 ns, 60.3070 us/op
WorkloadResult   5: 8192 op, 496418700.00 ns, 60.5980 us/op
WorkloadResult   6: 8192 op, 496652300.00 ns, 60.6265 us/op
WorkloadResult   7: 8192 op, 497835800.00 ns, 60.7710 us/op
WorkloadResult   8: 8192 op, 496368400.00 ns, 60.5918 us/op
WorkloadResult   9: 8192 op, 498793100.00 ns, 60.8878 us/op
WorkloadResult  10: 8192 op, 496873000.00 ns, 60.6534 us/op
WorkloadResult  11: 8192 op, 504339900.00 ns, 61.5649 us/op
WorkloadResult  12: 8192 op, 500959700.00 ns, 61.1523 us/op
WorkloadResult  13: 8192 op, 499098400.00 ns, 60.9251 us/op
// GC:  99 23 0 623050752 8192
// Threading:  0 0 8192

// AfterAll
// Benchmark Process 10328 has exited with code 0.

Mean = 60.761 μs, StdErr = 0.094 μs (0.16%), N = 13, StdDev = 0.340 μs
Min = 60.307 μs, Q1 = 60.592 μs, Median = 60.653 μs, Q3 = 60.925 μs, Max = 61.565 μs
IQR = 0.333 μs, LowerFence = 60.092 μs, UpperFence = 61.425 μs
ConfidenceInterval = [60.354 μs; 61.169 μs] (CI 99.9%), Margin = 0.407 μs (0.67% of Mean)
Skewness = 0.8, Kurtosis = 2.96, MValue = 2

// ** Remained 20 (83,3 %) benchmark(s) to run. Estimated finish 2026-03-17 9:10 (0h 12m from now) **
Setup power plan (GUID: 8c5e7fda-e8bf-4a96-9a85-a6e23a8c635c FriendlyName: Alto rendimiento)
// **************************
// Benchmark: MapearOrdenBenchmark.MapearPagoModel_Actual: DefaultJob
// *** Execute ***
// Launch: 1 / 1
// Execute: dotnet BenchmarkSuite1-DefaultJob-1.dll --anonymousPipes 7844 3848 --benchmarkName CapaDatos.Benchmarks.MapearOrdenBenchmark.MapearPagoModel_Actual --job Default --benchmarkId 4 in C:\AOCR\AOCR\AOCR05-01-2026\AOCR1\AOCR\BenchmarkSuite1\bin\Release\net9.0\BenchmarkSuite1-DefaultJob-1\bin\Release\net9.0
// BeforeAnythingElse

// Benchmark Process Environment Information:
// BenchmarkDotNet v0.15.2
// Runtime=.NET 9.0.14 (9.0.1426.11910), X64 RyuJIT AVX2
// GC=Concurrent Workstation
// HardwareIntrinsics=AVX2,AES,BMI1,BMI2,FMA,LZCNT,PCLMUL,POPCNT VectorSize=256
// Job: DefaultJob

OverheadJitting  1: 1 op, 173900.00 ns, 173.9000 us/op
WorkloadJitting  1: 1 op, 2988200.00 ns, 2.9882 ms/op

OverheadJitting  2: 16 op, 499900.00 ns, 31.2438 us/op
WorkloadJitting  2: 16 op, 14529500.00 ns, 908.0938 us/op

WorkloadPilot    1: 16 op, 13956900.00 ns, 872.3063 us/op
WorkloadPilot    2: 32 op, 26845600.00 ns, 838.9250 us/op
WorkloadPilot    3: 64 op, 54361900.00 ns, 849.4047 us/op
WorkloadPilot    4: 128 op, 102453600.00 ns, 800.4188 us/op
WorkloadPilot    5: 256 op, 39859400.00 ns, 155.7008 us/op
WorkloadPilot    6: 512 op, 65635400.00 ns, 128.1941 us/op
WorkloadPilot    7: 1024 op, 132551200.00 ns, 129.4445 us/op
WorkloadPilot    8: 2048 op, 264102400.00 ns, 128.9563 us/op
WorkloadPilot    9: 4096 op, 528212100.00 ns, 128.9580 us/op

OverheadWarmup   1: 4096 op, 16300.00 ns, 3.9795 ns/op
OverheadWarmup   2: 4096 op, 15600.00 ns, 3.8086 ns/op
OverheadWarmup   3: 4096 op, 15200.00 ns, 3.7109 ns/op
OverheadWarmup   4: 4096 op, 26700.00 ns, 6.5186 ns/op
OverheadWarmup   5: 4096 op, 15000.00 ns, 3.6621 ns/op
OverheadWarmup   6: 4096 op, 14900.00 ns, 3.6377 ns/op
OverheadWarmup   7: 4096 op, 15500.00 ns, 3.7842 ns/op
OverheadWarmup   8: 4096 op, 15100.00 ns, 3.6865 ns/op

OverheadActual   1: 4096 op, 15100.00 ns, 3.6865 ns/op
OverheadActual   2: 4096 op, 15100.00 ns, 3.6865 ns/op
OverheadActual   3: 4096 op, 15700.00 ns, 3.8330 ns/op
OverheadActual   4: 4096 op, 15200.00 ns, 3.7109 ns/op
OverheadActual   5: 4096 op, 15300.00 ns, 3.7354 ns/op
OverheadActual   6: 4096 op, 15100.00 ns, 3.6865 ns/op
OverheadActual   7: 4096 op, 14900.00 ns, 3.6377 ns/op
OverheadActual   8: 4096 op, 15000.00 ns, 3.6621 ns/op
OverheadActual   9: 4096 op, 15600.00 ns, 3.8086 ns/op
OverheadActual  10: 4096 op, 15000.00 ns, 3.6621 ns/op
OverheadActual  11: 4096 op, 15100.00 ns, 3.6865 ns/op
OverheadActual  12: 4096 op, 29300.00 ns, 7.1533 ns/op
OverheadActual  13: 4096 op, 15100.00 ns, 3.6865 ns/op
OverheadActual  14: 4096 op, 15200.00 ns, 3.7109 ns/op
OverheadActual  15: 4096 op, 15300.00 ns, 3.7354 ns/op

OverheadWarmup   1: 4096 op, 15300.00 ns, 3.7354 ns/op
OverheadWarmup   2: 4096 op, 15500.00 ns, 3.7842 ns/op
OverheadWarmup   3: 4096 op, 15000.00 ns, 3.6621 ns/op
OverheadWarmup   4: 4096 op, 15000.00 ns, 3.6621 ns/op
OverheadWarmup   5: 4096 op, 15200.00 ns, 3.7109 ns/op
OverheadWarmup   6: 4096 op, 15300.00 ns, 3.7354 ns/op

// BeforeActualRun
WorkloadActual   1: 4096 op, 541982200.00 ns, 132.3199 us/op
WorkloadActual   2: 4096 op, 520446000.00 ns, 127.0620 us/op
WorkloadActual   3: 4096 op, 518534600.00 ns, 126.5954 us/op
WorkloadActual   4: 4096 op, 522370800.00 ns, 127.5319 us/op
WorkloadActual   5: 4096 op, 519779800.00 ns, 126.8994 us/op
WorkloadActual   6: 4096 op, 522077700.00 ns, 127.4604 us/op
WorkloadActual   7: 4096 op, 532079000.00 ns, 129.9021 us/op
WorkloadActual   8: 4096 op, 525767900.00 ns, 128.3613 us/op
WorkloadActual   9: 4096 op, 524531300.00 ns, 128.0594 us/op
WorkloadActual  10: 4096 op, 522329900.00 ns, 127.5219 us/op
WorkloadActual  11: 4096 op, 526670400.00 ns, 128.5816 us/op
WorkloadActual  12: 4096 op, 523821000.00 ns, 127.8860 us/op
WorkloadActual  13: 4096 op, 528580900.00 ns, 129.0481 us/op
WorkloadActual  14: 4096 op, 525199400.00 ns, 128.2225 us/op
WorkloadActual  15: 4096 op, 528131900.00 ns, 128.9385 us/op

// AfterActualRun
WorkloadResult   1: 4096 op, 520430900.00 ns, 127.0583 us/op
WorkloadResult   2: 4096 op, 518519500.00 ns, 126.5917 us/op
WorkloadResult   3: 4096 op, 522355700.00 ns, 127.5282 us/op
WorkloadResult   4: 4096 op, 519764700.00 ns, 126.8957 us/op
WorkloadResult   5: 4096 op, 522062600.00 ns, 127.4567 us/op
WorkloadResult   6: 4096 op, 532063900.00 ns, 129.8984 us/op
WorkloadResult   7: 4096 op, 525752800.00 ns, 128.3576 us/op
WorkloadResult   8: 4096 op, 524516200.00 ns, 128.0557 us/op
WorkloadResult   9: 4096 op, 522314800.00 ns, 127.5183 us/op
WorkloadResult  10: 4096 op, 526655300.00 ns, 128.5780 us/op
WorkloadResult  11: 4096 op, 523805900.00 ns, 127.8823 us/op
WorkloadResult  12: 4096 op, 528565800.00 ns, 129.0444 us/op
WorkloadResult  13: 4096 op, 525184300.00 ns, 128.2188 us/op
WorkloadResult  14: 4096 op, 528116800.00 ns, 128.9348 us/op
// GC:  49 11 0 311525376 4096
// Threading:  0 0 4096

// AfterAll
// Benchmark Process 11888 has exited with code 0.

Mean = 128.001 μs, StdErr = 0.245 μs (0.19%), N = 14, StdDev = 0.917 μs
Min = 126.592 μs, Q1 = 127.472 μs, Median = 127.969 μs, Q3 = 128.523 μs, Max = 129.898 μs
IQR = 1.051 μs, LowerFence = 125.896 μs, UpperFence = 130.099 μs
ConfidenceInterval = [126.967 μs; 129.036 μs] (CI 99.9%), Margin = 1.035 μs (0.81% of Mean)
Skewness = 0.34, Kurtosis = 2.17, MValue = 2

// ** Remained 19 (79,2 %) benchmark(s) to run. Estimated finish 2026-03-17 9:08 (0h 10m from now) **
Setup power plan (GUID: 8c5e7fda-e8bf-4a96-9a85-a6e23a8c635c FriendlyName: Alto rendimiento)
// **************************
// Benchmark: MapearOrdenBenchmark.MapearPagoModel_Optimizado: DefaultJob
// *** Execute ***
// Launch: 1 / 1
// Execute: dotnet BenchmarkSuite1-DefaultJob-1.dll --anonymousPipes 1996 3824 --benchmarkName CapaDatos.Benchmarks.MapearOrdenBenchmark.MapearPagoModel_Optimizado --job Default --benchmarkId 5 in C:\AOCR\AOCR\AOCR05-01-2026\AOCR1\AOCR\BenchmarkSuite1\bin\Release\net9.0\BenchmarkSuite1-DefaultJob-1\bin\Release\net9.0
// BeforeAnythingElse

// Benchmark Process Environment Information:
// BenchmarkDotNet v0.15.2
// Runtime=.NET 9.0.14 (9.0.1426.11910), X64 RyuJIT AVX2
// GC=Concurrent Workstation
// HardwareIntrinsics=AVX2,AES,BMI1,BMI2,FMA,LZCNT,PCLMUL,POPCNT VectorSize=256
// Job: DefaultJob

OverheadJitting  1: 1 op, 3405300.00 ns, 3.4053 ms/op
WorkloadJitting  1: 1 op, 2065000.00 ns, 2.0650 ms/op

OverheadJitting  2: 16 op, 527700.00 ns, 32.9813 us/op
WorkloadJitting  2: 16 op, 9576800.00 ns, 598.5500 us/op

WorkloadPilot    1: 16 op, 8849800.00 ns, 553.1125 us/op
WorkloadPilot    2: 32 op, 17510000.00 ns, 547.1875 us/op
WorkloadPilot    3: 64 op, 35052000.00 ns, 547.6875 us/op
WorkloadPilot    4: 128 op, 67555000.00 ns, 527.7734 us/op
WorkloadPilot    5: 256 op, 84622600.00 ns, 330.5570 us/op
WorkloadPilot    6: 512 op, 39381500.00 ns, 76.9170 us/op
WorkloadPilot    7: 1024 op, 78462900.00 ns, 76.6239 us/op
WorkloadPilot    8: 2048 op, 156281800.00 ns, 76.3095 us/op
WorkloadPilot    9: 4096 op, 308537100.00 ns, 75.3264 us/op
WorkloadPilot   10: 8192 op, 602972100.00 ns, 73.6050 us/op

OverheadWarmup   1: 8192 op, 30500.00 ns, 3.7231 ns/op
OverheadWarmup   2: 8192 op, 29200.00 ns, 3.5645 ns/op
OverheadWarmup   3: 8192 op, 29100.00 ns, 3.5522 ns/op
OverheadWarmup   4: 8192 op, 29100.00 ns, 3.5522 ns/op
OverheadWarmup   5: 8192 op, 29100.00 ns, 3.5522 ns/op
OverheadWarmup   6: 8192 op, 29200.00 ns, 3.5645 ns/op
OverheadWarmup   7: 8192 op, 29000.00 ns, 3.5400 ns/op

OverheadActual   1: 8192 op, 34800.00 ns, 4.2480 ns/op
OverheadActual   2: 8192 op, 29900.00 ns, 3.6499 ns/op
OverheadActual   3: 8192 op, 29400.00 ns, 3.5889 ns/op
OverheadActual   4: 8192 op, 45100.00 ns, 5.5054 ns/op
OverheadActual   5: 8192 op, 29300.00 ns, 3.5767 ns/op
OverheadActual   6: 8192 op, 28700.00 ns, 3.5034 ns/op
OverheadActual   7: 8192 op, 28900.00 ns, 3.5278 ns/op
OverheadActual   8: 8192 op, 29200.00 ns, 3.5645 ns/op
OverheadActual   9: 8192 op, 29200.00 ns, 3.5645 ns/op
OverheadActual  10: 8192 op, 29800.00 ns, 3.6377 ns/op
OverheadActual  11: 8192 op, 28800.00 ns, 3.5156 ns/op
OverheadActual  12: 8192 op, 28700.00 ns, 3.5034 ns/op
OverheadActual  13: 8192 op, 29000.00 ns, 3.5400 ns/op
OverheadActual  14: 8192 op, 29000.00 ns, 3.5400 ns/op
OverheadActual  15: 8192 op, 28900.00 ns, 3.5278 ns/op

OverheadWarmup   1: 8192 op, 28800.00 ns, 3.5156 ns/op
OverheadWarmup   2: 8192 op, 29000.00 ns, 3.5400 ns/op
OverheadWarmup   3: 8192 op, 29600.00 ns, 3.6133 ns/op
OverheadWarmup   4: 8192 op, 29000.00 ns, 3.5400 ns/op
OverheadWarmup   5: 8192 op, 29200.00 ns, 3.5645 ns/op
OverheadWarmup   6: 8192 op, 28900.00 ns, 3.5278 ns/op

// BeforeActualRun
WorkloadActual   1: 8192 op, 615282700.00 ns, 75.1078 us/op
WorkloadActual   2: 8192 op, 610749600.00 ns, 74.5544 us/op
WorkloadActual   3: 8192 op, 611726000.00 ns, 74.6736 us/op
WorkloadActual   4: 8192 op, 614672600.00 ns, 75.0333 us/op
WorkloadActual   5: 8192 op, 609754300.00 ns, 74.4329 us/op
WorkloadActual   6: 8192 op, 606305500.00 ns, 74.0119 us/op
WorkloadActual   7: 8192 op, 663129300.00 ns, 80.9484 us/op
WorkloadActual   8: 8192 op, 617243200.00 ns, 75.3471 us/op
WorkloadActual   9: 8192 op, 608897400.00 ns, 74.3283 us/op
WorkloadActual  10: 8192 op, 610633000.00 ns, 74.5402 us/op
WorkloadActual  11: 8192 op, 609536000.00 ns, 74.4063 us/op
WorkloadActual  12: 8192 op, 618056100.00 ns, 75.4463 us/op
WorkloadActual  13: 8192 op, 608859100.00 ns, 74.3236 us/op
WorkloadActual  14: 8192 op, 604373000.00 ns, 73.7760 us/op
WorkloadActual  15: 8192 op, 609140500.00 ns, 74.3580 us/op

// AfterActualRun
WorkloadResult   1: 8192 op, 615253500.00 ns, 75.1042 us/op
WorkloadResult   2: 8192 op, 610720400.00 ns, 74.5508 us/op
WorkloadResult   3: 8192 op, 611696800.00 ns, 74.6700 us/op
WorkloadResult   4: 8192 op, 614643400.00 ns, 75.0297 us/op
WorkloadResult   5: 8192 op, 609725100.00 ns, 74.4293 us/op
WorkloadResult   6: 8192 op, 606276300.00 ns, 74.0083 us/op
WorkloadResult   7: 8192 op, 617214000.00 ns, 75.3435 us/op
WorkloadResult   8: 8192 op, 608868200.00 ns, 74.3247 us/op
WorkloadResult   9: 8192 op, 610603800.00 ns, 74.5366 us/op
WorkloadResult  10: 8192 op, 609506800.00 ns, 74.4027 us/op
WorkloadResult  11: 8192 op, 618026900.00 ns, 75.4427 us/op
WorkloadResult  12: 8192 op, 608829900.00 ns, 74.3201 us/op
WorkloadResult  13: 8192 op, 604343800.00 ns, 73.7724 us/op
WorkloadResult  14: 8192 op, 609111300.00 ns, 74.3544 us/op
// GC:  99 23 0 623050752 8192
// Threading:  0 0 8192

// AfterAll
// Benchmark Process 15812 has exited with code 0.

Mean = 74.592 μs, StdErr = 0.129 μs (0.17%), N = 14, StdDev = 0.483 μs
Min = 73.772 μs, Q1 = 74.332 μs, Median = 74.483 μs, Q3 = 74.940 μs, Max = 75.443 μs
IQR = 0.608 μs, LowerFence = 73.421 μs, UpperFence = 75.851 μs
ConfidenceInterval = [74.048 μs; 75.137 μs] (CI 99.9%), Margin = 0.545 μs (0.73% of Mean)
Skewness = 0.28, Kurtosis = 2.01, MValue = 2

// ** Remained 18 (75,0 %) benchmark(s) to run. Estimated finish 2026-03-17 9:07 (0h 8m from now) **
Setup power plan (GUID: 8c5e7fda-e8bf-4a96-9a85-a6e23a8c635c FriendlyName: Alto rendimiento)
// **************************
// Benchmark: MapearOrdenBenchmark.MapearPagoEntidad_Actual: DefaultJob
// *** Execute ***
// Launch: 1 / 1
// Execute: dotnet BenchmarkSuite1-DefaultJob-1.dll --anonymousPipes 1992 2000 --benchmarkName CapaDatos.Benchmarks.MapearOrdenBenchmark.MapearPagoEntidad_Actual --job Default --benchmarkId 6 in C:\AOCR\AOCR\AOCR05-01-2026\AOCR1\AOCR\BenchmarkSuite1\bin\Release\net9.0\BenchmarkSuite1-DefaultJob-1\bin\Release\net9.0
// BeforeAnythingElse

// Benchmark Process Environment Information:
// BenchmarkDotNet v0.15.2
// Runtime=.NET 9.0.14 (9.0.1426.11910), X64 RyuJIT AVX2
// GC=Concurrent Workstation
// HardwareIntrinsics=AVX2,AES,BMI1,BMI2,FMA,LZCNT,PCLMUL,POPCNT VectorSize=256
// Job: DefaultJob

OverheadJitting  1: 1 op, 177600.00 ns, 177.6000 us/op
WorkloadJitting  1: 1 op, 2418500.00 ns, 2.4185 ms/op

OverheadJitting  2: 16 op, 517000.00 ns, 32.3125 us/op
WorkloadJitting  2: 16 op, 13107000.00 ns, 819.1875 us/op

WorkloadPilot    1: 16 op, 12247700.00 ns, 765.4813 us/op
WorkloadPilot    2: 32 op, 24752000.00 ns, 773.5000 us/op
WorkloadPilot    3: 64 op, 48664500.00 ns, 760.3828 us/op
WorkloadPilot    4: 128 op, 95465300.00 ns, 745.8227 us/op
WorkloadPilot    5: 256 op, 57588600.00 ns, 224.9555 us/op
WorkloadPilot    6: 512 op, 54921800.00 ns, 107.2691 us/op
WorkloadPilot    7: 1024 op, 108109600.00 ns, 105.5758 us/op
WorkloadPilot    8: 2048 op, 217736500.00 ns, 106.3167 us/op
WorkloadPilot    9: 4096 op, 435280000.00 ns, 106.2695 us/op
WorkloadPilot   10: 8192 op, 851154800.00 ns, 103.9007 us/op

OverheadWarmup   1: 8192 op, 30700.00 ns, 3.7476 ns/op
OverheadWarmup   2: 8192 op, 29000.00 ns, 3.5400 ns/op
OverheadWarmup   3: 8192 op, 29500.00 ns, 3.6011 ns/op
OverheadWarmup   4: 8192 op, 29700.00 ns, 3.6255 ns/op
OverheadWarmup   5: 8192 op, 29700.00 ns, 3.6255 ns/op
OverheadWarmup   6: 8192 op, 30400.00 ns, 3.7109 ns/op
OverheadWarmup   7: 8192 op, 29700.00 ns, 3.6255 ns/op

OverheadActual   1: 8192 op, 29600.00 ns, 3.6133 ns/op
OverheadActual   2: 8192 op, 30300.00 ns, 3.6987 ns/op
OverheadActual   3: 8192 op, 29800.00 ns, 3.6377 ns/op
OverheadActual   4: 8192 op, 29500.00 ns, 3.6011 ns/op
OverheadActual   5: 8192 op, 29200.00 ns, 3.5645 ns/op
OverheadActual   6: 8192 op, 30500.00 ns, 3.7231 ns/op
OverheadActual   7: 8192 op, 42200.00 ns, 5.1514 ns/op
OverheadActual   8: 8192 op, 29900.00 ns, 3.6499 ns/op
OverheadActual   9: 8192 op, 29900.00 ns, 3.6499 ns/op
OverheadActual  10: 8192 op, 30500.00 ns, 3.7231 ns/op
OverheadActual  11: 8192 op, 29700.00 ns, 3.6255 ns/op
OverheadActual  12: 8192 op, 30500.00 ns, 3.7231 ns/op
OverheadActual  13: 8192 op, 29500.00 ns, 3.6011 ns/op
OverheadActual  14: 8192 op, 29700.00 ns, 3.6255 ns/op
OverheadActual  15: 8192 op, 29800.00 ns, 3.6377 ns/op

OverheadWarmup   1: 8192 op, 29700.00 ns, 3.6255 ns/op
OverheadWarmup   2: 8192 op, 29700.00 ns, 3.6255 ns/op
OverheadWarmup   3: 8192 op, 29900.00 ns, 3.6499 ns/op
OverheadWarmup   4: 8192 op, 29800.00 ns, 3.6377 ns/op
OverheadWarmup   5: 8192 op, 29800.00 ns, 3.6377 ns/op
OverheadWarmup   6: 8192 op, 29400.00 ns, 3.5889 ns/op

// BeforeActualRun
WorkloadActual   1: 8192 op, 898632800.00 ns, 109.6964 us/op
WorkloadActual   2: 8192 op, 878568100.00 ns, 107.2471 us/op
WorkloadActual   3: 8192 op, 872451700.00 ns, 106.5005 us/op
Successfully reverted power plan (GUID: 611cfc0b-4a76-421d-8fec-f3efc102b093 FriendlyName: Lenovo Default)
