// Validating benchmarks:
// ***** BenchmarkRunner: Start   *****
// ***** Found 2 benchmark(s) in total *****
// ***** Building 1 exe(s) in Parallel: Start   *****
// start dotnet  restore /p:UseSharedCompilation=false /p:BuildInParallel=false /m:1 /p:Deterministic=true /p:Optimize=true /p:ArtifactsPath="C:\AOCR\AOCR\AOCR05-01-2026\AOCR1\AOCR\BenchmarkSuite1\bin\Release\net9.0\BenchmarkSuite1-DefaultJob-1/" /p:OutDir="C:\AOCR\AOCR\AOCR05-01-2026\AOCR1\AOCR\BenchmarkSuite1\bin\Release\net9.0\BenchmarkSuite1-DefaultJob-1\bin\Release\net9.0/" /p:OutputPath="C:\AOCR\AOCR\AOCR05-01-2026\AOCR1\AOCR\BenchmarkSuite1\bin\Release\net9.0\BenchmarkSuite1-DefaultJob-1\bin\Release\net9.0/" /p:PublishDir="C:\AOCR\AOCR\AOCR05-01-2026\AOCR1\AOCR\BenchmarkSuite1\bin\Release\net9.0\BenchmarkSuite1-DefaultJob-1\publish/" in C:\AOCR\AOCR\AOCR05-01-2026\AOCR1\AOCR\BenchmarkSuite1\bin\Release\net9.0\BenchmarkSuite1-DefaultJob-1
// command took 1.87 sec and exited with 0
// start dotnet  build -c Release --no-restore /p:UseSharedCompilation=false /p:BuildInParallel=false /m:1 /p:Deterministic=true /p:Optimize=true /p:ArtifactsPath="C:\AOCR\AOCR\AOCR05-01-2026\AOCR1\AOCR\BenchmarkSuite1\bin\Release\net9.0\BenchmarkSuite1-DefaultJob-1/" /p:OutDir="C:\AOCR\AOCR\AOCR05-01-2026\AOCR1\AOCR\BenchmarkSuite1\bin\Release\net9.0\BenchmarkSuite1-DefaultJob-1\bin\Release\net9.0/" /p:OutputPath="C:\AOCR\AOCR\AOCR05-01-2026\AOCR1\AOCR\BenchmarkSuite1\bin\Release\net9.0\BenchmarkSuite1-DefaultJob-1\bin\Release\net9.0/" /p:PublishDir="C:\AOCR\AOCR\AOCR05-01-2026\AOCR1\AOCR\BenchmarkSuite1\bin\Release\net9.0\BenchmarkSuite1-DefaultJob-1\publish/" --output "C:\AOCR\AOCR\AOCR05-01-2026\AOCR1\AOCR\BenchmarkSuite1\bin\Release\net9.0\BenchmarkSuite1-DefaultJob-1\bin\Release\net9.0/" in C:\AOCR\AOCR\AOCR05-01-2026\AOCR1\AOCR\BenchmarkSuite1\bin\Release\net9.0\BenchmarkSuite1-DefaultJob-1
// command took 6.13 sec and exited with 0
// ***** Done, took 00:00:08 (8.42 sec)   *****
// Found 2 benchmarks:
//   MapearOrdenBenchmark.MapearOrden_Actual: DefaultJob
//   MapearOrdenBenchmark.MapearOrden_Optimizado: DefaultJob

Setup power plan (GUID: 8c5e7fda-e8bf-4a96-9a85-a6e23a8c635c FriendlyName: Alto rendimiento)
// **************************
// Benchmark: MapearOrdenBenchmark.MapearOrden_Actual: DefaultJob
// *** Execute ***
// Launch: 1 / 1
// Execute: dotnet BenchmarkSuite1-DefaultJob-1.dll --anonymousPipes 3664 3720 --benchmarkName CapaDatos.Benchmarks.MapearOrdenBenchmark.MapearOrden_Actual --job Default --benchmarkId 0 in C:\AOCR\AOCR\AOCR05-01-2026\AOCR1\AOCR\BenchmarkSuite1\bin\Release\net9.0\BenchmarkSuite1-DefaultJob-1\bin\Release\net9.0
// BeforeAnythingElse

// Benchmark Process Environment Information:
// BenchmarkDotNet v0.15.2
// Runtime=.NET 9.0.14 (9.0.1426.11910), X64 RyuJIT AVX2
// GC=Concurrent Workstation
// HardwareIntrinsics=AVX2,AES,BMI1,BMI2,FMA,LZCNT,PCLMUL,POPCNT VectorSize=256
// Job: DefaultJob

OverheadJitting  1: 1 op, 178800.00 ns, 178.8000 us/op
WorkloadJitting  1: 1 op, 3600600.00 ns, 3.6006 ms/op

OverheadJitting  2: 16 op, 502700.00 ns, 31.4188 us/op
WorkloadJitting  2: 16 op, 21952200.00 ns, 1.3720 ms/op

WorkloadPilot    1: 16 op, 20704200.00 ns, 1.2940 ms/op
WorkloadPilot    2: 32 op, 43569000.00 ns, 1.3615 ms/op
WorkloadPilot    3: 64 op, 84176300.00 ns, 1.3153 ms/op
WorkloadPilot    4: 128 op, 73470200.00 ns, 573.9859 us/op
WorkloadPilot    5: 256 op, 44428100.00 ns, 173.5473 us/op
WorkloadPilot    6: 512 op, 91085900.00 ns, 177.9021 us/op
WorkloadPilot    7: 1024 op, 178916500.00 ns, 174.7231 us/op
WorkloadPilot    8: 2048 op, 355418300.00 ns, 173.5441 us/op
WorkloadPilot    9: 4096 op, 705957700.00 ns, 172.3530 us/op

OverheadWarmup   1: 4096 op, 18700.00 ns, 4.5654 ns/op
OverheadWarmup   2: 4096 op, 14500.00 ns, 3.5400 ns/op
OverheadWarmup   3: 4096 op, 14400.00 ns, 3.5156 ns/op
OverheadWarmup   4: 4096 op, 14500.00 ns, 3.5400 ns/op
OverheadWarmup   5: 4096 op, 14600.00 ns, 3.5645 ns/op
OverheadWarmup   6: 4096 op, 14500.00 ns, 3.5400 ns/op
OverheadWarmup   7: 4096 op, 14600.00 ns, 3.5645 ns/op
OverheadWarmup   8: 4096 op, 14500.00 ns, 3.5400 ns/op

OverheadActual   1: 4096 op, 14500.00 ns, 3.5400 ns/op
OverheadActual   2: 4096 op, 14400.00 ns, 3.5156 ns/op
OverheadActual   3: 4096 op, 14700.00 ns, 3.5889 ns/op
OverheadActual   4: 4096 op, 14500.00 ns, 3.5400 ns/op
OverheadActual   5: 4096 op, 14500.00 ns, 3.5400 ns/op
OverheadActual   6: 4096 op, 14500.00 ns, 3.5400 ns/op
OverheadActual   7: 4096 op, 14600.00 ns, 3.5645 ns/op
OverheadActual   8: 4096 op, 14500.00 ns, 3.5400 ns/op
OverheadActual   9: 4096 op, 15100.00 ns, 3.6865 ns/op
OverheadActual  10: 4096 op, 16000.00 ns, 3.9063 ns/op
OverheadActual  11: 4096 op, 14600.00 ns, 3.5645 ns/op
OverheadActual  12: 4096 op, 14700.00 ns, 3.5889 ns/op
OverheadActual  13: 4096 op, 15000.00 ns, 3.6621 ns/op
OverheadActual  14: 4096 op, 14400.00 ns, 3.5156 ns/op
OverheadActual  15: 4096 op, 14600.00 ns, 3.5645 ns/op

OverheadWarmup   1: 4096 op, 14500.00 ns, 3.5400 ns/op
OverheadWarmup   2: 4096 op, 14400.00 ns, 3.5156 ns/op
OverheadWarmup   3: 4096 op, 14400.00 ns, 3.5156 ns/op
OverheadWarmup   4: 4096 op, 14600.00 ns, 3.5645 ns/op
OverheadWarmup   5: 4096 op, 14500.00 ns, 3.5400 ns/op
OverheadWarmup   6: 4096 op, 14400.00 ns, 3.5156 ns/op
OverheadWarmup   7: 4096 op, 14500.00 ns, 3.5400 ns/op

// BeforeActualRun
WorkloadActual   1: 4096 op, 739110800.00 ns, 180.4470 us/op
WorkloadActual   2: 4096 op, 717689100.00 ns, 175.2171 us/op
WorkloadActual   3: 4096 op, 714763700.00 ns, 174.5029 us/op
WorkloadActual   4: 4096 op, 708463300.00 ns, 172.9647 us/op
WorkloadActual   5: 4096 op, 724968300.00 ns, 176.9942 us/op
WorkloadActual   6: 4096 op, 710607100.00 ns, 173.4881 us/op
WorkloadActual   7: 4096 op, 710544600.00 ns, 173.4728 us/op
WorkloadActual   8: 4096 op, 714796100.00 ns, 174.5108 us/op
WorkloadActual   9: 4096 op, 714907900.00 ns, 174.5381 us/op
WorkloadActual  10: 4096 op, 719033100.00 ns, 175.5452 us/op
WorkloadActual  11: 4096 op, 731797200.00 ns, 178.6614 us/op
WorkloadActual  12: 4096 op, 714369900.00 ns, 174.4067 us/op
WorkloadActual  13: 4096 op, 706862100.00 ns, 172.5738 us/op
WorkloadActual  14: 4096 op, 721354600.00 ns, 176.1120 us/op
WorkloadActual  15: 4096 op, 710317500.00 ns, 173.4174 us/op

// AfterActualRun
WorkloadResult   1: 4096 op, 717674500.00 ns, 175.2135 us/op
WorkloadResult   2: 4096 op, 714749100.00 ns, 174.4993 us/op
WorkloadResult   3: 4096 op, 708448700.00 ns, 172.9611 us/op
WorkloadResult   4: 4096 op, 724953700.00 ns, 176.9906 us/op
WorkloadResult   5: 4096 op, 710592500.00 ns, 173.4845 us/op
WorkloadResult   6: 4096 op, 710530000.00 ns, 173.4692 us/op
WorkloadResult   7: 4096 op, 714781500.00 ns, 174.5072 us/op
WorkloadResult   8: 4096 op, 714893300.00 ns, 174.5345 us/op
WorkloadResult   9: 4096 op, 719018500.00 ns, 175.5416 us/op
WorkloadResult  10: 4096 op, 731782600.00 ns, 178.6579 us/op
WorkloadResult  11: 4096 op, 714355300.00 ns, 174.4031 us/op
WorkloadResult  12: 4096 op, 706847500.00 ns, 172.5702 us/op
WorkloadResult  13: 4096 op, 721340000.00 ns, 176.1084 us/op
WorkloadResult  14: 4096 op, 710302900.00 ns, 173.4138 us/op
// GC:  67 19 0 426213376 4096
// Threading:  0 0 4096

// AfterAll
// Benchmark Process 22668 has exited with code 0.

Mean = 174.740 μs, StdErr = 0.446 μs (0.26%), N = 14, StdDev = 1.670 μs
Min = 172.570 μs, Q1 = 173.473 μs, Median = 174.503 μs, Q3 = 175.460 μs, Max = 178.658 μs
IQR = 1.987 μs, LowerFence = 170.493 μs, UpperFence = 178.439 μs
ConfidenceInterval = [172.856 μs; 176.623 μs] (CI 99.9%), Margin = 1.884 μs (1.08% of Mean)
Skewness = 0.81, Kurtosis = 2.81, MValue = 2

// ** Remained 1 (50,0 %) benchmark(s) to run. Estimated finish 2026-03-16 16:00 (0h 0m from now) **
Setup power plan (GUID: 8c5e7fda-e8bf-4a96-9a85-a6e23a8c635c FriendlyName: Alto rendimiento)
// **************************
// Benchmark: MapearOrdenBenchmark.MapearOrden_Optimizado: DefaultJob
// *** Execute ***
// Launch: 1 / 1
// Execute: dotnet BenchmarkSuite1-DefaultJob-1.dll --anonymousPipes 7840 2956 --benchmarkName CapaDatos.Benchmarks.MapearOrdenBenchmark.MapearOrden_Optimizado --job Default --benchmarkId 1 in C:\AOCR\AOCR\AOCR05-01-2026\AOCR1\AOCR\BenchmarkSuite1\bin\Release\net9.0\BenchmarkSuite1-DefaultJob-1\bin\Release\net9.0
// BeforeAnythingElse

// Benchmark Process Environment Information:
// BenchmarkDotNet v0.15.2
// Runtime=.NET 9.0.14 (9.0.1426.11910), X64 RyuJIT AVX2
// GC=Concurrent Workstation
// HardwareIntrinsics=AVX2,AES,BMI1,BMI2,FMA,LZCNT,PCLMUL,POPCNT VectorSize=256
// Job: DefaultJob

OverheadJitting  1: 1 op, 181500.00 ns, 181.5000 us/op
WorkloadJitting  1: 1 op, 2536800.00 ns, 2.5368 ms/op

OverheadJitting  2: 16 op, 490600.00 ns, 30.6625 us/op
WorkloadJitting  2: 16 op, 14548100.00 ns, 909.2563 us/op

WorkloadPilot    1: 16 op, 13276700.00 ns, 829.7938 us/op
WorkloadPilot    2: 32 op, 27710900.00 ns, 865.9656 us/op
WorkloadPilot    3: 64 op, 57405600.00 ns, 896.9625 us/op
WorkloadPilot    4: 128 op, 102748600.00 ns, 802.7234 us/op
WorkloadPilot    5: 256 op, 33347600.00 ns, 130.2641 us/op
WorkloadPilot    6: 512 op, 46960600.00 ns, 91.7199 us/op
WorkloadPilot    7: 1024 op, 94584800.00 ns, 92.3680 us/op
WorkloadPilot    8: 2048 op, 190383000.00 ns, 92.9604 us/op
WorkloadPilot    9: 4096 op, 378187000.00 ns, 92.3308 us/op
WorkloadPilot   10: 8192 op, 748865600.00 ns, 91.4143 us/op

OverheadWarmup   1: 8192 op, 31200.00 ns, 3.8086 ns/op
OverheadWarmup   2: 8192 op, 28900.00 ns, 3.5278 ns/op
OverheadWarmup   3: 8192 op, 29000.00 ns, 3.5400 ns/op
OverheadWarmup   4: 8192 op, 29100.00 ns, 3.5522 ns/op
OverheadWarmup   5: 8192 op, 28900.00 ns, 3.5278 ns/op
OverheadWarmup   6: 8192 op, 29200.00 ns, 3.5645 ns/op
OverheadWarmup   7: 8192 op, 28800.00 ns, 3.5156 ns/op

OverheadActual   1: 8192 op, 28900.00 ns, 3.5278 ns/op
OverheadActual   2: 8192 op, 29200.00 ns, 3.5645 ns/op
OverheadActual   3: 8192 op, 28600.00 ns, 3.4912 ns/op
OverheadActual   4: 8192 op, 29100.00 ns, 3.5522 ns/op
OverheadActual   5: 8192 op, 28700.00 ns, 3.5034 ns/op
OverheadActual   6: 8192 op, 28900.00 ns, 3.5278 ns/op
OverheadActual   7: 8192 op, 28900.00 ns, 3.5278 ns/op
OverheadActual   8: 8192 op, 29200.00 ns, 3.5645 ns/op
OverheadActual   9: 8192 op, 28900.00 ns, 3.5278 ns/op
OverheadActual  10: 8192 op, 29400.00 ns, 3.5889 ns/op
OverheadActual  11: 8192 op, 28800.00 ns, 3.5156 ns/op
OverheadActual  12: 8192 op, 30300.00 ns, 3.6987 ns/op
OverheadActual  13: 8192 op, 29200.00 ns, 3.5645 ns/op
OverheadActual  14: 8192 op, 41200.00 ns, 5.0293 ns/op
OverheadActual  15: 8192 op, 29500.00 ns, 3.6011 ns/op

OverheadWarmup   1: 8192 op, 28700.00 ns, 3.5034 ns/op
OverheadWarmup   2: 8192 op, 29000.00 ns, 3.5400 ns/op
OverheadWarmup   3: 8192 op, 29500.00 ns, 3.6011 ns/op
OverheadWarmup   4: 8192 op, 29300.00 ns, 3.5767 ns/op
OverheadWarmup   5: 8192 op, 29000.00 ns, 3.5400 ns/op
OverheadWarmup   6: 8192 op, 29100.00 ns, 3.5522 ns/op
OverheadWarmup   7: 8192 op, 43700.00 ns, 5.3345 ns/op
OverheadWarmup   8: 8192 op, 29000.00 ns, 3.5400 ns/op

// BeforeActualRun
WorkloadActual   1: 8192 op, 765612600.00 ns, 93.4586 us/op
WorkloadActual   2: 8192 op, 765910800.00 ns, 93.4950 us/op
WorkloadActual   3: 8192 op, 763696800.00 ns, 93.2247 us/op
WorkloadActual   4: 8192 op, 770594800.00 ns, 94.0667 us/op
WorkloadActual   5: 8192 op, 763291100.00 ns, 93.1752 us/op
WorkloadActual   6: 8192 op, 762368800.00 ns, 93.0626 us/op
WorkloadActual   7: 8192 op, 757241200.00 ns, 92.4367 us/op
WorkloadActual   8: 8192 op, 758351500.00 ns, 92.5722 us/op
WorkloadActual   9: 8192 op, 773677000.00 ns, 94.4430 us/op
WorkloadActual  10: 8192 op, 806408200.00 ns, 98.4385 us/op
WorkloadActual  11: 8192 op, 777166700.00 ns, 94.8690 us/op
WorkloadActual  12: 8192 op, 768164800.00 ns, 93.7701 us/op
WorkloadActual  13: 8192 op, 770435600.00 ns, 94.0473 us/op
WorkloadActual  14: 8192 op, 764564400.00 ns, 93.3306 us/op
WorkloadActual  15: 8192 op, 771671100.00 ns, 94.1981 us/op

// AfterActualRun
WorkloadResult   1: 8192 op, 765583500.00 ns, 93.4550 us/op
WorkloadResult   2: 8192 op, 765881700.00 ns, 93.4914 us/op
WorkloadResult   3: 8192 op, 763667700.00 ns, 93.2212 us/op
WorkloadResult   4: 8192 op, 770565700.00 ns, 94.0632 us/op
WorkloadResult   5: 8192 op, 763262000.00 ns, 93.1716 us/op
WorkloadResult   6: 8192 op, 762339700.00 ns, 93.0590 us/op
WorkloadResult   7: 8192 op, 757212100.00 ns, 92.4331 us/op
WorkloadResult   8: 8192 op, 758322400.00 ns, 92.5687 us/op
WorkloadResult   9: 8192 op, 773647900.00 ns, 94.4394 us/op
WorkloadResult  10: 8192 op, 777137600.00 ns, 94.8654 us/op
WorkloadResult  11: 8192 op, 768135700.00 ns, 93.7666 us/op
WorkloadResult  12: 8192 op, 770406500.00 ns, 94.0438 us/op
WorkloadResult  13: 8192 op, 764535300.00 ns, 93.3271 us/op
WorkloadResult  14: 8192 op, 771642000.00 ns, 94.1946 us/op
// GC:  135 38 0 852426752 8192
// Threading:  0 0 8192

// AfterAll
// Benchmark Process 20712 has exited with code 0.

Mean = 93.579 μs, StdErr = 0.185 μs (0.20%), N = 14, StdDev = 0.693 μs
Min = 92.433 μs, Q1 = 93.184 μs, Median = 93.473 μs, Q3 = 94.058 μs, Max = 94.865 μs
IQR = 0.874 μs, LowerFence = 91.873 μs, UpperFence = 95.370 μs
ConfidenceInterval = [92.797 μs; 94.360 μs] (CI 99.9%), Margin = 0.782 μs (0.84% of Mean)
Skewness = 0.09, Kurtosis = 1.99, MValue = 2

// ** Remained 0 (0,0 %) benchmark(s) to run. Estimated finish 2026-03-16 16:00 (0h 0m from now) **
Successfully reverted power plan (GUID: 611cfc0b-4a76-421d-8fec-f3efc102b093 FriendlyName: Lenovo Default)
// ***** BenchmarkRunner: Finish  *****

// * Export *
  BenchmarkDotNet.Artifacts\results\CapaDatos.Benchmarks.MapearOrdenBenchmark-report.csv
  BenchmarkDotNet.Artifacts\results\CapaDatos.Benchmarks.MapearOrdenBenchmark-report-github.md
  BenchmarkDotNet.Artifacts\results\CapaDatos.Benchmarks.MapearOrdenBenchmark-report.html

// * Detailed results *
MapearOrdenBenchmark.MapearOrden_Actual: DefaultJob
Runtime = .NET 9.0.14 (9.0.1426.11910), X64 RyuJIT AVX2; GC = Concurrent Workstation
Mean = 174.740 μs, StdErr = 0.446 μs (0.26%), N = 14, StdDev = 1.670 μs
Min = 172.570 μs, Q1 = 173.473 μs, Median = 174.503 μs, Q3 = 175.460 μs, Max = 178.658 μs
IQR = 1.987 μs, LowerFence = 170.493 μs, UpperFence = 178.439 μs
ConfidenceInterval = [172.856 μs; 176.623 μs] (CI 99.9%), Margin = 1.884 μs (1.08% of Mean)
Skewness = 0.81, Kurtosis = 2.81, MValue = 2
-------------------- Histogram --------------------
[172.010 μs ; 179.567 μs) | @@@@@@@@@@@@@@
---------------------------------------------------

MapearOrdenBenchmark.MapearOrden_Optimizado: DefaultJob
Runtime = .NET 9.0.14 (9.0.1426.11910), X64 RyuJIT AVX2; GC = Concurrent Workstation
Mean = 93.579 μs, StdErr = 0.185 μs (0.20%), N = 14, StdDev = 0.693 μs
Min = 92.433 μs, Q1 = 93.184 μs, Median = 93.473 μs, Q3 = 94.058 μs, Max = 94.865 μs
IQR = 0.874 μs, LowerFence = 91.873 μs, UpperFence = 95.370 μs
ConfidenceInterval = [92.797 μs; 94.360 μs] (CI 99.9%), Margin = 0.782 μs (0.84% of Mean)
Skewness = 0.09, Kurtosis = 1.99, MValue = 2
-------------------- Histogram --------------------
[92.056 μs ; 95.243 μs) | @@@@@@@@@@@@@@
---------------------------------------------------

// * Summary *

BenchmarkDotNet v0.15.2, Windows 11 (10.0.26200.8037)
Intel Core i7-8700 CPU 3.20GHz (Max: 3.19GHz) (Coffee Lake), 1 CPU, 12 logical and 6 physical cores
.NET SDK 9.0.312
  [Host]     : .NET 9.0.14 (9.0.1426.11910), X64 RyuJIT AVX2
  DefaultJob : .NET 9.0.14 (9.0.1426.11910), X64 RyuJIT AVX2


| Method                 | Mean      | Error    | StdDev   | Ratio | Alloc Ratio |
|----------------------- |----------:|---------:|---------:|------:|------------:|
| MapearOrden_Actual     | 174.74 μs | 1.884 μs | 1.670 μs |  1.00 |          NA |
| MapearOrden_Optimizado |  93.58 μs | 0.782 μs | 0.693 μs |  0.54 |          NA |

// * Hints *
Outliers
  MapearOrdenBenchmark.MapearOrden_Actual: Default     -> 1 outlier  was  removed (180.45 μs)
  MapearOrdenBenchmark.MapearOrden_Optimizado: Default -> 1 outlier  was  removed (98.44 μs)

// * Legends *
  Mean        : Arithmetic mean of all measurements
  Error       : Half of 99.9% confidence interval
  StdDev      : Standard deviation of all measurements
  Ratio       : Mean of the ratio distribution ([Current]/[Baseline])
  Alloc Ratio : Allocated memory ratio distribution ([Current]/[Baseline])
  1 μs        : 1 Microsecond (0.000001 sec)

// * Diagnostic Output - CPUUsageDiagnoser *
Saving diagsession as a file. This may take a moment...
Exported diagsession file: C:\AOCR\AOCR\AOCR05-01-2026\AOCR1\AOCR\BenchmarkSuite1\BenchmarkDotNet.Artifacts\BenchmarkDotNet_MapearOrdenBenchmark_20260316_160034.diagsession.
Opening diagsession in VisualStudio: 17652


// ***** BenchmarkRunner: End *****
Run time: 00:00:41 (41.47 sec), executed benchmarks: 2

Global total time: 00:01:00 (60.28 sec), executed benchmarks: 2
// * Artifacts cleanup *
Artifacts cleanup is finished
