// Validating benchmarks:
// ***** BenchmarkRunner: Start   *****
// ***** Found 8 benchmark(s) in total *****
// ***** Building 1 exe(s) in Parallel: Start   *****
// start dotnet  restore /p:UseSharedCompilation=false /p:BuildInParallel=false /m:1 /p:Deterministic=true /p:Optimize=true /p:ArtifactsPath="C:\AOCR\AOCR\AOCR05-01-2026\AOCR1\AOCR\BenchmarkSuite1\bin\Release\net9.0\BenchmarkSuite1-DefaultJob-1/" /p:OutDir="C:\AOCR\AOCR\AOCR05-01-2026\AOCR1\AOCR\BenchmarkSuite1\bin\Release\net9.0\BenchmarkSuite1-DefaultJob-1\bin\Release\net9.0/" /p:OutputPath="C:\AOCR\AOCR\AOCR05-01-2026\AOCR1\AOCR\BenchmarkSuite1\bin\Release\net9.0\BenchmarkSuite1-DefaultJob-1\bin\Release\net9.0/" /p:PublishDir="C:\AOCR\AOCR\AOCR05-01-2026\AOCR1\AOCR\BenchmarkSuite1\bin\Release\net9.0\BenchmarkSuite1-DefaultJob-1\publish/" in C:\AOCR\AOCR\AOCR05-01-2026\AOCR1\AOCR\BenchmarkSuite1\bin\Release\net9.0\BenchmarkSuite1-DefaultJob-1
// command took 1.02 sec and exited with 0
// start dotnet  build -c Release --no-restore /p:UseSharedCompilation=false /p:BuildInParallel=false /m:1 /p:Deterministic=true /p:Optimize=true /p:ArtifactsPath="C:\AOCR\AOCR\AOCR05-01-2026\AOCR1\AOCR\BenchmarkSuite1\bin\Release\net9.0\BenchmarkSuite1-DefaultJob-1/" /p:OutDir="C:\AOCR\AOCR\AOCR05-01-2026\AOCR1\AOCR\BenchmarkSuite1\bin\Release\net9.0\BenchmarkSuite1-DefaultJob-1\bin\Release\net9.0/" /p:OutputPath="C:\AOCR\AOCR\AOCR05-01-2026\AOCR1\AOCR\BenchmarkSuite1\bin\Release\net9.0\BenchmarkSuite1-DefaultJob-1\bin\Release\net9.0/" /p:PublishDir="C:\AOCR\AOCR\AOCR05-01-2026\AOCR1\AOCR\BenchmarkSuite1\bin\Release\net9.0\BenchmarkSuite1-DefaultJob-1\publish/" --output "C:\AOCR\AOCR\AOCR05-01-2026\AOCR1\AOCR\BenchmarkSuite1\bin\Release\net9.0\BenchmarkSuite1-DefaultJob-1\bin\Release\net9.0/" in C:\AOCR\AOCR\AOCR05-01-2026\AOCR1\AOCR\BenchmarkSuite1\bin\Release\net9.0\BenchmarkSuite1-DefaultJob-1
// command took 5.69 sec and exited with 0
// ***** Done, took 00:00:07 (7.07 sec)   *****
// Found 8 benchmarks:
//   MapearOrdenBenchmark.MapearOrden_Actual: DefaultJob
//   MapearOrdenBenchmark.MapearOrden_Optimizado: DefaultJob
//   MapearOrdenBenchmark.MapearDetalle_Actual: DefaultJob
//   MapearOrdenBenchmark.MapearDetalle_Optimizado: DefaultJob
//   MapearOrdenBenchmark.MapearPagoModel_Actual: DefaultJob
//   MapearOrdenBenchmark.MapearPagoModel_Optimizado: DefaultJob
//   MapearOrdenBenchmark.MapearPagoEntidad_Actual: DefaultJob
//   MapearOrdenBenchmark.MapearPagoEntidad_Optimizado: DefaultJob

Setup power plan (GUID: 8c5e7fda-e8bf-4a96-9a85-a6e23a8c635c FriendlyName: Alto rendimiento)
// **************************
// Benchmark: MapearOrdenBenchmark.MapearOrden_Actual: DefaultJob
// *** Execute ***
// Launch: 1 / 1
// Execute: dotnet BenchmarkSuite1-DefaultJob-1.dll --anonymousPipes 8612 4324 --benchmarkName CapaDatos.Benchmarks.MapearOrdenBenchmark.MapearOrden_Actual --job Default --benchmarkId 0 in C:\AOCR\AOCR\AOCR05-01-2026\AOCR1\AOCR\BenchmarkSuite1\bin\Release\net9.0\BenchmarkSuite1-DefaultJob-1\bin\Release\net9.0
// BeforeAnythingElse

// Benchmark Process Environment Information:
// BenchmarkDotNet v0.15.2
// Runtime=.NET 9.0.14 (9.0.1426.11910), X64 RyuJIT AVX2
// GC=Concurrent Workstation
// HardwareIntrinsics=AVX2,AES,BMI1,BMI2,FMA,LZCNT,PCLMUL,POPCNT VectorSize=256
// Job: DefaultJob

OverheadJitting  1: 1 op, 176800.00 ns, 176.8000 us/op
WorkloadJitting  1: 1 op, 3353900.00 ns, 3.3539 ms/op

OverheadJitting  2: 16 op, 484300.00 ns, 30.2688 us/op
WorkloadJitting  2: 16 op, 21379300.00 ns, 1.3362 ms/op

WorkloadPilot    1: 16 op, 20831000.00 ns, 1.3019 ms/op
WorkloadPilot    2: 32 op, 40836300.00 ns, 1.2761 ms/op
WorkloadPilot    3: 64 op, 84519500.00 ns, 1.3206 ms/op
WorkloadPilot    4: 128 op, 54277700.00 ns, 424.0445 us/op
WorkloadPilot    5: 256 op, 45868500.00 ns, 179.1738 us/op
WorkloadPilot    6: 512 op, 93250900.00 ns, 182.1307 us/op
WorkloadPilot    7: 1024 op, 185259000.00 ns, 180.9170 us/op
WorkloadPilot    8: 2048 op, 367502300.00 ns, 179.4445 us/op
WorkloadPilot    9: 4096 op, 736741100.00 ns, 179.8684 us/op

OverheadWarmup   1: 4096 op, 16000.00 ns, 3.9063 ns/op
OverheadWarmup   2: 4096 op, 14800.00 ns, 3.6133 ns/op
OverheadWarmup   3: 4096 op, 14800.00 ns, 3.6133 ns/op
OverheadWarmup   4: 4096 op, 14800.00 ns, 3.6133 ns/op
OverheadWarmup   5: 4096 op, 14800.00 ns, 3.6133 ns/op
OverheadWarmup   6: 4096 op, 15200.00 ns, 3.7109 ns/op

OverheadActual   1: 4096 op, 14900.00 ns, 3.6377 ns/op
OverheadActual   2: 4096 op, 14900.00 ns, 3.6377 ns/op
OverheadActual   3: 4096 op, 14700.00 ns, 3.5889 ns/op
OverheadActual   4: 4096 op, 14800.00 ns, 3.6133 ns/op
OverheadActual   5: 4096 op, 14800.00 ns, 3.6133 ns/op
OverheadActual   6: 4096 op, 14700.00 ns, 3.5889 ns/op
OverheadActual   7: 4096 op, 14700.00 ns, 3.5889 ns/op
OverheadActual   8: 4096 op, 14800.00 ns, 3.6133 ns/op
OverheadActual   9: 4096 op, 14800.00 ns, 3.6133 ns/op
OverheadActual  10: 4096 op, 14700.00 ns, 3.5889 ns/op
OverheadActual  11: 4096 op, 15900.00 ns, 3.8818 ns/op
OverheadActual  12: 4096 op, 14800.00 ns, 3.6133 ns/op
OverheadActual  13: 4096 op, 14800.00 ns, 3.6133 ns/op
OverheadActual  14: 4096 op, 14600.00 ns, 3.5645 ns/op
OverheadActual  15: 4096 op, 14900.00 ns, 3.6377 ns/op

OverheadWarmup   1: 4096 op, 15100.00 ns, 3.6865 ns/op
OverheadWarmup   2: 4096 op, 14700.00 ns, 3.5889 ns/op
OverheadWarmup   3: 4096 op, 14800.00 ns, 3.6133 ns/op
OverheadWarmup   4: 4096 op, 14900.00 ns, 3.6377 ns/op
OverheadWarmup   5: 4096 op, 14800.00 ns, 3.6133 ns/op
OverheadWarmup   6: 4096 op, 15000.00 ns, 3.6621 ns/op
OverheadWarmup   7: 4096 op, 14800.00 ns, 3.6133 ns/op

// BeforeActualRun
WorkloadActual   1: 4096 op, 746042100.00 ns, 182.1392 us/op
WorkloadActual   2: 4096 op, 738140000.00 ns, 180.2100 us/op
WorkloadActual   3: 4096 op, 738509000.00 ns, 180.3000 us/op
WorkloadActual   4: 4096 op, 740838600.00 ns, 180.8688 us/op
WorkloadActual   5: 4096 op, 743312500.00 ns, 181.4728 us/op
WorkloadActual   6: 4096 op, 736522900.00 ns, 179.8152 us/op
WorkloadActual   7: 4096 op, 738854400.00 ns, 180.3844 us/op
WorkloadActual   8: 4096 op, 736398300.00 ns, 179.7847 us/op
WorkloadActual   9: 4096 op, 740544100.00 ns, 180.7969 us/op
WorkloadActual  10: 4096 op, 743341300.00 ns, 181.4798 us/op
WorkloadActual  11: 4096 op, 740308900.00 ns, 180.7395 us/op
WorkloadActual  12: 4096 op, 740141000.00 ns, 180.6985 us/op
WorkloadActual  13: 4096 op, 740801600.00 ns, 180.8598 us/op
WorkloadActual  14: 4096 op, 737679300.00 ns, 180.0975 us/op
WorkloadActual  15: 4096 op, 741803100.00 ns, 181.1043 us/op

// AfterActualRun
WorkloadResult   1: 4096 op, 738125200.00 ns, 180.2063 us/op
WorkloadResult   2: 4096 op, 738494200.00 ns, 180.2964 us/op
WorkloadResult   3: 4096 op, 740823800.00 ns, 180.8652 us/op
WorkloadResult   4: 4096 op, 743297700.00 ns, 181.4692 us/op
WorkloadResult   5: 4096 op, 736508100.00 ns, 179.8115 us/op
WorkloadResult   6: 4096 op, 738839600.00 ns, 180.3808 us/op
WorkloadResult   7: 4096 op, 736383500.00 ns, 179.7811 us/op
WorkloadResult   8: 4096 op, 740529300.00 ns, 180.7933 us/op
WorkloadResult   9: 4096 op, 743326500.00 ns, 181.4762 us/op
WorkloadResult  10: 4096 op, 740294100.00 ns, 180.7359 us/op
WorkloadResult  11: 4096 op, 740126200.00 ns, 180.6949 us/op
WorkloadResult  12: 4096 op, 740786800.00 ns, 180.8562 us/op
WorkloadResult  13: 4096 op, 737664500.00 ns, 180.0939 us/op
WorkloadResult  14: 4096 op, 741788300.00 ns, 181.1007 us/op
// GC:  67 19 0 426213376 4096
// Threading:  0 0 4096

// AfterAll
// Benchmark Process 31776 has exited with code 0.

Mean = 180.612 μs, StdErr = 0.145 μs (0.08%), N = 14, StdDev = 0.542 μs
Min = 179.781 μs, Q1 = 180.229 μs, Median = 180.715 μs, Q3 = 180.863 μs, Max = 181.476 μs
IQR = 0.634 μs, LowerFence = 179.278 μs, UpperFence = 181.814 μs
ConfidenceInterval = [180.000 μs; 181.223 μs] (CI 99.9%), Margin = 0.611 μs (0.34% of Mean)
Skewness = 0.05, Kurtosis = 1.79, MValue = 2

// ** Remained 7 (87,5 %) benchmark(s) to run. Estimated finish 2026-03-16 16:29 (0h 1m from now) **
Setup power plan (GUID: 8c5e7fda-e8bf-4a96-9a85-a6e23a8c635c FriendlyName: Alto rendimiento)
// **************************
// Benchmark: MapearOrdenBenchmark.MapearOrden_Optimizado: DefaultJob
// *** Execute ***
// Launch: 1 / 1
// Execute: dotnet BenchmarkSuite1-DefaultJob-1.dll --anonymousPipes 8648 8640 --benchmarkName CapaDatos.Benchmarks.MapearOrdenBenchmark.MapearOrden_Optimizado --job Default --benchmarkId 1 in C:\AOCR\AOCR\AOCR05-01-2026\AOCR1\AOCR\BenchmarkSuite1\bin\Release\net9.0\BenchmarkSuite1-DefaultJob-1\bin\Release\net9.0
// BeforeAnythingElse

// Benchmark Process Environment Information:
// BenchmarkDotNet v0.15.2
// Runtime=.NET 9.0.14 (9.0.1426.11910), X64 RyuJIT AVX2
// GC=Concurrent Workstation
// HardwareIntrinsics=AVX2,AES,BMI1,BMI2,FMA,LZCNT,PCLMUL,POPCNT VectorSize=256
// Job: DefaultJob

OverheadJitting  1: 1 op, 175300.00 ns, 175.3000 us/op
WorkloadJitting  1: 1 op, 2758100.00 ns, 2.7581 ms/op

OverheadJitting  2: 16 op, 503400.00 ns, 31.4625 us/op
WorkloadJitting  2: 16 op, 14782800.00 ns, 923.9250 us/op

WorkloadPilot    1: 16 op, 13954400.00 ns, 872.1500 us/op
WorkloadPilot    2: 32 op, 27481200.00 ns, 858.7875 us/op
WorkloadPilot    3: 64 op, 54981500.00 ns, 859.0859 us/op
WorkloadPilot    4: 128 op, 101892100.00 ns, 796.0320 us/op
WorkloadPilot    5: 256 op, 33798300.00 ns, 132.0246 us/op
WorkloadPilot    6: 512 op, 49392400.00 ns, 96.4695 us/op
WorkloadPilot    7: 1024 op, 100451400.00 ns, 98.0971 us/op
WorkloadPilot    8: 2048 op, 194693000.00 ns, 95.0649 us/op
WorkloadPilot    9: 4096 op, 388955700.00 ns, 94.9599 us/op
WorkloadPilot   10: 8192 op, 771570100.00 ns, 94.1858 us/op

OverheadWarmup   1: 8192 op, 29600.00 ns, 3.6133 ns/op
OverheadWarmup   2: 8192 op, 28700.00 ns, 3.5034 ns/op
OverheadWarmup   3: 8192 op, 29200.00 ns, 3.5645 ns/op
OverheadWarmup   4: 8192 op, 29000.00 ns, 3.5400 ns/op
OverheadWarmup   5: 8192 op, 28800.00 ns, 3.5156 ns/op
OverheadWarmup   6: 8192 op, 29000.00 ns, 3.5400 ns/op
OverheadWarmup   7: 8192 op, 29500.00 ns, 3.6011 ns/op
OverheadWarmup   8: 8192 op, 28800.00 ns, 3.5156 ns/op

OverheadActual   1: 8192 op, 29100.00 ns, 3.5522 ns/op
OverheadActual   2: 8192 op, 28900.00 ns, 3.5278 ns/op
OverheadActual   3: 8192 op, 29300.00 ns, 3.5767 ns/op
OverheadActual   4: 8192 op, 28900.00 ns, 3.5278 ns/op
OverheadActual   5: 8192 op, 30500.00 ns, 3.7231 ns/op
OverheadActual   6: 8192 op, 29100.00 ns, 3.5522 ns/op
OverheadActual   7: 8192 op, 28800.00 ns, 3.5156 ns/op
OverheadActual   8: 8192 op, 28800.00 ns, 3.5156 ns/op
OverheadActual   9: 8192 op, 29600.00 ns, 3.6133 ns/op
OverheadActual  10: 8192 op, 28900.00 ns, 3.5278 ns/op
OverheadActual  11: 8192 op, 29700.00 ns, 3.6255 ns/op
OverheadActual  12: 8192 op, 28900.00 ns, 3.5278 ns/op
OverheadActual  13: 8192 op, 28700.00 ns, 3.5034 ns/op
OverheadActual  14: 8192 op, 29300.00 ns, 3.5767 ns/op
OverheadActual  15: 8192 op, 29100.00 ns, 3.5522 ns/op

OverheadWarmup   1: 8192 op, 28700.00 ns, 3.5034 ns/op
OverheadWarmup   2: 8192 op, 29100.00 ns, 3.5522 ns/op
OverheadWarmup   3: 8192 op, 28800.00 ns, 3.5156 ns/op
OverheadWarmup   4: 8192 op, 28800.00 ns, 3.5156 ns/op
OverheadWarmup   5: 8192 op, 28900.00 ns, 3.5278 ns/op
OverheadWarmup   6: 8192 op, 28700.00 ns, 3.5034 ns/op

// BeforeActualRun
WorkloadActual   1: 8192 op, 952373000.00 ns, 116.2565 us/op
WorkloadActual   2: 8192 op, 868413500.00 ns, 106.0075 us/op
WorkloadActual   3: 8192 op, 1007318100.00 ns, 122.9636 us/op
WorkloadActual   4: 8192 op, 783373200.00 ns, 95.6266 us/op
WorkloadActual   5: 8192 op, 773877300.00 ns, 94.4674 us/op
WorkloadActual   6: 8192 op, 777595900.00 ns, 94.9214 us/op
WorkloadActual   7: 8192 op, 773437200.00 ns, 94.4137 us/op
WorkloadActual   8: 8192 op, 774769700.00 ns, 94.5764 us/op
WorkloadActual   9: 8192 op, 772940500.00 ns, 94.3531 us/op
WorkloadActual  10: 8192 op, 778010200.00 ns, 94.9719 us/op
WorkloadActual  11: 8192 op, 771358400.00 ns, 94.1600 us/op
WorkloadActual  12: 8192 op, 774952500.00 ns, 94.5987 us/op
WorkloadActual  13: 8192 op, 801418900.00 ns, 97.8295 us/op
WorkloadActual  14: 8192 op, 775690100.00 ns, 94.6887 us/op
WorkloadActual  15: 8192 op, 771286200.00 ns, 94.1511 us/op

// AfterActualRun
WorkloadResult   1: 8192 op, 783344100.00 ns, 95.6231 us/op
WorkloadResult   2: 8192 op, 773848200.00 ns, 94.4639 us/op
WorkloadResult   3: 8192 op, 777566800.00 ns, 94.9178 us/op
WorkloadResult   4: 8192 op, 773408100.00 ns, 94.4102 us/op
WorkloadResult   5: 8192 op, 774740600.00 ns, 94.5728 us/op
WorkloadResult   6: 8192 op, 772911400.00 ns, 94.3495 us/op
WorkloadResult   7: 8192 op, 777981100.00 ns, 94.9684 us/op
WorkloadResult   8: 8192 op, 771329300.00 ns, 94.1564 us/op
WorkloadResult   9: 8192 op, 774923400.00 ns, 94.5951 us/op
WorkloadResult  10: 8192 op, 801389800.00 ns, 97.8259 us/op
WorkloadResult  11: 8192 op, 775661000.00 ns, 94.6852 us/op
WorkloadResult  12: 8192 op, 771257100.00 ns, 94.1476 us/op
// GC:  135 38 0 852426752 8192
// Threading:  0 0 8192

// AfterAll
// Benchmark Process 37092 has exited with code 0.

Mean = 94.893 μs, StdErr = 0.291 μs (0.31%), N = 12, StdDev = 1.008 μs
Min = 94.148 μs, Q1 = 94.395 μs, Median = 94.584 μs, Q3 = 94.930 μs, Max = 97.826 μs
IQR = 0.535 μs, LowerFence = 93.592 μs, UpperFence = 95.734 μs
ConfidenceInterval = [93.601 μs; 96.185 μs] (CI 99.9%), Margin = 1.292 μs (1.36% of Mean)
Skewness = 1.98, Kurtosis = 6.05, MValue = 2

// ** Remained 6 (75,0 %) benchmark(s) to run. Estimated finish 2026-03-16 16:29 (0h 1m from now) **
Setup power plan (GUID: 8c5e7fda-e8bf-4a96-9a85-a6e23a8c635c FriendlyName: Alto rendimiento)
// **************************
// Benchmark: MapearOrdenBenchmark.MapearDetalle_Actual: DefaultJob
// *** Execute ***
// Launch: 1 / 1
// Execute: dotnet BenchmarkSuite1-DefaultJob-1.dll --anonymousPipes 8692 8684 --benchmarkName CapaDatos.Benchmarks.MapearOrdenBenchmark.MapearDetalle_Actual --job Default --benchmarkId 2 in C:\AOCR\AOCR\AOCR05-01-2026\AOCR1\AOCR\BenchmarkSuite1\bin\Release\net9.0\BenchmarkSuite1-DefaultJob-1\bin\Release\net9.0
// BeforeAnythingElse

// Benchmark Process Environment Information:
// BenchmarkDotNet v0.15.2
// Runtime=.NET 9.0.14 (9.0.1426.11910), X64 RyuJIT AVX2
// GC=Concurrent Workstation
// HardwareIntrinsics=AVX2,AES,BMI1,BMI2,FMA,LZCNT,PCLMUL,POPCNT VectorSize=256
// Job: DefaultJob

OverheadJitting  1: 1 op, 1358700.00 ns, 1.3587 ms/op
WorkloadJitting  1: 1 op, 2064400.00 ns, 2.0644 ms/op

OverheadJitting  2: 16 op, 509300.00 ns, 31.8313 us/op
WorkloadJitting  2: 16 op, 11019700.00 ns, 688.7313 us/op

WorkloadPilot    1: 16 op, 10419800.00 ns, 651.2375 us/op
WorkloadPilot    2: 32 op, 20168100.00 ns, 630.2531 us/op
WorkloadPilot    3: 64 op, 41138400.00 ns, 642.7875 us/op
WorkloadPilot    4: 128 op, 80129700.00 ns, 626.0133 us/op
WorkloadPilot    5: 256 op, 71252700.00 ns, 278.3309 us/op
WorkloadPilot    6: 512 op, 43857500.00 ns, 85.6592 us/op
WorkloadPilot    7: 1024 op, 86147900.00 ns, 84.1288 us/op
WorkloadPilot    8: 2048 op, 172814000.00 ns, 84.3818 us/op
WorkloadPilot    9: 4096 op, 348369800.00 ns, 85.0512 us/op
WorkloadPilot   10: 8192 op, 749915600.00 ns, 91.5424 us/op

OverheadWarmup   1: 8192 op, 29100.00 ns, 3.5522 ns/op
OverheadWarmup   2: 8192 op, 28500.00 ns, 3.4790 ns/op
OverheadWarmup   3: 8192 op, 28400.00 ns, 3.4668 ns/op
OverheadWarmup   4: 8192 op, 28400.00 ns, 3.4668 ns/op
OverheadWarmup   5: 8192 op, 28200.00 ns, 3.4424 ns/op
OverheadWarmup   6: 8192 op, 28100.00 ns, 3.4302 ns/op
OverheadWarmup   7: 8192 op, 28400.00 ns, 3.4668 ns/op
OverheadWarmup   8: 8192 op, 28100.00 ns, 3.4302 ns/op

OverheadActual   1: 8192 op, 29100.00 ns, 3.5522 ns/op
OverheadActual   2: 8192 op, 28300.00 ns, 3.4546 ns/op
OverheadActual   3: 8192 op, 28200.00 ns, 3.4424 ns/op
OverheadActual   4: 8192 op, 28500.00 ns, 3.4790 ns/op
OverheadActual   5: 8192 op, 28000.00 ns, 3.4180 ns/op
OverheadActual   6: 8192 op, 28200.00 ns, 3.4424 ns/op
OverheadActual   7: 8192 op, 28400.00 ns, 3.4668 ns/op
OverheadActual   8: 8192 op, 28400.00 ns, 3.4668 ns/op
OverheadActual   9: 8192 op, 48200.00 ns, 5.8838 ns/op
OverheadActual  10: 8192 op, 28300.00 ns, 3.4546 ns/op
OverheadActual  11: 8192 op, 28300.00 ns, 3.4546 ns/op
OverheadActual  12: 8192 op, 31000.00 ns, 3.7842 ns/op
OverheadActual  13: 8192 op, 28200.00 ns, 3.4424 ns/op
OverheadActual  14: 8192 op, 28400.00 ns, 3.4668 ns/op
OverheadActual  15: 8192 op, 28400.00 ns, 3.4668 ns/op

OverheadWarmup   1: 8192 op, 28100.00 ns, 3.4302 ns/op
OverheadWarmup   2: 8192 op, 28700.00 ns, 3.5034 ns/op
OverheadWarmup   3: 8192 op, 28300.00 ns, 3.4546 ns/op
OverheadWarmup   4: 8192 op, 28000.00 ns, 3.4180 ns/op
OverheadWarmup   5: 8192 op, 28400.00 ns, 3.4668 ns/op
OverheadWarmup   6: 8192 op, 27800.00 ns, 3.3936 ns/op

// BeforeActualRun
WorkloadActual   1: 8192 op, 693737100.00 ns, 84.6847 us/op
WorkloadActual   2: 8192 op, 688484600.00 ns, 84.0435 us/op
WorkloadActual   3: 8192 op, 699815800.00 ns, 85.4267 us/op
WorkloadActual   4: 8192 op, 696602500.00 ns, 85.0345 us/op
WorkloadActual   5: 8192 op, 693108300.00 ns, 84.6079 us/op
WorkloadActual   6: 8192 op, 695015000.00 ns, 84.8407 us/op
WorkloadActual   7: 8192 op, 712432200.00 ns, 86.9668 us/op
WorkloadActual   8: 8192 op, 747847200.00 ns, 91.2899 us/op
WorkloadActual   9: 8192 op, 739412500.00 ns, 90.2603 us/op
WorkloadActual  10: 8192 op, 783868100.00 ns, 95.6870 us/op
WorkloadActual  11: 8192 op, 687377400.00 ns, 83.9084 us/op
WorkloadActual  12: 8192 op, 760604100.00 ns, 92.8472 us/op
WorkloadActual  13: 8192 op, 699377100.00 ns, 85.3732 us/op
WorkloadActual  14: 8192 op, 692442600.00 ns, 84.5267 us/op
WorkloadActual  15: 8192 op, 701409800.00 ns, 85.6213 us/op
WorkloadActual  16: 8192 op, 693109700.00 ns, 84.6081 us/op
WorkloadActual  17: 8192 op, 695102100.00 ns, 84.8513 us/op
WorkloadActual  18: 8192 op, 706361400.00 ns, 86.2258 us/op

// AfterActualRun
WorkloadResult   1: 8192 op, 693708700.00 ns, 84.6812 us/op
WorkloadResult   2: 8192 op, 688456200.00 ns, 84.0401 us/op
WorkloadResult   3: 8192 op, 699787400.00 ns, 85.4233 us/op
WorkloadResult   4: 8192 op, 696574100.00 ns, 85.0310 us/op
WorkloadResult   5: 8192 op, 693079900.00 ns, 84.6045 us/op
WorkloadResult   6: 8192 op, 694986600.00 ns, 84.8372 us/op
WorkloadResult   7: 8192 op, 712403800.00 ns, 86.9634 us/op
WorkloadResult   8: 8192 op, 687349000.00 ns, 83.9049 us/op
WorkloadResult   9: 8192 op, 699348700.00 ns, 85.3697 us/op
WorkloadResult  10: 8192 op, 692414200.00 ns, 84.5232 us/op
WorkloadResult  11: 8192 op, 701381400.00 ns, 85.6178 us/op
WorkloadResult  12: 8192 op, 693081300.00 ns, 84.6047 us/op
WorkloadResult  13: 8192 op, 695073700.00 ns, 84.8479 us/op
WorkloadResult  14: 8192 op, 706333000.00 ns, 86.2223 us/op
// GC:  99 23 0 623050752 8192
// Threading:  0 0 8192

// AfterAll
// Benchmark Process 29624 has exited with code 0.

Mean = 85.048 μs, StdErr = 0.220 μs (0.26%), N = 14, StdDev = 0.824 μs
Min = 83.905 μs, Q1 = 84.605 μs, Median = 84.843 μs, Q3 = 85.410 μs, Max = 86.963 μs
IQR = 0.805 μs, LowerFence = 83.396 μs, UpperFence = 86.618 μs
ConfidenceInterval = [84.118 μs; 85.977 μs] (CI 99.9%), Margin = 0.930 μs (1.09% of Mean)
Skewness = 0.77, Kurtosis = 2.85, MValue = 2

// ** Remained 5 (62,5 %) benchmark(s) to run. Estimated finish 2026-03-16 16:29 (0h 1m from now) **
Setup power plan (GUID: 8c5e7fda-e8bf-4a96-9a85-a6e23a8c635c FriendlyName: Alto rendimiento)
// **************************
// Benchmark: MapearOrdenBenchmark.MapearDetalle_Optimizado: DefaultJob
// *** Execute ***
// Launch: 1 / 1
// Execute: dotnet BenchmarkSuite1-DefaultJob-1.dll --anonymousPipes 8648 1228 --benchmarkName CapaDatos.Benchmarks.MapearOrdenBenchmark.MapearDetalle_Optimizado --job Default --benchmarkId 3 in C:\AOCR\AOCR\AOCR05-01-2026\AOCR1\AOCR\BenchmarkSuite1\bin\Release\net9.0\BenchmarkSuite1-DefaultJob-1\bin\Release\net9.0
// BeforeAnythingElse

// Benchmark Process Environment Information:
// BenchmarkDotNet v0.15.2
// Runtime=.NET 9.0.14 (9.0.1426.11910), X64 RyuJIT AVX2
// GC=Concurrent Workstation
// HardwareIntrinsics=AVX2,AES,BMI1,BMI2,FMA,LZCNT,PCLMUL,POPCNT VectorSize=256
// Job: DefaultJob

OverheadJitting  1: 1 op, 1136600.00 ns, 1.1366 ms/op
WorkloadJitting  1: 1 op, 1854400.00 ns, 1.8544 ms/op

OverheadJitting  2: 16 op, 508300.00 ns, 31.7688 us/op
WorkloadJitting  2: 16 op, 8403400.00 ns, 525.2125 us/op

WorkloadPilot    1: 16 op, 7656500.00 ns, 478.5313 us/op
WorkloadPilot    2: 32 op, 14766400.00 ns, 461.4500 us/op
WorkloadPilot    3: 64 op, 29677900.00 ns, 463.7172 us/op
WorkloadPilot    4: 128 op, 58670300.00 ns, 458.3617 us/op
WorkloadPilot    5: 256 op, 96981100.00 ns, 378.8324 us/op
WorkloadPilot    6: 512 op, 30279500.00 ns, 59.1396 us/op
WorkloadPilot    7: 1024 op, 60866600.00 ns, 59.4400 us/op
WorkloadPilot    8: 2048 op, 120114800.00 ns, 58.6498 us/op
WorkloadPilot    9: 4096 op, 242310000.00 ns, 59.1577 us/op
WorkloadPilot   10: 8192 op, 468993000.00 ns, 57.2501 us/op
WorkloadPilot   11: 16384 op, 934439200.00 ns, 57.0336 us/op

OverheadWarmup   1: 16384 op, 56600.00 ns, 3.4546 ns/op
OverheadWarmup   2: 16384 op, 55900.00 ns, 3.4119 ns/op
OverheadWarmup   3: 16384 op, 56100.00 ns, 3.4241 ns/op
OverheadWarmup   4: 16384 op, 56000.00 ns, 3.4180 ns/op
OverheadWarmup   5: 16384 op, 56800.00 ns, 3.4668 ns/op
OverheadWarmup   6: 16384 op, 56300.00 ns, 3.4363 ns/op

OverheadActual   1: 16384 op, 56700.00 ns, 3.4607 ns/op
OverheadActual   2: 16384 op, 56400.00 ns, 3.4424 ns/op
OverheadActual   3: 16384 op, 56600.00 ns, 3.4546 ns/op
OverheadActual   4: 16384 op, 55500.00 ns, 3.3875 ns/op
OverheadActual   5: 16384 op, 57000.00 ns, 3.4790 ns/op
OverheadActual   6: 16384 op, 56000.00 ns, 3.4180 ns/op
OverheadActual   7: 16384 op, 57300.00 ns, 3.4973 ns/op
OverheadActual   8: 16384 op, 56200.00 ns, 3.4302 ns/op
OverheadActual   9: 16384 op, 56600.00 ns, 3.4546 ns/op
OverheadActual  10: 16384 op, 55900.00 ns, 3.4119 ns/op
OverheadActual  11: 16384 op, 56600.00 ns, 3.4546 ns/op
OverheadActual  12: 16384 op, 56000.00 ns, 3.4180 ns/op
OverheadActual  13: 16384 op, 56200.00 ns, 3.4302 ns/op
OverheadActual  14: 16384 op, 56200.00 ns, 3.4302 ns/op
OverheadActual  15: 16384 op, 56300.00 ns, 3.4363 ns/op

OverheadWarmup   1: 16384 op, 56700.00 ns, 3.4607 ns/op
OverheadWarmup   2: 16384 op, 55900.00 ns, 3.4119 ns/op
OverheadWarmup   3: 16384 op, 56300.00 ns, 3.4363 ns/op
OverheadWarmup   4: 16384 op, 56600.00 ns, 3.4546 ns/op
OverheadWarmup   5: 16384 op, 55700.00 ns, 3.3997 ns/op
OverheadWarmup   6: 16384 op, 57100.00 ns, 3.4851 ns/op
OverheadWarmup   7: 16384 op, 56200.00 ns, 3.4302 ns/op

// BeforeActualRun
WorkloadActual   1: 16384 op, 953770800.00 ns, 58.2135 us/op
WorkloadActual   2: 16384 op, 951837800.00 ns, 58.0956 us/op
WorkloadActual   3: 16384 op, 958289200.00 ns, 58.4893 us/op
WorkloadActual   4: 16384 op, 950334200.00 ns, 58.0038 us/op
WorkloadActual   5: 16384 op, 952180400.00 ns, 58.1165 us/op
WorkloadActual   6: 16384 op, 949949700.00 ns, 57.9803 us/op
WorkloadActual   7: 16384 op, 947019200.00 ns, 57.8015 us/op
WorkloadActual   8: 16384 op, 977697900.00 ns, 59.6739 us/op
WorkloadActual   9: 16384 op, 1023615100.00 ns, 62.4765 us/op
WorkloadActual  10: 16384 op, 956865200.00 ns, 58.4024 us/op
WorkloadActual  11: 16384 op, 954939000.00 ns, 58.2849 us/op
WorkloadActual  12: 16384 op, 957860000.00 ns, 58.4631 us/op
WorkloadActual  13: 16384 op, 956353200.00 ns, 58.3712 us/op
WorkloadActual  14: 16384 op, 956851100.00 ns, 58.4016 us/op
WorkloadActual  15: 16384 op, 961803900.00 ns, 58.7039 us/op

// AfterActualRun
WorkloadResult   1: 16384 op, 953714500.00 ns, 58.2101 us/op
WorkloadResult   2: 16384 op, 951781500.00 ns, 58.0921 us/op
WorkloadResult   3: 16384 op, 958232900.00 ns, 58.4859 us/op
WorkloadResult   4: 16384 op, 950277900.00 ns, 58.0004 us/op
WorkloadResult   5: 16384 op, 952124100.00 ns, 58.1130 us/op
WorkloadResult   6: 16384 op, 949893400.00 ns, 57.9769 us/op
WorkloadResult   7: 16384 op, 946962900.00 ns, 57.7980 us/op
WorkloadResult   8: 16384 op, 956808900.00 ns, 58.3990 us/op
WorkloadResult   9: 16384 op, 954882700.00 ns, 58.2814 us/op
WorkloadResult  10: 16384 op, 957803700.00 ns, 58.4597 us/op
WorkloadResult  11: 16384 op, 956296900.00 ns, 58.3677 us/op
WorkloadResult  12: 16384 op, 956794800.00 ns, 58.3981 us/op
WorkloadResult  13: 16384 op, 961747600.00 ns, 58.7004 us/op
// GC:  198 47 0 1246101504 16384
// Threading:  0 0 16384

// AfterAll
// Benchmark Process 35860 has exited with code 0.

Mean = 58.253 μs, StdErr = 0.069 μs (0.12%), N = 13, StdDev = 0.250 μs
Min = 57.798 μs, Q1 = 58.092 μs, Median = 58.281 μs, Q3 = 58.399 μs, Max = 58.700 μs
IQR = 0.307 μs, LowerFence = 57.632 μs, UpperFence = 58.859 μs
ConfidenceInterval = [57.954 μs; 58.551 μs] (CI 99.9%), Margin = 0.299 μs (0.51% of Mean)
Skewness = -0.09, Kurtosis = 1.97, MValue = 2

// ** Remained 4 (50,0 %) benchmark(s) to run. Estimated finish 2026-03-16 16:29 (0h 1m from now) **
Setup power plan (GUID: 8c5e7fda-e8bf-4a96-9a85-a6e23a8c635c FriendlyName: Alto rendimiento)
// **************************
// Benchmark: MapearOrdenBenchmark.MapearPagoModel_Actual: DefaultJob
// *** Execute ***
// Launch: 1 / 1
// Execute: dotnet BenchmarkSuite1-DefaultJob-1.dll --anonymousPipes 8700 1300 --benchmarkName CapaDatos.Benchmarks.MapearOrdenBenchmark.MapearPagoModel_Actual --job Default --benchmarkId 4 in C:\AOCR\AOCR\AOCR05-01-2026\AOCR1\AOCR\BenchmarkSuite1\bin\Release\net9.0\BenchmarkSuite1-DefaultJob-1\bin\Release\net9.0
// BeforeAnythingElse

// Benchmark Process Environment Information:
// BenchmarkDotNet v0.15.2
// Runtime=.NET 9.0.14 (9.0.1426.11910), X64 RyuJIT AVX2
// GC=Concurrent Workstation
// HardwareIntrinsics=AVX2,AES,BMI1,BMI2,FMA,LZCNT,PCLMUL,POPCNT VectorSize=256
// Job: DefaultJob

OverheadJitting  1: 1 op, 166100.00 ns, 166.1000 us/op
WorkloadJitting  1: 1 op, 2507200.00 ns, 2.5072 ms/op

OverheadJitting  2: 16 op, 491800.00 ns, 30.7375 us/op
WorkloadJitting  2: 16 op, 14457400.00 ns, 903.5875 us/op

WorkloadPilot    1: 16 op, 13558400.00 ns, 847.4000 us/op
WorkloadPilot    2: 32 op, 26992600.00 ns, 843.5188 us/op
WorkloadPilot    3: 64 op, 55799100.00 ns, 871.8609 us/op
WorkloadPilot    4: 128 op, 106929600.00 ns, 835.3875 us/op
WorkloadPilot    5: 256 op, 44735800.00 ns, 174.7492 us/op
WorkloadPilot    6: 512 op, 67609100.00 ns, 132.0490 us/op
WorkloadPilot    7: 1024 op, 137450400.00 ns, 134.2289 us/op
WorkloadPilot    8: 2048 op, 264031700.00 ns, 128.9217 us/op
WorkloadPilot    9: 4096 op, 648321600.00 ns, 158.2816 us/op

OverheadWarmup   1: 4096 op, 31200.00 ns, 7.6172 ns/op
OverheadWarmup   2: 4096 op, 14800.00 ns, 3.6133 ns/op
OverheadWarmup   3: 4096 op, 14600.00 ns, 3.5645 ns/op
OverheadWarmup   4: 4096 op, 34200.00 ns, 8.3496 ns/op
OverheadWarmup   5: 4096 op, 14700.00 ns, 3.5889 ns/op
OverheadWarmup   6: 4096 op, 14600.00 ns, 3.5645 ns/op
OverheadWarmup   7: 4096 op, 14800.00 ns, 3.6133 ns/op
OverheadWarmup   8: 4096 op, 14600.00 ns, 3.5645 ns/op

OverheadActual   1: 4096 op, 14600.00 ns, 3.5645 ns/op
OverheadActual   2: 4096 op, 14500.00 ns, 3.5400 ns/op
OverheadActual   3: 4096 op, 14600.00 ns, 3.5645 ns/op
OverheadActual   4: 4096 op, 14600.00 ns, 3.5645 ns/op
OverheadActual   5: 4096 op, 14600.00 ns, 3.5645 ns/op
OverheadActual   6: 4096 op, 14600.00 ns, 3.5645 ns/op
OverheadActual   7: 4096 op, 14600.00 ns, 3.5645 ns/op
OverheadActual   8: 4096 op, 14500.00 ns, 3.5400 ns/op
OverheadActual   9: 4096 op, 15100.00 ns, 3.6865 ns/op
OverheadActual  10: 4096 op, 14500.00 ns, 3.5400 ns/op
OverheadActual  11: 4096 op, 14600.00 ns, 3.5645 ns/op
OverheadActual  12: 4096 op, 14600.00 ns, 3.5645 ns/op
OverheadActual  13: 4096 op, 14800.00 ns, 3.6133 ns/op
OverheadActual  14: 4096 op, 14500.00 ns, 3.5400 ns/op
OverheadActual  15: 4096 op, 14600.00 ns, 3.5645 ns/op

OverheadWarmup   1: 4096 op, 14500.00 ns, 3.5400 ns/op
OverheadWarmup   2: 4096 op, 14500.00 ns, 3.5400 ns/op
OverheadWarmup   3: 4096 op, 14600.00 ns, 3.5645 ns/op
OverheadWarmup   4: 4096 op, 14500.00 ns, 3.5400 ns/op
OverheadWarmup   5: 4096 op, 14500.00 ns, 3.5400 ns/op
OverheadWarmup   6: 4096 op, 15000.00 ns, 3.6621 ns/op

// BeforeActualRun
WorkloadActual   1: 4096 op, 518779300.00 ns, 126.6551 us/op
WorkloadActual   2: 4096 op, 514780300.00 ns, 125.6788 us/op
WorkloadActual   3: 4096 op, 513386900.00 ns, 125.3386 us/op
WorkloadActual   4: 4096 op, 515068100.00 ns, 125.7490 us/op
WorkloadActual   5: 4096 op, 513038900.00 ns, 125.2536 us/op
WorkloadActual   6: 4096 op, 512036000.00 ns, 125.0088 us/op
WorkloadActual   7: 4096 op, 511647400.00 ns, 124.9139 us/op
WorkloadActual   8: 4096 op, 512058800.00 ns, 125.0144 us/op
WorkloadActual   9: 4096 op, 511734200.00 ns, 124.9351 us/op
WorkloadActual  10: 4096 op, 510841600.00 ns, 124.7172 us/op
WorkloadActual  11: 4096 op, 510430000.00 ns, 124.6167 us/op
WorkloadActual  12: 4096 op, 508606000.00 ns, 124.1714 us/op
WorkloadActual  13: 4096 op, 511395800.00 ns, 124.8525 us/op
WorkloadActual  14: 4096 op, 650045000.00 ns, 158.7024 us/op
WorkloadActual  15: 4096 op, 612192500.00 ns, 149.4611 us/op

// AfterActualRun
WorkloadResult   1: 4096 op, 518764700.00 ns, 126.6515 us/op
WorkloadResult   2: 4096 op, 514765700.00 ns, 125.6752 us/op
WorkloadResult   3: 4096 op, 513372300.00 ns, 125.3350 us/op
WorkloadResult   4: 4096 op, 515053500.00 ns, 125.7455 us/op
WorkloadResult   5: 4096 op, 513024300.00 ns, 125.2501 us/op
WorkloadResult   6: 4096 op, 512021400.00 ns, 125.0052 us/op
WorkloadResult   7: 4096 op, 511632800.00 ns, 124.9104 us/op
WorkloadResult   8: 4096 op, 512044200.00 ns, 125.0108 us/op
WorkloadResult   9: 4096 op, 511719600.00 ns, 124.9315 us/op
WorkloadResult  10: 4096 op, 510827000.00 ns, 124.7136 us/op
WorkloadResult  11: 4096 op, 510415400.00 ns, 124.6131 us/op
WorkloadResult  12: 4096 op, 508591400.00 ns, 124.1678 us/op
WorkloadResult  13: 4096 op, 511381200.00 ns, 124.8489 us/op
// GC:  49 11 0 311525376 4096
// Threading:  0 0 4096

// AfterAll
// Benchmark Process 17540 has exited with code 0.

Mean = 125.143 μs, StdErr = 0.172 μs (0.14%), N = 13, StdDev = 0.620 μs
Min = 124.168 μs, Q1 = 124.849 μs, Median = 125.005 μs, Q3 = 125.335 μs, Max = 126.652 μs
IQR = 0.486 μs, LowerFence = 124.120 μs, UpperFence = 126.064 μs
ConfidenceInterval = [124.401 μs; 125.885 μs] (CI 99.9%), Margin = 0.742 μs (0.59% of Mean)
Skewness = 0.84, Kurtosis = 3.35, MValue = 2

// ** Remained 3 (37,5 %) benchmark(s) to run. Estimated finish 2026-03-16 16:29 (0h 0m from now) **
Setup power plan (GUID: 8c5e7fda-e8bf-4a96-9a85-a6e23a8c635c FriendlyName: Alto rendimiento)
// **************************
// Benchmark: MapearOrdenBenchmark.MapearPagoModel_Optimizado: DefaultJob
// *** Execute ***
// Launch: 1 / 1
// Execute: dotnet BenchmarkSuite1-DefaultJob-1.dll --anonymousPipes 8716 8712 --benchmarkName CapaDatos.Benchmarks.MapearOrdenBenchmark.MapearPagoModel_Optimizado --job Default --benchmarkId 5 in C:\AOCR\AOCR\AOCR05-01-2026\AOCR1\AOCR\BenchmarkSuite1\bin\Release\net9.0\BenchmarkSuite1-DefaultJob-1\bin\Release\net9.0
// BeforeAnythingElse

// Benchmark Process Environment Information:
// BenchmarkDotNet v0.15.2
// Runtime=.NET 9.0.14 (9.0.1426.11910), X64 RyuJIT AVX2
// GC=Concurrent Workstation
// HardwareIntrinsics=AVX2,AES,BMI1,BMI2,FMA,LZCNT,PCLMUL,POPCNT VectorSize=256
// Job: DefaultJob

OverheadJitting  1: 1 op, 503800.00 ns, 503.8000 us/op
WorkloadJitting  1: 1 op, 2090200.00 ns, 2.0902 ms/op

OverheadJitting  2: 16 op, 482200.00 ns, 30.1375 us/op
WorkloadJitting  2: 16 op, 9773300.00 ns, 610.8313 us/op

WorkloadPilot    1: 16 op, 9017600.00 ns, 563.6000 us/op
WorkloadPilot    2: 32 op, 17377300.00 ns, 543.0406 us/op
WorkloadPilot    3: 64 op, 34739600.00 ns, 542.8063 us/op
WorkloadPilot    4: 128 op, 70571200.00 ns, 551.3375 us/op
WorkloadPilot    5: 256 op, 90111200.00 ns, 351.9969 us/op
WorkloadPilot    6: 512 op, 38198200.00 ns, 74.6059 us/op
WorkloadPilot    7: 1024 op, 78378500.00 ns, 76.5415 us/op
WorkloadPilot    8: 2048 op, 153971500.00 ns, 75.1814 us/op
WorkloadPilot    9: 4096 op, 304677300.00 ns, 74.3841 us/op
WorkloadPilot   10: 8192 op, 594575300.00 ns, 72.5800 us/op

OverheadWarmup   1: 8192 op, 29600.00 ns, 3.6133 ns/op
OverheadWarmup   2: 8192 op, 28600.00 ns, 3.4912 ns/op
OverheadWarmup   3: 8192 op, 28500.00 ns, 3.4790 ns/op
OverheadWarmup   4: 8192 op, 28800.00 ns, 3.5156 ns/op
OverheadWarmup   5: 8192 op, 29000.00 ns, 3.5400 ns/op
OverheadWarmup   6: 8192 op, 31600.00 ns, 3.8574 ns/op
OverheadWarmup   7: 8192 op, 28600.00 ns, 3.4912 ns/op
OverheadWarmup   8: 8192 op, 28500.00 ns, 3.4790 ns/op
OverheadWarmup   9: 8192 op, 29200.00 ns, 3.5645 ns/op
OverheadWarmup  10: 8192 op, 28500.00 ns, 3.4790 ns/op

OverheadActual   1: 8192 op, 28700.00 ns, 3.5034 ns/op
OverheadActual   2: 8192 op, 28700.00 ns, 3.5034 ns/op
OverheadActual   3: 8192 op, 64200.00 ns, 7.8369 ns/op
OverheadActual   4: 8192 op, 51800.00 ns, 6.3232 ns/op
OverheadActual   5: 8192 op, 28600.00 ns, 3.4912 ns/op
OverheadActual   6: 8192 op, 31600.00 ns, 3.8574 ns/op
OverheadActual   7: 8192 op, 29000.00 ns, 3.5400 ns/op
OverheadActual   8: 8192 op, 28500.00 ns, 3.4790 ns/op
OverheadActual   9: 8192 op, 28700.00 ns, 3.5034 ns/op
OverheadActual  10: 8192 op, 28800.00 ns, 3.5156 ns/op
OverheadActual  11: 8192 op, 28500.00 ns, 3.4790 ns/op
OverheadActual  12: 8192 op, 28800.00 ns, 3.5156 ns/op
OverheadActual  13: 8192 op, 28500.00 ns, 3.4790 ns/op
OverheadActual  14: 8192 op, 28500.00 ns, 3.4790 ns/op
OverheadActual  15: 8192 op, 29100.00 ns, 3.5522 ns/op

OverheadWarmup   1: 8192 op, 29200.00 ns, 3.5645 ns/op
OverheadWarmup   2: 8192 op, 28600.00 ns, 3.4912 ns/op
OverheadWarmup   3: 8192 op, 28800.00 ns, 3.5156 ns/op
OverheadWarmup   4: 8192 op, 28900.00 ns, 3.5278 ns/op
OverheadWarmup   5: 8192 op, 28400.00 ns, 3.4668 ns/op
OverheadWarmup   6: 8192 op, 28700.00 ns, 3.5034 ns/op
OverheadWarmup   7: 8192 op, 28600.00 ns, 3.4912 ns/op

// BeforeActualRun
WorkloadActual   1: 8192 op, 599522200.00 ns, 73.1839 us/op
WorkloadActual   2: 8192 op, 600728600.00 ns, 73.3311 us/op
WorkloadActual   3: 8192 op, 601936500.00 ns, 73.4786 us/op
WorkloadActual   4: 8192 op, 605598100.00 ns, 73.9255 us/op
WorkloadActual   5: 8192 op, 614364400.00 ns, 74.9957 us/op
WorkloadActual   6: 8192 op, 607584700.00 ns, 74.1681 us/op
WorkloadActual   7: 8192 op, 617202600.00 ns, 75.3421 us/op
WorkloadActual   8: 8192 op, 608429900.00 ns, 74.2712 us/op
WorkloadActual   9: 8192 op, 601230100.00 ns, 73.3923 us/op
WorkloadActual  10: 8192 op, 602599600.00 ns, 73.5595 us/op
WorkloadActual  11: 8192 op, 599708300.00 ns, 73.2066 us/op
WorkloadActual  12: 8192 op, 600867600.00 ns, 73.3481 us/op
WorkloadActual  13: 8192 op, 603475100.00 ns, 73.6664 us/op
WorkloadActual  14: 8192 op, 598102800.00 ns, 73.0106 us/op
WorkloadActual  15: 8192 op, 597582200.00 ns, 72.9470 us/op

// AfterActualRun
WorkloadResult   1: 8192 op, 599493500.00 ns, 73.1804 us/op
WorkloadResult   2: 8192 op, 600699900.00 ns, 73.3276 us/op
WorkloadResult   3: 8192 op, 601907800.00 ns, 73.4751 us/op
WorkloadResult   4: 8192 op, 605569400.00 ns, 73.9220 us/op
WorkloadResult   5: 8192 op, 614335700.00 ns, 74.9922 us/op
WorkloadResult   6: 8192 op, 607556000.00 ns, 74.1646 us/op
WorkloadResult   7: 8192 op, 608401200.00 ns, 74.2677 us/op
WorkloadResult   8: 8192 op, 601201400.00 ns, 73.3888 us/op
WorkloadResult   9: 8192 op, 602570900.00 ns, 73.5560 us/op
WorkloadResult  10: 8192 op, 599679600.00 ns, 73.2031 us/op
WorkloadResult  11: 8192 op, 600838900.00 ns, 73.3446 us/op
WorkloadResult  12: 8192 op, 603446400.00 ns, 73.6629 us/op
WorkloadResult  13: 8192 op, 598074100.00 ns, 73.0071 us/op
WorkloadResult  14: 8192 op, 597553500.00 ns, 72.9435 us/op
// GC:  99 23 0 623050752 8192
// Threading:  0 0 8192

// AfterAll
// Benchmark Process 22472 has exited with code 0.

Mean = 73.603 μs, StdErr = 0.151 μs (0.20%), N = 14, StdDev = 0.563 μs
Min = 72.944 μs, Q1 = 73.234 μs, Median = 73.432 μs, Q3 = 73.857 μs, Max = 74.992 μs
IQR = 0.623 μs, LowerFence = 72.300 μs, UpperFence = 74.792 μs
ConfidenceInterval = [72.967 μs; 74.238 μs] (CI 99.9%), Margin = 0.636 μs (0.86% of Mean)
Skewness = 1, Kurtosis = 3.13, MValue = 2

// ** Remained 2 (25,0 %) benchmark(s) to run. Estimated finish 2026-03-16 16:29 (0h 0m from now) **
Setup power plan (GUID: 8c5e7fda-e8bf-4a96-9a85-a6e23a8c635c FriendlyName: Alto rendimiento)
// **************************
// Benchmark: MapearOrdenBenchmark.MapearPagoEntidad_Actual: DefaultJob
// *** Execute ***
// Launch: 1 / 1
// Execute: dotnet BenchmarkSuite1-DefaultJob-1.dll --anonymousPipes 1228 8720 --benchmarkName CapaDatos.Benchmarks.MapearOrdenBenchmark.MapearPagoEntidad_Actual --job Default --benchmarkId 6 in C:\AOCR\AOCR\AOCR05-01-2026\AOCR1\AOCR\BenchmarkSuite1\bin\Release\net9.0\BenchmarkSuite1-DefaultJob-1\bin\Release\net9.0
// BeforeAnythingElse

// Benchmark Process Environment Information:
// BenchmarkDotNet v0.15.2
// Runtime=.NET 9.0.14 (9.0.1426.11910), X64 RyuJIT AVX2
// GC=Concurrent Workstation
// HardwareIntrinsics=AVX2,AES,BMI1,BMI2,FMA,LZCNT,PCLMUL,POPCNT VectorSize=256
// Job: DefaultJob

OverheadJitting  1: 1 op, 166500.00 ns, 166.5000 us/op
WorkloadJitting  1: 1 op, 2337100.00 ns, 2.3371 ms/op

OverheadJitting  2: 16 op, 478600.00 ns, 29.9125 us/op
WorkloadJitting  2: 16 op, 13541700.00 ns, 846.3563 us/op

WorkloadPilot    1: 16 op, 12438200.00 ns, 777.3875 us/op
WorkloadPilot    2: 32 op, 24661000.00 ns, 770.6563 us/op
WorkloadPilot    3: 64 op, 49446300.00 ns, 772.5984 us/op
WorkloadPilot    4: 128 op, 95667200.00 ns, 747.4000 us/op
WorkloadPilot    5: 256 op, 58636900.00 ns, 229.0504 us/op
WorkloadPilot    6: 512 op, 56252000.00 ns, 109.8672 us/op
WorkloadPilot    7: 1024 op, 112352200.00 ns, 109.7189 us/op
WorkloadPilot    8: 2048 op, 224456000.00 ns, 109.5977 us/op
WorkloadPilot    9: 4096 op, 453038500.00 ns, 110.6051 us/op
WorkloadPilot   10: 8192 op, 876146900.00 ns, 106.9515 us/op

OverheadWarmup   1: 8192 op, 30000.00 ns, 3.6621 ns/op
OverheadWarmup   2: 8192 op, 28700.00 ns, 3.5034 ns/op
OverheadWarmup   3: 8192 op, 28800.00 ns, 3.5156 ns/op
OverheadWarmup   4: 8192 op, 28800.00 ns, 3.5156 ns/op
OverheadWarmup   5: 8192 op, 28700.00 ns, 3.5034 ns/op
OverheadWarmup   6: 8192 op, 28700.00 ns, 3.5034 ns/op

OverheadActual   1: 8192 op, 28800.00 ns, 3.5156 ns/op
OverheadActual   2: 8192 op, 28800.00 ns, 3.5156 ns/op
OverheadActual   3: 8192 op, 30400.00 ns, 3.7109 ns/op
OverheadActual   4: 8192 op, 28800.00 ns, 3.5156 ns/op
OverheadActual   5: 8192 op, 28600.00 ns, 3.4912 ns/op
OverheadActual   6: 8192 op, 28800.00 ns, 3.5156 ns/op
OverheadActual   7: 8192 op, 28700.00 ns, 3.5034 ns/op
OverheadActual   8: 8192 op, 28800.00 ns, 3.5156 ns/op
OverheadActual   9: 8192 op, 28700.00 ns, 3.5034 ns/op
OverheadActual  10: 8192 op, 28800.00 ns, 3.5156 ns/op
OverheadActual  11: 8192 op, 29200.00 ns, 3.5645 ns/op
OverheadActual  12: 8192 op, 28800.00 ns, 3.5156 ns/op
OverheadActual  13: 8192 op, 28800.00 ns, 3.5156 ns/op
OverheadActual  14: 8192 op, 28600.00 ns, 3.4912 ns/op
OverheadActual  15: 8192 op, 28800.00 ns, 3.5156 ns/op

OverheadWarmup   1: 8192 op, 28700.00 ns, 3.5034 ns/op
OverheadWarmup   2: 8192 op, 28800.00 ns, 3.5156 ns/op
OverheadWarmup   3: 8192 op, 28800.00 ns, 3.5156 ns/op
OverheadWarmup   4: 8192 op, 29300.00 ns, 3.5767 ns/op
OverheadWarmup   5: 8192 op, 28700.00 ns, 3.5034 ns/op
OverheadWarmup   6: 8192 op, 28700.00 ns, 3.5034 ns/op

// BeforeActualRun
WorkloadActual   1: 8192 op, 921036400.00 ns, 112.4312 us/op
WorkloadActual   2: 8192 op, 913943400.00 ns, 111.5654 us/op
WorkloadActual   3: 8192 op, 904151400.00 ns, 110.3700 us/op
WorkloadActual   4: 8192 op, 908073200.00 ns, 110.8488 us/op
WorkloadActual   5: 8192 op, 892447700.00 ns, 108.9414 us/op
WorkloadActual   6: 8192 op, 889244700.00 ns, 108.5504 us/op
WorkloadActual   7: 8192 op, 890868200.00 ns, 108.7486 us/op
WorkloadActual   8: 8192 op, 895198200.00 ns, 109.2771 us/op
WorkloadActual   9: 8192 op, 895119800.00 ns, 109.2676 us/op
WorkloadActual  10: 8192 op, 895336500.00 ns, 109.2940 us/op
WorkloadActual  11: 8192 op, 894602000.00 ns, 109.2043 us/op
WorkloadActual  12: 8192 op, 890316300.00 ns, 108.6812 us/op
WorkloadActual  13: 8192 op, 895495600.00 ns, 109.3134 us/op
WorkloadActual  14: 8192 op, 890295300.00 ns, 108.6786 us/op
WorkloadActual  15: 8192 op, 893939300.00 ns, 109.1234 us/op

// AfterActualRun
WorkloadResult   1: 8192 op, 904122600.00 ns, 110.3665 us/op
WorkloadResult   2: 8192 op, 908044400.00 ns, 110.8453 us/op
WorkloadResult   3: 8192 op, 892418900.00 ns, 108.9379 us/op
WorkloadResult   4: 8192 op, 889215900.00 ns, 108.5469 us/op
WorkloadResult   5: 8192 op, 890839400.00 ns, 108.7450 us/op
WorkloadResult   6: 8192 op, 895169400.00 ns, 109.2736 us/op
WorkloadResult   7: 8192 op, 895091000.00 ns, 109.2640 us/op
WorkloadResult   8: 8192 op, 895307700.00 ns, 109.2905 us/op
WorkloadResult   9: 8192 op, 894573200.00 ns, 109.2008 us/op
WorkloadResult  10: 8192 op, 890287500.00 ns, 108.6777 us/op
WorkloadResult  11: 8192 op, 895466800.00 ns, 109.3099 us/op
WorkloadResult  12: 8192 op, 890266500.00 ns, 108.6751 us/op
WorkloadResult  13: 8192 op, 893910500.00 ns, 109.1199 us/op
// GC:  83 15 0 524746752 8192
// Threading:  0 0 8192

// AfterAll
// Benchmark Process 18172 has exited with code 0.

Mean = 109.250 μs, StdErr = 0.185 μs (0.17%), N = 13, StdDev = 0.666 μs
Min = 108.547 μs, Q1 = 108.745 μs, Median = 109.201 μs, Q3 = 109.290 μs, Max = 110.845 μs
IQR = 0.545 μs, LowerFence = 107.927 μs, UpperFence = 110.109 μs
ConfidenceInterval = [108.453 μs; 110.048 μs] (CI 99.9%), Margin = 0.797 μs (0.73% of Mean)
Skewness = 1.19, Kurtosis = 3.35, MValue = 2

// ** Remained 1 (12,5 %) benchmark(s) to run. Estimated finish 2026-03-16 16:29 (0h 0m from now) **
Setup power plan (GUID: 8c5e7fda-e8bf-4a96-9a85-a6e23a8c635c FriendlyName: Alto rendimiento)
// **************************
// Benchmark: MapearOrdenBenchmark.MapearPagoEntidad_Optimizado: DefaultJob
// *** Execute ***
// Launch: 1 / 1
// Execute: dotnet BenchmarkSuite1-DefaultJob-1.dll --anonymousPipes 8772 8752 --benchmarkName CapaDatos.Benchmarks.MapearOrdenBenchmark.MapearPagoEntidad_Optimizado --job Default --benchmarkId 7 in C:\AOCR\AOCR\AOCR05-01-2026\AOCR1\AOCR\BenchmarkSuite1\bin\Release\net9.0\BenchmarkSuite1-DefaultJob-1\bin\Release\net9.0
// BeforeAnythingElse

// Benchmark Process Environment Information:
// BenchmarkDotNet v0.15.2
// Runtime=.NET 9.0.14 (9.0.1426.11910), X64 RyuJIT AVX2
// GC=Concurrent Workstation
// HardwareIntrinsics=AVX2,AES,BMI1,BMI2,FMA,LZCNT,PCLMUL,POPCNT VectorSize=256
// Job: DefaultJob

OverheadJitting  1: 1 op, 169300.00 ns, 169.3000 us/op
WorkloadJitting  1: 1 op, 1907000.00 ns, 1.9070 ms/op

OverheadJitting  2: 16 op, 473000.00 ns, 29.5625 us/op
WorkloadJitting  2: 16 op, 8723100.00 ns, 545.1938 us/op

WorkloadPilot    1: 16 op, 7990200.00 ns, 499.3875 us/op
WorkloadPilot    2: 32 op, 15533200.00 ns, 485.4125 us/op
WorkloadPilot    3: 64 op, 31260800.00 ns, 488.4500 us/op
WorkloadPilot    4: 128 op, 61071300.00 ns, 477.1195 us/op
WorkloadPilot    5: 256 op, 93951000.00 ns, 366.9961 us/op
WorkloadPilot    6: 512 op, 36052700.00 ns, 70.4154 us/op
WorkloadPilot    7: 1024 op, 72550200.00 ns, 70.8498 us/op
WorkloadPilot    8: 2048 op, 144917400.00 ns, 70.7604 us/op
WorkloadPilot    9: 4096 op, 290743100.00 ns, 70.9822 us/op
WorkloadPilot   10: 8192 op, 559176800.00 ns, 68.2589 us/op

OverheadWarmup   1: 8192 op, 30300.00 ns, 3.6987 ns/op
OverheadWarmup   2: 8192 op, 29400.00 ns, 3.5889 ns/op
OverheadWarmup   3: 8192 op, 29200.00 ns, 3.5645 ns/op
OverheadWarmup   4: 8192 op, 29200.00 ns, 3.5645 ns/op
OverheadWarmup   5: 8192 op, 29200.00 ns, 3.5645 ns/op
OverheadWarmup   6: 8192 op, 29100.00 ns, 3.5522 ns/op
OverheadWarmup   7: 8192 op, 29300.00 ns, 3.5767 ns/op

OverheadActual   1: 8192 op, 29500.00 ns, 3.6011 ns/op
OverheadActual   2: 8192 op, 30100.00 ns, 3.6743 ns/op
OverheadActual   3: 8192 op, 29200.00 ns, 3.5645 ns/op
OverheadActual   4: 8192 op, 29200.00 ns, 3.5645 ns/op
OverheadActual   5: 8192 op, 29200.00 ns, 3.5645 ns/op
OverheadActual   6: 8192 op, 29200.00 ns, 3.5645 ns/op
OverheadActual   7: 8192 op, 29200.00 ns, 3.5645 ns/op
OverheadActual   8: 8192 op, 29200.00 ns, 3.5645 ns/op
OverheadActual   9: 8192 op, 29200.00 ns, 3.5645 ns/op
OverheadActual  10: 8192 op, 29800.00 ns, 3.6377 ns/op
OverheadActual  11: 8192 op, 29200.00 ns, 3.5645 ns/op
OverheadActual  12: 8192 op, 29200.00 ns, 3.5645 ns/op
OverheadActual  13: 8192 op, 29100.00 ns, 3.5522 ns/op
OverheadActual  14: 8192 op, 28900.00 ns, 3.5278 ns/op
OverheadActual  15: 8192 op, 29300.00 ns, 3.5767 ns/op

OverheadWarmup   1: 8192 op, 29300.00 ns, 3.5767 ns/op
OverheadWarmup   2: 8192 op, 29200.00 ns, 3.5645 ns/op
OverheadWarmup   3: 8192 op, 29700.00 ns, 3.6255 ns/op
OverheadWarmup   4: 8192 op, 28700.00 ns, 3.5034 ns/op
OverheadWarmup   5: 8192 op, 29200.00 ns, 3.5645 ns/op
OverheadWarmup   6: 8192 op, 29200.00 ns, 3.5645 ns/op

// BeforeActualRun
WorkloadActual   1: 8192 op, 600745900.00 ns, 73.3332 us/op
WorkloadActual   2: 8192 op, 606448600.00 ns, 74.0294 us/op
WorkloadActual   3: 8192 op, 631836600.00 ns, 77.1285 us/op
WorkloadActual   4: 8192 op, 733360500.00 ns, 89.5215 us/op
WorkloadActual   5: 8192 op, 592664700.00 ns, 72.3468 us/op
WorkloadActual   6: 8192 op, 714032800.00 ns, 87.1622 us/op
WorkloadActual   7: 8192 op, 642173500.00 ns, 78.3903 us/op
WorkloadActual   8: 8192 op, 561452400.00 ns, 68.5367 us/op
WorkloadActual   9: 8192 op, 561036800.00 ns, 68.4859 us/op
WorkloadActual  10: 8192 op, 559932900.00 ns, 68.3512 us/op
WorkloadActual  11: 8192 op, 559464600.00 ns, 68.2940 us/op
WorkloadActual  12: 8192 op, 561887900.00 ns, 68.5898 us/op
WorkloadActual  13: 8192 op, 575695500.00 ns, 70.2753 us/op
WorkloadActual  14: 8192 op, 582182000.00 ns, 71.0671 us/op
WorkloadActual  15: 8192 op, 566114900.00 ns, 69.1058 us/op
WorkloadActual  16: 8192 op, 561443200.00 ns, 68.5355 us/op
WorkloadActual  17: 8192 op, 577893100.00 ns, 70.5436 us/op
WorkloadActual  18: 8192 op, 564846400.00 ns, 68.9510 us/op
WorkloadActual  19: 8192 op, 564479100.00 ns, 68.9061 us/op
WorkloadActual  20: 8192 op, 567189100.00 ns, 69.2370 us/op
WorkloadActual  21: 8192 op, 566747100.00 ns, 69.1830 us/op
WorkloadActual  22: 8192 op, 569196800.00 ns, 69.4820 us/op
WorkloadActual  23: 8192 op, 566432900.00 ns, 69.1446 us/op
WorkloadActual  24: 8192 op, 570381700.00 ns, 69.6267 us/op
WorkloadActual  25: 8192 op, 569217700.00 ns, 69.4846 us/op
WorkloadActual  26: 8192 op, 565355400.00 ns, 69.0131 us/op
WorkloadActual  27: 8192 op, 570506100.00 ns, 69.6419 us/op

// AfterActualRun
WorkloadResult   1: 8192 op, 600716700.00 ns, 73.3297 us/op
WorkloadResult   2: 8192 op, 606419400.00 ns, 74.0258 us/op
WorkloadResult   3: 8192 op, 592635500.00 ns, 72.3432 us/op
WorkloadResult   4: 8192 op, 561423200.00 ns, 68.5331 us/op
WorkloadResult   5: 8192 op, 561007600.00 ns, 68.4824 us/op
WorkloadResult   6: 8192 op, 559903700.00 ns, 68.3476 us/op
WorkloadResult   7: 8192 op, 559435400.00 ns, 68.2905 us/op
WorkloadResult   8: 8192 op, 561858700.00 ns, 68.5863 us/op
WorkloadResult   9: 8192 op, 575666300.00 ns, 70.2718 us/op
WorkloadResult  10: 8192 op, 582152800.00 ns, 71.0636 us/op
WorkloadResult  11: 8192 op, 566085700.00 ns, 69.1023 us/op
WorkloadResult  12: 8192 op, 561414000.00 ns, 68.5320 us/op
WorkloadResult  13: 8192 op, 577863900.00 ns, 70.5400 us/op
WorkloadResult  14: 8192 op, 564817200.00 ns, 68.9474 us/op
WorkloadResult  15: 8192 op, 564449900.00 ns, 68.9026 us/op
WorkloadResult  16: 8192 op, 567159900.00 ns, 69.2334 us/op
WorkloadResult  17: 8192 op, 566717900.00 ns, 69.1794 us/op
WorkloadResult  18: 8192 op, 569167600.00 ns, 69.4785 us/op
WorkloadResult  19: 8192 op, 566403700.00 ns, 69.1411 us/op
WorkloadResult  20: 8192 op, 570352500.00 ns, 69.6231 us/op
WorkloadResult  21: 8192 op, 569188500.00 ns, 69.4810 us/op
WorkloadResult  22: 8192 op, 565326200.00 ns, 69.0095 us/op
WorkloadResult  23: 8192 op, 570476900.00 ns, 69.6383 us/op
// GC:  83 15 0 524746752 8192
// Threading:  0 0 8192

// AfterAll
// Benchmark Process 18600 has exited with code 0.

Mean = 69.743 μs, StdErr = 0.326 μs (0.47%), N = 23, StdDev = 1.566 μs
Min = 68.290 μs, Q1 = 68.744 μs, Median = 69.179 μs, Q3 = 69.955 μs, Max = 74.026 μs
IQR = 1.211 μs, LowerFence = 66.929 μs, UpperFence = 71.771 μs
ConfidenceInterval = [68.505 μs; 70.981 μs] (CI 99.9%), Margin = 1.238 μs (1.78% of Mean)
Skewness = 1.47, Kurtosis = 4.12, MValue = 2

// ** Remained 0 (0,0 %) benchmark(s) to run. Estimated finish 2026-03-16 16:29 (0h 0m from now) **
Successfully reverted power plan (GUID: 611cfc0b-4a76-421d-8fec-f3efc102b093 FriendlyName: Lenovo Default)
// ***** BenchmarkRunner: Finish  *****

// * Export *
  BenchmarkDotNet.Artifacts\results\CapaDatos.Benchmarks.MapearOrdenBenchmark-report.csv
  BenchmarkDotNet.Artifacts\results\CapaDatos.Benchmarks.MapearOrdenBenchmark-report-github.md
  BenchmarkDotNet.Artifacts\results\CapaDatos.Benchmarks.MapearOrdenBenchmark-report.html

// * Detailed results *
MapearOrdenBenchmark.MapearOrden_Actual: DefaultJob
Runtime = .NET 9.0.14 (9.0.1426.11910), X64 RyuJIT AVX2; GC = Concurrent Workstation
Mean = 180.612 μs, StdErr = 0.145 μs (0.08%), N = 14, StdDev = 0.542 μs
Min = 179.781 μs, Q1 = 180.229 μs, Median = 180.715 μs, Q3 = 180.863 μs, Max = 181.476 μs
IQR = 0.634 μs, LowerFence = 179.278 μs, UpperFence = 181.814 μs
ConfidenceInterval = [180.000 μs; 181.223 μs] (CI 99.9%), Margin = 0.611 μs (0.34% of Mean)
Skewness = 0.05, Kurtosis = 1.79, MValue = 2
-------------------- Histogram --------------------
[179.486 μs ; 181.771 μs) | @@@@@@@@@@@@@@
---------------------------------------------------

MapearOrdenBenchmark.MapearOrden_Optimizado: DefaultJob
Runtime = .NET 9.0.14 (9.0.1426.11910), X64 RyuJIT AVX2; GC = Concurrent Workstation
Mean = 94.893 μs, StdErr = 0.291 μs (0.31%), N = 12, StdDev = 1.008 μs
Min = 94.148 μs, Q1 = 94.395 μs, Median = 94.584 μs, Q3 = 94.930 μs, Max = 97.826 μs
IQR = 0.535 μs, LowerFence = 93.592 μs, UpperFence = 95.734 μs
ConfidenceInterval = [93.601 μs; 96.185 μs] (CI 99.9%), Margin = 1.292 μs (1.36% of Mean)
Skewness = 1.98, Kurtosis = 6.05, MValue = 2
-------------------- Histogram --------------------
[93.569 μs ; 95.504 μs) | @@@@@@@@@@
[95.504 μs ; 98.404 μs) | @@
---------------------------------------------------

MapearOrdenBenchmark.MapearDetalle_Actual: DefaultJob
Runtime = .NET 9.0.14 (9.0.1426.11910), X64 RyuJIT AVX2; GC = Concurrent Workstation
Mean = 85.048 μs, StdErr = 0.220 μs (0.26%), N = 14, StdDev = 0.824 μs
Min = 83.905 μs, Q1 = 84.605 μs, Median = 84.843 μs, Q3 = 85.410 μs, Max = 86.963 μs
IQR = 0.805 μs, LowerFence = 83.396 μs, UpperFence = 86.618 μs
ConfidenceInterval = [84.118 μs; 85.977 μs] (CI 99.9%), Margin = 0.930 μs (1.09% of Mean)
Skewness = 0.77, Kurtosis = 2.85, MValue = 2
-------------------- Histogram --------------------
[83.456 μs ; 87.412 μs) | @@@@@@@@@@@@@@
---------------------------------------------------

MapearOrdenBenchmark.MapearDetalle_Optimizado: DefaultJob
Runtime = .NET 9.0.14 (9.0.1426.11910), X64 RyuJIT AVX2; GC = Concurrent Workstation
Mean = 58.253 μs, StdErr = 0.069 μs (0.12%), N = 13, StdDev = 0.250 μs
Min = 57.798 μs, Q1 = 58.092 μs, Median = 58.281 μs, Q3 = 58.399 μs, Max = 58.700 μs
IQR = 0.307 μs, LowerFence = 57.632 μs, UpperFence = 58.859 μs
ConfidenceInterval = [57.954 μs; 58.551 μs] (CI 99.9%), Margin = 0.299 μs (0.51% of Mean)
Skewness = -0.09, Kurtosis = 1.97, MValue = 2
-------------------- Histogram --------------------
[57.765 μs ; 58.840 μs) | @@@@@@@@@@@@@
---------------------------------------------------

MapearOrdenBenchmark.MapearPagoModel_Actual: DefaultJob
Runtime = .NET 9.0.14 (9.0.1426.11910), X64 RyuJIT AVX2; GC = Concurrent Workstation
Mean = 125.143 μs, StdErr = 0.172 μs (0.14%), N = 13, StdDev = 0.620 μs
Min = 124.168 μs, Q1 = 124.849 μs, Median = 125.005 μs, Q3 = 125.335 μs, Max = 126.652 μs
IQR = 0.486 μs, LowerFence = 124.120 μs, UpperFence = 126.064 μs
ConfidenceInterval = [124.401 μs; 125.885 μs] (CI 99.9%), Margin = 0.742 μs (0.59% of Mean)
Skewness = 0.84, Kurtosis = 3.35, MValue = 2
-------------------- Histogram --------------------
[123.822 μs ; 126.997 μs) | @@@@@@@@@@@@@
---------------------------------------------------

MapearOrdenBenchmark.MapearPagoModel_Optimizado: DefaultJob
Runtime = .NET 9.0.14 (9.0.1426.11910), X64 RyuJIT AVX2; GC = Concurrent Workstation
Mean = 73.603 μs, StdErr = 0.151 μs (0.20%), N = 14, StdDev = 0.563 μs
Min = 72.944 μs, Q1 = 73.234 μs, Median = 73.432 μs, Q3 = 73.857 μs, Max = 74.992 μs
IQR = 0.623 μs, LowerFence = 72.300 μs, UpperFence = 74.792 μs
ConfidenceInterval = [72.967 μs; 74.238 μs] (CI 99.9%), Margin = 0.636 μs (0.86% of Mean)
Skewness = 1, Kurtosis = 3.13, MValue = 2
-------------------- Histogram --------------------
[72.637 μs ; 75.299 μs) | @@@@@@@@@@@@@@
---------------------------------------------------

MapearOrdenBenchmark.MapearPagoEntidad_Actual: DefaultJob
Runtime = .NET 9.0.14 (9.0.1426.11910), X64 RyuJIT AVX2; GC = Concurrent Workstation
Mean = 109.250 μs, StdErr = 0.185 μs (0.17%), N = 13, StdDev = 0.666 μs
Min = 108.547 μs, Q1 = 108.745 μs, Median = 109.201 μs, Q3 = 109.290 μs, Max = 110.845 μs
IQR = 0.545 μs, LowerFence = 107.927 μs, UpperFence = 110.109 μs
ConfidenceInterval = [108.453 μs; 110.048 μs] (CI 99.9%), Margin = 0.797 μs (0.73% of Mean)
Skewness = 1.19, Kurtosis = 3.35, MValue = 2
-------------------- Histogram --------------------
[108.175 μs ; 111.217 μs) | @@@@@@@@@@@@@
---------------------------------------------------

MapearOrdenBenchmark.MapearPagoEntidad_Optimizado: DefaultJob
Runtime = .NET 9.0.14 (9.0.1426.11910), X64 RyuJIT AVX2; GC = Concurrent Workstation
Mean = 69.743 μs, StdErr = 0.326 μs (0.47%), N = 23, StdDev = 1.566 μs
Min = 68.290 μs, Q1 = 68.744 μs, Median = 69.179 μs, Q3 = 69.955 μs, Max = 74.026 μs
IQR = 1.211 μs, LowerFence = 66.929 μs, UpperFence = 71.771 μs
ConfidenceInterval = [68.505 μs; 70.981 μs] (CI 99.9%), Margin = 1.238 μs (1.78% of Mean)
Skewness = 1.47, Kurtosis = 4.12, MValue = 2
-------------------- Histogram --------------------
[68.242 μs ; 69.687 μs) | @@@@@@@@@@@@@@@@@
[69.687 μs ; 71.390 μs) | @@@
[71.390 μs ; 74.415 μs) | @@@
---------------------------------------------------

// * Summary *

BenchmarkDotNet v0.15.2, Windows 11 (10.0.26200.8037)
Intel Core i7-8700 CPU 3.20GHz (Max: 3.19GHz) (Coffee Lake), 1 CPU, 12 logical and 6 physical cores
.NET SDK 9.0.312
  [Host]     : .NET 9.0.14 (9.0.1426.11910), X64 RyuJIT AVX2
  DefaultJob : .NET 9.0.14 (9.0.1426.11910), X64 RyuJIT AVX2


| Method                       | Mean      | Error    | StdDev   | Ratio | Alloc Ratio |
|----------------------------- |----------:|---------:|---------:|------:|------------:|
| MapearOrden_Actual           | 180.61 μs | 0.611 μs | 0.542 μs |  1.00 |          NA |
| MapearOrden_Optimizado       |  94.89 μs | 1.292 μs | 1.008 μs |  0.53 |          NA |
| MapearDetalle_Actual         |  85.05 μs | 0.930 μs | 0.824 μs |  0.47 |          NA |
| MapearDetalle_Optimizado     |  58.25 μs | 0.299 μs | 0.250 μs |  0.32 |          NA |
| MapearPagoModel_Actual       | 125.14 μs | 0.742 μs | 0.620 μs |  0.69 |          NA |
| MapearPagoModel_Optimizado   |  73.60 μs | 0.636 μs | 0.563 μs |  0.41 |          NA |
| MapearPagoEntidad_Actual     | 109.25 μs | 0.797 μs | 0.666 μs |  0.60 |          NA |
| MapearPagoEntidad_Optimizado |  69.74 μs | 1.238 μs | 1.566 μs |  0.39 |          NA |

// * Hints *
Outliers
  MapearOrdenBenchmark.MapearOrden_Actual: Default           -> 1 outlier  was  removed (182.14 μs)
  MapearOrdenBenchmark.MapearOrden_Optimizado: Default       -> 3 outliers were removed (106.01 μs..122.96 μs)
  MapearOrdenBenchmark.MapearDetalle_Actual: Default         -> 4 outliers were removed (90.26 μs..95.69 μs)
  MapearOrdenBenchmark.MapearDetalle_Optimizado: Default     -> 2 outliers were removed (59.67 μs, 62.48 μs)
  MapearOrdenBenchmark.MapearPagoModel_Actual: Default       -> 2 outliers were removed (149.46 μs, 158.70 μs)
  MapearOrdenBenchmark.MapearPagoModel_Optimizado: Default   -> 1 outlier  was  removed (75.34 μs)
  MapearOrdenBenchmark.MapearPagoEntidad_Actual: Default     -> 2 outliers were removed (111.57 μs, 112.43 μs)
  MapearOrdenBenchmark.MapearPagoEntidad_Optimizado: Default -> 4 outliers were removed (77.13 μs..89.52 μs)

// * Legends *
  Mean        : Arithmetic mean of all measurements
  Error       : Half of 99.9% confidence interval
  StdDev      : Standard deviation of all measurements
  Ratio       : Mean of the ratio distribution ([Current]/[Baseline])
  Alloc Ratio : Allocated memory ratio distribution ([Current]/[Baseline])
  1 μs        : 1 Microsecond (0.000001 sec)

// * Diagnostic Output - CPUUsageDiagnoser *
Saving diagsession as a file. This may take a moment...
Exported diagsession file: C:\AOCR\AOCR\AOCR05-01-2026\AOCR1\AOCR\BenchmarkSuite1\BenchmarkDotNet.Artifacts\BenchmarkDotNet_MapearOrdenBenchmark_20260316_162955.diagsession.
Opening diagsession in VisualStudio: 17652


// ***** BenchmarkRunner: End *****
Run time: 00:02:38 (158.75 sec), executed benchmarks: 8

Global total time: 00:03:11 (191.2 sec), executed benchmarks: 8
// * Artifacts cleanup *
Artifacts cleanup is finished
