2026-03-17 08:25:00.406 | INFO  | CID:N/A | EmailQueueProcessor arrancando. ThreadId=1; Idle=10s; ErrorRetry=30s; MaxIntentos=3
2026-03-17 08:25:00.410 | INFO  | CID:N/A | Iniciando procesador de cola de correos
2026-03-17 08:25:00.425 | INFO  | CID:N/A | EmailQueueProcessor tarea de procesamiento lanzada. TaskId=2
2026-03-17 08:25:00.446 | INFO  | CID:N/A | EmailQueueProcessor loop principal iniciado.
2026-03-17 08:25:00.446 | INFO  | CID:N/A | EmailQueueProcessor ciclo: consultando pendientes en cola.
2026-03-17 08:25:02.378 | INFO  | CID:N/A | EmailQueueProcessor sin pendientes. Esperando 10s para proximo ciclo.
2026-03-17 09:29:37.839 | INFO  | CID:N/A | Iniciando procesador de cola de correos
2026-03-17 09:32:39.003 | INFO  | CID:N/A | Iniciando procesador de cola de correos
2026-03-17 09:33:09.650 | INFO  | CID:95078daf5216 | Account/Login | Iniciando acción: Account/Login
2026-03-17 09:33:10.480 | INFO  | CID:95078daf5216 | Account/Login | Acción completada: Account/Login
2026-03-17 09:33:42.229 | INFO  | CID:4b15ce63c28e | USR:USU_ADMIN | Financiero/AprobarYEnviarAS400 | Iniciando acción: Financiero/AprobarYEnviarAS400
2026-03-17 09:33:42.410 | INFO  | CID:4b15ce63c28e | USR:USU_ADMIN | Financiero/AprobarYEnviarAS400 | Acción completada: Financiero/AprobarYEnviarAS400
2026-03-17 09:33:44.143 | INFO  | CID:6cb6105b735e | USR:USU_ADMIN | Financiero/AprobarYEnviarAS400 | Iniciando acción: Financiero/AprobarYEnviarAS400
2026-03-17 09:33:44.661 | INFO  | CID:6cb6105b735e | USR:USU_ADMIN | Financiero/AprobarYEnviarAS400 | Acción completada: Financiero/AprobarYEnviarAS400
2026-03-17 09:33:46.638 | INFO  | CID:05fc8cc2d86c | USR:USU_ADMIN | Financiero/AprobarYEnviarAS400 | Iniciando acción: Financiero/AprobarYEnviarAS400
2026-03-17 09:33:47.078 | INFO  | CID:05fc8cc2d86c | USR:USU_ADMIN | Financiero/AprobarYEnviarAS400 | Acción completada: Financiero/AprobarYEnviarAS400
2026-03-17 09:33:48.007 | INFO  | CID:b02dd77acc04 | USR:USU_ADMIN | Financiero/AprobarYEnviarAS400 | Iniciando acción: Financiero/AprobarYEnviarAS400
2026-03-17 09:33:48.443 | INFO  | CID:b02dd77acc04 | USR:USU_ADMIN | Financiero/AprobarYEnviarAS400 | Acción completada: Financiero/AprobarYEnviarAS400
2026-03-17 09:33:53.501 | INFO  | CID:d226b64eaebe | USR:USU_ADMIN | Financiero/AprobarYEnviarAS400 | Iniciando acción: Financiero/AprobarYEnviarAS400
2026-03-17 09:33:53.925 | INFO  | CID:d226b64eaebe | USR:USU_ADMIN | Financiero/AprobarYEnviarAS400 | Acción completada: Financiero/AprobarYEnviarAS400
2026-03-17 09:33:54.533 | INFO  | CID:2aa2f854a2af | USR:USU_ADMIN | Financiero/AprobarYEnviarAS400 | Iniciando acción: Financiero/AprobarYEnviarAS400
2026-03-17 09:33:54.959 | INFO  | CID:2aa2f854a2af | USR:USU_ADMIN | Financiero/AprobarYEnviarAS400 | Acción completada: Financiero/AprobarYEnviarAS400
2026-03-17 09:33:55.580 | INFO  | CID:26d7c1ff40a9 | USR:USU_ADMIN | Financiero/AprobarYEnviarAS400 | Iniciando acción: Financiero/AprobarYEnviarAS400
2026-03-17 09:33:56.008 | INFO  | CID:26d7c1ff40a9 | USR:USU_ADMIN | Financiero/AprobarYEnviarAS400 | Acción completada: Financiero/AprobarYEnviarAS400
2026-03-17 09:34:03.692 | INFO  | CID:7387e1b59702 | USR:USU_ADMIN | Financiero/AprobarYEnviarAS400 | Iniciando acción: Financiero/AprobarYEnviarAS400
2026-03-17 09:34:04.186 | INFO  | CID:7387e1b59702 | USR:USU_ADMIN | Financiero/AprobarYEnviarAS400 | Acción completada: Financiero/AprobarYEnviarAS400
2026-03-17 09:34:04.776 | INFO  | CID:be2e1013c7f6 | USR:USU_ADMIN | Financiero/AprobarYEnviarAS400 | Iniciando acción: Financiero/AprobarYEnviarAS400
2026-03-17 09:34:05.224 | INFO  | CID:be2e1013c7f6 | USR:USU_ADMIN | Financiero/AprobarYEnviarAS400 | Acción completada: Financiero/AprobarYEnviarAS400
2026-03-17 09:34:46.757 | INFO  | CID:N/A | Iniciando procesador de cola de correos
2026-03-17 09:37:02.692 | INFO  | CID:N/A | Iniciando procesador de cola de correos
2026-03-17 09:39:19.136 | INFO  | CID:N/A | Iniciando procesador de cola de correos
2026-03-17 09:43:39.081 | INFO  | CID:N/A | Iniciando procesador de cola de correos
2026-03-17 09:44:00.139 | INFO  | CID:80974caa745d | Account/Login | Iniciando acción: Account/Login
2026-03-17 09:44:00.946 | INFO  | CID:80974caa745d | Account/Login | Acción completada: Account/Login
2026-03-17 09:44:24.536 | INFO  | CID:65257180834f | USR:USU_ADMIN | Financiero/AprobarYEnviarAS400 | Iniciando acción: Financiero/AprobarYEnviarAS400
2026-03-17 09:44:24.851 | INFO  | CID:65257180834f | USR:USU_ADMIN | Financiero/AprobarYEnviarAS400 | Acción completada: Financiero/AprobarYEnviarAS400
2026-03-17 09:44:27.118 | INFO  | CID:894086d91c55 | USR:USU_ADMIN | Financiero/AprobarYEnviarAS400 | Iniciando acción: Financiero/AprobarYEnviarAS400
2026-03-17 09:44:27.568 | INFO  | CID:894086d91c55 | USR:USU_ADMIN | Financiero/AprobarYEnviarAS400 | Acción completada: Financiero/AprobarYEnviarAS400
2026-03-17 09:44:29.651 | INFO  | CID:b9d76a175225 | USR:USU_ADMIN | Financiero/AprobarYEnviarAS400 | Iniciando acción: Financiero/AprobarYEnviarAS400
2026-03-17 09:44:30.084 | INFO  | CID:b9d76a175225 | USR:USU_ADMIN | Financiero/AprobarYEnviarAS400 | Acción completada: Financiero/AprobarYEnviarAS400
2026-03-17 09:44:31.005 | INFO  | CID:af95508f3cb1 | USR:USU_ADMIN | Financiero/AprobarYEnviarAS400 | Iniciando acción: Financiero/AprobarYEnviarAS400
2026-03-17 09:44:31.450 | INFO  | CID:af95508f3cb1 | USR:USU_ADMIN | Financiero/AprobarYEnviarAS400 | Acción completada: Financiero/AprobarYEnviarAS400
2026-03-17 09:44:32.467 | INFO  | CID:47d4bd2d1e80 | USR:USU_ADMIN | Financiero/AprobarYEnviarAS400 | Iniciando acción: Financiero/AprobarYEnviarAS400
2026-03-17 09:44:32.900 | INFO  | CID:47d4bd2d1e80 | USR:USU_ADMIN | Financiero/AprobarYEnviarAS400 | Acción completada: Financiero/AprobarYEnviarAS400
2026-03-17 09:44:33.669 | INFO  | CID:dcaec675c652 | USR:USU_ADMIN | Financiero/AprobarYEnviarAS400 | Iniciando acción: Financiero/AprobarYEnviarAS400
2026-03-17 09:44:34.099 | INFO  | CID:dcaec675c652 | USR:USU_ADMIN | Financiero/AprobarYEnviarAS400 | Acción completada: Financiero/AprobarYEnviarAS400
2026-03-17 09:44:35.002 | INFO  | CID:86503d5f3830 | USR:USU_ADMIN | Financiero/AprobarYEnviarAS400 | Iniciando acción: Financiero/AprobarYEnviarAS400
2026-03-17 09:44:35.499 | INFO  | CID:86503d5f3830 | USR:USU_ADMIN | Financiero/AprobarYEnviarAS400 | Acción completada: Financiero/AprobarYEnviarAS400
2026-03-17 09:52:50.709 | INFO  | CID:N/A | SyncLogService: Tabla aocr_sync_log verificada/creada.
2026-03-17 09:52:50.716 | INFO  | CID:N/A | IdempotencyService: Tabla aocr_idempotency_key verificada/creada.
2026-03-17 09:52:50.930 | INFO  | CID:N/A | AuditTrailService: Tabla aocr_audit_trail verificada/creada.
2026-03-17 09:53:39.708 | INFO  | CID:3c709da14713 | USR:USU_ADMIN | Financiero/AprobarYEnviarAS400 | Iniciando acción: Financiero/AprobarYEnviarAS400
2026-03-17 09:53:40.087 | INFO  | CID:3c709da14713 | USR:USU_ADMIN | Financiero/AprobarYEnviarAS400 | Acción completada: Financiero/AprobarYEnviarAS400
2026-03-17 09:53:41.426 | INFO  | CID:3eedbba16250 | USR:USU_ADMIN | Financiero/AprobarYEnviarAS400 | Iniciando acción: Financiero/AprobarYEnviarAS400
2026-03-17 09:53:41.691 | INFO  | CID:3eedbba16250 | USR:USU_ADMIN | Financiero/AprobarYEnviarAS400 | Acción completada: Financiero/AprobarYEnviarAS400
2026-03-17 09:53:42.658 | INFO  | CID:4fe731f3e6ab | USR:USU_ADMIN | Financiero/AprobarYEnviarAS400 | Iniciando acción: Financiero/AprobarYEnviarAS400
2026-03-17 09:53:43.152 | INFO  | CID:4fe731f3e6ab | USR:USU_ADMIN | Financiero/AprobarYEnviarAS400 | Acción completada: Financiero/AprobarYEnviarAS400
2026-03-17 09:53:44.261 | INFO  | CID:f8daf58c0a30 | USR:USU_ADMIN | Financiero/AprobarYEnviarAS400 | Iniciando acción: Financiero/AprobarYEnviarAS400
2026-03-17 09:53:44.699 | INFO  | CID:f8daf58c0a30 | USR:USU_ADMIN | Financiero/AprobarYEnviarAS400 | Acción completada: Financiero/AprobarYEnviarAS400
2026-03-17 09:55:34.811 | INFO  | CID:N/A | Iniciando procesador de cola de correos
2026-03-17 09:55:55.217 | INFO  | CID:25ceab8ae538 | Account/Login | Iniciando acción: Account/Login
2026-03-17 09:55:55.870 | INFO  | CID:25ceab8ae538 | Account/Login | Acción completada: Account/Login
2026-03-17 09:56:22.916 | INFO  | CID:d735d201bd27 | USR:USU_ADMIN | Financiero/AprobarYEnviarAS400 | Iniciando acción: Financiero/AprobarYEnviarAS400
2026-03-17 09:56:23.416 | ERROR | CID:N/A | ERR:EMAIL_ERROR | Error al enviar correo.
    Exception: SmtpException
    StackTrace:    en System.Net.Mail.SmtpClient.SendAsync(MailMessage message, Object userToken)
   en System.Net.Mail.SmtpClient.SendMailAsync(MailMessage message)
   en CapaDatos.Services.EmailService.<EnviarAsync>d__4.MoveNext() en C:\AOCR\AOCR\AOCR05-01-2026\AOCR1\AOCR\CapaDatos\Services\EmailService.cs:línea 76
2026-03-17 09:56:23.782 | INFO  | CID:2e7e77adfa24 | Correo con adjunto enviado exitosamente a german.cajas@aviacioncivil.gob.ec
2026-03-17 09:56:23.782 | WARN  | CID:N/A | ERR:EMAIL_FALLBACK_OK | Correo enviado por fallback EnviarCorreo.
2026-03-17 09:56:23.782 | INFO  | CID:N/A | ORD:OR-20260312152539270-1 | ERR:EMAIL_FACTURA_OK | Notificacion de factura enviada correctamente
2026-03-17 09:56:23.816 | INFO  | CID:N/A | SyncLogService: Tabla aocr_sync_log verificada/creada.
2026-03-17 09:56:24.049 | INFO  | CID:N/A | IdempotencyService: Tabla aocr_idempotency_key verificada/creada.
2026-03-17 09:56:24.049 | INFO  | CID:N/A | AuditTrailService: Tabla aocr_audit_trail verificada/creada.
2026-03-17 09:56:26.149 | INFO  | CID:N/A | FR3 DB2 inicio: OrdenId=98, Factura=212321, Aeropuerto=SEQU, Anio=2026
2026-03-17 09:56:26.332 | INFO  | CID:N/A | GetColumnas: 80 columnas encontradas en DGACDAT.OPCAR5
2026-03-17 09:56:26.332 | INFO  | CID:N/A | GetColumnas: 25 columnas encontradas en DGACDAT.OPCAR6
2026-03-17 09:56:26.415 | INFO  | CID:N/A | GetColumnas: 6 columnas encontradas en DGACDAT.OPSARC
2026-03-17 09:56:26.482 | WARN  | CID:N/A | FR3 truncamiento preventivo en DGACDAT.OPCAR5.OPCOBS: len=71, max=60.
2026-03-17 09:56:26.549 | WARN  | CID:N/A | FR3 detectó SQL7008 en modo transaccional; se reintenta sin transacción para compatibilidad.
2026-03-17 09:56:26.549 | INFO  | CID:N/A | FR3 DB2 inicio: OrdenId=98, Factura=212321, Aeropuerto=SEQU, Anio=2026
2026-03-17 09:56:26.582 | INFO  | CID:N/A | GetColumnas: 80 columnas encontradas en DGACDAT.OPCAR5
2026-03-17 09:56:26.598 | INFO  | CID:N/A | GetColumnas: 25 columnas encontradas en DGACDAT.OPCAR6
2026-03-17 09:56:26.618 | INFO  | CID:N/A | GetColumnas: 6 columnas encontradas en DGACDAT.OPSARC
2026-03-17 09:56:26.632 | WARN  | CID:N/A | FR3 truncamiento preventivo en DGACDAT.OPCAR5.OPCOBS: len=71, max=60.
2026-03-17 09:56:26.649 | INFO  | CID:N/A | FR3 cabecera insertada: Factura=212321, Sec=20
2026-03-17 09:56:26.682 | INFO  | CID:N/A | GetColumnas: 6 columnas encontradas en DGACDAT.OPSARC
2026-03-17 09:56:26.699 | INFO  | CID:N/A | FR3 secuencial actualizado: Aeropuerto=SEQU, Anio=2026, Sec=20
2026-03-17 09:56:26.699 | INFO  | CID:N/A | FR3 DB2 OK: OrdenId=98, Factura=212321, FR3=20-SEQU-2026
2026-03-17 09:56:27.349 | INFO  | CID:N/A | Procesando email 44 para german.cajas@aviacioncivil.gob.ec
2026-03-17 09:56:27.515 | INFO  | CID:d735d201bd27 | USR:USU_ADMIN | Financiero/AprobarYEnviarAS400 | Acción completada: Financiero/AprobarYEnviarAS400
2026-03-17 09:56:27.515 | INFO  | CID:N/A | Email 44 enviado exitosamente
2026-03-17 09:56:27.530 | INFO  | CID:N/A | Email 44 enviado exitosamente
2026-03-17 09:56:27.548 | INFO  | CID:N/A | Procesando email 45 para admin1@dgac.gob.ec
2026-03-17 09:56:27.799 | INFO  | CID:N/A | Email 45 enviado exitosamente
2026-03-17 09:56:27.799 | INFO  | CID:N/A | Email 45 enviado exitosamente
2026-03-17 09:56:27.832 | INFO  | CID:N/A | Procesando email 46 para admin2@dgac.gob.ec
2026-03-17 09:56:28.031 | INFO  | CID:N/A | Email 46 enviado exitosamente
2026-03-17 09:56:28.031 | INFO  | CID:N/A | Email 46 enviado exitosamente
2026-03-17 09:57:22.936 | INFO  | CID:97b5ff801389 | USR:USU_ADMIN | Financiero/AprobarYEnviarAS400 | Iniciando acción: Financiero/AprobarYEnviarAS400
2026-03-17 09:57:23.325 | ERROR | CID:N/A | ERR:EMAIL_ERROR | Error al enviar correo.
    Exception: SmtpException
    StackTrace:    en System.Net.Mail.SmtpClient.SendAsync(MailMessage message, Object userToken)
   en System.Net.Mail.SmtpClient.SendMailAsync(MailMessage message)
   en CapaDatos.Services.EmailService.<EnviarAsync>d__4.MoveNext() en C:\AOCR\AOCR\AOCR05-01-2026\AOCR1\AOCR\CapaDatos\Services\EmailService.cs:línea 76
2026-03-17 09:57:23.508 | INFO  | CID:9a232f5c47ed | Correo con adjunto enviado exitosamente a german.cajas@aviacioncivil.gob.ec
2026-03-17 09:57:23.508 | WARN  | CID:N/A | ERR:EMAIL_FALLBACK_OK | Correo enviado por fallback EnviarCorreo.
2026-03-17 09:57:23.508 | INFO  | CID:N/A | ORD:OR-20260210095358479-11 | ERR:EMAIL_FACTURA_OK | Notificacion de factura enviada correctamente
2026-03-17 09:57:23.726 | WARN  | CID:N/A | FR3 normalizacion numero_factura: 'awdasd' => '44' (orden 44).
2026-03-17 09:57:24.427 | WARN  | CID:N/A | FR3 normalizacion deposito: 'awdasd' => '44' (orden 44).
2026-03-17 09:57:24.542 | INFO  | CID:N/A | FR3 DB2 inicio: OrdenId=44, Factura=44, Aeropuerto=SEQU, Anio=2026
2026-03-17 09:57:24.559 | INFO  | CID:N/A | GetColumnas: 80 columnas encontradas en DGACDAT.OPCAR5
2026-03-17 09:57:24.559 | INFO  | CID:N/A | GetColumnas: 25 columnas encontradas en DGACDAT.OPCAR6
2026-03-17 09:57:24.592 | INFO  | CID:N/A | GetColumnas: 6 columnas encontradas en DGACDAT.OPSARC
2026-03-17 09:57:24.625 | WARN  | CID:N/A | FR3 truncamiento preventivo en DGACDAT.OPCAR5.OPCOBS: len=67, max=60.
2026-03-17 09:57:24.675 | WARN  | CID:N/A | FR3 detectó SQL7008 en modo transaccional; se reintenta sin transacción para compatibilidad.
2026-03-17 09:57:24.675 | INFO  | CID:N/A | FR3 DB2 inicio: OrdenId=44, Factura=44, Aeropuerto=SEQU, Anio=2026
2026-03-17 09:57:24.675 | INFO  | CID:N/A | GetColumnas: 80 columnas encontradas en DGACDAT.OPCAR5
2026-03-17 09:57:24.692 | INFO  | CID:N/A | GetColumnas: 25 columnas encontradas en DGACDAT.OPCAR6
2026-03-17 09:57:24.708 | INFO  | CID:N/A | GetColumnas: 6 columnas encontradas en DGACDAT.OPSARC
2026-03-17 09:57:24.723 | WARN  | CID:N/A | FR3 truncamiento preventivo en DGACDAT.OPCAR5.OPCOBS: len=67, max=60.
2026-03-17 09:57:24.725 | INFO  | CID:N/A | FR3 cabecera insertada: Factura=44, Sec=21
2026-03-17 09:57:24.742 | INFO  | CID:N/A | GetColumnas: 6 columnas encontradas en DGACDAT.OPSARC
2026-03-17 09:57:24.742 | INFO  | CID:N/A | FR3 secuencial actualizado: Aeropuerto=SEQU, Anio=2026, Sec=21
2026-03-17 09:57:24.742 | INFO  | CID:N/A | FR3 DB2 OK: OrdenId=44, Factura=44, FR3=21-SEQU-2026
2026-03-17 09:57:25.510 | INFO  | CID:97b5ff801389 | USR:USU_ADMIN | Financiero/AprobarYEnviarAS400 | Acción completada: Financiero/AprobarYEnviarAS400
2026-03-17 09:57:28.141 | INFO  | CID:N/A | Procesando email 47 para german.cajas@aviacioncivil.gob.ec
2026-03-17 09:57:28.324 | INFO  | CID:N/A | Email 47 enviado exitosamente
2026-03-17 09:57:28.339 | INFO  | CID:N/A | Email 47 enviado exitosamente
2026-03-17 09:57:28.364 | INFO  | CID:N/A | Procesando email 48 para admin1@dgac.gob.ec
2026-03-17 09:57:28.568 | INFO  | CID:N/A | Email 48 enviado exitosamente
2026-03-17 09:57:28.569 | INFO  | CID:N/A | Email 48 enviado exitosamente
2026-03-17 09:57:28.591 | INFO  | CID:N/A | Procesando email 49 para admin2@dgac.gob.ec
2026-03-17 09:57:28.715 | INFO  | CID:N/A | Email 49 enviado exitosamente
2026-03-17 09:57:28.717 | INFO  | CID:N/A | Email 49 enviado exitosamente
2026-03-17 09:57:58.344 | INFO  | CID:d2605efd0408 | USR:USU_ADMIN | Financiero/AprobarYEnviarAS400 | Iniciando acción: Financiero/AprobarYEnviarAS400
2026-03-17 09:57:58.804 | ERROR | CID:N/A | ERR:EMAIL_ERROR | Error al enviar correo.
    Exception: SmtpException
    StackTrace:    en System.Net.Mail.SmtpClient.SendAsync(MailMessage message, Object userToken)
   en System.Net.Mail.SmtpClient.SendMailAsync(MailMessage message)
   en CapaDatos.Services.EmailService.<EnviarAsync>d__4.MoveNext() en C:\AOCR\AOCR\AOCR05-01-2026\AOCR1\AOCR\CapaDatos\Services\EmailService.cs:línea 76
2026-03-17 09:57:58.989 | INFO  | CID:b1d01fb61005 | Correo con adjunto enviado exitosamente a german.cajas@aviacioncivil.gob.ec
2026-03-17 09:57:58.989 | WARN  | CID:N/A | ERR:EMAIL_FALLBACK_OK | Correo enviado por fallback EnviarCorreo.
2026-03-17 09:57:58.989 | INFO  | CID:N/A | ORD:OR-20260210094211818-10 | ERR:EMAIL_FACTURA_OK | Notificacion de factura enviada correctamente
2026-03-17 09:57:58.989 | WARN  | CID:N/A | FR3 normalizacion numero_factura: 'OR-20260210094211818-10' => '9421181810' (orden 43).
2026-03-17 09:57:59.705 | WARN  | CID:N/A | FR3 normalizacion deposito: 'OR-20260210094211818-10' => '021009421181810' (orden 43).
2026-03-17 09:57:59.788 | INFO  | CID:N/A | FR3 DB2 inicio: OrdenId=43, Factura=9421181810, Aeropuerto=SEQU, Anio=2026
2026-03-17 09:57:59.804 | INFO  | CID:N/A | GetColumnas: 80 columnas encontradas en DGACDAT.OPCAR5
2026-03-17 09:57:59.819 | INFO  | CID:N/A | GetColumnas: 25 columnas encontradas en DGACDAT.OPCAR6
2026-03-17 09:57:59.838 | INFO  | CID:N/A | GetColumnas: 6 columnas encontradas en DGACDAT.OPSARC
2026-03-17 09:57:59.854 | WARN  | CID:N/A | FR3 truncamiento preventivo en DGACDAT.OPCAR5.OPCOBS: len=92, max=60.
2026-03-17 09:57:59.904 | WARN  | CID:N/A | FR3 detectó SQL7008 en modo transaccional; se reintenta sin transacción para compatibilidad.
2026-03-17 09:57:59.904 | INFO  | CID:N/A | FR3 DB2 inicio: OrdenId=43, Factura=9421181810, Aeropuerto=SEQU, Anio=2026
2026-03-17 09:57:59.904 | INFO  | CID:N/A | GetColumnas: 80 columnas encontradas en DGACDAT.OPCAR5
2026-03-17 09:57:59.904 | INFO  | CID:N/A | GetColumnas: 25 columnas encontradas en DGACDAT.OPCAR6
2026-03-17 09:57:59.937 | INFO  | CID:N/A | GetColumnas: 6 columnas encontradas en DGACDAT.OPSARC
2026-03-17 09:57:59.937 | WARN  | CID:N/A | FR3 truncamiento preventivo en DGACDAT.OPCAR5.OPCOBS: len=92, max=60.
2026-03-17 09:57:59.954 | INFO  | CID:N/A | FR3 cabecera insertada: Factura=9421181810, Sec=22
2026-03-17 09:58:00.107 | WARN  | CID:N/A | FR3 detalle error AS400: OrdenId=43, Factura=9421181810, Aeropuerto=SEQU, Anio=2026, Subtotal=1600.00, Iva=0, Total=1600.00, ObsLen=92, AutLen=0, Deposito=021009421181810
2026-03-17 09:58:00.120 | ERROR | CID:N/A | ERR:FR3_DB2_ERROR | Error al consultar el sistema AS400. Contacte al administrador.
    Exception: DataAccessException
    StackTrace:    en CapaDatos.Infrastructure.AS400BaseDAO.<>c__DisplayClass13_0.<ExecuteWithConnection>b__0() en C:\AOCR\AOCR\AOCR05-01-2026\AOCR1\AOCR\CapaDatos\Infrastructure\AS400BaseDAO.cs:línea 196
   en CapaDatos.Infrastructure.CircuitBreaker.Execute[T](Func`1 action) en C:\AOCR\AOCR\AOCR05-01-2026\AOCR1\AOCR\CapaDatos\Infrastructure\CircuitBreaker.cs:línea 132
   en CapaDatos.DAOs.FacturacionAS400DAO.RegistrarFactura(FacturaAs400Record record, FacturacionAS400Result& result, String& error) en C:\AOCR\AOCR\AOCR05-01-2026\AOCR1\AOCR\CapaDatos\DAOs\FacturacionAS400DAO.cs:línea 125
2026-03-17 09:58:01.438 | INFO  | CID:d2605efd0408 | USR:USU_ADMIN | Financiero/AprobarYEnviarAS400 | Acción completada: Financiero/AprobarYEnviarAS400
2026-03-17 09:58:08.773 | INFO  | CID:N/A | Procesando email 50 para german.cajas@aviacioncivil.gob.ec
2026-03-17 09:58:09.439 | INFO  | CID:N/A | Email 50 enviado exitosamente
2026-03-17 09:58:09.439 | INFO  | CID:N/A | Email 50 enviado exitosamente
2026-03-17 09:58:09.463 | INFO  | CID:N/A | Procesando email 51 para admin1@dgac.gob.ec
2026-03-17 09:58:09.596 | INFO  | CID:N/A | Email 51 enviado exitosamente
2026-03-17 09:58:09.596 | INFO  | CID:N/A | Email 51 enviado exitosamente
2026-03-17 09:58:09.612 | INFO  | CID:N/A | Procesando email 52 para admin2@dgac.gob.ec
2026-03-17 09:58:09.791 | INFO  | CID:N/A | Email 52 enviado exitosamente
2026-03-17 09:58:09.791 | INFO  | CID:N/A | Email 52 enviado exitosamente
2026-03-17 09:58:12.730 | INFO  | CID:c02de556c56b | USR:USU_ADMIN | Financiero/AprobarYEnviarAS400 | Iniciando acción: Financiero/AprobarYEnviarAS400
2026-03-17 09:58:12.823 | WARN  | CID:N/A | FR3 normalizacion numero_factura: 'OR-20260210094211818-10' => '9421181810' (orden 43).
2026-03-17 09:58:13.553 | WARN  | CID:N/A | FR3 normalizacion deposito: 'OR-20260210094211818-10' => '021009421181810' (orden 43).
2026-03-17 09:58:13.653 | INFO  | CID:N/A | FR3 DB2 inicio: OrdenId=43, Factura=9421181810, Aeropuerto=SEQU, Anio=2026
2026-03-17 09:58:13.653 | INFO  | CID:N/A | GetColumnas: 80 columnas encontradas en DGACDAT.OPCAR5
2026-03-17 09:58:13.667 | INFO  | CID:N/A | GetColumnas: 25 columnas encontradas en DGACDAT.OPCAR6
2026-03-17 09:58:13.670 | WARN  | CID:N/A | FR3 duplicado detectado: OrdenId=43, Factura=9421181810, Sec=22
2026-03-17 09:58:14.186 | INFO  | CID:c02de556c56b | USR:USU_ADMIN | Financiero/AprobarYEnviarAS400 | Acción completada: Financiero/AprobarYEnviarAS400
2026-03-17 09:58:20.089 | INFO  | CID:N/A | Procesando email 53 para german.cajas@aviacioncivil.gob.ec
2026-03-17 09:58:20.434 | INFO  | CID:N/A | Email 53 enviado exitosamente
2026-03-17 09:58:20.434 | INFO  | CID:N/A | Email 53 enviado exitosamente
2026-03-17 09:58:20.469 | INFO  | CID:N/A | Procesando email 54 para admin1@dgac.gob.ec
2026-03-17 09:58:20.596 | INFO  | CID:N/A | Email 54 enviado exitosamente
2026-03-17 09:58:20.596 | INFO  | CID:N/A | Email 54 enviado exitosamente
2026-03-17 09:58:20.633 | INFO  | CID:N/A | Procesando email 55 para admin2@dgac.gob.ec
2026-03-17 09:58:20.764 | INFO  | CID:N/A | Email 55 enviado exitosamente
2026-03-17 09:58:20.765 | INFO  | CID:N/A | Email 55 enviado exitosamente
2026-03-17 10:37:37.475 | INFO  | CID:N/A | Iniciando procesador de cola de correos
2026-03-17 10:37:57.787 | INFO  | CID:6b3845eb17a4 | Account/Login | Iniciando acción: Account/Login
2026-03-17 10:37:58.456 | INFO  | CID:6b3845eb17a4 | Account/Login | Acción completada: Account/Login
2026-03-17 10:54:35.436 | INFO  | CID:N/A | Iniciando procesador de cola de correos
2026-03-17 10:54:50.030 | INFO  | CID:1076d315bcb1 | Account/Login | Iniciando acción: Account/Login
2026-03-17 10:54:50.784 | INFO  | CID:1076d315bcb1 | Account/Login | Acción completada: Account/Login
2026-03-17 11:11:05.384 | INFO  | CID:N/A | Iniciando procesador de cola de correos
2026-03-17 11:11:22.000 | INFO  | CID:23e35d60b798 | Account/Login | Iniciando acción: Account/Login
2026-03-17 11:11:22.725 | INFO  | CID:23e35d60b798 | Account/Login | Acción completada: Account/Login
2026-03-17 11:16:12.182 | INFO  | CID:N/A | Iniciando procesador de cola de correos
2026-03-17 11:16:35.279 | INFO  | CID:0739aa09fcd3 | Account/Login | Iniciando acción: Account/Login
2026-03-17 11:16:35.985 | INFO  | CID:0739aa09fcd3 | Account/Login | Acción completada: Account/Login
2026-03-17 14:30:51.670 | INFO  | CID:N/A | Iniciando procesador de cola de correos
2026-03-17 14:31:12.143 | INFO  | CID:5ff2045815f3 | Account/Login | Iniciando acción: Account/Login
2026-03-17 14:31:12.884 | INFO  | CID:5ff2045815f3 | Account/Login | Acción completada: Account/Login
2026-03-17 14:48:24.106 | INFO  | CID:N/A | Iniciando procesador de cola de correos
2026-03-17 14:49:28.861 | INFO  | CID:ec324ef976e1 | Account/Login | Iniciando acción: Account/Login
2026-03-17 14:49:29.563 | INFO  | CID:ec324ef976e1 | Account/Login | Acción completada: Account/Login
2026-03-17 15:10:44.081 | INFO  | CID:N/A | Iniciando procesador de cola de correos
2026-03-17 15:11:01.795 | INFO  | CID:021d94753926 | Account/Login | Iniciando acción: Account/Login
2026-03-17 15:11:02.475 | INFO  | CID:021d94753926 | Account/Login | Acción completada: Account/Login
2026-03-17 15:11:03.972 | ERROR | CID:ba751a5e28dc | USR:USU_ADMIN | Dashboard/Index | ERR:INTERNAL_ERROR | 'object' no contiene una definición para 'Text'.
    Exception: RuntimeBinderException
    StackTrace:    en CallSite.Target(Closure , CallSite , Object )
   en System.Dynamic.UpdateDelegates.UpdateAndExecute1[T0,TRet](CallSite site, T0 arg0)
   en ASP._Page_Views_Shared__PageHeader_cshtml.Execute() en c:\AOCR\AOCR\AOCR05-01-2026\AOCR1\AOCR\CapaPresentacion\Views\Shared\_PageHeader.cshtml:línea 46
   en System.Web.WebPages.WebPageBase.ExecutePageHierarchy()
   en System.Web.Mvc.WebViewPage.ExecutePageHierarchy()
   en System.Web.WebPages.WebPageBase.ExecutePageHierarchy(WebPageContext pageContext, TextWriter writer, WebPageRenderingBase startPage)
   en System.Web.Mvc.Html.PartialExtensions.Partial(HtmlHelper htmlHelper, String partialViewName, Object model, ViewDataDictionary viewData)
   en ASP._Page_Views_Dashboard_Index_cshtml.Execute() en c:\AOCR\AOCR\AOCR05-01-2026\AOCR1\AOCR\CapaPresentacion\Views\Dashboard\Index.cshtml:línea 47
   en System.Web.WebPages.WebPageBase.ExecutePageHierarchy()
   en System.Web.Mvc.WebViewPage.ExecutePageHierarchy()
   en System.Web.WebPages.StartPage.ExecutePageHierarchy()
   en System.Web.WebPages.WebPageBase.ExecutePageHierarchy(WebPageContext pageContext, TextWriter writer, WebPageRenderingBase startPage)
   en System.Web.Mvc.ViewResultBase.ExecuteResult(ControllerContext context)
   en System.Web.Mvc.ControllerActionInvoker.InvokeActionResultFilterRecursive(IList`1 filters, Int32 filterIndex, ResultExecutingContext preContext, ControllerContext controllerContext, ActionResult actionResult)
   en System.Web.Mvc.ControllerActionInvoker.InvokeActionResultFilterRecursive(IList`1 filters, Int32 filterIndex, ResultExecutingContext preContext, ControllerContext controllerContext, ActionResult actionResult)
   en System.Web.Mvc.ControllerActionInvoker.InvokeActionResultFilterRecursive(IList`1 filters, Int32 filterIndex, ResultExecutingContext preContext, ControllerContext controllerContext, ActionResult actionResult)
   en System.Web.Mvc.ControllerActionInvoker.InvokeActionResultFilterRecursive(IList`1 filters, Int32 filterIndex, ResultExecutingContext preContext, ControllerContext controllerContext, ActionResult actionResult)
   en System.Web.Mvc.ControllerActionInvoker.InvokeActionResultWithFilters(ControllerContext controllerContext, IList`1 filters, ActionResult actionResult)
   en System.Web.Mvc.Async.AsyncControllerActionInvoker.<>c__DisplayClass3_1.<BeginInvokeAction>b__1(IAsyncResult asyncResult)
2026-03-17 15:11:09.509 | ERROR | CID:a942387f37d2 | USR:USU_ADMIN | Dashboard/Index | ERR:INTERNAL_ERROR | 'object' no contiene una definición para 'Text'.
    Exception: RuntimeBinderException
    StackTrace:    en CallSite.Target(Closure , CallSite , Object )
   en ASP._Page_Views_Shared__PageHeader_cshtml.Execute() en c:\AOCR\AOCR\AOCR05-01-2026\AOCR1\AOCR\CapaPresentacion\Views\Shared\_PageHeader.cshtml:línea 46
   en System.Web.WebPages.WebPageBase.ExecutePageHierarchy()
   en System.Web.Mvc.WebViewPage.ExecutePageHierarchy()
   en System.Web.WebPages.WebPageBase.ExecutePageHierarchy(WebPageContext pageContext, TextWriter writer, WebPageRenderingBase startPage)
   en System.Web.Mvc.Html.PartialExtensions.Partial(HtmlHelper htmlHelper, String partialViewName, Object model, ViewDataDictionary viewData)
   en ASP._Page_Views_Dashboard_Index_cshtml.Execute() en c:\AOCR\AOCR\AOCR05-01-2026\AOCR1\AOCR\CapaPresentacion\Views\Dashboard\Index.cshtml:línea 47
   en System.Web.WebPages.WebPageBase.ExecutePageHierarchy()
   en System.Web.Mvc.WebViewPage.ExecutePageHierarchy()
   en System.Web.WebPages.StartPage.ExecutePageHierarchy()
   en System.Web.WebPages.WebPageBase.ExecutePageHierarchy(WebPageContext pageContext, TextWriter writer, WebPageRenderingBase startPage)
   en System.Web.Mvc.ViewResultBase.ExecuteResult(ControllerContext context)
   en System.Web.Mvc.ControllerActionInvoker.InvokeActionResultFilterRecursive(IList`1 filters, Int32 filterIndex, ResultExecutingContext preContext, ControllerContext controllerContext, ActionResult actionResult)
   en System.Web.Mvc.ControllerActionInvoker.InvokeActionResultFilterRecursive(IList`1 filters, Int32 filterIndex, ResultExecutingContext preContext, ControllerContext controllerContext, ActionResult actionResult)
   en System.Web.Mvc.ControllerActionInvoker.InvokeActionResultFilterRecursive(IList`1 filters, Int32 filterIndex, ResultExecutingContext preContext, ControllerContext controllerContext, ActionResult actionResult)
   en System.Web.Mvc.ControllerActionInvoker.InvokeActionResultFilterRecursive(IList`1 filters, Int32 filterIndex, ResultExecutingContext preContext, ControllerContext controllerContext, ActionResult actionResult)
   en System.Web.Mvc.ControllerActionInvoker.InvokeActionResultWithFilters(ControllerContext controllerContext, IList`1 filters, ActionResult actionResult)
   en System.Web.Mvc.Async.AsyncControllerActionInvoker.<>c__DisplayClass3_1.<BeginInvokeAction>b__1(IAsyncResult asyncResult)
2026-03-17 15:13:26.277 | INFO  | CID:N/A | Deteniendo procesador de cola de correos
2026-03-17 15:13:26.327 | INFO  | CID:N/A | Deteniendo procesador de cola de correos
2026-03-17 15:14:51.182 | INFO  | CID:N/A | Iniciando procesador de cola de correos
2026-03-17 15:15:08.667 | INFO  | CID:65708ee54434 | Account/Login | Iniciando acción: Account/Login
2026-03-17 15:15:09.365 | INFO  | CID:65708ee54434 | Account/Login | Acción completada: Account/Login
2026-03-17 15:20:46.355 | INFO  | CID:N/A | Iniciando procesador de cola de correos
2026-03-17 15:21:05.154 | INFO  | CID:80e56eff0f1c | Account/Login | Iniciando acción: Account/Login
2026-03-17 15:21:05.812 | INFO  | CID:80e56eff0f1c | Account/Login | Acción completada: Account/Login
2026-03-17 15:23:29.505 | INFO  | CID:N/A | Iniciando procesador de cola de correos
2026-03-17 15:23:58.867 | INFO  | CID:dc79d5a31aef | Account/Login | Iniciando acción: Account/Login
2026-03-17 15:23:59.521 | INFO  | CID:dc79d5a31aef | Account/Login | Acción completada: Account/Login
2026-03-17 15:36:58.871 | INFO  | CID:N/A | Iniciando procesador de cola de correos
2026-03-17 15:37:17.006 | INFO  | CID:83d453517e64 | Account/Login | Iniciando acción: Account/Login
2026-03-17 15:37:17.678 | INFO  | CID:83d453517e64 | Account/Login | Acción completada: Account/Login
2026-03-17 15:59:29.469 | INFO  | CID:N/A | Iniciando procesador de cola de correos
2026-03-17 16:00:11.211 | INFO  | CID:6ca4a2d4c95a | Account/Login | Iniciando acción: Account/Login
2026-03-17 16:00:11.941 | INFO  | CID:6ca4a2d4c95a | Account/Login | Acción completada: Account/Login
2026-03-17 16:07:38.300 | INFO  | CID:N/A | Deteniendo procesador de cola de correos
2026-03-17 16:07:38.354 | INFO  | CID:N/A | Deteniendo procesador de cola de correos
2026-03-17 16:07:54.835 | INFO  | CID:N/A | Iniciando procesador de cola de correos
2026-03-17 16:09:07.794 | INFO  | CID:08bd40300139 | Account/Login | Iniciando acción: Account/Login
2026-03-17 16:09:08.422 | INFO  | CID:08bd40300139 | Account/Login | Acción completada: Account/Login
2026-03-17 16:09:22.470 | INFO  | CID:20cedaf83636 | Account/Login | Iniciando acción: Account/Login
2026-03-17 16:09:22.897 | INFO  | CID:20cedaf83636 | Account/Login | Acción completada: Account/Login
2026-03-17 16:16:19.236 | INFO  | CID:N/A | Iniciando procesador de cola de correos
2026-03-17 16:16:39.424 | INFO  | CID:18c1927f637a | Account/Login | Iniciando acción: Account/Login
2026-03-17 16:16:40.111 | INFO  | CID:18c1927f637a | Account/Login | Acción completada: Account/Login
2026-03-17 16:25:23.108 | INFO  | CID:b66ea39a3d78 | USR:USU_ADMIN | Financiero/AprobarYEnviarAS400 | Iniciando acción: Financiero/AprobarYEnviarAS400
2026-03-17 16:25:26.000 | ERROR | CID:N/A | ERR:EMAIL_ERROR | Error al enviar correo.
    Exception: SmtpException
    StackTrace:    en System.Net.Mail.SmtpClient.SendAsync(MailMessage message, Object userToken)
   en System.Net.Mail.SmtpClient.SendMailAsync(MailMessage message)
   en CapaDatos.Services.EmailService.<EnviarAsync>d__4.MoveNext() en C:\AOCR\AOCR\AOCR05-01-2026\AOCR1\AOCR\CapaDatos\Services\EmailService.cs:línea 76
2026-03-17 16:25:26.352 | INFO  | CID:fbc5c237404e | Correo con adjunto enviado exitosamente a german.cajas@aviacioncivil.gob.ec
2026-03-17 16:25:26.352 | WARN  | CID:N/A | ERR:EMAIL_FALLBACK_OK | Correo enviado por fallback EnviarCorreo.
2026-03-17 16:25:26.353 | INFO  | CID:N/A | ORD:OR-20260210093917975-9 | ERR:EMAIL_FACTURA_OK | Notificacion de factura enviada correctamente
2026-03-17 16:25:26.377 | INFO  | CID:N/A | SyncLogService: Tabla aocr_sync_log verificada/creada.
2026-03-17 16:25:26.401 | INFO  | CID:N/A | IdempotencyService: Tabla aocr_idempotency_key verificada/creada.
2026-03-17 16:25:26.645 | INFO  | CID:N/A | AuditTrailService: Tabla aocr_audit_trail verificada/creada.
2026-03-17 16:25:26.654 | WARN  | CID:N/A | FR3 normalizacion numero_factura: 'OR-20260210093917975-9' => '0939179759' (orden 42).
2026-03-17 16:25:27.199 | WARN  | CID:N/A | FR3 normalizacion deposito: 'OR-20260210093917975-9' => '602100939179759' (orden 42).
2026-03-17 16:25:27.646 | INFO  | CID:N/A | FR3 DB2 inicio: OrdenId=42, Factura=0939179759, Aeropuerto=SEQU, Anio=2026
2026-03-17 16:25:27.740 | INFO  | CID:N/A | GetColumnas: 80 columnas encontradas en DGACDAT.OPCAR5
2026-03-17 16:25:27.740 | INFO  | CID:N/A | GetColumnas: 25 columnas encontradas en DGACDAT.OPCAR6
2026-03-17 16:25:27.796 | INFO  | CID:N/A | GetColumnas: 6 columnas encontradas en DGACDAT.OPSARC
2026-03-17 16:25:27.829 | WARN  | CID:N/A | FR3 truncamiento preventivo en DGACDAT.OPCAR5.OPCOBS: len=90, max=60.
2026-03-17 16:25:27.896 | WARN  | CID:N/A | FR3 detectó SQL7008 en modo transaccional; se reintenta sin transacción para compatibilidad.
2026-03-17 16:25:27.896 | INFO  | CID:N/A | FR3 DB2 inicio: OrdenId=42, Factura=0939179759, Aeropuerto=SEQU, Anio=2026
2026-03-17 16:25:27.913 | INFO  | CID:N/A | GetColumnas: 80 columnas encontradas en DGACDAT.OPCAR5
2026-03-17 16:25:27.913 | INFO  | CID:N/A | GetColumnas: 25 columnas encontradas en DGACDAT.OPCAR6
2026-03-17 16:25:27.930 | INFO  | CID:N/A | GetColumnas: 6 columnas encontradas en DGACDAT.OPSARC
2026-03-17 16:25:27.946 | WARN  | CID:N/A | FR3 truncamiento preventivo en DGACDAT.OPCAR5.OPCOBS: len=90, max=60.
2026-03-17 16:25:27.962 | INFO  | CID:N/A | FR3 cabecera insertada: Factura=0939179759, Sec=23
2026-03-17 16:25:27.980 | INFO  | CID:N/A | GetColumnas: 6 columnas encontradas en DGACDAT.OPSARC
2026-03-17 16:25:27.980 | INFO  | CID:N/A | FR3 secuencial actualizado: Aeropuerto=SEQU, Anio=2026, Sec=23
2026-03-17 16:25:27.980 | INFO  | CID:N/A | FR3 DB2 OK: OrdenId=42, Factura=0939179759, FR3=23-SEQU-2026
2026-03-17 16:25:28.496 | INFO  | CID:b66ea39a3d78 | USR:USU_ADMIN | Financiero/AprobarYEnviarAS400 | Acción completada: Financiero/AprobarYEnviarAS400
2026-03-17 16:25:31.829 | INFO  | CID:N/A | Procesando email 56 para german.cajas@aviacioncivil.gob.ec
2026-03-17 16:25:32.013 | INFO  | CID:N/A | Email 56 enviado exitosamente
2026-03-17 16:25:32.013 | INFO  | CID:N/A | Email 56 enviado exitosamente
2026-03-17 16:25:32.244 | INFO  | CID:N/A | Procesando email 57 para admin1@dgac.gob.ec
2026-03-17 16:25:32.445 | INFO  | CID:N/A | Email 57 enviado exitosamente
2026-03-17 16:25:32.445 | INFO  | CID:N/A | Email 57 enviado exitosamente
2026-03-17 16:25:32.463 | INFO  | CID:N/A | Procesando email 58 para admin2@dgac.gob.ec
2026-03-17 16:25:32.645 | INFO  | CID:N/A | Email 58 enviado exitosamente
2026-03-17 16:25:32.645 | INFO  | CID:N/A | Email 58 enviado exitosamente
2026-03-17 16:29:26.012 | INFO  | CID:N/A | Iniciando procesador de cola de correos
2026-03-17 16:29:50.012 | INFO  | CID:ed8ebfd01142 | Account/Login | Iniciando acción: Account/Login
2026-03-17 16:29:50.699 | INFO  | CID:ed8ebfd01142 | Account/Login | Acción completada: Account/Login
2026-03-17 16:34:02.521 | INFO  | CID:N/A | Deteniendo procesador de cola de correos
2026-03-17 16:34:02.564 | INFO  | CID:N/A | Deteniendo procesador de cola de correos
2026-03-17 16:34:32.941 | INFO  | CID:N/A | Iniciando procesador de cola de correos
2026-03-17 16:35:15.630 | INFO  | CID:88f597dda87c | Account/Login | Iniciando acción: Account/Login
2026-03-17 16:35:16.371 | INFO  | CID:88f597dda87c | Account/Login | Acción completada: Account/Login
2026-03-17 20:00:14.008 | INFO  | CID:9281e3d46ad2 | Account/Login | Iniciando acción: Account/Login
2026-03-17 20:00:14.525 | INFO  | CID:9281e3d46ad2 | Account/Login | Acción completada: Account/Login
2026-03-17 20:01:26.951 | INFO  | CID:c825418e7670 | USR:USU_ADMIN | Financiero/AprobarYEnviarAS400 | Iniciando acción: Financiero/AprobarYEnviarAS400
2026-03-17 20:01:27.688 | ERROR | CID:N/A | ERR:EMAIL_ERROR | Error al enviar correo.
    Exception: SmtpException
    StackTrace:    en System.Net.Mail.SmtpClient.SendAsync(MailMessage message, Object userToken)
   en System.Net.Mail.SmtpClient.SendMailAsync(MailMessage message)
   en CapaDatos.Services.EmailService.<EnviarAsync>d__4.MoveNext() en C:\AOCR\AOCR\AOCR05-01-2026\AOCR1\AOCR\CapaDatos\Services\EmailService.cs:línea 76
2026-03-17 20:01:28.066 | INFO  | CID:b0f10ea166df | Correo con adjunto enviado exitosamente a german.cajas@aviacioncivil.gob.ec
2026-03-17 20:01:28.070 | WARN  | CID:N/A | ERR:EMAIL_FALLBACK_OK | Correo enviado por fallback EnviarCorreo.
2026-03-17 20:01:28.073 | INFO  | CID:N/A | ORD:OR-20260210093413439-8 | ERR:EMAIL_FACTURA_OK | Notificacion de factura enviada correctamente
2026-03-17 20:01:28.300 | INFO  | CID:N/A | SyncLogService: Tabla aocr_sync_log verificada/creada.
2026-03-17 20:01:28.308 | INFO  | CID:N/A | IdempotencyService: Tabla aocr_idempotency_key verificada/creada.
2026-03-17 20:01:28.523 | INFO  | CID:N/A | AuditTrailService: Tabla aocr_audit_trail verificada/creada.
2026-03-17 20:01:28.532 | WARN  | CID:N/A | FR3 normalizacion numero_factura: 'OR-20260210093413439-8' => '0934134398' (orden 41).
2026-03-17 20:01:29.259 | WARN  | CID:N/A | FR3 normalizacion deposito: 'OR-20260210093413439-8' => '602100934134398' (orden 41).
2026-03-17 20:01:49.064 | INFO  | CID:N/A | FR3 DB2 inicio: OrdenId=41, Factura=0934134398, Aeropuerto=SEQU, Anio=2026
2026-03-17 20:01:49.130 | INFO  | CID:N/A | GetColumnas: 80 columnas encontradas en DGACDAT.OPCAR5
2026-03-17 20:01:49.139 | INFO  | CID:N/A | GetColumnas: 25 columnas encontradas en DGACDAT.OPCAR6
2026-03-17 20:01:49.237 | INFO  | CID:N/A | GetColumnas: 6 columnas encontradas en DGACDAT.OPSARC
2026-03-17 20:01:49.274 | WARN  | CID:N/A | FR3 truncamiento preventivo en DGACDAT.OPCAR5.OPCOBS: len=90, max=60.
2026-03-17 20:01:49.369 | WARN  | CID:N/A | FR3 detectó SQL7008 en modo transaccional; se reintenta sin transacción para compatibilidad.
2026-03-17 20:01:49.372 | INFO  | CID:N/A | FR3 DB2 inicio: OrdenId=41, Factura=0934134398, Aeropuerto=SEQU, Anio=2026
2026-03-17 20:01:49.409 | INFO  | CID:N/A | GetColumnas: 80 columnas encontradas en DGACDAT.OPCAR5
2026-03-17 20:01:49.415 | INFO  | CID:N/A | GetColumnas: 25 columnas encontradas en DGACDAT.OPCAR6
2026-03-17 20:01:49.442 | INFO  | CID:N/A | GetColumnas: 6 columnas encontradas en DGACDAT.OPSARC
2026-03-17 20:01:49.465 | WARN  | CID:N/A | FR3 truncamiento preventivo en DGACDAT.OPCAR5.OPCOBS: len=90, max=60.
2026-03-17 20:01:49.474 | INFO  | CID:N/A | FR3 cabecera insertada: Factura=0934134398, Sec=24
2026-03-17 20:01:49.531 | INFO  | CID:N/A | GetColumnas: 6 columnas encontradas en DGACDAT.OPSARC
2026-03-17 20:01:49.538 | INFO  | CID:N/A | FR3 secuencial actualizado: Aeropuerto=SEQU, Anio=2026, Sec=24
2026-03-17 20:01:49.544 | INFO  | CID:N/A | FR3 DB2 OK: OrdenId=41, Factura=0934134398, FR3=24-SEQU-2026
2026-03-17 20:01:50.079 | INFO  | CID:c825418e7670 | USR:USU_ADMIN | Financiero/AprobarYEnviarAS400 | Acción completada: Financiero/AprobarYEnviarAS400
2026-03-17 20:01:51.439 | INFO  | CID:N/A | Procesando email 59 para german.cajas@aviacioncivil.gob.ec
2026-03-17 20:01:51.630 | INFO  | CID:N/A | Email 59 enviado exitosamente
2026-03-17 20:01:51.633 | INFO  | CID:N/A | Email 59 enviado exitosamente
2026-03-17 20:01:51.680 | INFO  | CID:N/A | Procesando email 60 para admin1@dgac.gob.ec
2026-03-17 20:01:51.816 | INFO  | CID:N/A | Email 60 enviado exitosamente
2026-03-17 20:01:51.821 | INFO  | CID:N/A | Email 60 enviado exitosamente
2026-03-17 20:01:51.862 | INFO  | CID:N/A | Procesando email 61 para admin2@dgac.gob.ec
2026-03-17 20:01:52.020 | INFO  | CID:N/A | Email 61 enviado exitosamente
2026-03-17 20:01:52.026 | INFO  | CID:N/A | Email 61 enviado exitosamente
2026-03-17 20:02:19.296 | INFO  | CID:N/A | [InspeccionesController] Inicio pantalla gestion (Tecnico/Index). Usuario=USU_ADMIN, Rol=Administrador,Tecnico,Inspector,JefaturaTecnica
2026-03-17 20:02:19.306 | INFO  | CID:N/A | [InspeccionesController] DAO.ObtenerPendientesAsignacion inicio. EstadosFiltro=PENDIENTE_ASIGNACION_RT,PENDIENTE ASIGNACION RT,PENDIENTE,ACEPTACION_DOCUMENTAL,DOCUMENTACION_COMPLETA,DOCUMENTOS_COMPLETOS,PENDIENTE_ASIGNACION_TECNICA,PENDIENTE ASIGNACION TECNICA,PENDIENTE_ASIGNACION,ACEPTACION DOCUMENTAL,DOCUMENTACION COMPLETA
2026-03-17 20:02:19.363 | INFO  | CID:N/A | [InspeccionesController] EstadoDetectado=PENDIENTE, Total=137
2026-03-17 20:02:19.366 | INFO  | CID:N/A | [InspeccionesController] EstadoDetectado=EN INSPECCION, Total=8
2026-03-17 20:02:19.368 | INFO  | CID:N/A | [InspeccionesController] EstadoDetectado=OBSERVADA, Total=5
2026-03-17 20:02:19.392 | INFO  | CID:N/A | [InspeccionesController] DiagnosticoPendientes => totalSolicitudes=137, conInspeccion=0, conInspectorAsignado=0, conInspeccionSinInspector=0
2026-03-17 20:02:19.401 | INFO  | CID:N/A | [InspeccionesController] DAO.ObtenerPendientesAsignacion resultado=35
2026-03-17 20:02:19.403 | INFO  | CID:N/A | [InspeccionesController] PendienteEjemplo[0] SolicitudId=157, Estado=Pendiente, Numero=DGAC-GOP-2026-AOCR140
2026-03-17 20:02:19.406 | INFO  | CID:N/A | [InspeccionesController] PendienteEjemplo[1] SolicitudId=118, Estado=Pendiente, Numero=DGAC-GOP-2026-AOCR101
2026-03-17 20:02:19.408 | INFO  | CID:N/A | [InspeccionesController] PendienteEjemplo[2] SolicitudId=113, Estado=Pendiente, Numero=DGAC-GOP-2026-AOCR096
2026-03-17 20:02:19.410 | INFO  | CID:N/A | [InspeccionesController] PendienteEjemplo[3] SolicitudId=111, Estado=Pendiente, Numero=DGAC-GOP-2026-AOCR094
2026-03-17 20:02:19.412 | INFO  | CID:N/A | [InspeccionesController] PendienteEjemplo[4] SolicitudId=92, Estado=Pendiente, Numero=DGAC-GOP-2026-AOCR075
2026-03-17 20:02:19.414 | INFO  | CID:N/A | [InspeccionesController] Pendientes para asignacion=35
2026-03-17 20:02:27.823 | INFO  | CID:N/A | [InspeccionesController] Inicio pantalla gestion de asignacion. Usuario=USU_ADMIN, Rol=Administrador,Tecnico,Inspector,JefaturaTecnica, SolicitudId=157
2026-03-17 20:02:27.829 | INFO  | CID:N/A | [InspeccionesController] SolicitudId=157, EstadoActual=Pendiente, NumeroSolicitud=DGAC-GOP-2026-AOCR140
2026-03-17 20:02:27.837 | INFO  | CID:N/A | [InspectoresDAO-DB2] Inicio consulta inspectores
2026-03-17 20:02:27.841 | INFO  | CID:N/A | [InspectoresDAO-DB2] Origen=DB2, Tabla=DGACDAT.OPIAR2
2026-03-17 20:02:27.846 | INFO  | CID:N/A | [InspectoresDAO-DB2] ConnectionString(sanitizada)=Driver={iSeries Access ODBC Driver};system=190.152.8.185;database=DGACDAT;defaultcollection=DGACDAT;uid=****;pwd=****;connection timeout=30;query timeout=60
2026-03-17 20:02:27.848 | INFO  | CID:N/A | [InspectoresDAO-DB2] Parametros => estado=AC (fallback: sin estado), tipo=OPS
2026-03-17 20:02:27.852 | INFO  | CID:N/A | [InspectoresDAO-DB2] Conexion DB2 abierta OK
2026-03-17 20:02:27.858 | INFO  | CID:N/A | [InspectoresDAO-DB2] Query ejecutada: SELECT TRIM(OPICED) AS OPICED, TRIM(OPINO2) AS OPINO2, TRIM(OPIES1) AS OPIES1, TRIM(OPITIP) AS OPITIP FROM DGACDAT.OPIAR2 WHERE 1 = 1 AND UPPER(TRIM(COALESCE(OPIES1, ''))) = ? AND OPITIP IN (?) ORDER BY OPINO2
2026-03-17 20:02:27.861 | INFO  | CID:N/A | [InspectoresDAO-DB2] Filtros aplicados => soloActivos=True, tipos=OPS
2026-03-17 20:02:27.875 | INFO  | CID:N/A | [InspectoresDAO-DB2] Registros obtenidos desde DB2: 19
2026-03-17 20:02:27.878 | INFO  | CID:N/A | [InspectoresDAO-DB2] Ejemplo[0] => Cedula=0201377850, Nombre=ALEGRIA CHICO SANTIAGO REMIGIO, Estado=AC, Tipo=OPS
2026-03-17 20:02:27.880 | INFO  | CID:N/A | [InspectoresDAO-DB2] Ejemplo[1] => Cedula=1709061814, Nombre=AVILA ZARATE EDISON JAVIER, Estado=AC, Tipo=OPS
2026-03-17 20:02:27.882 | INFO  | CID:N/A | [InspectoresDAO-DB2] Ejemplo[2] => Cedula=1703863520, Nombre=BARRERA BARRENO LUIS GONZALO, Estado=AC, Tipo=OPS
2026-03-17 20:02:27.884 | INFO  | CID:N/A | [InspectoresDAO-DB2] Ejemplo[3] => Cedula=1709565459, Nombre=CATOTA TORRES LUIS WILKIR, Estado=AC, Tipo=OPS
2026-03-17 20:02:27.888 | INFO  | CID:N/A | [InspectoresDAO-DB2] Ejemplo[4] => Cedula=1720253846, Nombre=CHUSIN VILLALBA CARLOS ARTURO, Estado=AC, Tipo=OPS
2026-03-17 20:02:27.894 | INFO  | CID:N/A | [InspectoresDAO-PG] Inicio consulta espejo inspectores
2026-03-17 20:02:27.897 | INFO  | CID:N/A | [InspectoresDAO-PG] Tabla espejo: public.aocr_tbinspectores
2026-03-17 20:02:27.902 | WARN  | CID:N/A | [InspectoresDAO-PG] No existe la tabla espejo aocr_tbinspectores.
2026-03-17 20:02:27.905 | WARN  | CID:N/A | [InspectoresDAO-PG] Espejo no disponible (tabla inexistente). Flujo usa DB2 directo.
2026-03-17 20:02:27.908 | INFO  | CID:N/A | [InspeccionesController] Origen inspectores=DB2, TipoFiltro=OPS, InspectoresRecibidos=19
2026-03-17 20:02:28.205 | INFO  | CID:N/A | [InspeccionesController] ViewModel cargado correctamente. SolicitudId=157, ViewBagInspectores=19
2026-03-17 20:02:29.688 | INFO  | CID:N/A | [InspeccionesController] Inicio endpoint AJAX inspectores. Usuario=USU_ADMIN, Rol=Administrador,Tecnico,Inspector,JefaturaTecnica, TipoInspector=OPS
2026-03-17 20:02:29.690 | INFO  | CID:N/A | [InspectoresDAO-DB2] Inicio consulta inspectores
2026-03-17 20:02:29.693 | INFO  | CID:N/A | [InspectoresDAO-DB2] Origen=DB2, Tabla=DGACDAT.OPIAR2
2026-03-17 20:02:29.695 | INFO  | CID:N/A | [InspectoresDAO-DB2] ConnectionString(sanitizada)=Driver={iSeries Access ODBC Driver};system=190.152.8.185;database=DGACDAT;defaultcollection=DGACDAT;uid=****;pwd=****;connection timeout=30;query timeout=60
2026-03-17 20:02:29.697 | INFO  | CID:N/A | [InspectoresDAO-DB2] Parametros => estado=AC (fallback: sin estado), tipo=OPS
2026-03-17 20:02:29.700 | INFO  | CID:N/A | [InspectoresDAO-DB2] Conexion DB2 abierta OK
2026-03-17 20:02:29.703 | INFO  | CID:N/A | [InspectoresDAO-DB2] Query ejecutada: SELECT TRIM(OPICED) AS OPICED, TRIM(OPINO2) AS OPINO2, TRIM(OPIES1) AS OPIES1, TRIM(OPITIP) AS OPITIP FROM DGACDAT.OPIAR2 WHERE 1 = 1 AND UPPER(TRIM(COALESCE(OPIES1, ''))) = ? AND OPITIP IN (?) ORDER BY OPINO2
2026-03-17 20:02:29.705 | INFO  | CID:N/A | [InspectoresDAO-DB2] Filtros aplicados => soloActivos=True, tipos=OPS
2026-03-17 20:02:29.713 | INFO  | CID:N/A | [InspectoresDAO-DB2] Registros obtenidos desde DB2: 19
2026-03-17 20:02:29.715 | INFO  | CID:N/A | [InspectoresDAO-DB2] Ejemplo[0] => Cedula=0201377850, Nombre=ALEGRIA CHICO SANTIAGO REMIGIO, Estado=AC, Tipo=OPS
2026-03-17 20:02:29.718 | INFO  | CID:N/A | [InspectoresDAO-DB2] Ejemplo[1] => Cedula=1709061814, Nombre=AVILA ZARATE EDISON JAVIER, Estado=AC, Tipo=OPS
2026-03-17 20:02:29.721 | INFO  | CID:N/A | [InspectoresDAO-DB2] Ejemplo[2] => Cedula=1703863520, Nombre=BARRERA BARRENO LUIS GONZALO, Estado=AC, Tipo=OPS
2026-03-17 20:02:29.724 | INFO  | CID:N/A | [InspectoresDAO-DB2] Ejemplo[3] => Cedula=1709565459, Nombre=CATOTA TORRES LUIS WILKIR, Estado=AC, Tipo=OPS
2026-03-17 20:02:29.727 | INFO  | CID:N/A | [InspectoresDAO-DB2] Ejemplo[4] => Cedula=1720253846, Nombre=CHUSIN VILLALBA CARLOS ARTURO, Estado=AC, Tipo=OPS
2026-03-17 20:02:29.732 | INFO  | CID:N/A | [InspeccionesController] Endpoint AJAX inspectores OK. Origen=DB2, Tipo=OPS, Cantidad=19
2026-03-17 20:43:58.972 | INFO  | CID:2768f3144098 | Account/Login | Iniciando acción: Account/Login
2026-03-17 20:44:00.982 | INFO  | CID:2768f3144098 | Account/Login | Acción completada: Account/Login
2026-03-17 20:44:07.200 | INFO  | CID:5e8c212857f1 | USR:GACAJAS | Account/SeleccionarCompania | Iniciando acción: Account/SeleccionarCompania
2026-03-17 20:44:08.943 | INFO  | CID:5e8c212857f1 | USR:GACAJAS | Account/SeleccionarCompania | Acción completada: Account/SeleccionarCompania
