2026-04-14 08:50:29.619 | INFO  | CID:N/A | Iniciando procesador de cola de correos
2026-04-14 08:52:04.875 | INFO  | CID:1d88732d3a91 | Account/Login | Iniciando acción: Account/Login
2026-04-14 08:52:05.489 | INFO  | CID:1d88732d3a91 | Account/Login | Acción completada: Account/Login
2026-04-14 08:52:21.241 | INFO  | CID:97a97194ee96 | Account/Login | Iniciando acción: Account/Login
2026-04-14 08:52:21.716 | INFO  | CID:97a97194ee96 | Account/Login | Acción completada: Account/Login
2026-04-14 08:52:39.297 | INFO  | CID:N/A | USR:USU_ADMIN | Inspeccion/Index | AuditTrailService: Tabla aocr_audit_trail verificada/creada.
2026-04-14 08:52:39.297 | INFO  | CID:3833f9cd6ff9 | USR:USU_ADMIN | Inspeccion/Index | [InspeccionesController] Inicio pantalla gestion inspecciones. Usuario=USU_ADMIN, Rol=Administrador,Inspector,JefaturaTecnica,Direccion,CoordinacionLegal
2026-04-14 08:52:39.514 | INFO  | CID:3833f9cd6ff9 | USR:USU_ADMIN | Inspeccion/Index | [InspeccionesController] Inspecciones recibidas=20
2026-04-14 08:52:48.698 | INFO  | CID:cc4f66a52250 | USR:USU_ADMIN | Inspeccion/Detalle | [GestionInspeccion] Inicio Detalle. InspeccionId=16, Usuario=USU_ADMIN, Rol=Administrador,Inspector,JefaturaTecnica,Direccion,CoordinacionLegal
2026-04-14 08:52:48.715 | INFO  | CID:cc4f66a52250 | USR:USU_ADMIN | Inspeccion/Detalle | [GestionInspeccion] InspeccionId=16, SolicitudId=92, EstadoActual=VERIFICACION_SOLICITUD, InspectorAsignado=17
2026-04-14 08:52:48.717 | INFO  | CID:cc4f66a52250 | USR:USU_ADMIN | Inspeccion/Detalle | [GestionInspeccion] PuedeGestionar=True para detalle. InspeccionId=16
2026-04-14 08:53:00.206 | INFO  | CID:cc4f66a52250 | USR:USU_ADMIN | Inspeccion/Detalle | [GestionInspeccion] Detalle inspectores enriquecidos. InspeccionId=16, PrincipalCedula=1709565459, PrincipalNombre=CATOTA TORRES LUIS WILKIR, PrincipalTipo=OPS, ApoyoCedula=, ApoyoNombre=, ApoyoTipo=
2026-04-14 09:18:30.810 | INFO  | CID:06ac0f21cea4 | USR:USU_ADMIN | Account/ExtenderSesion | Iniciando acción: Account/ExtenderSesion
2026-04-14 09:18:30.813 | INFO  | CID:06ac0f21cea4 | USR:USU_ADMIN | Account/ExtenderSesion | Acción completada: Account/ExtenderSesion
2026-04-14 09:19:00.196 | INFO  | CID:cc522634a880 | USR:USU_ADMIN | Inspeccion/GuardarInformeTecnico | Iniciando acción: Inspeccion/GuardarInformeTecnico
2026-04-14 09:19:05.693 | INFO  | CID:cc522634a880 | USR:USU_ADMIN | Inspeccion/GuardarInformeTecnico | Acción completada: Inspeccion/GuardarInformeTecnico
2026-04-14 09:19:05.700 | INFO  | CID:1a4370ba58d3 | USR:USU_ADMIN | Inspeccion/Detalle | [GestionInspeccion] Inicio Detalle. InspeccionId=16, Usuario=USU_ADMIN, Rol=Administrador,Inspector,JefaturaTecnica,Direccion,CoordinacionLegal
2026-04-14 09:19:05.709 | INFO  | CID:1a4370ba58d3 | USR:USU_ADMIN | Inspeccion/Detalle | [GestionInspeccion] InspeccionId=16, SolicitudId=92, EstadoActual=VERIFICACION_SOLICITUD, InspectorAsignado=17
2026-04-14 09:19:05.709 | INFO  | CID:1a4370ba58d3 | USR:USU_ADMIN | Inspeccion/Detalle | [GestionInspeccion] PuedeGestionar=True para detalle. InspeccionId=16
2026-04-14 09:19:07.240 | INFO  | CID:1a4370ba58d3 | USR:USU_ADMIN | Inspeccion/Detalle | [GestionInspeccion] Detalle inspectores enriquecidos. InspeccionId=16, PrincipalCedula=1709565459, PrincipalNombre=CATOTA TORRES LUIS WILKIR, PrincipalTipo=OPS, ApoyoCedula=, ApoyoNombre=, ApoyoTipo=
2026-04-14 09:45:08.798 | INFO  | CID:N/A | Iniciando procesador de cola de correos
2026-04-14 09:45:23.695 | INFO  | CID:0ef78a34a579 | Account/Login | Iniciando acción: Account/Login
2026-04-14 09:45:24.353 | INFO  | CID:0ef78a34a579 | Account/Login | Acción completada: Account/Login
2026-04-14 09:46:04.661 | INFO  | CID:N/A | USR:USU_ADMIN | Inspeccion/Index | AuditTrailService: Tabla aocr_audit_trail verificada/creada.
2026-04-14 09:46:04.668 | INFO  | CID:bbb8d726e0d7 | USR:USU_ADMIN | Inspeccion/Index | [InspeccionesController] Inicio pantalla gestion inspecciones. Usuario=USU_ADMIN, Rol=Administrador,Inspector,JefaturaTecnica,Direccion,CoordinacionLegal
2026-04-14 09:46:04.901 | INFO  | CID:bbb8d726e0d7 | USR:USU_ADMIN | Inspeccion/Index | [InspeccionesController] Inspecciones recibidas=20
2026-04-14 09:46:39.133 | INFO  | CID:f8dbdc87004c | USR:USU_ADMIN | Inspeccion/Detalle | [GestionInspeccion] Inicio Detalle. InspeccionId=10, Usuario=USU_ADMIN, Rol=Administrador,Inspector,JefaturaTecnica,Direccion,CoordinacionLegal
2026-04-14 09:46:39.145 | INFO  | CID:f8dbdc87004c | USR:USU_ADMIN | Inspeccion/Detalle | [GestionInspeccion] InspeccionId=10, SolicitudId=118, EstadoActual=VERIFICACION_SOLICITUD, InspectorAsignado=1709565459
2026-04-14 09:46:39.147 | INFO  | CID:f8dbdc87004c | USR:USU_ADMIN | Inspeccion/Detalle | [GestionInspeccion] PuedeGestionar=True para detalle. InspeccionId=10
2026-04-14 09:46:52.776 | INFO  | CID:f8dbdc87004c | USR:USU_ADMIN | Inspeccion/Detalle | [GestionInspeccion] Detalle inspectores enriquecidos. InspeccionId=10, PrincipalCedula=1709565459, PrincipalNombre=CATOTA TORRES LUIS WILKIR, PrincipalTipo=OPS, ApoyoCedula=, ApoyoNombre=, ApoyoTipo=
2026-04-14 09:47:07.109 | INFO  | CID:a2f1203c001c | USR:USU_ADMIN | Inspeccion/GuardarInformeTecnico | Iniciando acción: Inspeccion/GuardarInformeTecnico
2026-04-14 09:47:08.362 | INFO  | CID:a2f1203c001c | USR:USU_ADMIN | Inspeccion/GuardarInformeTecnico | Acción completada: Inspeccion/GuardarInformeTecnico
2026-04-14 09:47:08.369 | INFO  | CID:523d27cbeae5 | USR:USU_ADMIN | Inspeccion/Detalle | [GestionInspeccion] Inicio Detalle. InspeccionId=10, Usuario=USU_ADMIN, Rol=Administrador,Inspector,JefaturaTecnica,Direccion,CoordinacionLegal
2026-04-14 09:47:08.376 | INFO  | CID:523d27cbeae5 | USR:USU_ADMIN | Inspeccion/Detalle | [GestionInspeccion] InspeccionId=10, SolicitudId=118, EstadoActual=VERIFICACION_SOLICITUD, InspectorAsignado=1709565459
2026-04-14 09:47:08.376 | INFO  | CID:523d27cbeae5 | USR:USU_ADMIN | Inspeccion/Detalle | [GestionInspeccion] PuedeGestionar=True para detalle. InspeccionId=10
2026-04-14 09:47:10.094 | INFO  | CID:523d27cbeae5 | USR:USU_ADMIN | Inspeccion/Detalle | [GestionInspeccion] Detalle inspectores enriquecidos. InspeccionId=10, PrincipalCedula=1709565459, PrincipalNombre=CATOTA TORRES LUIS WILKIR, PrincipalTipo=OPS, ApoyoCedula=, ApoyoNombre=, ApoyoTipo=
2026-04-14 10:02:48.756 | INFO  | CID:ab3a5a07bcaa | USR:USU_ADMIN | Inspeccion/Index | [InspeccionesController] Inicio pantalla gestion inspecciones. Usuario=USU_ADMIN, Rol=Administrador,Inspector,JefaturaTecnica,Direccion,CoordinacionLegal
2026-04-14 10:02:48.761 | INFO  | CID:ab3a5a07bcaa | USR:USU_ADMIN | Inspeccion/Index | [InspeccionesController] Inspecciones recibidas=20
2026-04-14 10:16:02.868 | INFO  | CID:N/A | Iniciando procesador de cola de correos
2026-04-14 10:16:18.419 | INFO  | CID:7b3247719fb3 | Account/Login | Iniciando acción: Account/Login
2026-04-14 10:16:19.051 | INFO  | CID:7b3247719fb3 | Account/Login | Acción completada: Account/Login
2026-04-14 10:22:22.618 | INFO  | CID:N/A | Iniciando procesador de cola de correos
2026-04-14 10:22:58.111 | INFO  | CID:3e21abf988a7 | Account/Login | Iniciando acción: Account/Login
2026-04-14 10:22:58.800 | INFO  | CID:3e21abf988a7 | Account/Login | Acción completada: Account/Login
2026-04-14 10:53:34.403 | INFO  | CID:N/A | Iniciando procesador de cola de correos
2026-04-14 10:53:57.719 | INFO  | CID:11a0dd6c0aa0 | Account/Login | Iniciando acción: Account/Login
2026-04-14 10:53:58.310 | INFO  | CID:11a0dd6c0aa0 | Account/Login | Acción completada: Account/Login
2026-04-14 10:54:25.282 | ERROR | CID:513f65ecea8b | USR:USU_ADMIN | CoordinacionJefatura/DashboardInspeccion | ERR:INTERNAL_ERROR | Solamente se permite una instrucción 'model' en un archivo.

    Exception: HttpParseException
    StackTrace:    en System.Web.WebPages.Razor.RazorBuildProvider.EnsureGeneratedCode()
   en System.Web.WebPages.Razor.RazorBuildProvider.get_CodeCompilerType()
   en System.Web.Compilation.BuildProvider.GetCompilerTypeFromBuildProvider(BuildProvider buildProvider)
   en System.Web.Compilation.BuildProvidersCompiler.ProcessBuildProviders()
   en System.Web.Compilation.BuildProvidersCompiler.PerformBuild()
   en System.Web.Compilation.BuildManager.CompileWebFile(VirtualPath virtualPath)
   en System.Web.Compilation.BuildManager.GetVPathBuildResultInternal(VirtualPath virtualPath, Boolean noBuild, Boolean allowCrossApp, Boolean allowBuildInPrecompile, Boolean throwIfNotFound, Boolean ensureIsUpToDate)
   en System.Web.Compilation.BuildManager.GetVPathBuildResultWithNoAssert(HttpContext context, VirtualPath virtualPath, Boolean noBuild, Boolean allowCrossApp, Boolean allowBuildInPrecompile, Boolean throwIfNotFound, Boolean ensureIsUpToDate)
   en System.Web.Compilation.BuildManager.GetVirtualPathObjectFactory(VirtualPath virtualPath, HttpContext context, Boolean allowCrossApp, Boolean throwIfNotFound)
   en System.Web.Compilation.BuildManager.GetCompiledType(VirtualPath virtualPath)
   en System.Web.Mvc.BuildManagerCompiledView.Render(ViewContext viewContext, TextWriter writer)
   en System.Web.Mvc.ViewResultBase.ExecuteResult(ControllerContext context)
   en System.Web.Mvc.ControllerActionInvoker.InvokeActionResultFilterRecursive(IList`1 filters, Int32 filterIndex, ResultExecutingContext preContext, ControllerContext controllerContext, ActionResult actionResult)
   en System.Web.Mvc.ControllerActionInvoker.InvokeActionResultFilterRecursive(IList`1 filters, Int32 filterIndex, ResultExecutingContext preContext, ControllerContext controllerContext, ActionResult actionResult)
   en System.Web.Mvc.ControllerActionInvoker.InvokeActionResultFilterRecursive(IList`1 filters, Int32 filterIndex, ResultExecutingContext preContext, ControllerContext controllerContext, ActionResult actionResult)
   en System.Web.Mvc.ControllerActionInvoker.InvokeActionResultFilterRecursive(IList`1 filters, Int32 filterIndex, ResultExecutingContext preContext, ControllerContext controllerContext, ActionResult actionResult)
   en System.Web.Mvc.ControllerActionInvoker.InvokeActionResultWithFilters(ControllerContext controllerContext, IList`1 filters, ActionResult actionResult)
   en System.Web.Mvc.Async.AsyncControllerActionInvoker.<>c__DisplayClass3_1.<BeginInvokeAction>b__1(IAsyncResult asyncResult)
2026-04-14 10:55:09.842 | ERROR | CID:83887918f7c4 | USR:USU_ADMIN | CoordinacionJefatura/DashboardInspeccion | ERR:INTERNAL_ERROR | Solamente se permite una instrucción 'model' en un archivo.

    Exception: HttpParseException
    StackTrace:    en System.Web.WebPages.Razor.RazorBuildProvider.EnsureGeneratedCode()
   en System.Web.WebPages.Razor.RazorBuildProvider.get_CodeCompilerType()
   en System.Web.Compilation.BuildProvider.GetCompilerTypeFromBuildProvider(BuildProvider buildProvider)
   en System.Web.Compilation.BuildProvidersCompiler.ProcessBuildProviders()
   en System.Web.Compilation.BuildProvidersCompiler.PerformBuild()
   en System.Web.Compilation.BuildManager.CompileWebFile(VirtualPath virtualPath)
   en System.Web.Compilation.BuildManager.GetVPathBuildResultInternal(VirtualPath virtualPath, Boolean noBuild, Boolean allowCrossApp, Boolean allowBuildInPrecompile, Boolean throwIfNotFound, Boolean ensureIsUpToDate)
   en System.Web.Compilation.BuildManager.GetVPathBuildResultWithNoAssert(HttpContext context, VirtualPath virtualPath, Boolean noBuild, Boolean allowCrossApp, Boolean allowBuildInPrecompile, Boolean throwIfNotFound, Boolean ensureIsUpToDate)
   en System.Web.Compilation.BuildManager.GetVirtualPathObjectFactory(VirtualPath virtualPath, HttpContext context, Boolean allowCrossApp, Boolean throwIfNotFound)
   en System.Web.Compilation.BuildManager.GetCompiledType(VirtualPath virtualPath)
   en System.Web.Mvc.BuildManagerCompiledView.Render(ViewContext viewContext, TextWriter writer)
   en System.Web.Mvc.ViewResultBase.ExecuteResult(ControllerContext context)
   en System.Web.Mvc.ControllerActionInvoker.InvokeActionResultFilterRecursive(IList`1 filters, Int32 filterIndex, ResultExecutingContext preContext, ControllerContext controllerContext, ActionResult actionResult)
   en System.Web.Mvc.ControllerActionInvoker.InvokeActionResultFilterRecursive(IList`1 filters, Int32 filterIndex, ResultExecutingContext preContext, ControllerContext controllerContext, ActionResult actionResult)
   en System.Web.Mvc.ControllerActionInvoker.InvokeActionResultFilterRecursive(IList`1 filters, Int32 filterIndex, ResultExecutingContext preContext, ControllerContext controllerContext, ActionResult actionResult)
   en System.Web.Mvc.ControllerActionInvoker.InvokeActionResultFilterRecursive(IList`1 filters, Int32 filterIndex, ResultExecutingContext preContext, ControllerContext controllerContext, ActionResult actionResult)
   en System.Web.Mvc.ControllerActionInvoker.InvokeActionResultWithFilters(ControllerContext controllerContext, IList`1 filters, ActionResult actionResult)
   en System.Web.Mvc.Async.AsyncControllerActionInvoker.<>c__DisplayClass3_1.<BeginInvokeAction>b__1(IAsyncResult asyncResult)
2026-04-14 11:14:57.368 | INFO  | CID:N/A | Iniciando procesador de cola de correos
2026-04-14 11:15:16.952 | INFO  | CID:6c1d2453ccd6 | Account/Login | Iniciando acción: Account/Login
2026-04-14 11:15:17.545 | INFO  | CID:6c1d2453ccd6 | Account/Login | Acción completada: Account/Login
2026-04-14 11:16:58.325 | INFO  | CID:63fc73eea273 | USR:USU_ADMIN | [InspeccionesController] Inicio pantalla gestion de asignacion. Usuario=USU_ADMIN, Rol=Administrador,Direccion,JefaturaTecnica, SolicitudId=166
2026-04-14 11:16:58.327 | INFO  | CID:63fc73eea273 | USR:USU_ADMIN | [InspeccionesController] SolicitudId=166, EstadoActual=Pendiente, NumeroSolicitud=DGAC-GOP-2026-AOCR149
2026-04-14 11:16:58.584 | INFO  | CID:63fc73eea273 | USR:USU_ADMIN | [InspeccionesController] Origen inspectores=Usuarios RT / Inspectores, TipoFiltro=OPS, InspectoresRecibidos=1
2026-04-14 11:16:59.045 | INFO  | CID:63fc73eea273 | USR:USU_ADMIN | [InspeccionesController] ViewModel cargado correctamente. SolicitudId=166, ViewBagInspectores=1
2026-04-14 11:17:02.138 | INFO  | CID:14a95f84bf05 | USR:USU_ADMIN | [InspeccionesController] Inicio endpoint AJAX inspectores. Usuario=USU_ADMIN, Rol=Administrador,Direccion,JefaturaTecnica, TipoInspector=OPS
2026-04-14 11:17:02.364 | INFO  | CID:14a95f84bf05 | USR:USU_ADMIN | [InspeccionesController] Endpoint AJAX inspectores OK. Origen=Usuarios RT / Inspectores, Tipo=OPS, Cantidad=1
2026-04-14 11:17:06.613 | INFO  | CID:N/A | USR:USU_ADMIN | Inspeccion/Index | AuditTrailService: Tabla aocr_audit_trail verificada/creada.
2026-04-14 11:17:06.617 | INFO  | CID:cfe3e2b337cf | USR:USU_ADMIN | Inspeccion/Index | [InspeccionesController] Inicio pantalla gestion inspecciones. Usuario=USU_ADMIN, Rol=Administrador,Inspector,JefaturaTecnica,Direccion,CoordinacionLegal
2026-04-14 11:17:06.837 | INFO  | CID:cfe3e2b337cf | USR:USU_ADMIN | Inspeccion/Index | [InspeccionesController] Inspecciones recibidas=20
2026-04-14 11:17:15.015 | INFO  | CID:9e47d0e44201 | USR:USU_ADMIN | Inspeccion/Detalle | [GestionInspeccion] Inicio Detalle. InspeccionId=13, Usuario=USU_ADMIN, Rol=Administrador,Inspector,JefaturaTecnica,Direccion,CoordinacionLegal
2026-04-14 11:17:15.021 | INFO  | CID:9e47d0e44201 | USR:USU_ADMIN | Inspeccion/Detalle | [GestionInspeccion] InspeccionId=13, SolicitudId=168, EstadoActual=VERIFICACION_SOLICITUD, InspectorAsignado=1709565459
2026-04-14 11:17:15.021 | INFO  | CID:9e47d0e44201 | USR:USU_ADMIN | Inspeccion/Detalle | [GestionInspeccion] PuedeGestionar=True para detalle. InspeccionId=13
2026-04-14 11:17:25.671 | INFO  | CID:9e47d0e44201 | USR:USU_ADMIN | Inspeccion/Detalle | [GestionInspeccion] Detalle inspectores enriquecidos. InspeccionId=13, PrincipalCedula=1709565459, PrincipalNombre=CATOTA TORRES LUIS WILKIR, PrincipalTipo=OPS, ApoyoCedula=, ApoyoNombre=, ApoyoTipo=
2026-04-14 11:40:41.827 | INFO  | CID:N/A | Iniciando procesador de cola de correos
2026-04-14 11:43:27.765 | INFO  | CID:47c4d62a9272 | Account/Login | Iniciando acción: Account/Login
2026-04-14 11:43:28.383 | INFO  | CID:47c4d62a9272 | Account/Login | Acción completada: Account/Login
2026-04-14 12:01:45.004 | INFO  | CID:N/A | Deteniendo procesador de cola de correos
2026-04-14 12:01:45.057 | INFO  | CID:N/A | Deteniendo procesador de cola de correos
2026-04-14 12:02:28.451 | INFO  | CID:N/A | Iniciando procesador de cola de correos
2026-04-14 12:04:29.464 | INFO  | CID:N/A | Iniciando procesador de cola de correos
2026-04-14 12:04:51.156 | INFO  | CID:b56dc08b30ac | Account/Login | Iniciando acción: Account/Login
2026-04-14 12:04:51.756 | INFO  | CID:b56dc08b30ac | Account/Login | Acción completada: Account/Login
2026-04-14 12:26:46.358 | INFO  | CID:N/A | Deteniendo procesador de cola de correos
2026-04-14 12:26:46.397 | INFO  | CID:N/A | Deteniendo procesador de cola de correos
2026-04-14 12:27:58.381 | INFO  | CID:N/A | Iniciando procesador de cola de correos
2026-04-14 12:28:58.874 | INFO  | CID:N/A | Iniciando procesador de cola de correos
2026-04-14 12:29:22.834 | INFO  | CID:a982bc44e0ea | Account/Login | Iniciando acción: Account/Login
2026-04-14 12:29:23.439 | INFO  | CID:a982bc44e0ea | Account/Login | Acción completada: Account/Login
2026-04-14 13:55:25.879 | INFO  | CID:N/A | Iniciando procesador de cola de correos
2026-04-14 14:00:04.942 | INFO  | CID:cb084de48362 | Account/Login | Iniciando acción: Account/Login
2026-04-14 14:00:05.588 | INFO  | CID:cb084de48362 | Account/Login | Acción completada: Account/Login
2026-04-14 14:04:59.623 | INFO  | CID:N/A | Iniciando procesador de cola de correos
2026-04-14 14:05:22.754 | INFO  | CID:56987f840f2b | Account/Login | Iniciando acción: Account/Login
2026-04-14 14:05:23.397 | INFO  | CID:56987f840f2b | Account/Login | Acción completada: Account/Login
2026-04-14 14:27:10.049 | INFO  | CID:N/A | Iniciando procesador de cola de correos
2026-04-14 14:27:46.046 | INFO  | CID:c0f18b880854 | Account/Login | Iniciando acción: Account/Login
2026-04-14 14:27:46.745 | INFO  | CID:c0f18b880854 | Account/Login | Acción completada: Account/Login
2026-04-14 14:28:31.643 | INFO  | CID:N/A | Deteniendo procesador de cola de correos
2026-04-14 14:28:31.671 | INFO  | CID:N/A | Deteniendo procesador de cola de correos
2026-04-14 14:29:04.235 | INFO  | CID:N/A | Iniciando procesador de cola de correos
2026-04-14 14:31:45.066 | INFO  | CID:N/A | Iniciando procesador de cola de correos
2026-04-14 14:32:09.364 | INFO  | CID:3940b3b63be3 | Account/Login | Iniciando acción: Account/Login
2026-04-14 14:32:09.999 | INFO  | CID:3940b3b63be3 | Account/Login | Acción completada: Account/Login
2026-04-14 14:33:30.254 | INFO  | CID:N/A | Iniciando procesador de cola de correos
2026-04-14 14:33:52.735 | INFO  | CID:35c788dcff54 | Account/Login | Iniciando acción: Account/Login
2026-04-14 14:33:53.351 | INFO  | CID:35c788dcff54 | Account/Login | Acción completada: Account/Login
2026-04-14 14:38:29.457 | INFO  | CID:N/A | Iniciando procesador de cola de correos
2026-04-14 14:38:43.155 | INFO  | CID:ff7fa76acb83 | Account/Login | Iniciando acción: Account/Login
2026-04-14 14:38:43.729 | INFO  | CID:ff7fa76acb83 | Account/Login | Acción completada: Account/Login
2026-04-14 15:05:30.851 | INFO  | CID:N/A | Iniciando procesador de cola de correos
2026-04-14 15:05:46.642 | INFO  | CID:25653b614026 | Account/Login | Iniciando acción: Account/Login
2026-04-14 15:05:47.257 | INFO  | CID:25653b614026 | Account/Login | Acción completada: Account/Login
2026-04-14 15:08:40.111 | INFO  | CID:N/A | Iniciando procesador de cola de correos
2026-04-14 15:09:11.333 | INFO  | CID:ed87b3a0d4bb | Account/Login | Iniciando acción: Account/Login
2026-04-14 15:09:12.173 | INFO  | CID:ed87b3a0d4bb | Account/Login | Acción completada: Account/Login
2026-04-14 15:26:06.466 | INFO  | CID:N/A | Iniciando procesador de cola de correos
2026-04-14 15:26:24.859 | INFO  | CID:bd4cb0d3902b | Account/Login | Iniciando acción: Account/Login
2026-04-14 15:26:25.565 | INFO  | CID:bd4cb0d3902b | Account/Login | Acción completada: Account/Login
2026-04-14 15:26:50.805 | INFO  | CID:N/A | Deteniendo procesador de cola de correos
2026-04-14 15:26:50.862 | INFO  | CID:N/A | Deteniendo procesador de cola de correos
2026-04-14 15:28:58.626 | INFO  | CID:N/A | Iniciando procesador de cola de correos
2026-04-14 15:32:49.818 | INFO  | CID:e30af43739f2 | Account/Login | Iniciando acción: Account/Login
2026-04-14 15:32:50.608 | INFO  | CID:e30af43739f2 | Account/Login | Acción completada: Account/Login
2026-04-14 15:51:27.746 | INFO  | CID:N/A | Iniciando procesador de cola de correos
2026-04-14 15:51:59.247 | INFO  | CID:a5ddceccfde7 | Account/Login | Iniciando acción: Account/Login
2026-04-14 15:52:00.129 | INFO  | CID:a5ddceccfde7 | Account/Login | Acción completada: Account/Login
2026-04-14 16:21:12.653 | INFO  | CID:N/A | Iniciando procesador de cola de correos
2026-04-14 16:21:36.382 | INFO  | CID:12c823ec45c7 | Account/Login | Iniciando acción: Account/Login
2026-04-14 16:21:37.052 | INFO  | CID:12c823ec45c7 | Account/Login | Acción completada: Account/Login
2026-04-14 16:22:36.728 | ERROR | CID:5db7039c15b5 | USR:USU_ADMIN | Operador/Modificacion | ERR:BAD_REQUEST | No se encuentra la vista 'Modificacion' ni su vista maestra o no hay un motor de búsqueda que admita las ubicaciones de búsqueda. Se buscó en las siguientes ubicaciones: 
~/Views/Operador/Modificacion.aspx
~/Views/Operador/Modificacion.ascx
~/Views/Shared/Modificacion.aspx
~/Views/Shared/Modificacion.ascx
~/Views/Operador/Modificacion.cshtml
~/Views/Operador/Modificacion.vbhtml
~/Views/Shared/Modificacion.cshtml
~/Views/Shared/Modificacion.vbhtml
    Exception: InvalidOperationException
    StackTrace:    en System.Web.Mvc.ViewResult.FindView(ControllerContext context)
   en System.Web.Mvc.ViewResultBase.ExecuteResult(ControllerContext context)
   en System.Web.Mvc.ControllerActionInvoker.InvokeActionResultFilterRecursive(IList`1 filters, Int32 filterIndex, ResultExecutingContext preContext, ControllerContext controllerContext, ActionResult actionResult)
   en System.Web.Mvc.ControllerActionInvoker.InvokeActionResultFilterRecursive(IList`1 filters, Int32 filterIndex, ResultExecutingContext preContext, ControllerContext controllerContext, ActionResult actionResult)
   en System.Web.Mvc.ControllerActionInvoker.InvokeActionResultFilterRecursive(IList`1 filters, Int32 filterIndex, ResultExecutingContext preContext, ControllerContext controllerContext, ActionResult actionResult)
   en System.Web.Mvc.ControllerActionInvoker.InvokeActionResultFilterRecursive(IList`1 filters, Int32 filterIndex, ResultExecutingContext preContext, ControllerContext controllerContext, ActionResult actionResult)
   en System.Web.Mvc.ControllerActionInvoker.InvokeActionResultWithFilters(ControllerContext controllerContext, IList`1 filters, ActionResult actionResult)
   en System.Web.Mvc.Async.AsyncControllerActionInvoker.<>c__DisplayClass3_1.<BeginInvokeAction>b__1(IAsyncResult asyncResult)
2026-04-14 16:23:07.840 | ERROR | CID:e1242556d1d1 | USR:USU_ADMIN | Operador/Modificacion | ERR:BAD_REQUEST | No se encuentra la vista 'Modificacion' ni su vista maestra o no hay un motor de búsqueda que admita las ubicaciones de búsqueda. Se buscó en las siguientes ubicaciones: 
~/Views/Operador/Modificacion.aspx
~/Views/Operador/Modificacion.ascx
~/Views/Shared/Modificacion.aspx
~/Views/Shared/Modificacion.ascx
~/Views/Operador/Modificacion.cshtml
~/Views/Operador/Modificacion.vbhtml
~/Views/Shared/Modificacion.cshtml
~/Views/Shared/Modificacion.vbhtml
    Exception: InvalidOperationException
    StackTrace:    en System.Web.Mvc.ViewResult.FindView(ControllerContext context)
   en System.Web.Mvc.ViewResultBase.ExecuteResult(ControllerContext context)
   en System.Web.Mvc.ControllerActionInvoker.InvokeActionResultFilterRecursive(IList`1 filters, Int32 filterIndex, ResultExecutingContext preContext, ControllerContext controllerContext, ActionResult actionResult)
   en System.Web.Mvc.ControllerActionInvoker.InvokeActionResultFilterRecursive(IList`1 filters, Int32 filterIndex, ResultExecutingContext preContext, ControllerContext controllerContext, ActionResult actionResult)
   en System.Web.Mvc.ControllerActionInvoker.InvokeActionResultFilterRecursive(IList`1 filters, Int32 filterIndex, ResultExecutingContext preContext, ControllerContext controllerContext, ActionResult actionResult)
   en System.Web.Mvc.ControllerActionInvoker.InvokeActionResultFilterRecursive(IList`1 filters, Int32 filterIndex, ResultExecutingContext preContext, ControllerContext controllerContext, ActionResult actionResult)
   en System.Web.Mvc.ControllerActionInvoker.InvokeActionResultWithFilters(ControllerContext controllerContext, IList`1 filters, ActionResult actionResult)
   en System.Web.Mvc.Async.AsyncControllerActionInvoker.<>c__DisplayClass3_1.<BeginInvokeAction>b__1(IAsyncResult asyncResult)
2026-04-14 16:32:13.858 | INFO  | CID:N/A | Iniciando procesador de cola de correos
2026-04-14 16:32:50.487 | INFO  | CID:c04a4478e6d2 | Account/Login | Iniciando acción: Account/Login
2026-04-14 16:32:51.219 | INFO  | CID:c04a4478e6d2 | Account/Login | Acción completada: Account/Login
2026-04-14 16:33:38.247 | ERROR | CID:dc194df815c1 | USR:USU_ADMIN | Operador/Modificacion | ERR:INTERNAL_ERROR | La página de diseño "~/Views/Shared/_Layout.cshtml" no se encontró en la siguiente ruta de acceso: "~/Views/Shared/_Layout.cshtml".
    Exception: HttpException
    StackTrace:    en System.Web.WebPages.WebPageExecutingBase.NormalizeLayoutPagePath(String layoutPagePath)
   en System.Web.WebPages.WebPageBase.PopContext()
   en System.Web.Mvc.ViewResultBase.ExecuteResult(ControllerContext context)
   en System.Web.Mvc.ControllerActionInvoker.InvokeActionResultFilterRecursive(IList`1 filters, Int32 filterIndex, ResultExecutingContext preContext, ControllerContext controllerContext, ActionResult actionResult)
   en System.Web.Mvc.ControllerActionInvoker.InvokeActionResultFilterRecursive(IList`1 filters, Int32 filterIndex, ResultExecutingContext preContext, ControllerContext controllerContext, ActionResult actionResult)
   en System.Web.Mvc.ControllerActionInvoker.InvokeActionResultFilterRecursive(IList`1 filters, Int32 filterIndex, ResultExecutingContext preContext, ControllerContext controllerContext, ActionResult actionResult)
   en System.Web.Mvc.ControllerActionInvoker.InvokeActionResultFilterRecursive(IList`1 filters, Int32 filterIndex, ResultExecutingContext preContext, ControllerContext controllerContext, ActionResult actionResult)
   en System.Web.Mvc.ControllerActionInvoker.InvokeActionResultWithFilters(ControllerContext controllerContext, IList`1 filters, ActionResult actionResult)
   en System.Web.Mvc.Async.AsyncControllerActionInvoker.<>c__DisplayClass3_1.<BeginInvokeAction>b__1(IAsyncResult asyncResult)
2026-04-14 16:33:51.980 | ERROR | CID:824cb70becae | USR:USU_ADMIN | Operador/Modificacion | ERR:INTERNAL_ERROR | La página de diseño "~/Views/Shared/_Layout.cshtml" no se encontró en la siguiente ruta de acceso: "~/Views/Shared/_Layout.cshtml".
    Exception: HttpException
    StackTrace:    en System.Web.WebPages.WebPageExecutingBase.NormalizeLayoutPagePath(String layoutPagePath)
   en System.Web.WebPages.WebPageBase.PopContext()
   en System.Web.Mvc.ViewResultBase.ExecuteResult(ControllerContext context)
   en System.Web.Mvc.ControllerActionInvoker.InvokeActionResultFilterRecursive(IList`1 filters, Int32 filterIndex, ResultExecutingContext preContext, ControllerContext controllerContext, ActionResult actionResult)
   en System.Web.Mvc.ControllerActionInvoker.InvokeActionResultFilterRecursive(IList`1 filters, Int32 filterIndex, ResultExecutingContext preContext, ControllerContext controllerContext, ActionResult actionResult)
   en System.Web.Mvc.ControllerActionInvoker.InvokeActionResultFilterRecursive(IList`1 filters, Int32 filterIndex, ResultExecutingContext preContext, ControllerContext controllerContext, ActionResult actionResult)
   en System.Web.Mvc.ControllerActionInvoker.InvokeActionResultFilterRecursive(IList`1 filters, Int32 filterIndex, ResultExecutingContext preContext, ControllerContext controllerContext, ActionResult actionResult)
   en System.Web.Mvc.ControllerActionInvoker.InvokeActionResultWithFilters(ControllerContext controllerContext, IList`1 filters, ActionResult actionResult)
   en System.Web.Mvc.Async.AsyncControllerActionInvoker.<>c__DisplayClass3_1.<BeginInvokeAction>b__1(IAsyncResult asyncResult)
2026-04-14 16:34:22.993 | ERROR | CID:544c9ef2f94a | USR:USU_ADMIN | Operador/Modificacion | ERR:INTERNAL_ERROR | La página de diseño "~/Views/Shared/_Layout.cshtml" no se encontró en la siguiente ruta de acceso: "~/Views/Shared/_Layout.cshtml".
    Exception: HttpException
    StackTrace:    en System.Web.WebPages.WebPageExecutingBase.NormalizeLayoutPagePath(String layoutPagePath)
   en System.Web.WebPages.WebPageBase.PopContext()
   en System.Web.Mvc.ViewResultBase.ExecuteResult(ControllerContext context)
   en System.Web.Mvc.ControllerActionInvoker.InvokeActionResultFilterRecursive(IList`1 filters, Int32 filterIndex, ResultExecutingContext preContext, ControllerContext controllerContext, ActionResult actionResult)
   en System.Web.Mvc.ControllerActionInvoker.InvokeActionResultFilterRecursive(IList`1 filters, Int32 filterIndex, ResultExecutingContext preContext, ControllerContext controllerContext, ActionResult actionResult)
   en System.Web.Mvc.ControllerActionInvoker.InvokeActionResultFilterRecursive(IList`1 filters, Int32 filterIndex, ResultExecutingContext preContext, ControllerContext controllerContext, ActionResult actionResult)
   en System.Web.Mvc.ControllerActionInvoker.InvokeActionResultFilterRecursive(IList`1 filters, Int32 filterIndex, ResultExecutingContext preContext, ControllerContext controllerContext, ActionResult actionResult)
   en System.Web.Mvc.ControllerActionInvoker.InvokeActionResultWithFilters(ControllerContext controllerContext, IList`1 filters, ActionResult actionResult)
   en System.Web.Mvc.Async.AsyncControllerActionInvoker.<>c__DisplayClass3_1.<BeginInvokeAction>b__1(IAsyncResult asyncResult)
2026-04-14 16:53:29.232 | INFO  | CID:N/A | Iniciando procesador de cola de correos
2026-04-14 16:53:53.154 | INFO  | CID:f8bd60c07594 | Account/Login | Iniciando acción: Account/Login
2026-04-14 16:53:53.767 | INFO  | CID:f8bd60c07594 | Account/Login | Acción completada: Account/Login
