2026-02-24 12:24:37.703 | INFO  | CID:N/A | Iniciando procesador de cola de correos
2026-02-24 12:34:37.236 | INFO  | CID:036761cad7cc | Account/Login | Iniciando acción: Account/Login
2026-02-24 12:34:38.238 | INFO  | CID:036761cad7cc | Account/Login | Acción completada: Account/Login
2026-02-24 13:54:05.884 | INFO  | CID:96cb7680fe42 | Account/Login | Iniciando acción: Account/Login
2026-02-24 13:54:06.512 | INFO  | CID:96cb7680fe42 | Account/Login | Acción completada: Account/Login
2026-02-24 14:17:45.396 | INFO  | CID:N/A | Iniciando procesador de cola de correos
2026-02-24 14:17:53.498 | INFO  | CID:65635d1c5a47 | Account/Login | Iniciando acción: Account/Login
2026-02-24 14:17:54.421 | INFO  | CID:65635d1c5a47 | Account/Login | Acción completada: Account/Login
2026-02-24 14:42:20.539 | ERROR | CID:09007e3f35bd40d7a9e31e0bc373fd96 | USR:USU_ADMIN | Account/ExtenderSesion | ERR:INTERNAL_ERROR | El campo de formulario antifalsificación "__RequestVerificationToken" no está presente.
    Exception: HttpAntiForgeryException
    StackTrace:    en System.Web.Helpers.AntiXsrf.TokenValidator.ValidateTokens(HttpContextBase httpContext, IIdentity identity, AntiForgeryToken sessionToken, AntiForgeryToken fieldToken)
   en System.Web.Helpers.AntiXsrf.AntiForgeryWorker.Validate(HttpContextBase httpContext)
   en System.Web.Mvc.ControllerActionInvoker.InvokeAuthorizationFilters(ControllerContext controllerContext, IList`1 filters, ActionDescriptor actionDescriptor)
   en System.Web.Mvc.Async.AsyncControllerActionInvoker.<>c__DisplayClass3_1.<BeginInvokeAction>b__0(AsyncCallback asyncCallback, Object asyncState)
2026-02-24 14:42:25.659 | INFO  | CID:2f8e46932663 | Account/Login | Iniciando acción: Account/Login
2026-02-24 14:42:26.244 | INFO  | CID:2f8e46932663 | Account/Login | Acción completada: Account/Login
2026-02-24 15:08:07.116 | INFO  | CID:N/A | Iniciando procesador de cola de correos
2026-02-24 15:08:15.721 | ERROR | CID:3a6df0fc38a847c2a56d691fd39ec5f1 | Account/Login | ERR:INTERNAL_ERROR | El token antifalsificación proporcionado se diseñó para el usuario "USU_ADMIN" pero el usuario actual es "".
    Exception: HttpAntiForgeryException
    StackTrace:    en System.Web.Helpers.AntiXsrf.TokenValidator.ValidateTokens(HttpContextBase httpContext, IIdentity identity, AntiForgeryToken sessionToken, AntiForgeryToken fieldToken)
   en System.Web.Helpers.AntiXsrf.AntiForgeryWorker.Validate(HttpContextBase httpContext)
   en System.Web.Mvc.ControllerActionInvoker.InvokeAuthorizationFilters(ControllerContext controllerContext, IList`1 filters, ActionDescriptor actionDescriptor)
   en System.Web.Mvc.Async.AsyncControllerActionInvoker.<>c__DisplayClass3_1.<BeginInvokeAction>b__0(AsyncCallback asyncCallback, Object asyncState)
2026-02-24 15:08:21.753 | INFO  | CID:4d280fed3886 | Account/Login | Iniciando acción: Account/Login
2026-02-24 15:08:22.604 | INFO  | CID:4d280fed3886 | Account/Login | Acción completada: Account/Login
2026-02-24 15:09:02.465 | INFO  | CID:d1886cfa0868 | USR:USU_ADMIN | OrdenRecaudacion/Nueva | Iniciando acción: OrdenRecaudacion/Nueva
2026-02-24 15:09:02.573 | INFO  | CID:d1886cfa0868 | USR:USU_ADMIN | OrdenRecaudacion/Nueva | Acción completada: OrdenRecaudacion/Nueva
2026-02-24 15:09:12.357 | INFO  | CID:360195d4dd1e | USR:USU_ADMIN | OrdenRecaudacion/Generar | Iniciando acción: OrdenRecaudacion/Generar
2026-02-24 15:09:19.210 | INFO  | CID:aefa666ab966 | Correo con adjunto enviado exitosamente a gercavi82@gmail.com
2026-02-24 15:09:19.213 | INFO  | CID:360195d4dd1e | USR:USU_ADMIN | OrdenRecaudacion/Generar | Acción completada: OrdenRecaudacion/Generar
2026-02-24 15:11:22.990 | INFO  | CID:4c3ed7bdaf70 | USR:USU_ADMIN | Financiero/AprobarPagoConFactura | Iniciando acción: Financiero/AprobarPagoConFactura
2026-02-24 15:11:23.006 | INFO  | CID:4c3ed7bdaf70 | USR:USU_ADMIN | Financiero/AprobarPagoConFactura | Acción completada: Financiero/AprobarPagoConFactura
2026-02-24 15:11:25.936 | INFO  | CID:3b2d4c67e4de | USR:USU_ADMIN | Financiero/AprobarPagoConFactura | Iniciando acción: Financiero/AprobarPagoConFactura
2026-02-24 15:11:25.941 | INFO  | CID:3b2d4c67e4de | USR:USU_ADMIN | Financiero/AprobarPagoConFactura | Acción completada: Financiero/AprobarPagoConFactura
2026-02-24 15:11:28.982 | INFO  | CID:6947f2823d8e | USR:USU_ADMIN | Financiero/AprobarPagoConFactura | Iniciando acción: Financiero/AprobarPagoConFactura
2026-02-24 15:11:28.986 | INFO  | CID:6947f2823d8e | USR:USU_ADMIN | Financiero/AprobarPagoConFactura | Acción completada: Financiero/AprobarPagoConFactura
2026-02-24 15:11:29.619 | INFO  | CID:0c65c720bccb | USR:USU_ADMIN | Financiero/AprobarPagoConFactura | Iniciando acción: Financiero/AprobarPagoConFactura
2026-02-24 15:11:29.624 | INFO  | CID:0c65c720bccb | USR:USU_ADMIN | Financiero/AprobarPagoConFactura | Acción completada: Financiero/AprobarPagoConFactura
2026-02-24 15:11:30.390 | INFO  | CID:d42cd0d442ac | USR:USU_ADMIN | Financiero/AprobarPagoConFactura | Iniciando acción: Financiero/AprobarPagoConFactura
2026-02-24 15:11:30.395 | INFO  | CID:d42cd0d442ac | USR:USU_ADMIN | Financiero/AprobarPagoConFactura | Acción completada: Financiero/AprobarPagoConFactura
2026-02-24 15:11:31.030 | INFO  | CID:3d2cdff64267 | USR:USU_ADMIN | Financiero/AprobarPagoConFactura | Iniciando acción: Financiero/AprobarPagoConFactura
2026-02-24 15:11:31.034 | INFO  | CID:3d2cdff64267 | USR:USU_ADMIN | Financiero/AprobarPagoConFactura | Acción completada: Financiero/AprobarPagoConFactura
2026-02-24 15:11:34.287 | INFO  | CID:db62ce205c20 | USR:USU_ADMIN | Financiero/AprobarPagoConFactura | Iniciando acción: Financiero/AprobarPagoConFactura
2026-02-24 15:11:34.292 | INFO  | CID:db62ce205c20 | USR:USU_ADMIN | Financiero/AprobarPagoConFactura | Acción completada: Financiero/AprobarPagoConFactura
2026-02-24 15:11:35.471 | INFO  | CID:7b687b28cf9b | USR:USU_ADMIN | Financiero/AprobarPagoConFactura | Iniciando acción: Financiero/AprobarPagoConFactura
2026-02-24 15:11:35.476 | INFO  | CID:7b687b28cf9b | USR:USU_ADMIN | Financiero/AprobarPagoConFactura | Acción completada: Financiero/AprobarPagoConFactura
2026-02-24 15:17:59.303 | INFO  | CID:9d4b20713a81 | USR:USU_ADMIN | OrdenRecaudacion/RegistrarPago | Iniciando acción: OrdenRecaudacion/RegistrarPago
2026-02-24 15:17:59.353 | INFO  | CID:9d4b20713a81 | USR:USU_ADMIN | OrdenRecaudacion/RegistrarPago | Acción completada: OrdenRecaudacion/RegistrarPago
2026-02-24 15:18:08.351 | INFO  | CID:6633e3b56455 | USR:USU_ADMIN | OrdenRecaudacion/ValidarPago | Iniciando acción: OrdenRecaudacion/ValidarPago
2026-02-24 15:18:08.354 | INFO  | CID:6633e3b56455 | USR:USU_ADMIN | OrdenRecaudacion/ValidarPago | Acción completada: OrdenRecaudacion/ValidarPago
2026-02-24 15:19:15.905 | INFO  | CID:a04757656780 | USR:USU_ADMIN | Financiero/AprobarPagoConFactura | Iniciando acción: Financiero/AprobarPagoConFactura
2026-02-24 15:19:15.910 | INFO  | CID:a04757656780 | USR:USU_ADMIN | Financiero/AprobarPagoConFactura | Acción completada: Financiero/AprobarPagoConFactura
2026-02-24 15:19:17.783 | INFO  | CID:51c6ebb1fc81 | USR:USU_ADMIN | Financiero/AprobarPagoConFactura | Iniciando acción: Financiero/AprobarPagoConFactura
2026-02-24 15:19:17.788 | INFO  | CID:51c6ebb1fc81 | USR:USU_ADMIN | Financiero/AprobarPagoConFactura | Acción completada: Financiero/AprobarPagoConFactura
2026-02-24 15:19:18.363 | INFO  | CID:8a00ca1ff8ce | USR:USU_ADMIN | Financiero/AprobarPagoConFactura | Iniciando acción: Financiero/AprobarPagoConFactura
2026-02-24 15:19:18.386 | INFO  | CID:8a00ca1ff8ce | USR:USU_ADMIN | Financiero/AprobarPagoConFactura | Acción completada: Financiero/AprobarPagoConFactura
2026-02-24 15:19:18.594 | INFO  | CID:b8a91f576db7 | USR:USU_ADMIN | Financiero/AprobarPagoConFactura | Iniciando acción: Financiero/AprobarPagoConFactura
2026-02-24 15:19:18.658 | INFO  | CID:b8a91f576db7 | USR:USU_ADMIN | Financiero/AprobarPagoConFactura | Acción completada: Financiero/AprobarPagoConFactura
2026-02-24 15:19:18.793 | INFO  | CID:f01434a428ce | USR:USU_ADMIN | Financiero/AprobarPagoConFactura | Iniciando acción: Financiero/AprobarPagoConFactura
2026-02-24 15:19:18.895 | INFO  | CID:f01434a428ce | USR:USU_ADMIN | Financiero/AprobarPagoConFactura | Acción completada: Financiero/AprobarPagoConFactura
2026-02-24 15:23:32.615 | INFO  | CID:4901d3acb97c | USR:USU_ADMIN | Financiero/AprobarPagoConFactura | Iniciando acción: Financiero/AprobarPagoConFactura
2026-02-24 15:23:33.613 | INFO  | CID:4901d3acb97c | USR:USU_ADMIN | Financiero/AprobarPagoConFactura | Acción completada: Financiero/AprobarPagoConFactura
2026-02-24 15:23:40.442 | INFO  | CID:N/A | Procesando email 7 para gercavi82@gmail.com
2026-02-24 15:23:40.746 | INFO  | CID:N/A | Email 7 enviado exitosamente
2026-02-24 15:23:40.746 | INFO  | CID:N/A | Email 7 enviado exitosamente
2026-02-24 15:25:01.205 | INFO  | CID:9e596bcf4117 | USR:USU_ADMIN | OrdenRecaudacion/Nueva | Iniciando acción: OrdenRecaudacion/Nueva
2026-02-24 15:25:01.457 | INFO  | CID:9e596bcf4117 | USR:USU_ADMIN | OrdenRecaudacion/Nueva | Acción completada: OrdenRecaudacion/Nueva
2026-02-24 15:25:14.661 | INFO  | CID:e2fa5c3ff431 | USR:USU_ADMIN | OrdenRecaudacion/Generar | Iniciando acción: OrdenRecaudacion/Generar
2026-02-24 15:25:17.718 | INFO  | CID:ccfe702739a1 | Correo con adjunto enviado exitosamente a gercavi82@gmail.com
2026-02-24 15:25:17.721 | INFO  | CID:e2fa5c3ff431 | USR:USU_ADMIN | OrdenRecaudacion/Generar | Acción completada: OrdenRecaudacion/Generar
2026-02-24 15:26:16.452 | INFO  | CID:b4c1f75912d0 | USR:USU_ADMIN | OrdenRecaudacion/RegistrarPago | Iniciando acción: OrdenRecaudacion/RegistrarPago
2026-02-24 15:26:16.536 | INFO  | CID:b4c1f75912d0 | USR:USU_ADMIN | OrdenRecaudacion/RegistrarPago | Acción completada: OrdenRecaudacion/RegistrarPago
2026-02-24 15:26:33.598 | INFO  | CID:93d0afef3f56 | USR:USU_ADMIN | OrdenRecaudacion/ValidarPago | Iniciando acción: OrdenRecaudacion/ValidarPago
2026-02-24 15:26:33.601 | INFO  | CID:93d0afef3f56 | USR:USU_ADMIN | OrdenRecaudacion/ValidarPago | Acción completada: OrdenRecaudacion/ValidarPago
