2026-03-10 08:20:22.926 | INFO  | CID:N/A | Iniciando procesador de cola de correos
2026-03-10 08:20:45.488 | INFO  | CID:af53225ccf7e | Account/Login | Iniciando acción: Account/Login
2026-03-10 08:20:47.757 | INFO  | CID:af53225ccf7e | Account/Login | Acción completada: Account/Login
2026-03-10 08:21:03.763 | INFO  | CID:9f7de3a97ab2 | USR:GACAJAS | Account/SeleccionarCompania | Iniciando acción: Account/SeleccionarCompania
2026-03-10 08:21:05.725 | INFO  | CID:9f7de3a97ab2 | USR:GACAJAS | Account/SeleccionarCompania | Acción completada: Account/SeleccionarCompania
2026-03-10 08:34:53.364 | INFO  | CID:N/A | Deteniendo procesador de cola de correos
2026-03-10 08:34:53.422 | INFO  | CID:N/A | Deteniendo procesador de cola de correos
2026-03-10 08:46:54.898 | INFO  | CID:N/A | Iniciando procesador de cola de correos
2026-03-10 08:47:33.298 | INFO  | CID:633b7baa5d7d | Account/Login | Iniciando acción: Account/Login
2026-03-10 08:47:35.395 | INFO  | CID:633b7baa5d7d | Account/Login | Acción completada: Account/Login
2026-03-10 08:47:41.181 | INFO  | CID:1105b050d339 | USR:GACAJAS | Account/SeleccionarCompania | Iniciando acción: Account/SeleccionarCompania
2026-03-10 08:47:42.919 | INFO  | CID:1105b050d339 | USR:GACAJAS | Account/SeleccionarCompania | Acción completada: Account/SeleccionarCompania
2026-03-10 09:01:30.491 | INFO  | CID:N/A | Iniciando procesador de cola de correos
2026-03-10 09:01:53.664 | INFO  | CID:f9f64a4c7f63 | Account/Login | Iniciando acción: Account/Login
2026-03-10 09:01:55.965 | INFO  | CID:f9f64a4c7f63 | Account/Login | Acción completada: Account/Login
2026-03-10 09:02:04.505 | INFO  | CID:354eacdb764d | USR:GACAJAS | Account/SeleccionarCompania | Iniciando acción: Account/SeleccionarCompania
2026-03-10 09:02:06.310 | INFO  | CID:354eacdb764d | USR:GACAJAS | Account/SeleccionarCompania | Acción completada: Account/SeleccionarCompania
2026-03-10 09:05:59.954 | INFO  | CID:N/A | Iniciando procesador de cola de correos
2026-03-10 09:07:23.807 | INFO  | CID:52f8623e631e | Account/Login | Iniciando acción: Account/Login
2026-03-10 09:07:26.043 | INFO  | CID:52f8623e631e | Account/Login | Acción completada: Account/Login
2026-03-10 09:07:30.749 | INFO  | CID:935bd6369dea | USR:GACAJAS | Account/SeleccionarCompania | Iniciando acción: Account/SeleccionarCompania
2026-03-10 09:07:32.421 | INFO  | CID:935bd6369dea | USR:GACAJAS | Account/SeleccionarCompania | Acción completada: Account/SeleccionarCompania
2026-03-10 09:42:05.651 | INFO  | CID:93ef124e6ae3 | USR:GACAJAS | SolicitudAOCR/FormularioCompleto | Iniciando acción: SolicitudAOCR/FormularioCompleto
2026-03-10 09:42:05.663 | INFO  | CID:93ef124e6ae3 | USR:GACAJAS | SolicitudAOCR/FormularioCompleto | Acción completada: SolicitudAOCR/FormularioCompleto
2026-03-10 09:42:15.800 | INFO  | CID:3efbafe454da | USR:GACAJAS | SolicitudAOCR/FormularioCompleto | Iniciando acción: SolicitudAOCR/FormularioCompleto
2026-03-10 09:42:15.808 | INFO  | CID:3efbafe454da | USR:GACAJAS | SolicitudAOCR/FormularioCompleto | Acción completada: SolicitudAOCR/FormularioCompleto
2026-03-10 09:42:21.278 | INFO  | CID:b50e735e12a9 | USR:GACAJAS | SolicitudAOCR/FormularioCompleto | Iniciando acción: SolicitudAOCR/FormularioCompleto
2026-03-10 09:42:21.278 | INFO  | CID:b50e735e12a9 | USR:GACAJAS | SolicitudAOCR/FormularioCompleto | Acción completada: SolicitudAOCR/FormularioCompleto
2026-03-10 09:42:23.915 | INFO  | CID:05946d786e71 | USR:GACAJAS | SolicitudAOCR/FormularioCompleto | Iniciando acción: SolicitudAOCR/FormularioCompleto
2026-03-10 09:42:23.915 | INFO  | CID:05946d786e71 | USR:GACAJAS | SolicitudAOCR/FormularioCompleto | Acción completada: SolicitudAOCR/FormularioCompleto
2026-03-10 09:52:50.588 | INFO  | CID:7617803dec43 | USR:GACAJAS | SolicitudAOCR/FormularioCompleto | Iniciando acción: SolicitudAOCR/FormularioCompleto
2026-03-10 09:52:50.609 | INFO  | CID:7617803dec43 | USR:GACAJAS | SolicitudAOCR/FormularioCompleto | Acción completada: SolicitudAOCR/FormularioCompleto
2026-03-10 09:53:19.454 | INFO  | CID:N/A | Iniciando procesador de cola de correos
2026-03-10 09:53:37.412 | INFO  | CID:33876dacc8b0 | Account/Login | Iniciando acción: Account/Login
2026-03-10 09:53:39.643 | INFO  | CID:33876dacc8b0 | Account/Login | Acción completada: Account/Login
2026-03-10 09:53:44.760 | INFO  | CID:bd5ac018c6b9 | USR:GACAJAS | Account/SeleccionarCompania | Iniciando acción: Account/SeleccionarCompania
2026-03-10 09:53:46.376 | INFO  | CID:bd5ac018c6b9 | USR:GACAJAS | Account/SeleccionarCompania | Acción completada: Account/SeleccionarCompania
2026-03-10 09:55:51.362 | INFO  | CID:9857f775fac4 | USR:GACAJAS | SolicitudAOCR/FormularioCompleto | Iniciando acción: SolicitudAOCR/FormularioCompleto
2026-03-10 09:55:51.861 | INFO  | CID:9857f775fac4 | USR:GACAJAS | SolicitudAOCR/FormularioCompleto | Acción completada: SolicitudAOCR/FormularioCompleto
2026-03-10 09:56:17.311 | INFO  | CID:5cb5ae9603cc | USR:GACAJAS | SolicitudAOCR/FormularioCompleto | Iniciando acción: SolicitudAOCR/FormularioCompleto
2026-03-10 09:56:17.646 | INFO  | CID:5cb5ae9603cc | USR:GACAJAS | SolicitudAOCR/FormularioCompleto | Acción completada: SolicitudAOCR/FormularioCompleto
2026-03-10 09:56:56.923 | INFO  | CID:823a79c29912 | USR:GACAJAS | SolicitudAOCR/FormularioCompleto | Iniciando acción: SolicitudAOCR/FormularioCompleto
2026-03-10 09:56:57.288 | INFO  | CID:823a79c29912 | USR:GACAJAS | SolicitudAOCR/FormularioCompleto | Acción completada: SolicitudAOCR/FormularioCompleto
2026-03-10 09:59:19.106 | INFO  | CID:eff69bb99b67 | USR:GACAJAS | SolicitudAOCR/FormularioCompleto | Iniciando acción: SolicitudAOCR/FormularioCompleto
2026-03-10 09:59:19.566 | INFO  | CID:eff69bb99b67 | USR:GACAJAS | SolicitudAOCR/FormularioCompleto | Acción completada: SolicitudAOCR/FormularioCompleto
2026-03-10 09:59:42.001 | INFO  | CID:N/A | Iniciando procesador de cola de correos
2026-03-10 10:00:00.382 | INFO  | CID:98b713526358 | Account/Login | Iniciando acción: Account/Login
2026-03-10 10:00:03.883 | INFO  | CID:98b713526358 | Account/Login | Acción completada: Account/Login
2026-03-10 10:00:08.841 | INFO  | CID:7eb87d12a1d7 | USR:GACAJAS | Account/SeleccionarCompania | Iniciando acción: Account/SeleccionarCompania
2026-03-10 10:00:10.369 | INFO  | CID:7eb87d12a1d7 | USR:GACAJAS | Account/SeleccionarCompania | Acción completada: Account/SeleccionarCompania
2026-03-10 10:02:13.183 | INFO  | CID:49c794a9e1f5 | USR:GACAJAS | SolicitudAOCR/FormularioCompleto | Iniciando acción: SolicitudAOCR/FormularioCompleto
2026-03-10 10:02:14.499 | INFO  | CID:49c794a9e1f5 | USR:GACAJAS | SolicitudAOCR/FormularioCompleto | Acción completada: SolicitudAOCR/FormularioCompleto
2026-03-10 10:09:26.597 | INFO  | CID:N/A | Iniciando procesador de cola de correos
2026-03-10 10:09:45.063 | INFO  | CID:4b7fe12b0800 | Account/Login | Iniciando acción: Account/Login
2026-03-10 10:09:47.230 | INFO  | CID:4b7fe12b0800 | Account/Login | Acción completada: Account/Login
2026-03-10 10:09:52.095 | INFO  | CID:c69f4bbd5a2a | USR:GACAJAS | Account/SeleccionarCompania | Iniciando acción: Account/SeleccionarCompania
2026-03-10 10:09:53.897 | INFO  | CID:c69f4bbd5a2a | USR:GACAJAS | Account/SeleccionarCompania | Acción completada: Account/SeleccionarCompania
2026-03-10 10:11:51.992 | INFO  | CID:2926cf43d680 | USR:GACAJAS | SolicitudAOCR/FormularioCompleto | Iniciando acción: SolicitudAOCR/FormularioCompleto
2026-03-10 10:11:53.364 | INFO  | CID:2926cf43d680 | USR:GACAJAS | SolicitudAOCR/FormularioCompleto | Acción completada: SolicitudAOCR/FormularioCompleto
2026-03-10 10:16:32.027 | INFO  | CID:N/A | Iniciando procesador de cola de correos
2026-03-10 10:17:25.308 | INFO  | CID:2ea4156abb59 | Account/Login | Iniciando acción: Account/Login
2026-03-10 10:17:27.874 | INFO  | CID:2ea4156abb59 | Account/Login | Acción completada: Account/Login
2026-03-10 10:17:33.340 | INFO  | CID:69ff0fecc0a0 | USR:GACAJAS | Account/SeleccionarCompania | Iniciando acción: Account/SeleccionarCompania
2026-03-10 10:17:35.130 | INFO  | CID:69ff0fecc0a0 | USR:GACAJAS | Account/SeleccionarCompania | Acción completada: Account/SeleccionarCompania
2026-03-10 10:19:20.479 | INFO  | CID:638daba7f67b | USR:GACAJAS | SolicitudAOCR/FormularioCompleto | Iniciando acción: SolicitudAOCR/FormularioCompleto
2026-03-10 10:19:21.710 | INFO  | CID:638daba7f67b | USR:GACAJAS | SolicitudAOCR/FormularioCompleto | Acción completada: SolicitudAOCR/FormularioCompleto
2026-03-10 10:22:05.669 | INFO  | CID:293b4fc9ba84 | USR:GACAJAS | SolicitudAOCR/FormularioCompleto | Iniciando acción: SolicitudAOCR/FormularioCompleto
2026-03-10 10:22:06.657 | INFO  | CID:293b4fc9ba84 | USR:GACAJAS | SolicitudAOCR/FormularioCompleto | Acción completada: SolicitudAOCR/FormularioCompleto
2026-03-10 10:22:09.815 | INFO  | CID:ee0c5def44b8 | USR:GACAJAS | SolicitudAOCR/FormularioCompleto | Iniciando acción: SolicitudAOCR/FormularioCompleto
2026-03-10 10:22:10.900 | INFO  | CID:ee0c5def44b8 | USR:GACAJAS | SolicitudAOCR/FormularioCompleto | Acción completada: SolicitudAOCR/FormularioCompleto
2026-03-10 10:22:33.278 | INFO  | CID:559c6858c934 | USR:GACAJAS | SolicitudAOCR/FormularioCompleto | Iniciando acción: SolicitudAOCR/FormularioCompleto
2026-03-10 10:22:34.235 | INFO  | CID:559c6858c934 | USR:GACAJAS | SolicitudAOCR/FormularioCompleto | Acción completada: SolicitudAOCR/FormularioCompleto
2026-03-10 10:23:01.118 | INFO  | CID:N/A | Iniciando procesador de cola de correos
2026-03-10 10:23:41.497 | INFO  | CID:17cefaf613d1 | Account/Login | Iniciando acción: Account/Login
2026-03-10 10:23:43.888 | INFO  | CID:17cefaf613d1 | Account/Login | Acción completada: Account/Login
2026-03-10 10:23:59.078 | INFO  | CID:19ab58562d4e | USR:GACAJAS | Account/SeleccionarCompania | Iniciando acción: Account/SeleccionarCompania
2026-03-10 10:24:00.652 | INFO  | CID:19ab58562d4e | USR:GACAJAS | Account/SeleccionarCompania | Acción completada: Account/SeleccionarCompania
2026-03-10 10:25:20.378 | INFO  | CID:98814ac3f211 | Account/Login | Iniciando acción: Account/Login
2026-03-10 10:25:20.381 | INFO  | CID:98814ac3f211 | Account/Login | Acción completada: Account/Login
2026-03-10 10:25:37.589 | INFO  | CID:c97961d7cb4f | Account/Login | Iniciando acción: Account/Login
2026-03-10 10:25:39.406 | INFO  | CID:c97961d7cb4f | Account/Login | Acción completada: Account/Login
2026-03-10 10:25:54.865 | INFO  | CID:1514089c9e8d | USR:GACAJAS | Account/SeleccionarCompania | Iniciando acción: Account/SeleccionarCompania
2026-03-10 10:25:56.613 | INFO  | CID:1514089c9e8d | USR:GACAJAS | Account/SeleccionarCompania | Acción completada: Account/SeleccionarCompania
2026-03-10 10:28:52.017 | INFO  | CID:N/A | Iniciando procesador de cola de correos
2026-03-10 10:29:43.188 | INFO  | CID:17d237950f59 | Account/Login | Iniciando acción: Account/Login
2026-03-10 10:29:45.714 | INFO  | CID:17d237950f59 | Account/Login | Acción completada: Account/Login
2026-03-10 10:29:51.728 | INFO  | CID:6905228b2c81 | USR:GACAJAS | Account/SeleccionarCompania | Iniciando acción: Account/SeleccionarCompania
2026-03-10 10:29:54.020 | INFO  | CID:6905228b2c81 | USR:GACAJAS | Account/SeleccionarCompania | Acción completada: Account/SeleccionarCompania
2026-03-10 10:33:19.435 | INFO  | CID:00e2fca721c0 | USR:GACAJAS | SolicitudAOCR/FormularioCompleto | Iniciando acción: SolicitudAOCR/FormularioCompleto
2026-03-10 10:33:20.926 | INFO  | CID:00e2fca721c0 | USR:GACAJAS | SolicitudAOCR/FormularioCompleto | Acción completada: SolicitudAOCR/FormularioCompleto
2026-03-10 10:36:20.704 | INFO  | CID:N/A | Deteniendo procesador de cola de correos
2026-03-10 10:36:20.754 | INFO  | CID:N/A | Deteniendo procesador de cola de correos
2026-03-10 10:42:34.628 | INFO  | CID:N/A | Iniciando procesador de cola de correos
2026-03-10 10:42:35.061 | INFO  | CID:6f72d3d4def4 | USR:GACAJAS | SolicitudAOCR/FormularioCompleto | Iniciando acción: SolicitudAOCR/FormularioCompleto
2026-03-10 10:42:37.028 | INFO  | CID:6f72d3d4def4 | USR:GACAJAS | SolicitudAOCR/FormularioCompleto | Acción completada: SolicitudAOCR/FormularioCompleto
2026-03-10 10:48:10.958 | INFO  | CID:171a4294fc2b | USR:GACAJAS | SolicitudAOCR/FormularioCompleto | Iniciando acción: SolicitudAOCR/FormularioCompleto
2026-03-10 10:48:12.722 | INFO  | CID:171a4294fc2b | USR:GACAJAS | SolicitudAOCR/FormularioCompleto | Acción completada: SolicitudAOCR/FormularioCompleto
2026-03-10 10:50:54.341 | INFO  | CID:e46c97bd39d6 | USR:GACAJAS | SolicitudAOCR/FormularioCompleto | Iniciando acción: SolicitudAOCR/FormularioCompleto
2026-03-10 10:50:55.869 | INFO  | CID:e46c97bd39d6 | USR:GACAJAS | SolicitudAOCR/FormularioCompleto | Acción completada: SolicitudAOCR/FormularioCompleto
2026-03-10 10:51:06.501 | INFO  | CID:e9e61d7f9da5 | USR:GACAJAS | SolicitudAOCR/FormularioCompleto | Iniciando acción: SolicitudAOCR/FormularioCompleto
2026-03-10 10:51:07.776 | INFO  | CID:e9e61d7f9da5 | USR:GACAJAS | SolicitudAOCR/FormularioCompleto | Acción completada: SolicitudAOCR/FormularioCompleto
2026-03-10 10:54:11.652 | INFO  | CID:15e160da737a | USR:GACAJAS | SolicitudAOCR/FormularioCompleto | Iniciando acción: SolicitudAOCR/FormularioCompleto
2026-03-10 10:54:13.132 | INFO  | CID:15e160da737a | USR:GACAJAS | SolicitudAOCR/FormularioCompleto | Acción completada: SolicitudAOCR/FormularioCompleto
2026-03-10 11:02:37.381 | INFO  | CID:85760cefea65 | USR:GACAJAS | SolicitudAOCR/FormularioCompleto | Iniciando acción: SolicitudAOCR/FormularioCompleto
2026-03-10 11:02:38.902 | INFO  | CID:85760cefea65 | USR:GACAJAS | SolicitudAOCR/FormularioCompleto | Acción completada: SolicitudAOCR/FormularioCompleto
2026-03-10 11:16:13.126 | INFO  | CID:N/A | Deteniendo procesador de cola de correos
2026-03-10 11:16:13.170 | INFO  | CID:N/A | Deteniendo procesador de cola de correos
2026-03-10 11:27:18.292 | INFO  | CID:N/A | Iniciando procesador de cola de correos
2026-03-10 11:27:45.424 | INFO  | CID:f98faa3404fb | Account/Login | Iniciando acción: Account/Login
2026-03-10 11:27:46.053 | INFO  | CID:f98faa3404fb | Account/Login | Acción completada: Account/Login
2026-03-10 11:27:57.105 | INFO  | CID:8820d321c9a2 | Account/Login | Iniciando acción: Account/Login
2026-03-10 11:27:59.438 | INFO  | CID:8820d321c9a2 | Account/Login | Acción completada: Account/Login
2026-03-10 11:28:04.771 | INFO  | CID:4e589a2d68f6 | USR:GACAJAS | Account/SeleccionarCompania | Iniciando acción: Account/SeleccionarCompania
2026-03-10 11:28:06.351 | INFO  | CID:4e589a2d68f6 | USR:GACAJAS | Account/SeleccionarCompania | Acción completada: Account/SeleccionarCompania
2026-03-10 11:30:04.961 | INFO  | CID:60ef26358e03 | USR:GACAJAS | SolicitudAOCR/FormularioCompleto | Iniciando acción: SolicitudAOCR/FormularioCompleto
2026-03-10 11:30:07.989 | INFO  | CID:60ef26358e03 | USR:GACAJAS | SolicitudAOCR/FormularioCompleto | Acción completada: SolicitudAOCR/FormularioCompleto
2026-03-10 11:35:31.209 | INFO  | CID:5fc2c1fed615 | Account/Login | Iniciando acción: Account/Login
2026-03-10 11:35:31.658 | INFO  | CID:5fc2c1fed615 | Account/Login | Acción completada: Account/Login
2026-03-10 12:28:43.291 | INFO  | CID:N/A | Deteniendo procesador de cola de correos
2026-03-10 12:28:43.428 | INFO  | CID:N/A | Deteniendo procesador de cola de correos
2026-03-10 14:06:17.090 | INFO  | CID:N/A | Iniciando procesador de cola de correos
2026-03-10 14:06:46.264 | INFO  | CID:5ecef895f749 | Account/Login | Iniciando acción: Account/Login
2026-03-10 14:06:47.168 | INFO  | CID:5ecef895f749 | Account/Login | Acción completada: Account/Login
2026-03-10 14:07:13.163 | INFO  | CID:b047c4d2ac1f | Account/Login | Iniciando acción: Account/Login
2026-03-10 14:07:13.670 | INFO  | CID:b047c4d2ac1f | Account/Login | Acción completada: Account/Login
2026-03-10 14:07:54.593 | ERROR | CID:20b72c45af47 | USR:USU_ADMIN | SolicitudAOCR/Detalle | ERR:INTERNAL_ERROR | Palabra clave "using" inesperada después del carácter "@". Una vez dentro del código, no es necesario añadir prefijos a las construcciones, como "using" con "@".

    Exception: HttpParseException
    StackTrace:    en System.Web.WebPages.Razor.RazorBuildProvider.EnsureGeneratedCode()
   en System.Web.WebPages.Razor.RazorBuildProvider.get_CodeCompilerType()
   en System.Web.Compilation.BuildProvider.GetCompilerTypeFromBuildProvider(BuildProvider buildProvider)
   en System.Web.Compilation.BuildProvidersCompiler.ProcessBuildProviders()
   en System.Web.Compilation.BuildProvidersCompiler.PerformBuild()
   en System.Web.Compilation.BuildManager.CompileWebFile(VirtualPath virtualPath)
   en System.Web.Compilation.BuildManager.GetVPathBuildResultInternal(VirtualPath virtualPath, Boolean noBuild, Boolean allowCrossApp, Boolean allowBuildInPrecompile, Boolean throwIfNotFound, Boolean ensureIsUpToDate)
   en System.Web.Compilation.BuildManager.GetVPathBuildResultWithNoAssert(HttpContext context, VirtualPath virtualPath, Boolean noBuild, Boolean allowCrossApp, Boolean allowBuildInPrecompile, Boolean throwIfNotFound, Boolean ensureIsUpToDate)
   en System.Web.Compilation.BuildManager.GetVirtualPathObjectFactory(VirtualPath virtualPath, HttpContext context, Boolean allowCrossApp, Boolean throwIfNotFound)
   en System.Web.Compilation.BuildManager.GetCompiledType(VirtualPath virtualPath)
   en System.Web.Mvc.BuildManagerCompiledView.Render(ViewContext viewContext, TextWriter writer)
   en System.Web.Mvc.ViewResultBase.ExecuteResult(ControllerContext context)
   en System.Web.Mvc.ControllerActionInvoker.InvokeActionResultFilterRecursive(IList`1 filters, Int32 filterIndex, ResultExecutingContext preContext, ControllerContext controllerContext, ActionResult actionResult)
   en System.Web.Mvc.ControllerActionInvoker.InvokeActionResultFilterRecursive(IList`1 filters, Int32 filterIndex, ResultExecutingContext preContext, ControllerContext controllerContext, ActionResult actionResult)
   en System.Web.Mvc.ControllerActionInvoker.InvokeActionResultFilterRecursive(IList`1 filters, Int32 filterIndex, ResultExecutingContext preContext, ControllerContext controllerContext, ActionResult actionResult)
   en System.Web.Mvc.ControllerActionInvoker.InvokeActionResultFilterRecursive(IList`1 filters, Int32 filterIndex, ResultExecutingContext preContext, ControllerContext controllerContext, ActionResult actionResult)
   en System.Web.Mvc.ControllerActionInvoker.InvokeActionResultWithFilters(ControllerContext controllerContext, IList`1 filters, ActionResult actionResult)
   en System.Web.Mvc.Async.AsyncControllerActionInvoker.<>c__DisplayClass3_1.<BeginInvokeAction>b__1(IAsyncResult asyncResult)
2026-03-10 14:14:00.621 | INFO  | CID:N/A | Iniciando procesador de cola de correos
2026-03-10 14:14:22.686 | INFO  | CID:34ca63ff4789 | Account/Login | Iniciando acción: Account/Login
2026-03-10 14:14:23.385 | INFO  | CID:34ca63ff4789 | Account/Login | Acción completada: Account/Login
2026-03-10 14:14:52.421 | ERROR | CID:4649aa4f326d | USR:USU_ADMIN | SolicitudAOCR/Detalle | ERR:INTERNAL_ERROR | Palabra clave "using" inesperada después del carácter "@". Una vez dentro del código, no es necesario añadir prefijos a las construcciones, como "using" con "@".

    Exception: HttpParseException
    StackTrace:    en System.Web.WebPages.Razor.RazorBuildProvider.EnsureGeneratedCode()
   en System.Web.WebPages.Razor.RazorBuildProvider.get_CodeCompilerType()
   en System.Web.Compilation.BuildProvider.GetCompilerTypeFromBuildProvider(BuildProvider buildProvider)
   en System.Web.Compilation.BuildProvidersCompiler.ProcessBuildProviders()
   en System.Web.Compilation.BuildProvidersCompiler.PerformBuild()
   en System.Web.Compilation.BuildManager.CompileWebFile(VirtualPath virtualPath)
   en System.Web.Compilation.BuildManager.GetVPathBuildResultInternal(VirtualPath virtualPath, Boolean noBuild, Boolean allowCrossApp, Boolean allowBuildInPrecompile, Boolean throwIfNotFound, Boolean ensureIsUpToDate)
   en System.Web.Compilation.BuildManager.GetVPathBuildResultWithNoAssert(HttpContext context, VirtualPath virtualPath, Boolean noBuild, Boolean allowCrossApp, Boolean allowBuildInPrecompile, Boolean throwIfNotFound, Boolean ensureIsUpToDate)
   en System.Web.Compilation.BuildManager.GetVirtualPathObjectFactory(VirtualPath virtualPath, HttpContext context, Boolean allowCrossApp, Boolean throwIfNotFound)
   en System.Web.Compilation.BuildManager.GetCompiledType(VirtualPath virtualPath)
   en System.Web.Mvc.BuildManagerCompiledView.Render(ViewContext viewContext, TextWriter writer)
   en System.Web.Mvc.ViewResultBase.ExecuteResult(ControllerContext context)
   en System.Web.Mvc.ControllerActionInvoker.InvokeActionResultFilterRecursive(IList`1 filters, Int32 filterIndex, ResultExecutingContext preContext, ControllerContext controllerContext, ActionResult actionResult)
   en System.Web.Mvc.ControllerActionInvoker.InvokeActionResultFilterRecursive(IList`1 filters, Int32 filterIndex, ResultExecutingContext preContext, ControllerContext controllerContext, ActionResult actionResult)
   en System.Web.Mvc.ControllerActionInvoker.InvokeActionResultFilterRecursive(IList`1 filters, Int32 filterIndex, ResultExecutingContext preContext, ControllerContext controllerContext, ActionResult actionResult)
   en System.Web.Mvc.ControllerActionInvoker.InvokeActionResultFilterRecursive(IList`1 filters, Int32 filterIndex, ResultExecutingContext preContext, ControllerContext controllerContext, ActionResult actionResult)
   en System.Web.Mvc.ControllerActionInvoker.InvokeActionResultWithFilters(ControllerContext controllerContext, IList`1 filters, ActionResult actionResult)
   en System.Web.Mvc.Async.AsyncControllerActionInvoker.<>c__DisplayClass3_1.<BeginInvokeAction>b__1(IAsyncResult asyncResult)
2026-03-10 14:28:49.774 | INFO  | CID:N/A | Iniciando procesador de cola de correos
2026-03-10 14:29:09.232 | INFO  | CID:e3a32ea351a1 | Account/Login | Iniciando acción: Account/Login
2026-03-10 14:29:09.907 | INFO  | CID:e3a32ea351a1 | Account/Login | Acción completada: Account/Login
2026-03-10 14:29:39.211 | ERROR | CID:65a5284e3ce6 | USR:USU_ADMIN | SolicitudAOCR/Detalle | ERR:INTERNAL_ERROR | Palabra clave "using" inesperada después del carácter "@". Una vez dentro del código, no es necesario añadir prefijos a las construcciones, como "using" con "@".

    Exception: HttpParseException
    StackTrace:    en System.Web.WebPages.Razor.RazorBuildProvider.EnsureGeneratedCode()
   en System.Web.WebPages.Razor.RazorBuildProvider.get_CodeCompilerType()
   en System.Web.Compilation.BuildProvider.GetCompilerTypeFromBuildProvider(BuildProvider buildProvider)
   en System.Web.Compilation.BuildProvidersCompiler.ProcessBuildProviders()
   en System.Web.Compilation.BuildProvidersCompiler.PerformBuild()
   en System.Web.Compilation.BuildManager.CompileWebFile(VirtualPath virtualPath)
   en System.Web.Compilation.BuildManager.GetVPathBuildResultInternal(VirtualPath virtualPath, Boolean noBuild, Boolean allowCrossApp, Boolean allowBuildInPrecompile, Boolean throwIfNotFound, Boolean ensureIsUpToDate)
   en System.Web.Compilation.BuildManager.GetVPathBuildResultWithNoAssert(HttpContext context, VirtualPath virtualPath, Boolean noBuild, Boolean allowCrossApp, Boolean allowBuildInPrecompile, Boolean throwIfNotFound, Boolean ensureIsUpToDate)
   en System.Web.Compilation.BuildManager.GetVirtualPathObjectFactory(VirtualPath virtualPath, HttpContext context, Boolean allowCrossApp, Boolean throwIfNotFound)
   en System.Web.Compilation.BuildManager.GetCompiledType(VirtualPath virtualPath)
   en System.Web.Mvc.BuildManagerCompiledView.Render(ViewContext viewContext, TextWriter writer)
   en System.Web.Mvc.ViewResultBase.ExecuteResult(ControllerContext context)
   en System.Web.Mvc.ControllerActionInvoker.InvokeActionResultFilterRecursive(IList`1 filters, Int32 filterIndex, ResultExecutingContext preContext, ControllerContext controllerContext, ActionResult actionResult)
   en System.Web.Mvc.ControllerActionInvoker.InvokeActionResultFilterRecursive(IList`1 filters, Int32 filterIndex, ResultExecutingContext preContext, ControllerContext controllerContext, ActionResult actionResult)
   en System.Web.Mvc.ControllerActionInvoker.InvokeActionResultFilterRecursive(IList`1 filters, Int32 filterIndex, ResultExecutingContext preContext, ControllerContext controllerContext, ActionResult actionResult)
   en System.Web.Mvc.ControllerActionInvoker.InvokeActionResultFilterRecursive(IList`1 filters, Int32 filterIndex, ResultExecutingContext preContext, ControllerContext controllerContext, ActionResult actionResult)
   en System.Web.Mvc.ControllerActionInvoker.InvokeActionResultWithFilters(ControllerContext controllerContext, IList`1 filters, ActionResult actionResult)
   en System.Web.Mvc.Async.AsyncControllerActionInvoker.<>c__DisplayClass3_1.<BeginInvokeAction>b__1(IAsyncResult asyncResult)
2026-03-10 14:48:49.265 | INFO  | CID:N/A | Iniciando procesador de cola de correos
2026-03-10 14:49:05.656 | INFO  | CID:33a2e0112e8e | Account/Login | Iniciando acción: Account/Login
2026-03-10 14:49:06.306 | INFO  | CID:33a2e0112e8e | Account/Login | Acción completada: Account/Login
2026-03-10 14:53:02.211 | ERROR | CID:09de00c703e3 | USR:USU_ADMIN | Documento/Lista | ERR:INTERNAL_ERROR | No se puede realizar enlace en tiempo de ejecución en una referencia NULL.
    Exception: RuntimeBinderException
    StackTrace:    en CallSite.Target(Closure , CallSite , Object )
   en System.Dynamic.UpdateDelegates.UpdateAndExecute1[T0,TRet](CallSite site, T0 arg0)
   en ASP._Page_Views_Documento_Lista_cshtml.Execute() en c:\AOCR\AOCR\AOCR05-01-2026\AOCR1\AOCR\CapaPresentacion\Views\Documento\Lista.cshtml:línea 23
   en System.Web.WebPages.WebPageBase.ExecutePageHierarchy()
   en System.Web.Mvc.WebViewPage.ExecutePageHierarchy()
   en System.Web.WebPages.StartPage.ExecutePageHierarchy()
   en System.Web.WebPages.WebPageBase.ExecutePageHierarchy(WebPageContext pageContext, TextWriter writer, WebPageRenderingBase startPage)
   en System.Web.Mvc.ViewResultBase.ExecuteResult(ControllerContext context)
   en System.Web.Mvc.ControllerActionInvoker.InvokeActionResultFilterRecursive(IList`1 filters, Int32 filterIndex, ResultExecutingContext preContext, ControllerContext controllerContext, ActionResult actionResult)
   en System.Web.Mvc.ControllerActionInvoker.InvokeActionResultFilterRecursive(IList`1 filters, Int32 filterIndex, ResultExecutingContext preContext, ControllerContext controllerContext, ActionResult actionResult)
   en System.Web.Mvc.ControllerActionInvoker.InvokeActionResultFilterRecursive(IList`1 filters, Int32 filterIndex, ResultExecutingContext preContext, ControllerContext controllerContext, ActionResult actionResult)
   en System.Web.Mvc.ControllerActionInvoker.InvokeActionResultFilterRecursive(IList`1 filters, Int32 filterIndex, ResultExecutingContext preContext, ControllerContext controllerContext, ActionResult actionResult)
   en System.Web.Mvc.ControllerActionInvoker.InvokeActionResultWithFilters(ControllerContext controllerContext, IList`1 filters, ActionResult actionResult)
   en System.Web.Mvc.Async.AsyncControllerActionInvoker.<>c__DisplayClass3_1.<BeginInvokeAction>b__1(IAsyncResult asyncResult)
2026-03-10 15:02:35.831 | INFO  | CID:N/A | Iniciando procesador de cola de correos
2026-03-10 15:02:56.574 | INFO  | CID:2513d23f15c6 | Account/Login | Iniciando acción: Account/Login
2026-03-10 15:02:57.373 | INFO  | CID:2513d23f15c6 | Account/Login | Acción completada: Account/Login
2026-03-10 15:07:43.722 | INFO  | CID:N/A | Iniciando procesador de cola de correos
2026-03-10 15:08:08.871 | INFO  | CID:5c5bc3c7a50e | Account/Login | Iniciando acción: Account/Login
2026-03-10 15:08:09.526 | INFO  | CID:5c5bc3c7a50e | Account/Login | Acción completada: Account/Login
2026-03-10 15:12:17.572 | INFO  | CID:N/A | Iniciando procesador de cola de correos
2026-03-10 15:12:50.337 | INFO  | CID:9abbc4981396 | Account/Login | Iniciando acción: Account/Login
2026-03-10 15:12:50.985 | INFO  | CID:9abbc4981396 | Account/Login | Acción completada: Account/Login
2026-03-10 15:30:40.376 | INFO  | CID:31bb18b59a07 | USR:USU_ADMIN | SolicitudAOCR/Aprobar | Iniciando acción: SolicitudAOCR/Aprobar
2026-03-10 15:34:53.071 | INFO  | CID:N/A | Iniciando procesador de cola de correos
2026-03-10 15:35:16.742 | INFO  | CID:ed1b18328d77 | Account/Login | Iniciando acción: Account/Login
2026-03-10 15:35:17.400 | INFO  | CID:ed1b18328d77 | Account/Login | Acción completada: Account/Login
2026-03-10 15:39:10.784 | INFO  | CID:N/A | Iniciando procesador de cola de correos
2026-03-10 15:39:38.362 | INFO  | CID:cba0b87ea03b | Account/Login | Iniciando acción: Account/Login
2026-03-10 15:39:39.061 | INFO  | CID:cba0b87ea03b | Account/Login | Acción completada: Account/Login
2026-03-10 16:02:29.259 | INFO  | CID:N/A | Iniciando procesador de cola de correos
2026-03-10 16:02:50.548 | INFO  | CID:e8b1d10a6474 | Account/Login | Iniciando acción: Account/Login
2026-03-10 16:02:51.247 | INFO  | CID:e8b1d10a6474 | Account/Login | Acción completada: Account/Login
2026-03-10 16:03:02.342 | INFO  | CID:N/A | [InspeccionesController] Inicio pantalla gestion (Tecnico/Index). Usuario=USU_ADMIN, Rol=Administrador,Tecnico,Inspector,JefaturaTecnica
2026-03-10 16:03:02.349 | WARN  | CID:N/A | [InspeccionesController] No hay pendientes para asignacion de inspector.
2026-03-10 16:03:06.529 | INFO  | CID:N/A | [InspeccionesController] Inicio pantalla gestion inspecciones. Usuario=USU_ADMIN, Rol=Administrador,Inspector,JefaturaTecnica
2026-03-10 16:03:06.545 | WARN  | CID:N/A | [InspeccionesController] No hay inspecciones para el usuario actual.
2026-03-10 16:08:32.523 | INFO  | CID:N/A | Iniciando procesador de cola de correos
2026-03-10 16:08:53.987 | INFO  | CID:94ebd4603a14 | Account/Login | Iniciando acción: Account/Login
2026-03-10 16:08:54.665 | INFO  | CID:94ebd4603a14 | Account/Login | Acción completada: Account/Login
2026-03-10 16:09:09.196 | INFO  | CID:34bedad81376 | Account/Login | Iniciando acción: Account/Login
2026-03-10 16:09:09.600 | INFO  | CID:34bedad81376 | Account/Login | Acción completada: Account/Login
2026-03-10 16:09:27.896 | INFO  | CID:fa1636641d2b | Account/Login | Iniciando acción: Account/Login
2026-03-10 16:09:28.349 | INFO  | CID:fa1636641d2b | Account/Login | Acción completada: Account/Login
2026-03-10 16:09:35.230 | INFO  | CID:N/A | [InspeccionesController] Inicio pantalla gestion (Tecnico/Index). Usuario=USU_ADMIN, Rol=Administrador,Tecnico,Inspector,JefaturaTecnica
2026-03-10 16:09:35.232 | INFO  | CID:N/A | [InspeccionesController] DAO.ObtenerPendientesAsignacion inicio. EstadosFiltro=APROBADA,APROBADO,INSPECCION_SOLICITADA,EN_INSPECCION,ENVIADO_A_INSPECTOR,INSPECCION_A_PROGRAMAR,ACEPTACION_DOCUMENTAL,PENDIENTE_ASIGNACION_TECNICA,ACEPTACION DOCUMENTAL,EN INSPECCION
2026-03-10 16:09:35.239 | INFO  | CID:N/A | [InspeccionesController] EstadoDetectado=PENDIENTE, Total=137
2026-03-10 16:09:35.260 | INFO  | CID:N/A | [InspeccionesController] DiagnosticoPendientes => totalSolicitudes=0, conInspeccion=0, conInspectorAsignado=0, conInspeccionSinInspector=0
2026-03-10 16:09:35.265 | INFO  | CID:N/A | [InspeccionesController] DAO.ObtenerPendientesAsignacion resultado=0
2026-03-10 16:09:35.265 | WARN  | CID:N/A | [InspeccionesController] No hay pendientes para asignacion de inspector.
2026-03-10 16:09:39.903 | INFO  | CID:N/A | [InspeccionesController] Inicio pantalla gestion inspecciones. Usuario=USU_ADMIN, Rol=Administrador,Inspector,JefaturaTecnica
2026-03-10 16:09:39.908 | WARN  | CID:N/A | [InspeccionesController] No hay inspecciones para el usuario actual.
2026-03-10 16:14:16.593 | INFO  | CID:N/A | Iniciando procesador de cola de correos
2026-03-10 16:14:35.614 | INFO  | CID:e91e0c444102 | Account/Login | Iniciando acción: Account/Login
2026-03-10 16:14:36.283 | INFO  | CID:e91e0c444102 | Account/Login | Acción completada: Account/Login
2026-03-10 16:14:41.468 | INFO  | CID:N/A | [InspeccionesController] Inicio pantalla gestion (Tecnico/Index). Usuario=USU_ADMIN, Rol=Administrador,Tecnico,Inspector,JefaturaTecnica
2026-03-10 16:14:41.473 | INFO  | CID:N/A | [InspeccionesController] DAO.ObtenerPendientesAsignacion inicio. EstadosFiltro=PENDIENTE,APROBADA,APROBADO,INSPECCION_SOLICITADA,EN_INSPECCION,ENVIADO_A_INSPECTOR,INSPECCION_A_PROGRAMAR,ACEPTACION_DOCUMENTAL,PENDIENTE_ASIGNACION_TECNICA,PENDIENTE ASIGNACION TECNICA,PENDIENTE_ASIGNACION,ACEPTACION DOCUMENTAL,EN INSPECCION
2026-03-10 16:14:41.479 | INFO  | CID:N/A | [InspeccionesController] EstadoDetectado=PENDIENTE, Total=137
2026-03-10 16:14:41.496 | INFO  | CID:N/A | [InspeccionesController] DiagnosticoPendientes => totalSolicitudes=137, conInspeccion=0, conInspectorAsignado=0, conInspeccionSinInspector=0
2026-03-10 16:14:41.980 | INFO  | CID:N/A | [InspeccionesController] DAO.ObtenerPendientesAsignacion resultado=137
2026-03-10 16:14:41.989 | INFO  | CID:N/A | [InspeccionesController] PendienteEjemplo[0] SolicitudId=154, Estado=Pendiente, Numero=DGAC-GOP-2026-AOCR137
2026-03-10 16:14:41.994 | INFO  | CID:N/A | [InspeccionesController] PendienteEjemplo[1] SolicitudId=153, Estado=Pendiente, Numero=DGAC-GOP-2026-AOCR136
2026-03-10 16:14:41.998 | INFO  | CID:N/A | [InspeccionesController] PendienteEjemplo[2] SolicitudId=152, Estado=Pendiente, Numero=DGAC-GOP-2026-AOCR135
2026-03-10 16:14:42.001 | INFO  | CID:N/A | [InspeccionesController] PendienteEjemplo[3] SolicitudId=151, Estado=Pendiente, Numero=DGAC-GOP-2026-AOCR134
2026-03-10 16:14:42.003 | INFO  | CID:N/A | [InspeccionesController] PendienteEjemplo[4] SolicitudId=150, Estado=Pendiente, Numero=DGAC-GOP-2026-AOCR133
2026-03-10 16:14:42.004 | INFO  | CID:N/A | [InspeccionesController] Pendientes para asignacion=137
2026-03-10 16:14:52.108 | INFO  | CID:N/A | [InspeccionesController] Inicio pantalla gestion de asignacion. Usuario=USU_ADMIN, Rol=Administrador,Tecnico,Inspector,JefaturaTecnica, SolicitudId=154
2026-03-10 16:14:52.112 | INFO  | CID:N/A | [InspeccionesController] SolicitudId=154, EstadoActual=Pendiente, NumeroSolicitud=DGAC-GOP-2026-AOCR137
2026-03-10 16:14:52.137 | INFO  | CID:N/A | [InspectoresDAO-DB2] Inicio consulta inspectores
2026-03-10 16:14:52.137 | INFO  | CID:N/A | [InspectoresDAO-DB2] Origen=DB2, Tabla=DGACDAT.OPIAR2
2026-03-10 16:14:52.147 | INFO  | CID:N/A | [InspectoresDAO-DB2] ConnectionString(sanitizada)=Driver={iSeries Access ODBC Driver};system=190.152.8.185;database=DGACDAT;defaultcollection=DGACDAT;uid=****;pwd=****;connection timeout=30;query timeout=60
2026-03-10 16:14:52.147 | INFO  | CID:N/A | [InspectoresDAO-DB2] Parametros => estado=AC (fallback: sin estado), tipo=OPS
2026-03-10 16:14:52.478 | INFO  | CID:N/A | [InspectoresDAO-DB2] Conexion DB2 abierta OK
2026-03-10 16:14:52.478 | INFO  | CID:N/A | [InspectoresDAO-DB2] Query ejecutada: SELECT TRIM(OPICED) AS OPICED, TRIM(OPINO2) AS OPINO2, TRIM(OPIES1) AS OPIES1, TRIM(OPITIP) AS OPITIP FROM DGACDAT.OPIAR2 WHERE 1 = 1 AND UPPER(TRIM(COALESCE(OPIES1, ''))) = ? AND OPITIP IN (?) ORDER BY OPINO2
2026-03-10 16:14:52.493 | INFO  | CID:N/A | [InspectoresDAO-DB2] Filtros aplicados => soloActivos=True, tipos=OPS
2026-03-10 16:14:52.571 | INFO  | CID:N/A | [InspectoresDAO-DB2] Registros obtenidos desde DB2: 19
2026-03-10 16:14:52.574 | INFO  | CID:N/A | [InspectoresDAO-DB2] Ejemplo[0] => Cedula=0201377850, Nombre=ALEGRIA CHICO SANTIAGO REMIGIO, Estado=AC, Tipo=OPS
2026-03-10 16:14:52.575 | INFO  | CID:N/A | [InspectoresDAO-DB2] Ejemplo[1] => Cedula=1709061814, Nombre=AVILA ZARATE EDISON JAVIER, Estado=AC, Tipo=OPS
2026-03-10 16:14:52.577 | INFO  | CID:N/A | [InspectoresDAO-DB2] Ejemplo[2] => Cedula=1703863520, Nombre=BARRERA BARRENO LUIS GONZALO, Estado=AC, Tipo=OPS
2026-03-10 16:14:52.578 | INFO  | CID:N/A | [InspectoresDAO-DB2] Ejemplo[3] => Cedula=1709565459, Nombre=CATOTA TORRES LUIS WILKIR, Estado=AC, Tipo=OPS
2026-03-10 16:14:52.579 | INFO  | CID:N/A | [InspectoresDAO-DB2] Ejemplo[4] => Cedula=1720253846, Nombre=CHUSIN VILLALBA CARLOS ARTURO, Estado=AC, Tipo=OPS
2026-03-10 16:14:52.583 | INFO  | CID:N/A | [InspectoresDAO-PG] Inicio consulta espejo inspectores
2026-03-10 16:14:52.585 | INFO  | CID:N/A | [InspectoresDAO-PG] Tabla espejo: public.aocr_tbinspectores
2026-03-10 16:14:52.590 | WARN  | CID:N/A | [InspectoresDAO-PG] No existe la tabla espejo aocr_tbinspectores.
2026-03-10 16:14:52.592 | WARN  | CID:N/A | [InspectoresDAO-PG] Espejo no disponible (tabla inexistente). Flujo usa DB2 directo.
2026-03-10 16:14:52.593 | INFO  | CID:N/A | [InspeccionesController] Origen inspectores=DB2, TipoFiltro=OPS, InspectoresRecibidos=19
2026-03-10 16:14:52.593 | INFO  | CID:N/A | [InspeccionesController] ViewModel cargado correctamente. SolicitudId=154, ViewBagInspectores=19
2026-03-10 16:14:53.260 | INFO  | CID:N/A | [InspeccionesController] Inicio endpoint AJAX inspectores. Usuario=USU_ADMIN, Rol=Administrador,Tecnico,Inspector,JefaturaTecnica, TipoInspector=OPS
2026-03-10 16:14:53.263 | INFO  | CID:N/A | [InspectoresDAO-DB2] Inicio consulta inspectores
2026-03-10 16:14:53.265 | INFO  | CID:N/A | [InspectoresDAO-DB2] Origen=DB2, Tabla=DGACDAT.OPIAR2
2026-03-10 16:14:53.268 | INFO  | CID:N/A | [InspectoresDAO-DB2] ConnectionString(sanitizada)=Driver={iSeries Access ODBC Driver};system=190.152.8.185;database=DGACDAT;defaultcollection=DGACDAT;uid=****;pwd=****;connection timeout=30;query timeout=60
2026-03-10 16:14:53.271 | INFO  | CID:N/A | [InspectoresDAO-DB2] Parametros => estado=AC (fallback: sin estado), tipo=OPS
2026-03-10 16:14:53.274 | INFO  | CID:N/A | [InspectoresDAO-DB2] Conexion DB2 abierta OK
2026-03-10 16:14:53.277 | INFO  | CID:N/A | [InspectoresDAO-DB2] Query ejecutada: SELECT TRIM(OPICED) AS OPICED, TRIM(OPINO2) AS OPINO2, TRIM(OPIES1) AS OPIES1, TRIM(OPITIP) AS OPITIP FROM DGACDAT.OPIAR2 WHERE 1 = 1 AND UPPER(TRIM(COALESCE(OPIES1, ''))) = ? AND OPITIP IN (?) ORDER BY OPINO2
2026-03-10 16:14:53.281 | INFO  | CID:N/A | [InspectoresDAO-DB2] Filtros aplicados => soloActivos=True, tipos=OPS
2026-03-10 16:14:53.290 | INFO  | CID:N/A | [InspectoresDAO-DB2] Registros obtenidos desde DB2: 19
2026-03-10 16:14:53.295 | INFO  | CID:N/A | [InspectoresDAO-DB2] Ejemplo[0] => Cedula=0201377850, Nombre=ALEGRIA CHICO SANTIAGO REMIGIO, Estado=AC, Tipo=OPS
2026-03-10 16:14:53.297 | INFO  | CID:N/A | [InspectoresDAO-DB2] Ejemplo[1] => Cedula=1709061814, Nombre=AVILA ZARATE EDISON JAVIER, Estado=AC, Tipo=OPS
2026-03-10 16:14:53.299 | INFO  | CID:N/A | [InspectoresDAO-DB2] Ejemplo[2] => Cedula=1703863520, Nombre=BARRERA BARRENO LUIS GONZALO, Estado=AC, Tipo=OPS
2026-03-10 16:14:53.304 | INFO  | CID:N/A | [InspectoresDAO-DB2] Ejemplo[3] => Cedula=1709565459, Nombre=CATOTA TORRES LUIS WILKIR, Estado=AC, Tipo=OPS
2026-03-10 16:14:53.306 | INFO  | CID:N/A | [InspectoresDAO-DB2] Ejemplo[4] => Cedula=1720253846, Nombre=CHUSIN VILLALBA CARLOS ARTURO, Estado=AC, Tipo=OPS
2026-03-10 16:14:53.311 | INFO  | CID:N/A | [InspeccionesController] Endpoint AJAX inspectores OK. Origen=DB2, Tipo=OPS, Cantidad=19
2026-03-10 16:15:11.453 | INFO  | CID:N/A | [InspeccionesController] Inicio pantalla gestion inspecciones. Usuario=USU_ADMIN, Rol=Administrador,Inspector,JefaturaTecnica
2026-03-10 16:15:11.458 | WARN  | CID:N/A | [InspeccionesController] No hay inspecciones para el usuario actual.
2026-03-10 16:15:18.215 | INFO  | CID:N/A | [InspeccionesController] Inicio pantalla gestion (Tecnico/Index). Usuario=USU_ADMIN, Rol=Administrador,Tecnico,Inspector,JefaturaTecnica
2026-03-10 16:15:18.218 | INFO  | CID:N/A | [InspeccionesController] DAO.ObtenerPendientesAsignacion inicio. EstadosFiltro=PENDIENTE,APROBADA,APROBADO,INSPECCION_SOLICITADA,EN_INSPECCION,ENVIADO_A_INSPECTOR,INSPECCION_A_PROGRAMAR,ACEPTACION_DOCUMENTAL,PENDIENTE_ASIGNACION_TECNICA,PENDIENTE ASIGNACION TECNICA,PENDIENTE_ASIGNACION,ACEPTACION DOCUMENTAL,EN INSPECCION
2026-03-10 16:15:18.223 | INFO  | CID:N/A | [InspeccionesController] EstadoDetectado=PENDIENTE, Total=137
2026-03-10 16:15:18.225 | INFO  | CID:N/A | [InspeccionesController] DiagnosticoPendientes => totalSolicitudes=137, conInspeccion=0, conInspectorAsignado=0, conInspeccionSinInspector=0
2026-03-10 16:15:18.692 | INFO  | CID:N/A | [InspeccionesController] DAO.ObtenerPendientesAsignacion resultado=137
2026-03-10 16:15:18.695 | INFO  | CID:N/A | [InspeccionesController] PendienteEjemplo[0] SolicitudId=154, Estado=Pendiente, Numero=DGAC-GOP-2026-AOCR137
2026-03-10 16:15:18.697 | INFO  | CID:N/A | [InspeccionesController] PendienteEjemplo[1] SolicitudId=153, Estado=Pendiente, Numero=DGAC-GOP-2026-AOCR136
2026-03-10 16:15:18.698 | INFO  | CID:N/A | [InspeccionesController] PendienteEjemplo[2] SolicitudId=152, Estado=Pendiente, Numero=DGAC-GOP-2026-AOCR135
2026-03-10 16:15:18.700 | INFO  | CID:N/A | [InspeccionesController] PendienteEjemplo[3] SolicitudId=151, Estado=Pendiente, Numero=DGAC-GOP-2026-AOCR134
2026-03-10 16:15:18.702 | INFO  | CID:N/A | [InspeccionesController] PendienteEjemplo[4] SolicitudId=150, Estado=Pendiente, Numero=DGAC-GOP-2026-AOCR133
2026-03-10 16:15:18.704 | INFO  | CID:N/A | [InspeccionesController] Pendientes para asignacion=137
2026-03-10 16:15:21.546 | INFO  | CID:N/A | [InspeccionesController] Inicio pantalla gestion de asignacion. Usuario=USU_ADMIN, Rol=Administrador,Tecnico,Inspector,JefaturaTecnica, SolicitudId=154
2026-03-10 16:15:21.547 | INFO  | CID:N/A | [InspeccionesController] SolicitudId=154, EstadoActual=Pendiente, NumeroSolicitud=DGAC-GOP-2026-AOCR137
2026-03-10 16:15:21.547 | INFO  | CID:N/A | [InspectoresDAO-DB2] Inicio consulta inspectores
2026-03-10 16:15:21.547 | INFO  | CID:N/A | [InspectoresDAO-DB2] Origen=DB2, Tabla=DGACDAT.OPIAR2
2026-03-10 16:15:21.557 | INFO  | CID:N/A | [InspectoresDAO-DB2] ConnectionString(sanitizada)=Driver={iSeries Access ODBC Driver};system=190.152.8.185;database=DGACDAT;defaultcollection=DGACDAT;uid=****;pwd=****;connection timeout=30;query timeout=60
2026-03-10 16:15:21.560 | INFO  | CID:N/A | [InspectoresDAO-DB2] Parametros => estado=AC (fallback: sin estado), tipo=OPS
2026-03-10 16:15:21.693 | INFO  | CID:N/A | [InspectoresDAO-DB2] Conexion DB2 abierta OK
2026-03-10 16:15:21.693 | INFO  | CID:N/A | [InspectoresDAO-DB2] Query ejecutada: SELECT TRIM(OPICED) AS OPICED, TRIM(OPINO2) AS OPINO2, TRIM(OPIES1) AS OPIES1, TRIM(OPITIP) AS OPITIP FROM DGACDAT.OPIAR2 WHERE 1 = 1 AND UPPER(TRIM(COALESCE(OPIES1, ''))) = ? AND OPITIP IN (?) ORDER BY OPINO2
2026-03-10 16:15:21.693 | INFO  | CID:N/A | [InspectoresDAO-DB2] Filtros aplicados => soloActivos=True, tipos=OPS
2026-03-10 16:15:21.731 | INFO  | CID:N/A | [InspectoresDAO-DB2] Registros obtenidos desde DB2: 19
2026-03-10 16:15:21.734 | INFO  | CID:N/A | [InspectoresDAO-DB2] Ejemplo[0] => Cedula=0201377850, Nombre=ALEGRIA CHICO SANTIAGO REMIGIO, Estado=AC, Tipo=OPS
2026-03-10 16:15:21.735 | INFO  | CID:N/A | [InspectoresDAO-DB2] Ejemplo[1] => Cedula=1709061814, Nombre=AVILA ZARATE EDISON JAVIER, Estado=AC, Tipo=OPS
2026-03-10 16:15:21.737 | INFO  | CID:N/A | [InspectoresDAO-DB2] Ejemplo[2] => Cedula=1703863520, Nombre=BARRERA BARRENO LUIS GONZALO, Estado=AC, Tipo=OPS
2026-03-10 16:15:21.738 | INFO  | CID:N/A | [InspectoresDAO-DB2] Ejemplo[3] => Cedula=1709565459, Nombre=CATOTA TORRES LUIS WILKIR, Estado=AC, Tipo=OPS
2026-03-10 16:15:21.739 | INFO  | CID:N/A | [InspectoresDAO-DB2] Ejemplo[4] => Cedula=1720253846, Nombre=CHUSIN VILLALBA CARLOS ARTURO, Estado=AC, Tipo=OPS
2026-03-10 16:15:21.741 | INFO  | CID:N/A | [InspectoresDAO-PG] Inicio consulta espejo inspectores
2026-03-10 16:15:21.741 | INFO  | CID:N/A | [InspectoresDAO-PG] Tabla espejo: public.aocr_tbinspectores
2026-03-10 16:15:21.741 | WARN  | CID:N/A | [InspectoresDAO-PG] No existe la tabla espejo aocr_tbinspectores.
2026-03-10 16:15:21.741 | WARN  | CID:N/A | [InspectoresDAO-PG] Espejo no disponible (tabla inexistente). Flujo usa DB2 directo.
2026-03-10 16:15:21.741 | INFO  | CID:N/A | [InspeccionesController] Origen inspectores=DB2, TipoFiltro=OPS, InspectoresRecibidos=19
2026-03-10 16:15:21.741 | INFO  | CID:N/A | [InspeccionesController] ViewModel cargado correctamente. SolicitudId=154, ViewBagInspectores=19
2026-03-10 16:15:22.389 | INFO  | CID:N/A | [InspeccionesController] Inicio endpoint AJAX inspectores. Usuario=USU_ADMIN, Rol=Administrador,Tecnico,Inspector,JefaturaTecnica, TipoInspector=OPS
2026-03-10 16:15:22.392 | INFO  | CID:N/A | [InspectoresDAO-DB2] Inicio consulta inspectores
2026-03-10 16:15:22.395 | INFO  | CID:N/A | [InspectoresDAO-DB2] Origen=DB2, Tabla=DGACDAT.OPIAR2
2026-03-10 16:15:22.397 | INFO  | CID:N/A | [InspectoresDAO-DB2] ConnectionString(sanitizada)=Driver={iSeries Access ODBC Driver};system=190.152.8.185;database=DGACDAT;defaultcollection=DGACDAT;uid=****;pwd=****;connection timeout=30;query timeout=60
2026-03-10 16:15:22.400 | INFO  | CID:N/A | [InspectoresDAO-DB2] Parametros => estado=AC (fallback: sin estado), tipo=OPS
2026-03-10 16:15:22.554 | INFO  | CID:N/A | [InspectoresDAO-DB2] Conexion DB2 abierta OK
2026-03-10 16:15:22.556 | INFO  | CID:N/A | [InspectoresDAO-DB2] Query ejecutada: SELECT TRIM(OPICED) AS OPICED, TRIM(OPINO2) AS OPINO2, TRIM(OPIES1) AS OPIES1, TRIM(OPITIP) AS OPITIP FROM DGACDAT.OPIAR2 WHERE 1 = 1 AND UPPER(TRIM(COALESCE(OPIES1, ''))) = ? AND OPITIP IN (?) ORDER BY OPINO2
2026-03-10 16:15:22.558 | INFO  | CID:N/A | [InspectoresDAO-DB2] Filtros aplicados => soloActivos=True, tipos=OPS
2026-03-10 16:15:22.574 | INFO  | CID:N/A | [InspectoresDAO-DB2] Registros obtenidos desde DB2: 19
2026-03-10 16:15:22.574 | INFO  | CID:N/A | [InspectoresDAO-DB2] Ejemplo[0] => Cedula=0201377850, Nombre=ALEGRIA CHICO SANTIAGO REMIGIO, Estado=AC, Tipo=OPS
2026-03-10 16:15:22.574 | INFO  | CID:N/A | [InspectoresDAO-DB2] Ejemplo[1] => Cedula=1709061814, Nombre=AVILA ZARATE EDISON JAVIER, Estado=AC, Tipo=OPS
2026-03-10 16:15:22.574 | INFO  | CID:N/A | [InspectoresDAO-DB2] Ejemplo[2] => Cedula=1703863520, Nombre=BARRERA BARRENO LUIS GONZALO, Estado=AC, Tipo=OPS
2026-03-10 16:15:22.574 | INFO  | CID:N/A | [InspectoresDAO-DB2] Ejemplo[3] => Cedula=1709565459, Nombre=CATOTA TORRES LUIS WILKIR, Estado=AC, Tipo=OPS
2026-03-10 16:15:22.589 | INFO  | CID:N/A | [InspectoresDAO-DB2] Ejemplo[4] => Cedula=1720253846, Nombre=CHUSIN VILLALBA CARLOS ARTURO, Estado=AC, Tipo=OPS
2026-03-10 16:15:22.591 | INFO  | CID:N/A | [InspeccionesController] Endpoint AJAX inspectores OK. Origen=DB2, Tipo=OPS, Cantidad=19
2026-03-10 16:15:28.212 | INFO  | CID:N/A | [InspeccionesController] Inicio pantalla gestion de asignacion. Usuario=USU_ADMIN, Rol=Administrador,Tecnico,Inspector,JefaturaTecnica, SolicitudId=154
2026-03-10 16:15:28.212 | INFO  | CID:N/A | [InspeccionesController] SolicitudId=154, EstadoActual=Pendiente, NumeroSolicitud=DGAC-GOP-2026-AOCR137
2026-03-10 16:15:28.212 | INFO  | CID:N/A | [InspectoresDAO-DB2] Inicio consulta inspectores
2026-03-10 16:15:28.223 | INFO  | CID:N/A | [InspectoresDAO-DB2] Origen=DB2, Tabla=DGACDAT.OPIAR2
2026-03-10 16:15:28.225 | INFO  | CID:N/A | [InspectoresDAO-DB2] ConnectionString(sanitizada)=Driver={iSeries Access ODBC Driver};system=190.152.8.185;database=DGACDAT;defaultcollection=DGACDAT;uid=****;pwd=****;connection timeout=30;query timeout=60
2026-03-10 16:15:28.228 | INFO  | CID:N/A | [InspectoresDAO-DB2] Parametros => estado=AC (fallback: sin estado), tipo=OPS,AIR
2026-03-10 16:15:28.230 | INFO  | CID:N/A | [InspectoresDAO-DB2] Conexion DB2 abierta OK
2026-03-10 16:15:28.232 | INFO  | CID:N/A | [InspectoresDAO-DB2] Query ejecutada: SELECT TRIM(OPICED) AS OPICED, TRIM(OPINO2) AS OPINO2, TRIM(OPIES1) AS OPIES1, TRIM(OPITIP) AS OPITIP FROM DGACDAT.OPIAR2 WHERE 1 = 1 AND UPPER(TRIM(COALESCE(OPIES1, ''))) = ? AND OPITIP IN (?,?) ORDER BY OPINO2
2026-03-10 16:15:28.234 | INFO  | CID:N/A | [InspectoresDAO-DB2] Filtros aplicados => soloActivos=True, tipos=OPS,AIR
2026-03-10 16:15:28.240 | INFO  | CID:N/A | [InspectoresDAO-DB2] Registros obtenidos desde DB2: 34
2026-03-10 16:15:28.240 | INFO  | CID:N/A | [InspectoresDAO-DB2] Ejemplo[0] => Cedula=0201377850, Nombre=ALEGRIA CHICO SANTIAGO REMIGIO, Estado=AC, Tipo=OPS
2026-03-10 16:15:28.256 | INFO  | CID:N/A | [InspectoresDAO-DB2] Ejemplo[1] => Cedula=1709061814, Nombre=AVILA ZARATE EDISON JAVIER, Estado=AC, Tipo=OPS
2026-03-10 16:15:28.257 | INFO  | CID:N/A | [InspectoresDAO-DB2] Ejemplo[2] => Cedula=1703863520, Nombre=BARRERA BARRENO LUIS GONZALO, Estado=AC, Tipo=OPS
2026-03-10 16:15:28.261 | INFO  | CID:N/A | [InspectoresDAO-DB2] Ejemplo[3] => Cedula=1709565459, Nombre=CATOTA TORRES LUIS WILKIR, Estado=AC, Tipo=OPS
2026-03-10 16:15:28.261 | INFO  | CID:N/A | [InspectoresDAO-DB2] Ejemplo[4] => Cedula=1720253846, Nombre=CHUSIN VILLALBA CARLOS ARTURO, Estado=AC, Tipo=OPS
2026-03-10 16:15:28.261 | INFO  | CID:N/A | [InspectoresDAO-PG] Inicio consulta espejo inspectores
2026-03-10 16:15:28.261 | INFO  | CID:N/A | [InspectoresDAO-PG] Tabla espejo: public.aocr_tbinspectores
2026-03-10 16:15:28.261 | WARN  | CID:N/A | [InspectoresDAO-PG] No existe la tabla espejo aocr_tbinspectores.
2026-03-10 16:15:28.272 | WARN  | CID:N/A | [InspectoresDAO-PG] Espejo no disponible (tabla inexistente). Flujo usa DB2 directo.
2026-03-10 16:15:28.274 | INFO  | CID:N/A | [InspeccionesController] Origen inspectores=DB2, TipoFiltro=TODOS, InspectoresRecibidos=34
2026-03-10 16:15:28.274 | INFO  | CID:N/A | [InspeccionesController] ViewModel cargado correctamente. SolicitudId=154, ViewBagInspectores=34
2026-03-10 16:15:28.901 | INFO  | CID:N/A | [InspeccionesController] Inicio endpoint AJAX inspectores. Usuario=USU_ADMIN, Rol=Administrador,Tecnico,Inspector,JefaturaTecnica, TipoInspector=TODOS
2026-03-10 16:15:28.903 | INFO  | CID:N/A | [InspectoresDAO-DB2] Inicio consulta inspectores
2026-03-10 16:15:28.906 | INFO  | CID:N/A | [InspectoresDAO-DB2] Origen=DB2, Tabla=DGACDAT.OPIAR2
2026-03-10 16:15:28.908 | INFO  | CID:N/A | [InspectoresDAO-DB2] ConnectionString(sanitizada)=Driver={iSeries Access ODBC Driver};system=190.152.8.185;database=DGACDAT;defaultcollection=DGACDAT;uid=****;pwd=****;connection timeout=30;query timeout=60
2026-03-10 16:15:28.910 | INFO  | CID:N/A | [InspectoresDAO-DB2] Parametros => estado=AC (fallback: sin estado), tipo=OPS,AIR
2026-03-10 16:15:28.912 | INFO  | CID:N/A | [InspectoresDAO-DB2] Conexion DB2 abierta OK
2026-03-10 16:15:28.915 | INFO  | CID:N/A | [InspectoresDAO-DB2] Query ejecutada: SELECT TRIM(OPICED) AS OPICED, TRIM(OPINO2) AS OPINO2, TRIM(OPIES1) AS OPIES1, TRIM(OPITIP) AS OPITIP FROM DGACDAT.OPIAR2 WHERE 1 = 1 AND UPPER(TRIM(COALESCE(OPIES1, ''))) = ? AND OPITIP IN (?,?) ORDER BY OPINO2
2026-03-10 16:15:28.917 | INFO  | CID:N/A | [InspectoresDAO-DB2] Filtros aplicados => soloActivos=True, tipos=OPS,AIR
2026-03-10 16:15:28.926 | INFO  | CID:N/A | [InspectoresDAO-DB2] Registros obtenidos desde DB2: 34
2026-03-10 16:15:28.928 | INFO  | CID:N/A | [InspectoresDAO-DB2] Ejemplo[0] => Cedula=0201377850, Nombre=ALEGRIA CHICO SANTIAGO REMIGIO, Estado=AC, Tipo=OPS
2026-03-10 16:15:28.930 | INFO  | CID:N/A | [InspectoresDAO-DB2] Ejemplo[1] => Cedula=1709061814, Nombre=AVILA ZARATE EDISON JAVIER, Estado=AC, Tipo=OPS
2026-03-10 16:15:28.932 | INFO  | CID:N/A | [InspectoresDAO-DB2] Ejemplo[2] => Cedula=1703863520, Nombre=BARRERA BARRENO LUIS GONZALO, Estado=AC, Tipo=OPS
2026-03-10 16:15:28.936 | INFO  | CID:N/A | [InspectoresDAO-DB2] Ejemplo[3] => Cedula=1709565459, Nombre=CATOTA TORRES LUIS WILKIR, Estado=AC, Tipo=OPS
2026-03-10 16:15:28.939 | INFO  | CID:N/A | [InspectoresDAO-DB2] Ejemplo[4] => Cedula=1720253846, Nombre=CHUSIN VILLALBA CARLOS ARTURO, Estado=AC, Tipo=OPS
2026-03-10 16:15:28.944 | INFO  | CID:N/A | [InspeccionesController] Endpoint AJAX inspectores OK. Origen=DB2, Tipo=TODOS, Cantidad=34
2026-03-10 16:15:43.223 | INFO  | CID:d86deb2a4bbf | USR:USU_ADMIN | Tecnico/AsignarInspector | Iniciando acción: Tecnico/AsignarInspector
2026-03-10 16:15:43.223 | INFO  | CID:N/A | [GestionInspeccion] Inicio. SolicitudId=154, Usuario=USU_ADMIN, Rol=Administrador,Tecnico,Inspector,JefaturaTecnica, TipoInspector=TODOS, InspectorPrincipal=0201377850, InspectorApoyo=1709061814
2026-03-10 16:15:43.223 | INFO  | CID:N/A | [GestionInspeccion] EstadoActual=Pendiente
2026-03-10 16:15:43.393 | INFO  | CID:N/A | [InspectoresDAO-DB2] Query obtener por cedula: SELECT TRIM(OPICED) AS OPICED, TRIM(OPINO2) AS OPINO2, TRIM(OPIES1) AS OPIES1, TRIM(OPITIP) AS OPITIP FROM DGACDAT.OPIAR2 WHERE OPICED = ? AND UPPER(TRIM(COALESCE(OPIES1, ''))) = ? FETCH FIRST 1 ROW ONLY
2026-03-10 16:15:43.395 | INFO  | CID:N/A | [InspectoresDAO-DB2] Parametros => cedula=0201377850, soloActivos=True, tipos=TODOS
2026-03-10 16:15:43.520 | ERROR | CID:N/A | [InspectoresDAO-PG] Error validando inspector en PG cedula=0201377850: Npgsql.PostgresException (0x80004005): 42P01: relation "public.aocr_tbinspectores" does not exist

POSITION: 115
   en Npgsql.Internal.NpgsqlConnector.<ReadMessageLong>d__231.MoveNext()
--- Fin del seguimiento de la pila de la ubicación anterior donde se produjo la excepción ---
   en System.Runtime.ExceptionServices.ExceptionDispatchInfo.Throw()
   en Npgsql.NpgsqlDataReader.<NextResult>d__52.MoveNext()
--- Fin del seguimiento de la pila de la ubicación anterior donde se produjo la excepción ---
   en System.Runtime.ExceptionServices.ExceptionDispatchInfo.Throw()
   en Npgsql.NpgsqlDataReader.<NextResult>d__52.MoveNext()
--- Fin del seguimiento de la pila de la ubicación anterior donde se produjo la excepción ---
   en System.Runtime.ExceptionServices.ExceptionDispatchInfo.Throw()
   en System.Runtime.CompilerServices.TaskAwaiter.HandleNonSuccessAndDebuggerNotification(Task task)
   en Npgsql.NpgsqlDataReader.NextResult()
   en Npgsql.NpgsqlCommand.<ExecuteReader>d__119.MoveNext()
--- Fin del seguimiento de la pila de la ubicación anterior donde se produjo la excepción ---
   en System.Runtime.ExceptionServices.ExceptionDispatchInfo.Throw()
   en Npgsql.NpgsqlCommand.<ExecuteReader>d__119.MoveNext()
--- Fin del seguimiento de la pila de la ubicación anterior donde se produjo la excepción ---
   en System.Runtime.ExceptionServices.ExceptionDispatchInfo.Throw()
   en System.Runtime.CompilerServices.TaskAwaiter.HandleNonSuccessAndDebuggerNotification(Task task)
   en Npgsql.NpgsqlCommand.<ExecuteScalar>d__110.MoveNext()
--- Fin del seguimiento de la pila de la ubicación anterior donde se produjo la excepción ---
   en System.Runtime.ExceptionServices.ExceptionDispatchInfo.Throw()
   en System.Runtime.CompilerServices.TaskAwaiter.HandleNonSuccessAndDebuggerNotification(Task task)
   en Npgsql.NpgsqlCommand.ExecuteScalar()
   en CapaDatos.DAOs.InspectorMirrorPGDAO.ExisteInspectorActivoEnPg(String cedula, String tipo) en C:\AOCR\AOCR\AOCR05-01-2026\AOCR1\AOCR\CapaDatos\DAOs\InspectorMirrorPGDAO.cs:línea 189
  Exception data:
    Severity: ERROR
    SqlState: 42P01
    MessageText: relation "public.aocr_tbinspectores" does not exist
    Position: 115
    File: parse_relation.c
    Line: 1428
    Routine: parserOpenTable
2026-03-10 16:15:43.523 | INFO  | CID:N/A | [GestionInspeccion] ExisteEnDB2=True, ExisteEnPG=False
2026-03-10 16:15:43.531 | INFO  | CID:N/A | [GestionInspeccion] Inicio metodo DAO.AsignarInspectores. SolicitudId=154, TipoInspector=TODOS, InspectorPrincipal=0201377850, InspectorApoyo=1709061814
2026-03-10 16:15:43.534 | INFO  | CID:N/A | [InspectoresDAO-DB2] Query obtener por cedula: SELECT TRIM(OPICED) AS OPICED, TRIM(OPINO2) AS OPINO2, TRIM(OPIES1) AS OPIES1, TRIM(OPITIP) AS OPITIP FROM DGACDAT.OPIAR2 WHERE OPICED = ? AND UPPER(TRIM(COALESCE(OPIES1, ''))) = ? FETCH FIRST 1 ROW ONLY
2026-03-10 16:15:43.536 | INFO  | CID:N/A | [InspectoresDAO-DB2] Parametros => cedula=0201377850, soloActivos=True, tipos=TODOS
2026-03-10 16:15:43.544 | INFO  | CID:N/A | [InspectoresDAO-DB2] Query obtener por cedula: SELECT TRIM(OPICED) AS OPICED, TRIM(OPINO2) AS OPINO2, TRIM(OPIES1) AS OPIES1, TRIM(OPITIP) AS OPITIP FROM DGACDAT.OPIAR2 WHERE OPICED = ? AND UPPER(TRIM(COALESCE(OPIES1, ''))) = ? FETCH FIRST 1 ROW ONLY
2026-03-10 16:15:43.544 | INFO  | CID:N/A | [InspectoresDAO-DB2] Parametros => cedula=1709061814, soloActivos=True, tipos=TODOS
2026-03-10 16:15:43.625 | INFO  | CID:N/A | [GestionInspeccion] PuedeGestionar=True. SolicitudId=154, CodigoInspeccion=1, EstadoAnterior=Pendiente, EstadoNuevo=En Inspeccion
2026-03-10 16:15:43.854 | INFO  | CID:N/A | [GestionInspeccion] PuedeGestionar=True, Motivo=Asignación realizada con éxito. Inspección creada: 1
2026-03-10 16:15:43.857 | INFO  | CID:d86deb2a4bbf | USR:USU_ADMIN | Tecnico/AsignarInspector | Acción completada: Tecnico/AsignarInspector
2026-03-10 16:15:43.864 | INFO  | CID:N/A | [InspeccionesController] Inicio pantalla gestion (Tecnico/Index). Usuario=USU_ADMIN, Rol=Administrador,Tecnico,Inspector,JefaturaTecnica
2026-03-10 16:15:43.866 | INFO  | CID:N/A | [InspeccionesController] DAO.ObtenerPendientesAsignacion inicio. EstadosFiltro=PENDIENTE,APROBADA,APROBADO,INSPECCION_SOLICITADA,EN_INSPECCION,ENVIADO_A_INSPECTOR,INSPECCION_A_PROGRAMAR,ACEPTACION_DOCUMENTAL,PENDIENTE_ASIGNACION_TECNICA,PENDIENTE ASIGNACION TECNICA,PENDIENTE_ASIGNACION,ACEPTACION DOCUMENTAL,EN INSPECCION
2026-03-10 16:15:43.869 | INFO  | CID:N/A | [InspeccionesController] EstadoDetectado=PENDIENTE, Total=136
2026-03-10 16:15:43.871 | INFO  | CID:N/A | [InspeccionesController] EstadoDetectado=EN INSPECCION, Total=1
2026-03-10 16:15:43.871 | INFO  | CID:N/A | [InspeccionesController] DiagnosticoPendientes => totalSolicitudes=137, conInspeccion=1, conInspectorAsignado=1, conInspeccionSinInspector=0
2026-03-10 16:15:44.535 | INFO  | CID:N/A | [InspeccionesController] DAO.ObtenerPendientesAsignacion resultado=136
2026-03-10 16:15:44.537 | INFO  | CID:N/A | [InspeccionesController] PendienteEjemplo[0] SolicitudId=153, Estado=Pendiente, Numero=DGAC-GOP-2026-AOCR136
2026-03-10 16:15:44.540 | INFO  | CID:N/A | [InspeccionesController] PendienteEjemplo[1] SolicitudId=152, Estado=Pendiente, Numero=DGAC-GOP-2026-AOCR135
2026-03-10 16:15:44.540 | INFO  | CID:N/A | [InspeccionesController] PendienteEjemplo[2] SolicitudId=151, Estado=Pendiente, Numero=DGAC-GOP-2026-AOCR134
2026-03-10 16:15:44.540 | INFO  | CID:N/A | [InspeccionesController] PendienteEjemplo[3] SolicitudId=150, Estado=Pendiente, Numero=DGAC-GOP-2026-AOCR133
2026-03-10 16:15:44.540 | INFO  | CID:N/A | [InspeccionesController] PendienteEjemplo[4] SolicitudId=149, Estado=Pendiente, Numero=DGAC-GOP-2026-AOCR132
2026-03-10 16:15:44.540 | INFO  | CID:N/A | [InspeccionesController] Pendientes para asignacion=136
2026-03-10 16:15:51.523 | INFO  | CID:N/A | [InspeccionesController] Inicio pantalla gestion inspecciones. Usuario=USU_ADMIN, Rol=Administrador,Inspector,JefaturaTecnica
2026-03-10 16:15:51.533 | INFO  | CID:N/A | [InspeccionesController] Inspecciones recibidas=1
2026-03-10 16:15:57.170 | INFO  | CID:N/A | [GestionInspeccion] Inicio Detalle. InspeccionId=1, Usuario=USU_ADMIN, Rol=Administrador,Inspector,JefaturaTecnica
2026-03-10 16:15:57.175 | INFO  | CID:N/A | [GestionInspeccion] InspeccionId=1, SolicitudId=154, EstadoActual=VERIFICACION_SOLICITUD, InspectorAsignado=201377850
2026-03-10 16:15:57.177 | INFO  | CID:N/A | [GestionInspeccion] PuedeGestionar=True para detalle. InspeccionId=1
2026-03-10 16:17:14.907 | ERROR | CID:e5e2de0a229b | USR:USU_ADMIN | SolicitudAOCR/Detalle | ERR:INTERNAL_ERROR | Palabra clave "using" inesperada después del carácter "@". Una vez dentro del código, no es necesario añadir prefijos a las construcciones, como "using" con "@".

    Exception: HttpParseException
    StackTrace:    en System.Web.WebPages.Razor.RazorBuildProvider.EnsureGeneratedCode()
   en System.Web.WebPages.Razor.RazorBuildProvider.get_CodeCompilerType()
   en System.Web.Compilation.BuildProvider.GetCompilerTypeFromBuildProvider(BuildProvider buildProvider)
   en System.Web.Compilation.BuildProvidersCompiler.ProcessBuildProviders()
   en System.Web.Compilation.BuildProvidersCompiler.PerformBuild()
   en System.Web.Compilation.BuildManager.CompileWebFile(VirtualPath virtualPath)
   en System.Web.Compilation.BuildManager.GetVPathBuildResultInternal(VirtualPath virtualPath, Boolean noBuild, Boolean allowCrossApp, Boolean allowBuildInPrecompile, Boolean throwIfNotFound, Boolean ensureIsUpToDate)
   en System.Web.Compilation.BuildManager.GetVPathBuildResultWithNoAssert(HttpContext context, VirtualPath virtualPath, Boolean noBuild, Boolean allowCrossApp, Boolean allowBuildInPrecompile, Boolean throwIfNotFound, Boolean ensureIsUpToDate)
   en System.Web.Compilation.BuildManager.GetVirtualPathObjectFactory(VirtualPath virtualPath, HttpContext context, Boolean allowCrossApp, Boolean throwIfNotFound)
   en System.Web.Compilation.BuildManager.GetCompiledType(VirtualPath virtualPath)
   en System.Web.Mvc.BuildManagerCompiledView.Render(ViewContext viewContext, TextWriter writer)
   en System.Web.Mvc.ViewResultBase.ExecuteResult(ControllerContext context)
   en System.Web.Mvc.ControllerActionInvoker.InvokeActionResultFilterRecursive(IList`1 filters, Int32 filterIndex, ResultExecutingContext preContext, ControllerContext controllerContext, ActionResult actionResult)
   en System.Web.Mvc.ControllerActionInvoker.InvokeActionResultFilterRecursive(IList`1 filters, Int32 filterIndex, ResultExecutingContext preContext, ControllerContext controllerContext, ActionResult actionResult)
   en System.Web.Mvc.ControllerActionInvoker.InvokeActionResultFilterRecursive(IList`1 filters, Int32 filterIndex, ResultExecutingContext preContext, ControllerContext controllerContext, ActionResult actionResult)
   en System.Web.Mvc.ControllerActionInvoker.InvokeActionResultFilterRecursive(IList`1 filters, Int32 filterIndex, ResultExecutingContext preContext, ControllerContext controllerContext, ActionResult actionResult)
   en System.Web.Mvc.ControllerActionInvoker.InvokeActionResultWithFilters(ControllerContext controllerContext, IList`1 filters, ActionResult actionResult)
   en System.Web.Mvc.Async.AsyncControllerActionInvoker.<>c__DisplayClass3_1.<BeginInvokeAction>b__1(IAsyncResult asyncResult)
2026-03-10 16:17:20.200 | INFO  | CID:N/A | [InspeccionesController] Inicio pantalla gestion (Tecnico/Index). Usuario=USU_ADMIN, Rol=Administrador,Tecnico,Inspector,JefaturaTecnica
2026-03-10 16:17:20.202 | INFO  | CID:N/A | [InspeccionesController] DAO.ObtenerPendientesAsignacion inicio. EstadosFiltro=PENDIENTE,APROBADA,APROBADO,INSPECCION_SOLICITADA,EN_INSPECCION,ENVIADO_A_INSPECTOR,INSPECCION_A_PROGRAMAR,ACEPTACION_DOCUMENTAL,PENDIENTE_ASIGNACION_TECNICA,PENDIENTE ASIGNACION TECNICA,PENDIENTE_ASIGNACION,ACEPTACION DOCUMENTAL,EN INSPECCION
2026-03-10 16:17:20.206 | INFO  | CID:N/A | [InspeccionesController] EstadoDetectado=PENDIENTE, Total=136
2026-03-10 16:17:20.208 | INFO  | CID:N/A | [InspeccionesController] EstadoDetectado=EN INSPECCION, Total=1
2026-03-10 16:17:20.211 | INFO  | CID:N/A | [InspeccionesController] DiagnosticoPendientes => totalSolicitudes=137, conInspeccion=1, conInspectorAsignado=1, conInspeccionSinInspector=0
2026-03-10 16:17:20.895 | INFO  | CID:N/A | [InspeccionesController] DAO.ObtenerPendientesAsignacion resultado=136
2026-03-10 16:17:20.906 | INFO  | CID:N/A | [InspeccionesController] PendienteEjemplo[0] SolicitudId=153, Estado=Pendiente, Numero=DGAC-GOP-2026-AOCR136
2026-03-10 16:17:20.908 | INFO  | CID:N/A | [InspeccionesController] PendienteEjemplo[1] SolicitudId=152, Estado=Pendiente, Numero=DGAC-GOP-2026-AOCR135
2026-03-10 16:17:20.910 | INFO  | CID:N/A | [InspeccionesController] PendienteEjemplo[2] SolicitudId=151, Estado=Pendiente, Numero=DGAC-GOP-2026-AOCR134
2026-03-10 16:17:20.912 | INFO  | CID:N/A | [InspeccionesController] PendienteEjemplo[3] SolicitudId=150, Estado=Pendiente, Numero=DGAC-GOP-2026-AOCR133
2026-03-10 16:17:20.913 | INFO  | CID:N/A | [InspeccionesController] PendienteEjemplo[4] SolicitudId=149, Estado=Pendiente, Numero=DGAC-GOP-2026-AOCR132
2026-03-10 16:17:20.915 | INFO  | CID:N/A | [InspeccionesController] Pendientes para asignacion=136
2026-03-10 16:17:26.476 | INFO  | CID:N/A | [InspeccionesController] Inicio pantalla gestion de asignacion. Usuario=USU_ADMIN, Rol=Administrador,Tecnico,Inspector,JefaturaTecnica, SolicitudId=153
2026-03-10 16:17:26.481 | INFO  | CID:N/A | [InspeccionesController] SolicitudId=153, EstadoActual=Pendiente, NumeroSolicitud=DGAC-GOP-2026-AOCR136
2026-03-10 16:17:26.484 | INFO  | CID:N/A | [InspectoresDAO-DB2] Inicio consulta inspectores
2026-03-10 16:17:26.485 | INFO  | CID:N/A | [InspectoresDAO-DB2] Origen=DB2, Tabla=DGACDAT.OPIAR2
2026-03-10 16:17:26.487 | INFO  | CID:N/A | [InspectoresDAO-DB2] ConnectionString(sanitizada)=Driver={iSeries Access ODBC Driver};system=190.152.8.185;database=DGACDAT;defaultcollection=DGACDAT;uid=****;pwd=****;connection timeout=30;query timeout=60
2026-03-10 16:17:26.488 | INFO  | CID:N/A | [InspectoresDAO-DB2] Parametros => estado=AC (fallback: sin estado), tipo=OPS
2026-03-10 16:17:26.631 | INFO  | CID:N/A | [InspectoresDAO-DB2] Conexion DB2 abierta OK
2026-03-10 16:17:26.640 | INFO  | CID:N/A | [InspectoresDAO-DB2] Query ejecutada: SELECT TRIM(OPICED) AS OPICED, TRIM(OPINO2) AS OPINO2, TRIM(OPIES1) AS OPIES1, TRIM(OPITIP) AS OPITIP FROM DGACDAT.OPIAR2 WHERE 1 = 1 AND UPPER(TRIM(COALESCE(OPIES1, ''))) = ? AND OPITIP IN (?) ORDER BY OPINO2
2026-03-10 16:17:26.646 | INFO  | CID:N/A | [InspectoresDAO-DB2] Filtros aplicados => soloActivos=True, tipos=OPS
2026-03-10 16:17:26.666 | INFO  | CID:N/A | [InspectoresDAO-DB2] Registros obtenidos desde DB2: 19
2026-03-10 16:17:26.669 | INFO  | CID:N/A | [InspectoresDAO-DB2] Ejemplo[0] => Cedula=0201377850, Nombre=ALEGRIA CHICO SANTIAGO REMIGIO, Estado=AC, Tipo=OPS
2026-03-10 16:17:26.671 | INFO  | CID:N/A | [InspectoresDAO-DB2] Ejemplo[1] => Cedula=1709061814, Nombre=AVILA ZARATE EDISON JAVIER, Estado=AC, Tipo=OPS
2026-03-10 16:17:26.672 | INFO  | CID:N/A | [InspectoresDAO-DB2] Ejemplo[2] => Cedula=1703863520, Nombre=BARRERA BARRENO LUIS GONZALO, Estado=AC, Tipo=OPS
2026-03-10 16:17:26.673 | INFO  | CID:N/A | [InspectoresDAO-DB2] Ejemplo[3] => Cedula=1709565459, Nombre=CATOTA TORRES LUIS WILKIR, Estado=AC, Tipo=OPS
2026-03-10 16:17:26.675 | INFO  | CID:N/A | [InspectoresDAO-DB2] Ejemplo[4] => Cedula=1720253846, Nombre=CHUSIN VILLALBA CARLOS ARTURO, Estado=AC, Tipo=OPS
2026-03-10 16:17:26.677 | INFO  | CID:N/A | [InspectoresDAO-PG] Inicio consulta espejo inspectores
2026-03-10 16:17:26.678 | INFO  | CID:N/A | [InspectoresDAO-PG] Tabla espejo: public.aocr_tbinspectores
2026-03-10 16:17:26.682 | WARN  | CID:N/A | [InspectoresDAO-PG] No existe la tabla espejo aocr_tbinspectores.
2026-03-10 16:17:26.684 | WARN  | CID:N/A | [InspectoresDAO-PG] Espejo no disponible (tabla inexistente). Flujo usa DB2 directo.
2026-03-10 16:17:26.685 | INFO  | CID:N/A | [InspeccionesController] Origen inspectores=DB2, TipoFiltro=OPS, InspectoresRecibidos=19
2026-03-10 16:17:26.687 | INFO  | CID:N/A | [InspeccionesController] ViewModel cargado correctamente. SolicitudId=153, ViewBagInspectores=19
2026-03-10 16:17:27.379 | INFO  | CID:N/A | [InspeccionesController] Inicio endpoint AJAX inspectores. Usuario=USU_ADMIN, Rol=Administrador,Tecnico,Inspector,JefaturaTecnica, TipoInspector=OPS
2026-03-10 16:17:27.381 | INFO  | CID:N/A | [InspectoresDAO-DB2] Inicio consulta inspectores
2026-03-10 16:17:27.383 | INFO  | CID:N/A | [InspectoresDAO-DB2] Origen=DB2, Tabla=DGACDAT.OPIAR2
2026-03-10 16:17:27.386 | INFO  | CID:N/A | [InspectoresDAO-DB2] ConnectionString(sanitizada)=Driver={iSeries Access ODBC Driver};system=190.152.8.185;database=DGACDAT;defaultcollection=DGACDAT;uid=****;pwd=****;connection timeout=30;query timeout=60
2026-03-10 16:17:27.388 | INFO  | CID:N/A | [InspectoresDAO-DB2] Parametros => estado=AC (fallback: sin estado), tipo=OPS
2026-03-10 16:17:27.390 | INFO  | CID:N/A | [InspectoresDAO-DB2] Conexion DB2 abierta OK
2026-03-10 16:17:27.394 | INFO  | CID:N/A | [InspectoresDAO-DB2] Query ejecutada: SELECT TRIM(OPICED) AS OPICED, TRIM(OPINO2) AS OPINO2, TRIM(OPIES1) AS OPIES1, TRIM(OPITIP) AS OPITIP FROM DGACDAT.OPIAR2 WHERE 1 = 1 AND UPPER(TRIM(COALESCE(OPIES1, ''))) = ? AND OPITIP IN (?) ORDER BY OPINO2
2026-03-10 16:17:27.396 | INFO  | CID:N/A | [InspectoresDAO-DB2] Filtros aplicados => soloActivos=True, tipos=OPS
2026-03-10 16:17:27.402 | INFO  | CID:N/A | [InspectoresDAO-DB2] Registros obtenidos desde DB2: 19
2026-03-10 16:17:27.404 | INFO  | CID:N/A | [InspectoresDAO-DB2] Ejemplo[0] => Cedula=0201377850, Nombre=ALEGRIA CHICO SANTIAGO REMIGIO, Estado=AC, Tipo=OPS
2026-03-10 16:17:27.408 | INFO  | CID:N/A | [InspectoresDAO-DB2] Ejemplo[1] => Cedula=1709061814, Nombre=AVILA ZARATE EDISON JAVIER, Estado=AC, Tipo=OPS
2026-03-10 16:17:27.411 | INFO  | CID:N/A | [InspectoresDAO-DB2] Ejemplo[2] => Cedula=1703863520, Nombre=BARRERA BARRENO LUIS GONZALO, Estado=AC, Tipo=OPS
2026-03-10 16:17:27.414 | INFO  | CID:N/A | [InspectoresDAO-DB2] Ejemplo[3] => Cedula=1709565459, Nombre=CATOTA TORRES LUIS WILKIR, Estado=AC, Tipo=OPS
2026-03-10 16:17:27.418 | INFO  | CID:N/A | [InspectoresDAO-DB2] Ejemplo[4] => Cedula=1720253846, Nombre=CHUSIN VILLALBA CARLOS ARTURO, Estado=AC, Tipo=OPS
2026-03-10 16:17:27.421 | INFO  | CID:N/A | [InspeccionesController] Endpoint AJAX inspectores OK. Origen=DB2, Tipo=OPS, Cantidad=19
2026-03-10 16:17:33.185 | INFO  | CID:N/A | [InspeccionesController] Inicio pantalla gestion de asignacion. Usuario=USU_ADMIN, Rol=Administrador,Tecnico,Inspector,JefaturaTecnica, SolicitudId=153
2026-03-10 16:17:33.189 | INFO  | CID:N/A | [InspeccionesController] SolicitudId=153, EstadoActual=Pendiente, NumeroSolicitud=DGAC-GOP-2026-AOCR136
2026-03-10 16:17:33.191 | INFO  | CID:N/A | [InspectoresDAO-DB2] Inicio consulta inspectores
2026-03-10 16:17:33.194 | INFO  | CID:N/A | [InspectoresDAO-DB2] Origen=DB2, Tabla=DGACDAT.OPIAR2
2026-03-10 16:17:33.197 | INFO  | CID:N/A | [InspectoresDAO-DB2] ConnectionString(sanitizada)=Driver={iSeries Access ODBC Driver};system=190.152.8.185;database=DGACDAT;defaultcollection=DGACDAT;uid=****;pwd=****;connection timeout=30;query timeout=60
2026-03-10 16:17:33.198 | INFO  | CID:N/A | [InspectoresDAO-DB2] Parametros => estado=AC (fallback: sin estado), tipo=OPS,AIR
2026-03-10 16:17:33.198 | INFO  | CID:N/A | [InspectoresDAO-DB2] Conexion DB2 abierta OK
2026-03-10 16:17:33.198 | INFO  | CID:N/A | [InspectoresDAO-DB2] Query ejecutada: SELECT TRIM(OPICED) AS OPICED, TRIM(OPINO2) AS OPINO2, TRIM(OPIES1) AS OPIES1, TRIM(OPITIP) AS OPITIP FROM DGACDAT.OPIAR2 WHERE 1 = 1 AND UPPER(TRIM(COALESCE(OPIES1, ''))) = ? AND OPITIP IN (?,?) ORDER BY OPINO2
2026-03-10 16:17:33.198 | INFO  | CID:N/A | [InspectoresDAO-DB2] Filtros aplicados => soloActivos=True, tipos=OPS,AIR
2026-03-10 16:17:33.224 | INFO  | CID:N/A | [InspectoresDAO-DB2] Registros obtenidos desde DB2: 34
2026-03-10 16:17:33.228 | INFO  | CID:N/A | [InspectoresDAO-DB2] Ejemplo[0] => Cedula=0201377850, Nombre=ALEGRIA CHICO SANTIAGO REMIGIO, Estado=AC, Tipo=OPS
2026-03-10 16:17:33.230 | INFO  | CID:N/A | [InspectoresDAO-DB2] Ejemplo[1] => Cedula=1709061814, Nombre=AVILA ZARATE EDISON JAVIER, Estado=AC, Tipo=OPS
2026-03-10 16:17:33.232 | INFO  | CID:N/A | [InspectoresDAO-DB2] Ejemplo[2] => Cedula=1703863520, Nombre=BARRERA BARRENO LUIS GONZALO, Estado=AC, Tipo=OPS
2026-03-10 16:17:33.233 | INFO  | CID:N/A | [InspectoresDAO-DB2] Ejemplo[3] => Cedula=1709565459, Nombre=CATOTA TORRES LUIS WILKIR, Estado=AC, Tipo=OPS
2026-03-10 16:17:33.234 | INFO  | CID:N/A | [InspectoresDAO-DB2] Ejemplo[4] => Cedula=1720253846, Nombre=CHUSIN VILLALBA CARLOS ARTURO, Estado=AC, Tipo=OPS
2026-03-10 16:17:33.236 | INFO  | CID:N/A | [InspectoresDAO-PG] Inicio consulta espejo inspectores
2026-03-10 16:17:33.237 | INFO  | CID:N/A | [InspectoresDAO-PG] Tabla espejo: public.aocr_tbinspectores
2026-03-10 16:17:33.242 | WARN  | CID:N/A | [InspectoresDAO-PG] No existe la tabla espejo aocr_tbinspectores.
2026-03-10 16:17:33.242 | WARN  | CID:N/A | [InspectoresDAO-PG] Espejo no disponible (tabla inexistente). Flujo usa DB2 directo.
2026-03-10 16:17:33.242 | INFO  | CID:N/A | [InspeccionesController] Origen inspectores=DB2, TipoFiltro=TODOS, InspectoresRecibidos=34
2026-03-10 16:17:33.242 | INFO  | CID:N/A | [InspeccionesController] ViewModel cargado correctamente. SolicitudId=153, ViewBagInspectores=34
2026-03-10 16:17:34.159 | INFO  | CID:N/A | [InspeccionesController] Inicio endpoint AJAX inspectores. Usuario=USU_ADMIN, Rol=Administrador,Tecnico,Inspector,JefaturaTecnica, TipoInspector=TODOS
2026-03-10 16:17:34.164 | INFO  | CID:N/A | [InspectoresDAO-DB2] Inicio consulta inspectores
2026-03-10 16:17:34.168 | INFO  | CID:N/A | [InspectoresDAO-DB2] Origen=DB2, Tabla=DGACDAT.OPIAR2
2026-03-10 16:17:34.171 | INFO  | CID:N/A | [InspectoresDAO-DB2] ConnectionString(sanitizada)=Driver={iSeries Access ODBC Driver};system=190.152.8.185;database=DGACDAT;defaultcollection=DGACDAT;uid=****;pwd=****;connection timeout=30;query timeout=60
2026-03-10 16:17:34.174 | INFO  | CID:N/A | [InspectoresDAO-DB2] Parametros => estado=AC (fallback: sin estado), tipo=OPS,AIR
2026-03-10 16:17:34.322 | INFO  | CID:N/A | [InspectoresDAO-DB2] Conexion DB2 abierta OK
2026-03-10 16:17:34.323 | INFO  | CID:N/A | [InspectoresDAO-DB2] Query ejecutada: SELECT TRIM(OPICED) AS OPICED, TRIM(OPINO2) AS OPINO2, TRIM(OPIES1) AS OPIES1, TRIM(OPITIP) AS OPITIP FROM DGACDAT.OPIAR2 WHERE 1 = 1 AND UPPER(TRIM(COALESCE(OPIES1, ''))) = ? AND OPITIP IN (?,?) ORDER BY OPINO2
2026-03-10 16:17:34.325 | INFO  | CID:N/A | [InspectoresDAO-DB2] Filtros aplicados => soloActivos=True, tipos=OPS,AIR
2026-03-10 16:17:34.338 | INFO  | CID:N/A | [InspectoresDAO-DB2] Registros obtenidos desde DB2: 34
2026-03-10 16:17:34.341 | INFO  | CID:N/A | [InspectoresDAO-DB2] Ejemplo[0] => Cedula=0201377850, Nombre=ALEGRIA CHICO SANTIAGO REMIGIO, Estado=AC, Tipo=OPS
2026-03-10 16:17:34.344 | INFO  | CID:N/A | [InspectoresDAO-DB2] Ejemplo[1] => Cedula=1709061814, Nombre=AVILA ZARATE EDISON JAVIER, Estado=AC, Tipo=OPS
2026-03-10 16:17:34.348 | INFO  | CID:N/A | [InspectoresDAO-DB2] Ejemplo[2] => Cedula=1703863520, Nombre=BARRERA BARRENO LUIS GONZALO, Estado=AC, Tipo=OPS
2026-03-10 16:17:34.348 | INFO  | CID:N/A | [InspectoresDAO-DB2] Ejemplo[3] => Cedula=1709565459, Nombre=CATOTA TORRES LUIS WILKIR, Estado=AC, Tipo=OPS
2026-03-10 16:17:34.352 | INFO  | CID:N/A | [InspectoresDAO-DB2] Ejemplo[4] => Cedula=1720253846, Nombre=CHUSIN VILLALBA CARLOS ARTURO, Estado=AC, Tipo=OPS
2026-03-10 16:17:34.354 | INFO  | CID:N/A | [InspeccionesController] Endpoint AJAX inspectores OK. Origen=DB2, Tipo=TODOS, Cantidad=34
2026-03-10 16:17:45.781 | INFO  | CID:3d4786ef9e92 | USR:USU_ADMIN | Tecnico/AsignarInspector | Iniciando acción: Tecnico/AsignarInspector
2026-03-10 16:17:45.784 | INFO  | CID:N/A | [GestionInspeccion] Inicio. SolicitudId=153, Usuario=USU_ADMIN, Rol=Administrador,Tecnico,Inspector,JefaturaTecnica, TipoInspector=TODOS, InspectorPrincipal=1709565459, InspectorApoyo=1707797864
2026-03-10 16:17:45.784 | INFO  | CID:N/A | [GestionInspeccion] EstadoActual=Pendiente
2026-03-10 16:17:45.792 | INFO  | CID:N/A | [InspectoresDAO-DB2] Query obtener por cedula: SELECT TRIM(OPICED) AS OPICED, TRIM(OPINO2) AS OPINO2, TRIM(OPIES1) AS OPIES1, TRIM(OPITIP) AS OPITIP FROM DGACDAT.OPIAR2 WHERE OPICED = ? AND UPPER(TRIM(COALESCE(OPIES1, ''))) = ? FETCH FIRST 1 ROW ONLY
2026-03-10 16:17:45.792 | INFO  | CID:N/A | [InspectoresDAO-DB2] Parametros => cedula=1709565459, soloActivos=True, tipos=TODOS
2026-03-10 16:17:45.857 | ERROR | CID:N/A | [InspectoresDAO-PG] Error validando inspector en PG cedula=1709565459: Npgsql.PostgresException (0x80004005): 42P01: relation "public.aocr_tbinspectores" does not exist

POSITION: 115
   en Npgsql.Internal.NpgsqlConnector.<ReadMessageLong>d__231.MoveNext()
--- Fin del seguimiento de la pila de la ubicación anterior donde se produjo la excepción ---
   en System.Runtime.ExceptionServices.ExceptionDispatchInfo.Throw()
   en Npgsql.NpgsqlDataReader.<NextResult>d__52.MoveNext()
--- Fin del seguimiento de la pila de la ubicación anterior donde se produjo la excepción ---
   en System.Runtime.ExceptionServices.ExceptionDispatchInfo.Throw()
   en Npgsql.NpgsqlDataReader.<NextResult>d__52.MoveNext()
--- Fin del seguimiento de la pila de la ubicación anterior donde se produjo la excepción ---
   en System.Runtime.ExceptionServices.ExceptionDispatchInfo.Throw()
   en System.Runtime.CompilerServices.TaskAwaiter.HandleNonSuccessAndDebuggerNotification(Task task)
   en Npgsql.NpgsqlDataReader.NextResult()
   en Npgsql.NpgsqlCommand.<ExecuteReader>d__119.MoveNext()
--- Fin del seguimiento de la pila de la ubicación anterior donde se produjo la excepción ---
   en System.Runtime.ExceptionServices.ExceptionDispatchInfo.Throw()
   en Npgsql.NpgsqlCommand.<ExecuteReader>d__119.MoveNext()
--- Fin del seguimiento de la pila de la ubicación anterior donde se produjo la excepción ---
   en System.Runtime.ExceptionServices.ExceptionDispatchInfo.Throw()
   en System.Runtime.CompilerServices.TaskAwaiter.HandleNonSuccessAndDebuggerNotification(Task task)
   en Npgsql.NpgsqlCommand.<ExecuteScalar>d__110.MoveNext()
--- Fin del seguimiento de la pila de la ubicación anterior donde se produjo la excepción ---
   en System.Runtime.ExceptionServices.ExceptionDispatchInfo.Throw()
   en System.Runtime.CompilerServices.TaskAwaiter.HandleNonSuccessAndDebuggerNotification(Task task)
   en Npgsql.NpgsqlCommand.ExecuteScalar()
   en CapaDatos.DAOs.InspectorMirrorPGDAO.ExisteInspectorActivoEnPg(String cedula, String tipo) en C:\AOCR\AOCR\AOCR05-01-2026\AOCR1\AOCR\CapaDatos\DAOs\InspectorMirrorPGDAO.cs:línea 189
  Exception data:
    Severity: ERROR
    SqlState: 42P01
    MessageText: relation "public.aocr_tbinspectores" does not exist
    Position: 115
    File: parse_relation.c
    Line: 1428
    Routine: parserOpenTable
2026-03-10 16:17:45.857 | INFO  | CID:N/A | [GestionInspeccion] ExisteEnDB2=True, ExisteEnPG=False
2026-03-10 16:17:45.857 | INFO  | CID:N/A | [GestionInspeccion] Inicio metodo DAO.AsignarInspectores. SolicitudId=153, TipoInspector=TODOS, InspectorPrincipal=1709565459, InspectorApoyo=1707797864
2026-03-10 16:17:45.857 | INFO  | CID:N/A | [InspectoresDAO-DB2] Query obtener por cedula: SELECT TRIM(OPICED) AS OPICED, TRIM(OPINO2) AS OPINO2, TRIM(OPIES1) AS OPIES1, TRIM(OPITIP) AS OPITIP FROM DGACDAT.OPIAR2 WHERE OPICED = ? AND UPPER(TRIM(COALESCE(OPIES1, ''))) = ? FETCH FIRST 1 ROW ONLY
2026-03-10 16:17:45.857 | INFO  | CID:N/A | [InspectoresDAO-DB2] Parametros => cedula=1709565459, soloActivos=True, tipos=TODOS
2026-03-10 16:17:45.875 | INFO  | CID:N/A | [InspectoresDAO-DB2] Query obtener por cedula: SELECT TRIM(OPICED) AS OPICED, TRIM(OPINO2) AS OPINO2, TRIM(OPIES1) AS OPIES1, TRIM(OPITIP) AS OPITIP FROM DGACDAT.OPIAR2 WHERE OPICED = ? AND UPPER(TRIM(COALESCE(OPIES1, ''))) = ? FETCH FIRST 1 ROW ONLY
2026-03-10 16:17:45.875 | INFO  | CID:N/A | [InspectoresDAO-DB2] Parametros => cedula=1707797864, soloActivos=True, tipos=TODOS
2026-03-10 16:17:46.123 | INFO  | CID:N/A | [GestionInspeccion] PuedeGestionar=True. SolicitudId=153, CodigoInspeccion=2, EstadoAnterior=Pendiente, EstadoNuevo=En Inspeccion
2026-03-10 16:17:46.360 | INFO  | CID:N/A | [GestionInspeccion] PuedeGestionar=True, Motivo=Asignación realizada con éxito. Inspección creada: 2
2026-03-10 16:17:46.362 | INFO  | CID:3d4786ef9e92 | USR:USU_ADMIN | Tecnico/AsignarInspector | Acción completada: Tecnico/AsignarInspector
2026-03-10 16:17:46.368 | INFO  | CID:N/A | [InspeccionesController] Inicio pantalla gestion (Tecnico/Index). Usuario=USU_ADMIN, Rol=Administrador,Tecnico,Inspector,JefaturaTecnica
2026-03-10 16:17:46.370 | INFO  | CID:N/A | [InspeccionesController] DAO.ObtenerPendientesAsignacion inicio. EstadosFiltro=PENDIENTE,APROBADA,APROBADO,INSPECCION_SOLICITADA,EN_INSPECCION,ENVIADO_A_INSPECTOR,INSPECCION_A_PROGRAMAR,ACEPTACION_DOCUMENTAL,PENDIENTE_ASIGNACION_TECNICA,PENDIENTE ASIGNACION TECNICA,PENDIENTE_ASIGNACION,ACEPTACION DOCUMENTAL,EN INSPECCION
2026-03-10 16:17:46.373 | INFO  | CID:N/A | [InspeccionesController] EstadoDetectado=PENDIENTE, Total=135
2026-03-10 16:17:46.375 | INFO  | CID:N/A | [InspeccionesController] EstadoDetectado=EN INSPECCION, Total=2
2026-03-10 16:17:46.379 | INFO  | CID:N/A | [InspeccionesController] DiagnosticoPendientes => totalSolicitudes=137, conInspeccion=2, conInspectorAsignado=2, conInspeccionSinInspector=0
2026-03-10 16:17:46.909 | INFO  | CID:N/A | [InspeccionesController] DAO.ObtenerPendientesAsignacion resultado=135
2026-03-10 16:17:46.912 | INFO  | CID:N/A | [InspeccionesController] PendienteEjemplo[0] SolicitudId=152, Estado=Pendiente, Numero=DGAC-GOP-2026-AOCR135
2026-03-10 16:17:46.913 | INFO  | CID:N/A | [InspeccionesController] PendienteEjemplo[1] SolicitudId=151, Estado=Pendiente, Numero=DGAC-GOP-2026-AOCR134
2026-03-10 16:17:46.915 | INFO  | CID:N/A | [InspeccionesController] PendienteEjemplo[2] SolicitudId=150, Estado=Pendiente, Numero=DGAC-GOP-2026-AOCR133
2026-03-10 16:17:46.916 | INFO  | CID:N/A | [InspeccionesController] PendienteEjemplo[3] SolicitudId=149, Estado=Pendiente, Numero=DGAC-GOP-2026-AOCR132
2026-03-10 16:17:46.917 | INFO  | CID:N/A | [InspeccionesController] PendienteEjemplo[4] SolicitudId=148, Estado=Pendiente, Numero=DGAC-GOP-2026-AOCR131
2026-03-10 16:17:46.919 | INFO  | CID:N/A | [InspeccionesController] Pendientes para asignacion=135
2026-03-10 16:17:56.963 | INFO  | CID:N/A | [InspeccionesController] Inicio pantalla gestion inspecciones. Usuario=USU_ADMIN, Rol=Administrador,Inspector,JefaturaTecnica
2026-03-10 16:17:56.972 | INFO  | CID:N/A | [InspeccionesController] Inspecciones recibidas=2
2026-03-10 16:18:03.863 | INFO  | CID:N/A | [GestionInspeccion] Inicio Detalle. InspeccionId=2, Usuario=USU_ADMIN, Rol=Administrador,Inspector,JefaturaTecnica
2026-03-10 16:18:03.867 | INFO  | CID:N/A | [GestionInspeccion] InspeccionId=2, SolicitudId=153, EstadoActual=VERIFICACION_SOLICITUD, InspectorAsignado=1709565459
2026-03-10 16:18:03.870 | INFO  | CID:N/A | [GestionInspeccion] PuedeGestionar=True para detalle. InspeccionId=2
2026-03-10 16:19:11.250 | INFO  | CID:N/A | [GestionInspeccion] Inicio Detalle. InspeccionId=2, Usuario=USU_ADMIN, Rol=Administrador,Inspector,JefaturaTecnica
2026-03-10 16:19:11.252 | INFO  | CID:N/A | [GestionInspeccion] InspeccionId=2, SolicitudId=153, EstadoActual=VERIFICACION_SOLICITUD, InspectorAsignado=1709565459
2026-03-10 16:19:11.252 | INFO  | CID:N/A | [GestionInspeccion] PuedeGestionar=True para detalle. InspeccionId=2
2026-03-10 16:20:05.474 | INFO  | CID:7418e45e6b17 | Account/Login | Iniciando acción: Account/Login
2026-03-10 16:20:07.397 | INFO  | CID:7418e45e6b17 | Account/Login | Acción completada: Account/Login
2026-03-10 16:20:12.024 | INFO  | CID:dca566bd780e | USR:GACAJAS | Account/SeleccionarCompania | Iniciando acción: Account/SeleccionarCompania
2026-03-10 16:20:13.767 | INFO  | CID:dca566bd780e | USR:GACAJAS | Account/SeleccionarCompania | Acción completada: Account/SeleccionarCompania
2026-03-10 16:22:12.259 | INFO  | CID:4acc0853053f | USR:GACAJAS | SolicitudAOCR/FormularioCompleto | Iniciando acción: SolicitudAOCR/FormularioCompleto
2026-03-10 16:22:14.830 | INFO  | CID:4acc0853053f | USR:GACAJAS | SolicitudAOCR/FormularioCompleto | Acción completada: SolicitudAOCR/FormularioCompleto
2026-03-10 16:22:15.622 | ERROR | CID:3bf459181bc4 | USR:GACAJAS | SolicitudAOCR/Detalle | ERR:INTERNAL_ERROR | Palabra clave "using" inesperada después del carácter "@". Una vez dentro del código, no es necesario añadir prefijos a las construcciones, como "using" con "@".

    Exception: HttpParseException
    StackTrace:    en System.Web.WebPages.Razor.RazorBuildProvider.EnsureGeneratedCode()
   en System.Web.WebPages.Razor.RazorBuildProvider.get_CodeCompilerType()
   en System.Web.Compilation.BuildProvider.GetCompilerTypeFromBuildProvider(BuildProvider buildProvider)
   en System.Web.Compilation.BuildProvidersCompiler.ProcessBuildProviders()
   en System.Web.Compilation.BuildProvidersCompiler.PerformBuild()
   en System.Web.Compilation.BuildManager.CompileWebFile(VirtualPath virtualPath)
   en System.Web.Compilation.BuildManager.GetVPathBuildResultInternal(VirtualPath virtualPath, Boolean noBuild, Boolean allowCrossApp, Boolean allowBuildInPrecompile, Boolean throwIfNotFound, Boolean ensureIsUpToDate)
   en System.Web.Compilation.BuildManager.GetVPathBuildResultWithNoAssert(HttpContext context, VirtualPath virtualPath, Boolean noBuild, Boolean allowCrossApp, Boolean allowBuildInPrecompile, Boolean throwIfNotFound, Boolean ensureIsUpToDate)
   en System.Web.Compilation.BuildManager.GetVirtualPathObjectFactory(VirtualPath virtualPath, HttpContext context, Boolean allowCrossApp, Boolean throwIfNotFound)
   en System.Web.Compilation.BuildManager.GetCompiledType(VirtualPath virtualPath)
   en System.Web.Mvc.BuildManagerCompiledView.Render(ViewContext viewContext, TextWriter writer)
   en System.Web.Mvc.ViewResultBase.ExecuteResult(ControllerContext context)
   en System.Web.Mvc.ControllerActionInvoker.InvokeActionResultFilterRecursive(IList`1 filters, Int32 filterIndex, ResultExecutingContext preContext, ControllerContext controllerContext, ActionResult actionResult)
   en System.Web.Mvc.ControllerActionInvoker.InvokeActionResultFilterRecursive(IList`1 filters, Int32 filterIndex, ResultExecutingContext preContext, ControllerContext controllerContext, ActionResult actionResult)
   en System.Web.Mvc.ControllerActionInvoker.InvokeActionResultFilterRecursive(IList`1 filters, Int32 filterIndex, ResultExecutingContext preContext, ControllerContext controllerContext, ActionResult actionResult)
   en System.Web.Mvc.ControllerActionInvoker.InvokeActionResultFilterRecursive(IList`1 filters, Int32 filterIndex, ResultExecutingContext preContext, ControllerContext controllerContext, ActionResult actionResult)
   en System.Web.Mvc.ControllerActionInvoker.InvokeActionResultWithFilters(ControllerContext controllerContext, IList`1 filters, ActionResult actionResult)
   en System.Web.Mvc.Async.AsyncControllerActionInvoker.<>c__DisplayClass3_1.<BeginInvokeAction>b__1(IAsyncResult asyncResult)
