2026-01-30 19:50:32.405 | INFO  | CID:cda8e3340cb2 | Account/Login | Iniciando acción: Account/Login
2026-01-30 19:52:49.933 | INFO  | CID:N/A | Iniciando procesador de cola de correos
2026-01-30 19:52:50.473 | ERROR | CID:N/A | ERR:EMAIL_QUEUE_ERROR | Error de configuración de base de datos.
    Exception: DataAccessException
    StackTrace:    en CapaDatos.Infrastructure.BaseDAO.ExecuteWithConnection[T](Func`2 action) en C:\AOCR\AOCR\AOCR05-01-2026\AOCR1\AOCR\CapaDatos\Infrastructure\BaseDAO.cs:línea 68
   en CapaDatos.Services.EmailQueueService.<ObtenerSiguienteAsync>d__5.MoveNext() en C:\AOCR\AOCR\AOCR05-01-2026\AOCR1\AOCR\CapaDatos\Services\EmailQueueService.cs:línea 135
--- Fin del seguimiento de la pila de la ubicación anterior donde se produjo la excepción ---
   en System.Runtime.ExceptionServices.ExceptionDispatchInfo.Throw()
   en System.Runtime.CompilerServices.TaskAwaiter.HandleNonSuccessAndDebuggerNotification(Task task)
   en System.Runtime.CompilerServices.TaskAwaiter`1.GetResult()
   en CapaDatos.Services.EmailQueueProcessor.<ProcessQueueAsync>d__10.MoveNext() en C:\AOCR\AOCR\AOCR05-01-2026\AOCR1\AOCR\CapaDatos\Services\EmailQueueService.cs:línea 317
2026-01-30 19:52:58.872 | INFO  | CID:0e704a529aa4 | Account/Login | Iniciando acción: Account/Login
2026-01-30 19:52:59.404 | INFO  | CID:0e704a529aa4 | Account/Login | Acción completada: Account/Login
2026-01-30 19:53:29.453 | INFO  | CID:N/A | Iniciando procesador de cola de correos
2026-01-30 19:53:29.966 | ERROR | CID:N/A | ERR:EMAIL_QUEUE_ERROR | Error de configuración de base de datos.
    Exception: DataAccessException
    StackTrace:    en CapaDatos.Infrastructure.BaseDAO.ExecuteWithConnection[T](Func`2 action) en C:\AOCR\AOCR\AOCR05-01-2026\AOCR1\AOCR\CapaDatos\Infrastructure\BaseDAO.cs:línea 68
   en CapaDatos.Services.EmailQueueService.<ObtenerSiguienteAsync>d__5.MoveNext() en C:\AOCR\AOCR\AOCR05-01-2026\AOCR1\AOCR\CapaDatos\Services\EmailQueueService.cs:línea 135
--- Fin del seguimiento de la pila de la ubicación anterior donde se produjo la excepción ---
   en System.Runtime.ExceptionServices.ExceptionDispatchInfo.Throw()
   en System.Runtime.CompilerServices.TaskAwaiter.HandleNonSuccessAndDebuggerNotification(Task task)
   en System.Runtime.CompilerServices.TaskAwaiter`1.GetResult()
   en CapaDatos.Services.EmailQueueProcessor.<ProcessQueueAsync>d__10.MoveNext() en C:\AOCR\AOCR\AOCR05-01-2026\AOCR1\AOCR\CapaDatos\Services\EmailQueueService.cs:línea 317
2026-01-30 19:53:40.549 | INFO  | CID:90cd1580bfb7 | Account/Login | Iniciando acción: Account/Login
2026-01-30 19:53:40.840 | INFO  | CID:90cd1580bfb7 | Account/Login | Acción completada: Account/Login
2026-01-30 19:55:21.517 | INFO  | CID:N/A | Iniciando procesador de cola de correos
2026-01-30 19:55:22.456 | ERROR | CID:N/A | ERR:EMAIL_QUEUE_ERROR | Error de configuración de base de datos.
    Exception: DataAccessException
    StackTrace:    en CapaDatos.Infrastructure.BaseDAO.ExecuteWithConnection[T](Func`2 action) en C:\AOCR\AOCR\AOCR05-01-2026\AOCR1\AOCR\CapaDatos\Infrastructure\BaseDAO.cs:línea 68
   en CapaDatos.Services.EmailQueueService.<ObtenerSiguienteAsync>d__5.MoveNext() en C:\AOCR\AOCR\AOCR05-01-2026\AOCR1\AOCR\CapaDatos\Services\EmailQueueService.cs:línea 135
--- Fin del seguimiento de la pila de la ubicación anterior donde se produjo la excepción ---
   en System.Runtime.ExceptionServices.ExceptionDispatchInfo.Throw()
   en System.Runtime.CompilerServices.TaskAwaiter.HandleNonSuccessAndDebuggerNotification(Task task)
   en System.Runtime.CompilerServices.TaskAwaiter`1.GetResult()
   en CapaDatos.Services.EmailQueueProcessor.<ProcessQueueAsync>d__10.MoveNext() en C:\AOCR\AOCR\AOCR05-01-2026\AOCR1\AOCR\CapaDatos\Services\EmailQueueService.cs:línea 317
2026-01-30 19:55:28.233 | INFO  | CID:e01f6f7b597a | Account/Login | Iniciando acción: Account/Login
2026-01-30 19:55:28.799 | INFO  | CID:e01f6f7b597a | Account/Login | Acción completada: Account/Login
2026-01-30 19:57:14.921 | INFO  | CID:N/A | Iniciando procesador de cola de correos
2026-01-30 19:57:15.896 | ERROR | CID:N/A | ERR:EMAIL_QUEUE_ERROR | Error de configuración de base de datos.
    Exception: DataAccessException
    StackTrace:    en CapaDatos.Infrastructure.BaseDAO.ExecuteWithConnection[T](Func`2 action) en C:\AOCR\AOCR\AOCR05-01-2026\AOCR1\AOCR\CapaDatos\Infrastructure\BaseDAO.cs:línea 68
   en CapaDatos.Services.EmailQueueService.<ObtenerSiguienteAsync>d__5.MoveNext() en C:\AOCR\AOCR\AOCR05-01-2026\AOCR1\AOCR\CapaDatos\Services\EmailQueueService.cs:línea 135
--- Fin del seguimiento de la pila de la ubicación anterior donde se produjo la excepción ---
   en System.Runtime.ExceptionServices.ExceptionDispatchInfo.Throw()
   en System.Runtime.CompilerServices.TaskAwaiter.HandleNonSuccessAndDebuggerNotification(Task task)
   en System.Runtime.CompilerServices.TaskAwaiter`1.GetResult()
   en CapaDatos.Services.EmailQueueProcessor.<ProcessQueueAsync>d__10.MoveNext() en C:\AOCR\AOCR\AOCR05-01-2026\AOCR1\AOCR\CapaDatos\Services\EmailQueueService.cs:línea 317
2026-01-30 19:57:20.252 | INFO  | CID:d025f7634360 | Account/Login | Iniciando acción: Account/Login
2026-01-30 19:57:20.595 | INFO  | CID:d025f7634360 | Account/Login | Acción completada: Account/Login
2026-01-30 19:57:25.451 | ERROR | CID:126080b025f0 | USR:USU_ADMIN | OrdenRecaudacion/Obligatoria | ERR:BAD_REQUEST | El elemento de modelo pasado al diccionario es de tipo 'System.Collections.Generic.List`1[CapaDatos.Entidades.OrdenRecaudacion]', pero este diccionario requiere un elemento de modelo de tipo 'System.Collections.Generic.List`1[CapaPresentacion.Models.ViewModels.OrdenRecaudacionViewModel]'.
    Exception: InvalidOperationException
    StackTrace:    en System.Web.Mvc.ViewDataDictionary`1.SetModel(Object value)
   en System.Web.Mvc.ViewDataDictionary..ctor(ViewDataDictionary dictionary)
   en System.Web.Mvc.WebViewPage`1.SetViewData(ViewDataDictionary viewData)
   en System.Web.Mvc.RazorView.RenderView(ViewContext viewContext, TextWriter writer, Object instance)
   en System.Web.Mvc.ViewResultBase.ExecuteResult(ControllerContext context)
   en System.Web.Mvc.ControllerActionInvoker.InvokeActionResultFilterRecursive(IList`1 filters, Int32 filterIndex, ResultExecutingContext preContext, ControllerContext controllerContext, ActionResult actionResult)
   en System.Web.Mvc.ControllerActionInvoker.InvokeActionResultFilterRecursive(IList`1 filters, Int32 filterIndex, ResultExecutingContext preContext, ControllerContext controllerContext, ActionResult actionResult)
   en System.Web.Mvc.ControllerActionInvoker.InvokeActionResultFilterRecursive(IList`1 filters, Int32 filterIndex, ResultExecutingContext preContext, ControllerContext controllerContext, ActionResult actionResult)
   en System.Web.Mvc.ControllerActionInvoker.InvokeActionResultFilterRecursive(IList`1 filters, Int32 filterIndex, ResultExecutingContext preContext, ControllerContext controllerContext, ActionResult actionResult)
   en System.Web.Mvc.ControllerActionInvoker.InvokeActionResultWithFilters(ControllerContext controllerContext, IList`1 filters, ActionResult actionResult)
   en System.Web.Mvc.Async.AsyncControllerActionInvoker.<>c__DisplayClass3_1.<BeginInvokeAction>b__1(IAsyncResult asyncResult)
2026-01-30 19:57:45.974 | ERROR | CID:N/A | ERR:EMAIL_QUEUE_ERROR | Error de configuración de base de datos.
    Exception: DataAccessException
    StackTrace:    en CapaDatos.Infrastructure.BaseDAO.ExecuteWithConnection[T](Func`2 action) en C:\AOCR\AOCR\AOCR05-01-2026\AOCR1\AOCR\CapaDatos\Infrastructure\BaseDAO.cs:línea 68
   en CapaDatos.Services.EmailQueueService.<ObtenerSiguienteAsync>d__5.MoveNext() en C:\AOCR\AOCR\AOCR05-01-2026\AOCR1\AOCR\CapaDatos\Services\EmailQueueService.cs:línea 135
--- Fin del seguimiento de la pila de la ubicación anterior donde se produjo la excepción ---
   en System.Runtime.ExceptionServices.ExceptionDispatchInfo.Throw()
   en System.Runtime.CompilerServices.TaskAwaiter.HandleNonSuccessAndDebuggerNotification(Task task)
   en System.Runtime.CompilerServices.TaskAwaiter`1.GetResult()
   en CapaDatos.Services.EmailQueueProcessor.<ProcessQueueAsync>d__10.MoveNext() en C:\AOCR\AOCR\AOCR05-01-2026\AOCR1\AOCR\CapaDatos\Services\EmailQueueService.cs:línea 317
2026-01-30 19:58:16.032 | ERROR | CID:N/A | ERR:EMAIL_QUEUE_ERROR | Error de configuración de base de datos.
    Exception: DataAccessException
    StackTrace:    en CapaDatos.Infrastructure.BaseDAO.ExecuteWithConnection[T](Func`2 action) en C:\AOCR\AOCR\AOCR05-01-2026\AOCR1\AOCR\CapaDatos\Infrastructure\BaseDAO.cs:línea 68
   en CapaDatos.Services.EmailQueueService.<ObtenerSiguienteAsync>d__5.MoveNext() en C:\AOCR\AOCR\AOCR05-01-2026\AOCR1\AOCR\CapaDatos\Services\EmailQueueService.cs:línea 135
--- Fin del seguimiento de la pila de la ubicación anterior donde se produjo la excepción ---
   en System.Runtime.ExceptionServices.ExceptionDispatchInfo.Throw()
   en System.Runtime.CompilerServices.TaskAwaiter.HandleNonSuccessAndDebuggerNotification(Task task)
   en System.Runtime.CompilerServices.TaskAwaiter`1.GetResult()
   en CapaDatos.Services.EmailQueueProcessor.<ProcessQueueAsync>d__10.MoveNext() en C:\AOCR\AOCR\AOCR05-01-2026\AOCR1\AOCR\CapaDatos\Services\EmailQueueService.cs:línea 317
2026-01-30 19:58:40.957 | INFO  | CID:N/A | Deteniendo procesador de cola de correos
2026-01-30 20:00:36.914 | INFO  | CID:N/A | Iniciando procesador de cola de correos
2026-01-30 20:00:37.504 | ERROR | CID:N/A | ERR:EMAIL_QUEUE_ERROR | Error de configuración de base de datos.
    Exception: DataAccessException
    StackTrace:    en CapaDatos.Infrastructure.BaseDAO.ExecuteWithConnection[T](Func`2 action) en C:\AOCR\AOCR\AOCR05-01-2026\AOCR1\AOCR\CapaDatos\Infrastructure\BaseDAO.cs:línea 68
   en CapaDatos.Services.EmailQueueService.<ObtenerSiguienteAsync>d__5.MoveNext() en C:\AOCR\AOCR\AOCR05-01-2026\AOCR1\AOCR\CapaDatos\Services\EmailQueueService.cs:línea 136
--- Fin del seguimiento de la pila de la ubicación anterior donde se produjo la excepción ---
   en System.Runtime.ExceptionServices.ExceptionDispatchInfo.Throw()
   en System.Runtime.CompilerServices.TaskAwaiter.HandleNonSuccessAndDebuggerNotification(Task task)
   en System.Runtime.CompilerServices.TaskAwaiter`1.GetResult()
   en CapaDatos.Services.EmailQueueProcessor.<ProcessQueueAsync>d__10.MoveNext() en C:\AOCR\AOCR\AOCR05-01-2026\AOCR1\AOCR\CapaDatos\Services\EmailQueueService.cs:línea 332
2026-01-30 20:00:44.766 | INFO  | CID:4c395f2a58b4 | Account/Login | Iniciando acción: Account/Login
2026-01-30 20:00:45.053 | INFO  | CID:4c395f2a58b4 | Account/Login | Acción completada: Account/Login
2026-01-30 20:00:46.520 | ERROR | CID:2304a6330a78 | USR:USU_ADMIN | OrdenRecaudacion/Obligatoria | ERR:BAD_REQUEST | El elemento de modelo pasado al diccionario es de tipo 'System.Collections.Generic.List`1[CapaDatos.Entidades.OrdenRecaudacion]', pero este diccionario requiere un elemento de modelo de tipo 'System.Collections.Generic.List`1[CapaPresentacion.Models.ViewModels.OrdenRecaudacionViewModel]'.
    Exception: InvalidOperationException
    StackTrace:    en System.Web.Mvc.ViewDataDictionary`1.SetModel(Object value)
   en System.Web.Mvc.ViewDataDictionary..ctor(ViewDataDictionary dictionary)
   en System.Web.Mvc.WebViewPage`1.SetViewData(ViewDataDictionary viewData)
   en System.Web.Mvc.RazorView.RenderView(ViewContext viewContext, TextWriter writer, Object instance)
   en System.Web.Mvc.ViewResultBase.ExecuteResult(ControllerContext context)
   en System.Web.Mvc.ControllerActionInvoker.InvokeActionResultFilterRecursive(IList`1 filters, Int32 filterIndex, ResultExecutingContext preContext, ControllerContext controllerContext, ActionResult actionResult)
   en System.Web.Mvc.ControllerActionInvoker.InvokeActionResultFilterRecursive(IList`1 filters, Int32 filterIndex, ResultExecutingContext preContext, ControllerContext controllerContext, ActionResult actionResult)
   en System.Web.Mvc.ControllerActionInvoker.InvokeActionResultFilterRecursive(IList`1 filters, Int32 filterIndex, ResultExecutingContext preContext, ControllerContext controllerContext, ActionResult actionResult)
   en System.Web.Mvc.ControllerActionInvoker.InvokeActionResultFilterRecursive(IList`1 filters, Int32 filterIndex, ResultExecutingContext preContext, ControllerContext controllerContext, ActionResult actionResult)
   en System.Web.Mvc.ControllerActionInvoker.InvokeActionResultWithFilters(ControllerContext controllerContext, IList`1 filters, ActionResult actionResult)
   en System.Web.Mvc.Async.AsyncControllerActionInvoker.<>c__DisplayClass3_1.<BeginInvokeAction>b__1(IAsyncResult asyncResult)
2026-01-30 20:01:07.204 | ERROR | CID:cc0f13248cc3 | USR:USU_ADMIN | OrdenRecaudacion/Obligatoria | ERR:BAD_REQUEST | El elemento de modelo pasado al diccionario es de tipo 'System.Collections.Generic.List`1[CapaDatos.Entidades.OrdenRecaudacion]', pero este diccionario requiere un elemento de modelo de tipo 'System.Collections.Generic.List`1[CapaPresentacion.Models.ViewModels.OrdenRecaudacionViewModel]'.
    Exception: InvalidOperationException
    StackTrace:    en System.Web.Mvc.ViewDataDictionary`1.SetModel(Object value)
   en System.Web.Mvc.ViewDataDictionary..ctor(ViewDataDictionary dictionary)
   en System.Web.Mvc.WebViewPage`1.SetViewData(ViewDataDictionary viewData)
   en System.Web.Mvc.RazorView.RenderView(ViewContext viewContext, TextWriter writer, Object instance)
   en System.Web.Mvc.ViewResultBase.ExecuteResult(ControllerContext context)
   en System.Web.Mvc.ControllerActionInvoker.InvokeActionResultFilterRecursive(IList`1 filters, Int32 filterIndex, ResultExecutingContext preContext, ControllerContext controllerContext, ActionResult actionResult)
   en System.Web.Mvc.ControllerActionInvoker.InvokeActionResultFilterRecursive(IList`1 filters, Int32 filterIndex, ResultExecutingContext preContext, ControllerContext controllerContext, ActionResult actionResult)
   en System.Web.Mvc.ControllerActionInvoker.InvokeActionResultFilterRecursive(IList`1 filters, Int32 filterIndex, ResultExecutingContext preContext, ControllerContext controllerContext, ActionResult actionResult)
   en System.Web.Mvc.ControllerActionInvoker.InvokeActionResultFilterRecursive(IList`1 filters, Int32 filterIndex, ResultExecutingContext preContext, ControllerContext controllerContext, ActionResult actionResult)
   en System.Web.Mvc.ControllerActionInvoker.InvokeActionResultWithFilters(ControllerContext controllerContext, IList`1 filters, ActionResult actionResult)
   en System.Web.Mvc.Async.AsyncControllerActionInvoker.<>c__DisplayClass3_1.<BeginInvokeAction>b__1(IAsyncResult asyncResult)
2026-01-30 20:01:07.578 | ERROR | CID:N/A | ERR:EMAIL_QUEUE_ERROR | Error de configuración de base de datos.
    Exception: DataAccessException
    StackTrace:    en CapaDatos.Infrastructure.BaseDAO.ExecuteWithConnection[T](Func`2 action) en C:\AOCR\AOCR\AOCR05-01-2026\AOCR1\AOCR\CapaDatos\Infrastructure\BaseDAO.cs:línea 68
   en CapaDatos.Services.EmailQueueService.<ObtenerSiguienteAsync>d__5.MoveNext() en C:\AOCR\AOCR\AOCR05-01-2026\AOCR1\AOCR\CapaDatos\Services\EmailQueueService.cs:línea 136
--- Fin del seguimiento de la pila de la ubicación anterior donde se produjo la excepción ---
   en System.Runtime.ExceptionServices.ExceptionDispatchInfo.Throw()
   en System.Runtime.CompilerServices.TaskAwaiter.HandleNonSuccessAndDebuggerNotification(Task task)
   en System.Runtime.CompilerServices.TaskAwaiter`1.GetResult()
   en CapaDatos.Services.EmailQueueProcessor.<ProcessQueueAsync>d__10.MoveNext() en C:\AOCR\AOCR\AOCR05-01-2026\AOCR1\AOCR\CapaDatos\Services\EmailQueueService.cs:línea 332
2026-01-30 20:01:37.630 | ERROR | CID:N/A | ERR:EMAIL_QUEUE_ERROR | Error de configuración de base de datos.
    Exception: DataAccessException
    StackTrace:    en CapaDatos.Infrastructure.BaseDAO.ExecuteWithConnection[T](Func`2 action) en C:\AOCR\AOCR\AOCR05-01-2026\AOCR1\AOCR\CapaDatos\Infrastructure\BaseDAO.cs:línea 68
   en CapaDatos.Services.EmailQueueService.<ObtenerSiguienteAsync>d__5.MoveNext() en C:\AOCR\AOCR\AOCR05-01-2026\AOCR1\AOCR\CapaDatos\Services\EmailQueueService.cs:línea 136
--- Fin del seguimiento de la pila de la ubicación anterior donde se produjo la excepción ---
   en System.Runtime.ExceptionServices.ExceptionDispatchInfo.Throw()
   en System.Runtime.CompilerServices.TaskAwaiter.HandleNonSuccessAndDebuggerNotification(Task task)
   en System.Runtime.CompilerServices.TaskAwaiter`1.GetResult()
   en CapaDatos.Services.EmailQueueProcessor.<ProcessQueueAsync>d__10.MoveNext() en C:\AOCR\AOCR\AOCR05-01-2026\AOCR1\AOCR\CapaDatos\Services\EmailQueueService.cs:línea 332
2026-01-30 20:02:07.686 | ERROR | CID:N/A | ERR:EMAIL_QUEUE_ERROR | Error de configuración de base de datos.
    Exception: DataAccessException
    StackTrace:    en CapaDatos.Infrastructure.BaseDAO.ExecuteWithConnection[T](Func`2 action) en C:\AOCR\AOCR\AOCR05-01-2026\AOCR1\AOCR\CapaDatos\Infrastructure\BaseDAO.cs:línea 68
   en CapaDatos.Services.EmailQueueService.<ObtenerSiguienteAsync>d__5.MoveNext() en C:\AOCR\AOCR\AOCR05-01-2026\AOCR1\AOCR\CapaDatos\Services\EmailQueueService.cs:línea 136
--- Fin del seguimiento de la pila de la ubicación anterior donde se produjo la excepción ---
   en System.Runtime.ExceptionServices.ExceptionDispatchInfo.Throw()
   en System.Runtime.CompilerServices.TaskAwaiter.HandleNonSuccessAndDebuggerNotification(Task task)
   en System.Runtime.CompilerServices.TaskAwaiter`1.GetResult()
   en CapaDatos.Services.EmailQueueProcessor.<ProcessQueueAsync>d__10.MoveNext() en C:\AOCR\AOCR\AOCR05-01-2026\AOCR1\AOCR\CapaDatos\Services\EmailQueueService.cs:línea 332
2026-01-30 20:02:37.728 | ERROR | CID:N/A | ERR:EMAIL_QUEUE_ERROR | Error de configuración de base de datos.
    Exception: DataAccessException
    StackTrace:    en CapaDatos.Infrastructure.BaseDAO.ExecuteWithConnection[T](Func`2 action) en C:\AOCR\AOCR\AOCR05-01-2026\AOCR1\AOCR\CapaDatos\Infrastructure\BaseDAO.cs:línea 68
   en CapaDatos.Services.EmailQueueService.<ObtenerSiguienteAsync>d__5.MoveNext() en C:\AOCR\AOCR\AOCR05-01-2026\AOCR1\AOCR\CapaDatos\Services\EmailQueueService.cs:línea 136
--- Fin del seguimiento de la pila de la ubicación anterior donde se produjo la excepción ---
   en System.Runtime.ExceptionServices.ExceptionDispatchInfo.Throw()
   en System.Runtime.CompilerServices.TaskAwaiter.HandleNonSuccessAndDebuggerNotification(Task task)
   en System.Runtime.CompilerServices.TaskAwaiter`1.GetResult()
   en CapaDatos.Services.EmailQueueProcessor.<ProcessQueueAsync>d__10.MoveNext() en C:\AOCR\AOCR\AOCR05-01-2026\AOCR1\AOCR\CapaDatos\Services\EmailQueueService.cs:línea 332
2026-01-30 20:03:07.782 | ERROR | CID:N/A | ERR:EMAIL_QUEUE_ERROR | Error de configuración de base de datos.
    Exception: DataAccessException
    StackTrace:    en CapaDatos.Infrastructure.BaseDAO.ExecuteWithConnection[T](Func`2 action) en C:\AOCR\AOCR\AOCR05-01-2026\AOCR1\AOCR\CapaDatos\Infrastructure\BaseDAO.cs:línea 68
   en CapaDatos.Services.EmailQueueService.<ObtenerSiguienteAsync>d__5.MoveNext() en C:\AOCR\AOCR\AOCR05-01-2026\AOCR1\AOCR\CapaDatos\Services\EmailQueueService.cs:línea 136
--- Fin del seguimiento de la pila de la ubicación anterior donde se produjo la excepción ---
   en System.Runtime.ExceptionServices.ExceptionDispatchInfo.Throw()
   en System.Runtime.CompilerServices.TaskAwaiter.HandleNonSuccessAndDebuggerNotification(Task task)
   en System.Runtime.CompilerServices.TaskAwaiter`1.GetResult()
   en CapaDatos.Services.EmailQueueProcessor.<ProcessQueueAsync>d__10.MoveNext() en C:\AOCR\AOCR\AOCR05-01-2026\AOCR1\AOCR\CapaDatos\Services\EmailQueueService.cs:línea 332
2026-01-30 20:03:37.848 | ERROR | CID:N/A | ERR:EMAIL_QUEUE_ERROR | Error de configuración de base de datos.
    Exception: DataAccessException
    StackTrace:    en CapaDatos.Infrastructure.BaseDAO.ExecuteWithConnection[T](Func`2 action) en C:\AOCR\AOCR\AOCR05-01-2026\AOCR1\AOCR\CapaDatos\Infrastructure\BaseDAO.cs:línea 68
   en CapaDatos.Services.EmailQueueService.<ObtenerSiguienteAsync>d__5.MoveNext() en C:\AOCR\AOCR\AOCR05-01-2026\AOCR1\AOCR\CapaDatos\Services\EmailQueueService.cs:línea 136
--- Fin del seguimiento de la pila de la ubicación anterior donde se produjo la excepción ---
   en System.Runtime.ExceptionServices.ExceptionDispatchInfo.Throw()
   en System.Runtime.CompilerServices.TaskAwaiter.HandleNonSuccessAndDebuggerNotification(Task task)
   en System.Runtime.CompilerServices.TaskAwaiter`1.GetResult()
   en CapaDatos.Services.EmailQueueProcessor.<ProcessQueueAsync>d__10.MoveNext() en C:\AOCR\AOCR\AOCR05-01-2026\AOCR1\AOCR\CapaDatos\Services\EmailQueueService.cs:línea 332
2026-01-30 20:04:03.088 | INFO  | CID:N/A | Deteniendo procesador de cola de correos
2026-01-30 20:04:03.125 | INFO  | CID:N/A | Procesador de cola detenido correctamente
2026-01-30 20:04:03.126 | INFO  | CID:N/A | Deteniendo procesador de cola de correos
2026-01-30 20:04:03.142 | INFO  | CID:N/A | Procesador de cola detenido correctamente
2026-01-30 20:06:15.664 | INFO  | CID:N/A | Iniciando procesador de cola de correos
2026-01-30 20:06:16.225 | ERROR | CID:N/A | ERR:EMAIL_QUEUE_ERROR | Error de configuración de base de datos.
    Exception: DataAccessException
    StackTrace:    en CapaDatos.Infrastructure.BaseDAO.ExecuteWithConnection[T](Func`2 action) en C:\AOCR\AOCR\AOCR05-01-2026\AOCR1\AOCR\CapaDatos\Infrastructure\BaseDAO.cs:línea 68
   en CapaDatos.Services.EmailQueueService.<ObtenerSiguienteAsync>d__5.MoveNext() en C:\AOCR\AOCR\AOCR05-01-2026\AOCR1\AOCR\CapaDatos\Services\EmailQueueService.cs:línea 136
--- Fin del seguimiento de la pila de la ubicación anterior donde se produjo la excepción ---
   en System.Runtime.ExceptionServices.ExceptionDispatchInfo.Throw()
   en System.Runtime.CompilerServices.TaskAwaiter.HandleNonSuccessAndDebuggerNotification(Task task)
   en System.Runtime.CompilerServices.TaskAwaiter`1.GetResult()
   en CapaDatos.Services.EmailQueueProcessor.<ProcessQueueAsync>d__10.MoveNext() en C:\AOCR\AOCR\AOCR05-01-2026\AOCR1\AOCR\CapaDatos\Services\EmailQueueService.cs:línea 332
2026-01-30 20:06:22.569 | INFO  | CID:ac198631bd6f | Account/Login | Iniciando acción: Account/Login
2026-01-30 20:06:22.855 | INFO  | CID:ac198631bd6f | Account/Login | Acción completada: Account/Login
2026-01-30 20:06:24.288 | ERROR | CID:5f383e789a69 | USR:USU_ADMIN | OrdenRecaudacion/Obligatoria | ERR:BAD_REQUEST | El elemento de modelo pasado al diccionario es de tipo 'System.Collections.Generic.List`1[CapaDatos.Entidades.OrdenRecaudacion]', pero este diccionario requiere un elemento de modelo de tipo 'System.Collections.Generic.List`1[CapaPresentacion.Models.ViewModels.OrdenRecaudacionViewModel]'.
    Exception: InvalidOperationException
    StackTrace:    en System.Web.Mvc.ViewDataDictionary`1.SetModel(Object value)
   en System.Web.Mvc.ViewDataDictionary..ctor(ViewDataDictionary dictionary)
   en System.Web.Mvc.WebViewPage`1.SetViewData(ViewDataDictionary viewData)
   en System.Web.Mvc.RazorView.RenderView(ViewContext viewContext, TextWriter writer, Object instance)
   en System.Web.Mvc.ViewResultBase.ExecuteResult(ControllerContext context)
   en System.Web.Mvc.ControllerActionInvoker.InvokeActionResultFilterRecursive(IList`1 filters, Int32 filterIndex, ResultExecutingContext preContext, ControllerContext controllerContext, ActionResult actionResult)
   en System.Web.Mvc.ControllerActionInvoker.InvokeActionResultFilterRecursive(IList`1 filters, Int32 filterIndex, ResultExecutingContext preContext, ControllerContext controllerContext, ActionResult actionResult)
   en System.Web.Mvc.ControllerActionInvoker.InvokeActionResultFilterRecursive(IList`1 filters, Int32 filterIndex, ResultExecutingContext preContext, ControllerContext controllerContext, ActionResult actionResult)
   en System.Web.Mvc.ControllerActionInvoker.InvokeActionResultFilterRecursive(IList`1 filters, Int32 filterIndex, ResultExecutingContext preContext, ControllerContext controllerContext, ActionResult actionResult)
   en System.Web.Mvc.ControllerActionInvoker.InvokeActionResultWithFilters(ControllerContext controllerContext, IList`1 filters, ActionResult actionResult)
   en System.Web.Mvc.Async.AsyncControllerActionInvoker.<>c__DisplayClass3_1.<BeginInvokeAction>b__1(IAsyncResult asyncResult)
2026-01-30 20:06:46.302 | ERROR | CID:N/A | ERR:EMAIL_QUEUE_ERROR | Error de configuración de base de datos.
    Exception: DataAccessException
    StackTrace:    en CapaDatos.Infrastructure.BaseDAO.ExecuteWithConnection[T](Func`2 action) en C:\AOCR\AOCR\AOCR05-01-2026\AOCR1\AOCR\CapaDatos\Infrastructure\BaseDAO.cs:línea 68
   en CapaDatos.Services.EmailQueueService.<ObtenerSiguienteAsync>d__5.MoveNext() en C:\AOCR\AOCR\AOCR05-01-2026\AOCR1\AOCR\CapaDatos\Services\EmailQueueService.cs:línea 136
--- Fin del seguimiento de la pila de la ubicación anterior donde se produjo la excepción ---
   en System.Runtime.ExceptionServices.ExceptionDispatchInfo.Throw()
   en System.Runtime.CompilerServices.TaskAwaiter.HandleNonSuccessAndDebuggerNotification(Task task)
   en System.Runtime.CompilerServices.TaskAwaiter`1.GetResult()
   en CapaDatos.Services.EmailQueueProcessor.<ProcessQueueAsync>d__10.MoveNext() en C:\AOCR\AOCR\AOCR05-01-2026\AOCR1\AOCR\CapaDatos\Services\EmailQueueService.cs:línea 332
2026-01-30 20:07:16.350 | ERROR | CID:N/A | ERR:EMAIL_QUEUE_ERROR | Error de configuración de base de datos.
    Exception: DataAccessException
    StackTrace:    en CapaDatos.Infrastructure.BaseDAO.ExecuteWithConnection[T](Func`2 action) en C:\AOCR\AOCR\AOCR05-01-2026\AOCR1\AOCR\CapaDatos\Infrastructure\BaseDAO.cs:línea 68
   en CapaDatos.Services.EmailQueueService.<ObtenerSiguienteAsync>d__5.MoveNext() en C:\AOCR\AOCR\AOCR05-01-2026\AOCR1\AOCR\CapaDatos\Services\EmailQueueService.cs:línea 136
--- Fin del seguimiento de la pila de la ubicación anterior donde se produjo la excepción ---
   en System.Runtime.ExceptionServices.ExceptionDispatchInfo.Throw()
   en System.Runtime.CompilerServices.TaskAwaiter.HandleNonSuccessAndDebuggerNotification(Task task)
   en System.Runtime.CompilerServices.TaskAwaiter`1.GetResult()
   en CapaDatos.Services.EmailQueueProcessor.<ProcessQueueAsync>d__10.MoveNext() en C:\AOCR\AOCR\AOCR05-01-2026\AOCR1\AOCR\CapaDatos\Services\EmailQueueService.cs:línea 332
2026-01-30 20:07:46.419 | ERROR | CID:N/A | ERR:EMAIL_QUEUE_ERROR | Error de configuración de base de datos.
    Exception: DataAccessException
    StackTrace:    en CapaDatos.Infrastructure.BaseDAO.ExecuteWithConnection[T](Func`2 action) en C:\AOCR\AOCR\AOCR05-01-2026\AOCR1\AOCR\CapaDatos\Infrastructure\BaseDAO.cs:línea 68
   en CapaDatos.Services.EmailQueueService.<ObtenerSiguienteAsync>d__5.MoveNext() en C:\AOCR\AOCR\AOCR05-01-2026\AOCR1\AOCR\CapaDatos\Services\EmailQueueService.cs:línea 136
--- Fin del seguimiento de la pila de la ubicación anterior donde se produjo la excepción ---
   en System.Runtime.ExceptionServices.ExceptionDispatchInfo.Throw()
   en System.Runtime.CompilerServices.TaskAwaiter.HandleNonSuccessAndDebuggerNotification(Task task)
   en System.Runtime.CompilerServices.TaskAwaiter`1.GetResult()
   en CapaDatos.Services.EmailQueueProcessor.<ProcessQueueAsync>d__10.MoveNext() en C:\AOCR\AOCR\AOCR05-01-2026\AOCR1\AOCR\CapaDatos\Services\EmailQueueService.cs:línea 332
2026-01-30 20:08:16.466 | ERROR | CID:N/A | ERR:EMAIL_QUEUE_ERROR | Error de configuración de base de datos.
    Exception: DataAccessException
    StackTrace:    en CapaDatos.Infrastructure.BaseDAO.ExecuteWithConnection[T](Func`2 action) en C:\AOCR\AOCR\AOCR05-01-2026\AOCR1\AOCR\CapaDatos\Infrastructure\BaseDAO.cs:línea 68
   en CapaDatos.Services.EmailQueueService.<ObtenerSiguienteAsync>d__5.MoveNext() en C:\AOCR\AOCR\AOCR05-01-2026\AOCR1\AOCR\CapaDatos\Services\EmailQueueService.cs:línea 136
--- Fin del seguimiento de la pila de la ubicación anterior donde se produjo la excepción ---
   en System.Runtime.ExceptionServices.ExceptionDispatchInfo.Throw()
   en System.Runtime.CompilerServices.TaskAwaiter.HandleNonSuccessAndDebuggerNotification(Task task)
   en System.Runtime.CompilerServices.TaskAwaiter`1.GetResult()
   en CapaDatos.Services.EmailQueueProcessor.<ProcessQueueAsync>d__10.MoveNext() en C:\AOCR\AOCR\AOCR05-01-2026\AOCR1\AOCR\CapaDatos\Services\EmailQueueService.cs:línea 332
2026-01-30 20:08:44.490 | ERROR | CID:3f0ff5b825c3 | USR:USU_ADMIN | OrdenRecaudacion/Obligatoria | ERR:BAD_REQUEST | El elemento de modelo pasado al diccionario es de tipo 'System.Collections.Generic.List`1[CapaDatos.Entidades.OrdenRecaudacion]', pero este diccionario requiere un elemento de modelo de tipo 'System.Collections.Generic.List`1[CapaPresentacion.Models.ViewModels.OrdenRecaudacionViewModel]'.
    Exception: InvalidOperationException
    StackTrace:    en System.Web.Mvc.ViewDataDictionary`1.SetModel(Object value)
   en System.Web.Mvc.ViewDataDictionary..ctor(ViewDataDictionary dictionary)
   en System.Web.Mvc.WebViewPage`1.SetViewData(ViewDataDictionary viewData)
   en System.Web.Mvc.RazorView.RenderView(ViewContext viewContext, TextWriter writer, Object instance)
   en System.Web.Mvc.ViewResultBase.ExecuteResult(ControllerContext context)
   en System.Web.Mvc.ControllerActionInvoker.InvokeActionResultFilterRecursive(IList`1 filters, Int32 filterIndex, ResultExecutingContext preContext, ControllerContext controllerContext, ActionResult actionResult)
   en System.Web.Mvc.ControllerActionInvoker.InvokeActionResultFilterRecursive(IList`1 filters, Int32 filterIndex, ResultExecutingContext preContext, ControllerContext controllerContext, ActionResult actionResult)
   en System.Web.Mvc.ControllerActionInvoker.InvokeActionResultFilterRecursive(IList`1 filters, Int32 filterIndex, ResultExecutingContext preContext, ControllerContext controllerContext, ActionResult actionResult)
   en System.Web.Mvc.ControllerActionInvoker.InvokeActionResultFilterRecursive(IList`1 filters, Int32 filterIndex, ResultExecutingContext preContext, ControllerContext controllerContext, ActionResult actionResult)
   en System.Web.Mvc.ControllerActionInvoker.InvokeActionResultWithFilters(ControllerContext controllerContext, IList`1 filters, ActionResult actionResult)
   en System.Web.Mvc.Async.AsyncControllerActionInvoker.<>c__DisplayClass3_1.<BeginInvokeAction>b__1(IAsyncResult asyncResult)
2026-01-30 20:08:46.512 | ERROR | CID:N/A | ERR:EMAIL_QUEUE_ERROR | Error de configuración de base de datos.
    Exception: DataAccessException
    StackTrace:    en CapaDatos.Infrastructure.BaseDAO.ExecuteWithConnection[T](Func`2 action) en C:\AOCR\AOCR\AOCR05-01-2026\AOCR1\AOCR\CapaDatos\Infrastructure\BaseDAO.cs:línea 68
   en CapaDatos.Services.EmailQueueService.<ObtenerSiguienteAsync>d__5.MoveNext() en C:\AOCR\AOCR\AOCR05-01-2026\AOCR1\AOCR\CapaDatos\Services\EmailQueueService.cs:línea 136
--- Fin del seguimiento de la pila de la ubicación anterior donde se produjo la excepción ---
   en System.Runtime.ExceptionServices.ExceptionDispatchInfo.Throw()
   en System.Runtime.CompilerServices.TaskAwaiter.HandleNonSuccessAndDebuggerNotification(Task task)
   en System.Runtime.CompilerServices.TaskAwaiter`1.GetResult()
   en CapaDatos.Services.EmailQueueProcessor.<ProcessQueueAsync>d__10.MoveNext() en C:\AOCR\AOCR\AOCR05-01-2026\AOCR1\AOCR\CapaDatos\Services\EmailQueueService.cs:línea 332
2026-01-30 20:09:16.607 | ERROR | CID:N/A | ERR:EMAIL_QUEUE_ERROR | Error de configuración de base de datos.
    Exception: DataAccessException
    StackTrace:    en CapaDatos.Infrastructure.BaseDAO.ExecuteWithConnection[T](Func`2 action) en C:\AOCR\AOCR\AOCR05-01-2026\AOCR1\AOCR\CapaDatos\Infrastructure\BaseDAO.cs:línea 68
   en CapaDatos.Services.EmailQueueService.<ObtenerSiguienteAsync>d__5.MoveNext() en C:\AOCR\AOCR\AOCR05-01-2026\AOCR1\AOCR\CapaDatos\Services\EmailQueueService.cs:línea 136
--- Fin del seguimiento de la pila de la ubicación anterior donde se produjo la excepción ---
   en System.Runtime.ExceptionServices.ExceptionDispatchInfo.Throw()
   en System.Runtime.CompilerServices.TaskAwaiter.HandleNonSuccessAndDebuggerNotification(Task task)
   en System.Runtime.CompilerServices.TaskAwaiter`1.GetResult()
   en CapaDatos.Services.EmailQueueProcessor.<ProcessQueueAsync>d__10.MoveNext() en C:\AOCR\AOCR\AOCR05-01-2026\AOCR1\AOCR\CapaDatos\Services\EmailQueueService.cs:línea 332
2026-01-30 20:09:46.662 | ERROR | CID:N/A | ERR:EMAIL_QUEUE_ERROR | Error de configuración de base de datos.
    Exception: DataAccessException
    StackTrace:    en CapaDatos.Infrastructure.BaseDAO.ExecuteWithConnection[T](Func`2 action) en C:\AOCR\AOCR\AOCR05-01-2026\AOCR1\AOCR\CapaDatos\Infrastructure\BaseDAO.cs:línea 68
   en CapaDatos.Services.EmailQueueService.<ObtenerSiguienteAsync>d__5.MoveNext() en C:\AOCR\AOCR\AOCR05-01-2026\AOCR1\AOCR\CapaDatos\Services\EmailQueueService.cs:línea 136
--- Fin del seguimiento de la pila de la ubicación anterior donde se produjo la excepción ---
   en System.Runtime.ExceptionServices.ExceptionDispatchInfo.Throw()
   en System.Runtime.CompilerServices.TaskAwaiter.HandleNonSuccessAndDebuggerNotification(Task task)
   en System.Runtime.CompilerServices.TaskAwaiter`1.GetResult()
   en CapaDatos.Services.EmailQueueProcessor.<ProcessQueueAsync>d__10.MoveNext() en C:\AOCR\AOCR\AOCR05-01-2026\AOCR1\AOCR\CapaDatos\Services\EmailQueueService.cs:línea 332
2026-01-30 20:10:16.730 | ERROR | CID:N/A | ERR:EMAIL_QUEUE_ERROR | Error de configuración de base de datos.
    Exception: DataAccessException
    StackTrace:    en CapaDatos.Infrastructure.BaseDAO.ExecuteWithConnection[T](Func`2 action) en C:\AOCR\AOCR\AOCR05-01-2026\AOCR1\AOCR\CapaDatos\Infrastructure\BaseDAO.cs:línea 68
   en CapaDatos.Services.EmailQueueService.<ObtenerSiguienteAsync>d__5.MoveNext() en C:\AOCR\AOCR\AOCR05-01-2026\AOCR1\AOCR\CapaDatos\Services\EmailQueueService.cs:línea 136
--- Fin del seguimiento de la pila de la ubicación anterior donde se produjo la excepción ---
   en System.Runtime.ExceptionServices.ExceptionDispatchInfo.Throw()
   en System.Runtime.CompilerServices.TaskAwaiter.HandleNonSuccessAndDebuggerNotification(Task task)
   en System.Runtime.CompilerServices.TaskAwaiter`1.GetResult()
   en CapaDatos.Services.EmailQueueProcessor.<ProcessQueueAsync>d__10.MoveNext() en C:\AOCR\AOCR\AOCR05-01-2026\AOCR1\AOCR\CapaDatos\Services\EmailQueueService.cs:línea 332
2026-01-30 20:10:46.782 | ERROR | CID:N/A | ERR:EMAIL_QUEUE_ERROR | Error de configuración de base de datos.
    Exception: DataAccessException
    StackTrace:    en CapaDatos.Infrastructure.BaseDAO.ExecuteWithConnection[T](Func`2 action) en C:\AOCR\AOCR\AOCR05-01-2026\AOCR1\AOCR\CapaDatos\Infrastructure\BaseDAO.cs:línea 68
   en CapaDatos.Services.EmailQueueService.<ObtenerSiguienteAsync>d__5.MoveNext() en C:\AOCR\AOCR\AOCR05-01-2026\AOCR1\AOCR\CapaDatos\Services\EmailQueueService.cs:línea 136
--- Fin del seguimiento de la pila de la ubicación anterior donde se produjo la excepción ---
   en System.Runtime.ExceptionServices.ExceptionDispatchInfo.Throw()
   en System.Runtime.CompilerServices.TaskAwaiter.HandleNonSuccessAndDebuggerNotification(Task task)
   en System.Runtime.CompilerServices.TaskAwaiter`1.GetResult()
   en CapaDatos.Services.EmailQueueProcessor.<ProcessQueueAsync>d__10.MoveNext() en C:\AOCR\AOCR\AOCR05-01-2026\AOCR1\AOCR\CapaDatos\Services\EmailQueueService.cs:línea 332
2026-01-30 20:11:16.870 | ERROR | CID:N/A | ERR:EMAIL_QUEUE_ERROR | Error de configuración de base de datos.
    Exception: DataAccessException
    StackTrace:    en CapaDatos.Infrastructure.BaseDAO.ExecuteWithConnection[T](Func`2 action) en C:\AOCR\AOCR\AOCR05-01-2026\AOCR1\AOCR\CapaDatos\Infrastructure\BaseDAO.cs:línea 68
   en CapaDatos.Services.EmailQueueService.<ObtenerSiguienteAsync>d__5.MoveNext() en C:\AOCR\AOCR\AOCR05-01-2026\AOCR1\AOCR\CapaDatos\Services\EmailQueueService.cs:línea 136
--- Fin del seguimiento de la pila de la ubicación anterior donde se produjo la excepción ---
   en System.Runtime.ExceptionServices.ExceptionDispatchInfo.Throw()
   en System.Runtime.CompilerServices.TaskAwaiter.HandleNonSuccessAndDebuggerNotification(Task task)
   en System.Runtime.CompilerServices.TaskAwaiter`1.GetResult()
   en CapaDatos.Services.EmailQueueProcessor.<ProcessQueueAsync>d__10.MoveNext() en C:\AOCR\AOCR\AOCR05-01-2026\AOCR1\AOCR\CapaDatos\Services\EmailQueueService.cs:línea 332
2026-01-30 20:11:46.916 | ERROR | CID:N/A | ERR:EMAIL_QUEUE_ERROR | Error de configuración de base de datos.
    Exception: DataAccessException
    StackTrace:    en CapaDatos.Infrastructure.BaseDAO.ExecuteWithConnection[T](Func`2 action) en C:\AOCR\AOCR\AOCR05-01-2026\AOCR1\AOCR\CapaDatos\Infrastructure\BaseDAO.cs:línea 68
   en CapaDatos.Services.EmailQueueService.<ObtenerSiguienteAsync>d__5.MoveNext() en C:\AOCR\AOCR\AOCR05-01-2026\AOCR1\AOCR\CapaDatos\Services\EmailQueueService.cs:línea 136
--- Fin del seguimiento de la pila de la ubicación anterior donde se produjo la excepción ---
   en System.Runtime.ExceptionServices.ExceptionDispatchInfo.Throw()
   en System.Runtime.CompilerServices.TaskAwaiter.HandleNonSuccessAndDebuggerNotification(Task task)
   en System.Runtime.CompilerServices.TaskAwaiter`1.GetResult()
   en CapaDatos.Services.EmailQueueProcessor.<ProcessQueueAsync>d__10.MoveNext() en C:\AOCR\AOCR\AOCR05-01-2026\AOCR1\AOCR\CapaDatos\Services\EmailQueueService.cs:línea 332
2026-01-30 20:12:16.983 | ERROR | CID:N/A | ERR:EMAIL_QUEUE_ERROR | Error de configuración de base de datos.
    Exception: DataAccessException
    StackTrace:    en CapaDatos.Infrastructure.BaseDAO.ExecuteWithConnection[T](Func`2 action) en C:\AOCR\AOCR\AOCR05-01-2026\AOCR1\AOCR\CapaDatos\Infrastructure\BaseDAO.cs:línea 68
   en CapaDatos.Services.EmailQueueService.<ObtenerSiguienteAsync>d__5.MoveNext() en C:\AOCR\AOCR\AOCR05-01-2026\AOCR1\AOCR\CapaDatos\Services\EmailQueueService.cs:línea 136
--- Fin del seguimiento de la pila de la ubicación anterior donde se produjo la excepción ---
   en System.Runtime.ExceptionServices.ExceptionDispatchInfo.Throw()
   en System.Runtime.CompilerServices.TaskAwaiter.HandleNonSuccessAndDebuggerNotification(Task task)
   en System.Runtime.CompilerServices.TaskAwaiter`1.GetResult()
   en CapaDatos.Services.EmailQueueProcessor.<ProcessQueueAsync>d__10.MoveNext() en C:\AOCR\AOCR\AOCR05-01-2026\AOCR1\AOCR\CapaDatos\Services\EmailQueueService.cs:línea 332
2026-01-30 20:12:47.038 | ERROR | CID:N/A | ERR:EMAIL_QUEUE_ERROR | Error de configuración de base de datos.
    Exception: DataAccessException
    StackTrace:    en CapaDatos.Infrastructure.BaseDAO.ExecuteWithConnection[T](Func`2 action) en C:\AOCR\AOCR\AOCR05-01-2026\AOCR1\AOCR\CapaDatos\Infrastructure\BaseDAO.cs:línea 68
   en CapaDatos.Services.EmailQueueService.<ObtenerSiguienteAsync>d__5.MoveNext() en C:\AOCR\AOCR\AOCR05-01-2026\AOCR1\AOCR\CapaDatos\Services\EmailQueueService.cs:línea 136
--- Fin del seguimiento de la pila de la ubicación anterior donde se produjo la excepción ---
   en System.Runtime.ExceptionServices.ExceptionDispatchInfo.Throw()
   en System.Runtime.CompilerServices.TaskAwaiter.HandleNonSuccessAndDebuggerNotification(Task task)
   en System.Runtime.CompilerServices.TaskAwaiter`1.GetResult()
   en CapaDatos.Services.EmailQueueProcessor.<ProcessQueueAsync>d__10.MoveNext() en C:\AOCR\AOCR\AOCR05-01-2026\AOCR1\AOCR\CapaDatos\Services\EmailQueueService.cs:línea 332
2026-01-30 20:13:17.088 | ERROR | CID:N/A | ERR:EMAIL_QUEUE_ERROR | Error de configuración de base de datos.
    Exception: DataAccessException
    StackTrace:    en CapaDatos.Infrastructure.BaseDAO.ExecuteWithConnection[T](Func`2 action) en C:\AOCR\AOCR\AOCR05-01-2026\AOCR1\AOCR\CapaDatos\Infrastructure\BaseDAO.cs:línea 68
   en CapaDatos.Services.EmailQueueService.<ObtenerSiguienteAsync>d__5.MoveNext() en C:\AOCR\AOCR\AOCR05-01-2026\AOCR1\AOCR\CapaDatos\Services\EmailQueueService.cs:línea 136
--- Fin del seguimiento de la pila de la ubicación anterior donde se produjo la excepción ---
   en System.Runtime.ExceptionServices.ExceptionDispatchInfo.Throw()
   en System.Runtime.CompilerServices.TaskAwaiter.HandleNonSuccessAndDebuggerNotification(Task task)
   en System.Runtime.CompilerServices.TaskAwaiter`1.GetResult()
   en CapaDatos.Services.EmailQueueProcessor.<ProcessQueueAsync>d__10.MoveNext() en C:\AOCR\AOCR\AOCR05-01-2026\AOCR1\AOCR\CapaDatos\Services\EmailQueueService.cs:línea 332
2026-01-30 20:13:47.142 | ERROR | CID:N/A | ERR:EMAIL_QUEUE_ERROR | Error de configuración de base de datos.
    Exception: DataAccessException
    StackTrace:    en CapaDatos.Infrastructure.BaseDAO.ExecuteWithConnection[T](Func`2 action) en C:\AOCR\AOCR\AOCR05-01-2026\AOCR1\AOCR\CapaDatos\Infrastructure\BaseDAO.cs:línea 68
   en CapaDatos.Services.EmailQueueService.<ObtenerSiguienteAsync>d__5.MoveNext() en C:\AOCR\AOCR\AOCR05-01-2026\AOCR1\AOCR\CapaDatos\Services\EmailQueueService.cs:línea 136
--- Fin del seguimiento de la pila de la ubicación anterior donde se produjo la excepción ---
   en System.Runtime.ExceptionServices.ExceptionDispatchInfo.Throw()
   en System.Runtime.CompilerServices.TaskAwaiter.HandleNonSuccessAndDebuggerNotification(Task task)
   en System.Runtime.CompilerServices.TaskAwaiter`1.GetResult()
   en CapaDatos.Services.EmailQueueProcessor.<ProcessQueueAsync>d__10.MoveNext() en C:\AOCR\AOCR\AOCR05-01-2026\AOCR1\AOCR\CapaDatos\Services\EmailQueueService.cs:línea 332
2026-01-30 20:14:17.194 | ERROR | CID:N/A | ERR:EMAIL_QUEUE_ERROR | Error de configuración de base de datos.
    Exception: DataAccessException
    StackTrace:    en CapaDatos.Infrastructure.BaseDAO.ExecuteWithConnection[T](Func`2 action) en C:\AOCR\AOCR\AOCR05-01-2026\AOCR1\AOCR\CapaDatos\Infrastructure\BaseDAO.cs:línea 68
   en CapaDatos.Services.EmailQueueService.<ObtenerSiguienteAsync>d__5.MoveNext() en C:\AOCR\AOCR\AOCR05-01-2026\AOCR1\AOCR\CapaDatos\Services\EmailQueueService.cs:línea 136
--- Fin del seguimiento de la pila de la ubicación anterior donde se produjo la excepción ---
   en System.Runtime.ExceptionServices.ExceptionDispatchInfo.Throw()
   en System.Runtime.CompilerServices.TaskAwaiter.HandleNonSuccessAndDebuggerNotification(Task task)
   en System.Runtime.CompilerServices.TaskAwaiter`1.GetResult()
   en CapaDatos.Services.EmailQueueProcessor.<ProcessQueueAsync>d__10.MoveNext() en C:\AOCR\AOCR\AOCR05-01-2026\AOCR1\AOCR\CapaDatos\Services\EmailQueueService.cs:línea 332
2026-01-30 20:14:47.252 | ERROR | CID:N/A | ERR:EMAIL_QUEUE_ERROR | Error de configuración de base de datos.
    Exception: DataAccessException
    StackTrace:    en CapaDatos.Infrastructure.BaseDAO.ExecuteWithConnection[T](Func`2 action) en C:\AOCR\AOCR\AOCR05-01-2026\AOCR1\AOCR\CapaDatos\Infrastructure\BaseDAO.cs:línea 68
   en CapaDatos.Services.EmailQueueService.<ObtenerSiguienteAsync>d__5.MoveNext() en C:\AOCR\AOCR\AOCR05-01-2026\AOCR1\AOCR\CapaDatos\Services\EmailQueueService.cs:línea 136
--- Fin del seguimiento de la pila de la ubicación anterior donde se produjo la excepción ---
   en System.Runtime.ExceptionServices.ExceptionDispatchInfo.Throw()
   en System.Runtime.CompilerServices.TaskAwaiter.HandleNonSuccessAndDebuggerNotification(Task task)
   en System.Runtime.CompilerServices.TaskAwaiter`1.GetResult()
   en CapaDatos.Services.EmailQueueProcessor.<ProcessQueueAsync>d__10.MoveNext() en C:\AOCR\AOCR\AOCR05-01-2026\AOCR1\AOCR\CapaDatos\Services\EmailQueueService.cs:línea 332
2026-01-30 20:15:17.302 | ERROR | CID:N/A | ERR:EMAIL_QUEUE_ERROR | Error de configuración de base de datos.
    Exception: DataAccessException
    StackTrace:    en CapaDatos.Infrastructure.BaseDAO.ExecuteWithConnection[T](Func`2 action) en C:\AOCR\AOCR\AOCR05-01-2026\AOCR1\AOCR\CapaDatos\Infrastructure\BaseDAO.cs:línea 68
   en CapaDatos.Services.EmailQueueService.<ObtenerSiguienteAsync>d__5.MoveNext() en C:\AOCR\AOCR\AOCR05-01-2026\AOCR1\AOCR\CapaDatos\Services\EmailQueueService.cs:línea 136
--- Fin del seguimiento de la pila de la ubicación anterior donde se produjo la excepción ---
   en System.Runtime.ExceptionServices.ExceptionDispatchInfo.Throw()
   en System.Runtime.CompilerServices.TaskAwaiter.HandleNonSuccessAndDebuggerNotification(Task task)
   en System.Runtime.CompilerServices.TaskAwaiter`1.GetResult()
   en CapaDatos.Services.EmailQueueProcessor.<ProcessQueueAsync>d__10.MoveNext() en C:\AOCR\AOCR\AOCR05-01-2026\AOCR1\AOCR\CapaDatos\Services\EmailQueueService.cs:línea 332
2026-01-30 20:15:47.354 | ERROR | CID:N/A | ERR:EMAIL_QUEUE_ERROR | Error de configuración de base de datos.
    Exception: DataAccessException
    StackTrace:    en CapaDatos.Infrastructure.BaseDAO.ExecuteWithConnection[T](Func`2 action) en C:\AOCR\AOCR\AOCR05-01-2026\AOCR1\AOCR\CapaDatos\Infrastructure\BaseDAO.cs:línea 68
   en CapaDatos.Services.EmailQueueService.<ObtenerSiguienteAsync>d__5.MoveNext() en C:\AOCR\AOCR\AOCR05-01-2026\AOCR1\AOCR\CapaDatos\Services\EmailQueueService.cs:línea 136
--- Fin del seguimiento de la pila de la ubicación anterior donde se produjo la excepción ---
   en System.Runtime.ExceptionServices.ExceptionDispatchInfo.Throw()
   en System.Runtime.CompilerServices.TaskAwaiter.HandleNonSuccessAndDebuggerNotification(Task task)
   en System.Runtime.CompilerServices.TaskAwaiter`1.GetResult()
   en CapaDatos.Services.EmailQueueProcessor.<ProcessQueueAsync>d__10.MoveNext() en C:\AOCR\AOCR\AOCR05-01-2026\AOCR1\AOCR\CapaDatos\Services\EmailQueueService.cs:línea 332
2026-01-30 20:16:17.423 | ERROR | CID:N/A | ERR:EMAIL_QUEUE_ERROR | Error de configuración de base de datos.
    Exception: DataAccessException
    StackTrace:    en CapaDatos.Infrastructure.BaseDAO.ExecuteWithConnection[T](Func`2 action) en C:\AOCR\AOCR\AOCR05-01-2026\AOCR1\AOCR\CapaDatos\Infrastructure\BaseDAO.cs:línea 68
   en CapaDatos.Services.EmailQueueService.<ObtenerSiguienteAsync>d__5.MoveNext() en C:\AOCR\AOCR\AOCR05-01-2026\AOCR1\AOCR\CapaDatos\Services\EmailQueueService.cs:línea 136
--- Fin del seguimiento de la pila de la ubicación anterior donde se produjo la excepción ---
   en System.Runtime.ExceptionServices.ExceptionDispatchInfo.Throw()
   en System.Runtime.CompilerServices.TaskAwaiter.HandleNonSuccessAndDebuggerNotification(Task task)
   en System.Runtime.CompilerServices.TaskAwaiter`1.GetResult()
   en CapaDatos.Services.EmailQueueProcessor.<ProcessQueueAsync>d__10.MoveNext() en C:\AOCR\AOCR\AOCR05-01-2026\AOCR1\AOCR\CapaDatos\Services\EmailQueueService.cs:línea 332
2026-01-30 20:16:47.475 | ERROR | CID:N/A | ERR:EMAIL_QUEUE_ERROR | Error de configuración de base de datos.
    Exception: DataAccessException
    StackTrace:    en CapaDatos.Infrastructure.BaseDAO.ExecuteWithConnection[T](Func`2 action) en C:\AOCR\AOCR\AOCR05-01-2026\AOCR1\AOCR\CapaDatos\Infrastructure\BaseDAO.cs:línea 68
   en CapaDatos.Services.EmailQueueService.<ObtenerSiguienteAsync>d__5.MoveNext() en C:\AOCR\AOCR\AOCR05-01-2026\AOCR1\AOCR\CapaDatos\Services\EmailQueueService.cs:línea 136
--- Fin del seguimiento de la pila de la ubicación anterior donde se produjo la excepción ---
   en System.Runtime.ExceptionServices.ExceptionDispatchInfo.Throw()
   en System.Runtime.CompilerServices.TaskAwaiter.HandleNonSuccessAndDebuggerNotification(Task task)
   en System.Runtime.CompilerServices.TaskAwaiter`1.GetResult()
   en CapaDatos.Services.EmailQueueProcessor.<ProcessQueueAsync>d__10.MoveNext() en C:\AOCR\AOCR\AOCR05-01-2026\AOCR1\AOCR\CapaDatos\Services\EmailQueueService.cs:línea 332
2026-01-30 20:17:17.533 | ERROR | CID:N/A | ERR:EMAIL_QUEUE_ERROR | Error de configuración de base de datos.
    Exception: DataAccessException
    StackTrace:    en CapaDatos.Infrastructure.BaseDAO.ExecuteWithConnection[T](Func`2 action) en C:\AOCR\AOCR\AOCR05-01-2026\AOCR1\AOCR\CapaDatos\Infrastructure\BaseDAO.cs:línea 68
   en CapaDatos.Services.EmailQueueService.<ObtenerSiguienteAsync>d__5.MoveNext() en C:\AOCR\AOCR\AOCR05-01-2026\AOCR1\AOCR\CapaDatos\Services\EmailQueueService.cs:línea 136
--- Fin del seguimiento de la pila de la ubicación anterior donde se produjo la excepción ---
   en System.Runtime.ExceptionServices.ExceptionDispatchInfo.Throw()
   en System.Runtime.CompilerServices.TaskAwaiter.HandleNonSuccessAndDebuggerNotification(Task task)
   en System.Runtime.CompilerServices.TaskAwaiter`1.GetResult()
   en CapaDatos.Services.EmailQueueProcessor.<ProcessQueueAsync>d__10.MoveNext() en C:\AOCR\AOCR\AOCR05-01-2026\AOCR1\AOCR\CapaDatos\Services\EmailQueueService.cs:línea 332
2026-01-30 20:17:47.587 | ERROR | CID:N/A | ERR:EMAIL_QUEUE_ERROR | Error de configuración de base de datos.
    Exception: DataAccessException
    StackTrace:    en CapaDatos.Infrastructure.BaseDAO.ExecuteWithConnection[T](Func`2 action) en C:\AOCR\AOCR\AOCR05-01-2026\AOCR1\AOCR\CapaDatos\Infrastructure\BaseDAO.cs:línea 68
   en CapaDatos.Services.EmailQueueService.<ObtenerSiguienteAsync>d__5.MoveNext() en C:\AOCR\AOCR\AOCR05-01-2026\AOCR1\AOCR\CapaDatos\Services\EmailQueueService.cs:línea 136
--- Fin del seguimiento de la pila de la ubicación anterior donde se produjo la excepción ---
   en System.Runtime.ExceptionServices.ExceptionDispatchInfo.Throw()
   en System.Runtime.CompilerServices.TaskAwaiter.HandleNonSuccessAndDebuggerNotification(Task task)
   en System.Runtime.CompilerServices.TaskAwaiter`1.GetResult()
   en CapaDatos.Services.EmailQueueProcessor.<ProcessQueueAsync>d__10.MoveNext() en C:\AOCR\AOCR\AOCR05-01-2026\AOCR1\AOCR\CapaDatos\Services\EmailQueueService.cs:línea 332
2026-01-30 20:18:17.641 | ERROR | CID:N/A | ERR:EMAIL_QUEUE_ERROR | Error de configuración de base de datos.
    Exception: DataAccessException
    StackTrace:    en CapaDatos.Infrastructure.BaseDAO.ExecuteWithConnection[T](Func`2 action) en C:\AOCR\AOCR\AOCR05-01-2026\AOCR1\AOCR\CapaDatos\Infrastructure\BaseDAO.cs:línea 68
   en CapaDatos.Services.EmailQueueService.<ObtenerSiguienteAsync>d__5.MoveNext() en C:\AOCR\AOCR\AOCR05-01-2026\AOCR1\AOCR\CapaDatos\Services\EmailQueueService.cs:línea 136
--- Fin del seguimiento de la pila de la ubicación anterior donde se produjo la excepción ---
   en System.Runtime.ExceptionServices.ExceptionDispatchInfo.Throw()
   en System.Runtime.CompilerServices.TaskAwaiter.HandleNonSuccessAndDebuggerNotification(Task task)
   en System.Runtime.CompilerServices.TaskAwaiter`1.GetResult()
   en CapaDatos.Services.EmailQueueProcessor.<ProcessQueueAsync>d__10.MoveNext() en C:\AOCR\AOCR\AOCR05-01-2026\AOCR1\AOCR\CapaDatos\Services\EmailQueueService.cs:línea 332
2026-01-30 20:18:47.690 | ERROR | CID:N/A | ERR:EMAIL_QUEUE_ERROR | Error de configuración de base de datos.
    Exception: DataAccessException
    StackTrace:    en CapaDatos.Infrastructure.BaseDAO.ExecuteWithConnection[T](Func`2 action) en C:\AOCR\AOCR\AOCR05-01-2026\AOCR1\AOCR\CapaDatos\Infrastructure\BaseDAO.cs:línea 68
   en CapaDatos.Services.EmailQueueService.<ObtenerSiguienteAsync>d__5.MoveNext() en C:\AOCR\AOCR\AOCR05-01-2026\AOCR1\AOCR\CapaDatos\Services\EmailQueueService.cs:línea 136
--- Fin del seguimiento de la pila de la ubicación anterior donde se produjo la excepción ---
   en System.Runtime.ExceptionServices.ExceptionDispatchInfo.Throw()
   en System.Runtime.CompilerServices.TaskAwaiter.HandleNonSuccessAndDebuggerNotification(Task task)
   en System.Runtime.CompilerServices.TaskAwaiter`1.GetResult()
   en CapaDatos.Services.EmailQueueProcessor.<ProcessQueueAsync>d__10.MoveNext() en C:\AOCR\AOCR\AOCR05-01-2026\AOCR1\AOCR\CapaDatos\Services\EmailQueueService.cs:línea 332
2026-01-30 20:19:17.734 | ERROR | CID:N/A | ERR:EMAIL_QUEUE_ERROR | Error de configuración de base de datos.
    Exception: DataAccessException
    StackTrace:    en CapaDatos.Infrastructure.BaseDAO.ExecuteWithConnection[T](Func`2 action) en C:\AOCR\AOCR\AOCR05-01-2026\AOCR1\AOCR\CapaDatos\Infrastructure\BaseDAO.cs:línea 68
   en CapaDatos.Services.EmailQueueService.<ObtenerSiguienteAsync>d__5.MoveNext() en C:\AOCR\AOCR\AOCR05-01-2026\AOCR1\AOCR\CapaDatos\Services\EmailQueueService.cs:línea 136
--- Fin del seguimiento de la pila de la ubicación anterior donde se produjo la excepción ---
   en System.Runtime.ExceptionServices.ExceptionDispatchInfo.Throw()
   en System.Runtime.CompilerServices.TaskAwaiter.HandleNonSuccessAndDebuggerNotification(Task task)
   en System.Runtime.CompilerServices.TaskAwaiter`1.GetResult()
   en CapaDatos.Services.EmailQueueProcessor.<ProcessQueueAsync>d__10.MoveNext() en C:\AOCR\AOCR\AOCR05-01-2026\AOCR1\AOCR\CapaDatos\Services\EmailQueueService.cs:línea 332
2026-01-30 20:19:47.786 | ERROR | CID:N/A | ERR:EMAIL_QUEUE_ERROR | Error de configuración de base de datos.
    Exception: DataAccessException
    StackTrace:    en CapaDatos.Infrastructure.BaseDAO.ExecuteWithConnection[T](Func`2 action) en C:\AOCR\AOCR\AOCR05-01-2026\AOCR1\AOCR\CapaDatos\Infrastructure\BaseDAO.cs:línea 68
   en CapaDatos.Services.EmailQueueService.<ObtenerSiguienteAsync>d__5.MoveNext() en C:\AOCR\AOCR\AOCR05-01-2026\AOCR1\AOCR\CapaDatos\Services\EmailQueueService.cs:línea 136
--- Fin del seguimiento de la pila de la ubicación anterior donde se produjo la excepción ---
   en System.Runtime.ExceptionServices.ExceptionDispatchInfo.Throw()
   en System.Runtime.CompilerServices.TaskAwaiter.HandleNonSuccessAndDebuggerNotification(Task task)
   en System.Runtime.CompilerServices.TaskAwaiter`1.GetResult()
   en CapaDatos.Services.EmailQueueProcessor.<ProcessQueueAsync>d__10.MoveNext() en C:\AOCR\AOCR\AOCR05-01-2026\AOCR1\AOCR\CapaDatos\Services\EmailQueueService.cs:línea 332
2026-01-30 20:20:17.843 | ERROR | CID:N/A | ERR:EMAIL_QUEUE_ERROR | Error de configuración de base de datos.
    Exception: DataAccessException
    StackTrace:    en CapaDatos.Infrastructure.BaseDAO.ExecuteWithConnection[T](Func`2 action) en C:\AOCR\AOCR\AOCR05-01-2026\AOCR1\AOCR\CapaDatos\Infrastructure\BaseDAO.cs:línea 68
   en CapaDatos.Services.EmailQueueService.<ObtenerSiguienteAsync>d__5.MoveNext() en C:\AOCR\AOCR\AOCR05-01-2026\AOCR1\AOCR\CapaDatos\Services\EmailQueueService.cs:línea 136
--- Fin del seguimiento de la pila de la ubicación anterior donde se produjo la excepción ---
   en System.Runtime.ExceptionServices.ExceptionDispatchInfo.Throw()
   en System.Runtime.CompilerServices.TaskAwaiter.HandleNonSuccessAndDebuggerNotification(Task task)
   en System.Runtime.CompilerServices.TaskAwaiter`1.GetResult()
   en CapaDatos.Services.EmailQueueProcessor.<ProcessQueueAsync>d__10.MoveNext() en C:\AOCR\AOCR\AOCR05-01-2026\AOCR1\AOCR\CapaDatos\Services\EmailQueueService.cs:línea 332
2026-01-30 20:20:47.900 | ERROR | CID:N/A | ERR:EMAIL_QUEUE_ERROR | Error de configuración de base de datos.
    Exception: DataAccessException
    StackTrace:    en CapaDatos.Infrastructure.BaseDAO.ExecuteWithConnection[T](Func`2 action) en C:\AOCR\AOCR\AOCR05-01-2026\AOCR1\AOCR\CapaDatos\Infrastructure\BaseDAO.cs:línea 68
   en CapaDatos.Services.EmailQueueService.<ObtenerSiguienteAsync>d__5.MoveNext() en C:\AOCR\AOCR\AOCR05-01-2026\AOCR1\AOCR\CapaDatos\Services\EmailQueueService.cs:línea 136
--- Fin del seguimiento de la pila de la ubicación anterior donde se produjo la excepción ---
   en System.Runtime.ExceptionServices.ExceptionDispatchInfo.Throw()
   en System.Runtime.CompilerServices.TaskAwaiter.HandleNonSuccessAndDebuggerNotification(Task task)
   en System.Runtime.CompilerServices.TaskAwaiter`1.GetResult()
   en CapaDatos.Services.EmailQueueProcessor.<ProcessQueueAsync>d__10.MoveNext() en C:\AOCR\AOCR\AOCR05-01-2026\AOCR1\AOCR\CapaDatos\Services\EmailQueueService.cs:línea 332
2026-01-30 20:21:17.960 | ERROR | CID:N/A | ERR:EMAIL_QUEUE_ERROR | Error de configuración de base de datos.
    Exception: DataAccessException
    StackTrace:    en CapaDatos.Infrastructure.BaseDAO.ExecuteWithConnection[T](Func`2 action) en C:\AOCR\AOCR\AOCR05-01-2026\AOCR1\AOCR\CapaDatos\Infrastructure\BaseDAO.cs:línea 68
   en CapaDatos.Services.EmailQueueService.<ObtenerSiguienteAsync>d__5.MoveNext() en C:\AOCR\AOCR\AOCR05-01-2026\AOCR1\AOCR\CapaDatos\Services\EmailQueueService.cs:línea 136
--- Fin del seguimiento de la pila de la ubicación anterior donde se produjo la excepción ---
   en System.Runtime.ExceptionServices.ExceptionDispatchInfo.Throw()
   en System.Runtime.CompilerServices.TaskAwaiter.HandleNonSuccessAndDebuggerNotification(Task task)
   en System.Runtime.CompilerServices.TaskAwaiter`1.GetResult()
   en CapaDatos.Services.EmailQueueProcessor.<ProcessQueueAsync>d__10.MoveNext() en C:\AOCR\AOCR\AOCR05-01-2026\AOCR1\AOCR\CapaDatos\Services\EmailQueueService.cs:línea 332
2026-01-30 20:21:48.023 | ERROR | CID:N/A | ERR:EMAIL_QUEUE_ERROR | Error de configuración de base de datos.
    Exception: DataAccessException
    StackTrace:    en CapaDatos.Infrastructure.BaseDAO.ExecuteWithConnection[T](Func`2 action) en C:\AOCR\AOCR\AOCR05-01-2026\AOCR1\AOCR\CapaDatos\Infrastructure\BaseDAO.cs:línea 68
   en CapaDatos.Services.EmailQueueService.<ObtenerSiguienteAsync>d__5.MoveNext() en C:\AOCR\AOCR\AOCR05-01-2026\AOCR1\AOCR\CapaDatos\Services\EmailQueueService.cs:línea 136
--- Fin del seguimiento de la pila de la ubicación anterior donde se produjo la excepción ---
   en System.Runtime.ExceptionServices.ExceptionDispatchInfo.Throw()
   en System.Runtime.CompilerServices.TaskAwaiter.HandleNonSuccessAndDebuggerNotification(Task task)
   en System.Runtime.CompilerServices.TaskAwaiter`1.GetResult()
   en CapaDatos.Services.EmailQueueProcessor.<ProcessQueueAsync>d__10.MoveNext() en C:\AOCR\AOCR\AOCR05-01-2026\AOCR1\AOCR\CapaDatos\Services\EmailQueueService.cs:línea 332
2026-01-30 20:22:18.078 | ERROR | CID:N/A | ERR:EMAIL_QUEUE_ERROR | Error de configuración de base de datos.
    Exception: DataAccessException
    StackTrace:    en CapaDatos.Infrastructure.BaseDAO.ExecuteWithConnection[T](Func`2 action) en C:\AOCR\AOCR\AOCR05-01-2026\AOCR1\AOCR\CapaDatos\Infrastructure\BaseDAO.cs:línea 68
   en CapaDatos.Services.EmailQueueService.<ObtenerSiguienteAsync>d__5.MoveNext() en C:\AOCR\AOCR\AOCR05-01-2026\AOCR1\AOCR\CapaDatos\Services\EmailQueueService.cs:línea 136
--- Fin del seguimiento de la pila de la ubicación anterior donde se produjo la excepción ---
   en System.Runtime.ExceptionServices.ExceptionDispatchInfo.Throw()
   en System.Runtime.CompilerServices.TaskAwaiter.HandleNonSuccessAndDebuggerNotification(Task task)
   en System.Runtime.CompilerServices.TaskAwaiter`1.GetResult()
   en CapaDatos.Services.EmailQueueProcessor.<ProcessQueueAsync>d__10.MoveNext() en C:\AOCR\AOCR\AOCR05-01-2026\AOCR1\AOCR\CapaDatos\Services\EmailQueueService.cs:línea 332
2026-01-30 20:22:48.128 | ERROR | CID:N/A | ERR:EMAIL_QUEUE_ERROR | Error de configuración de base de datos.
    Exception: DataAccessException
    StackTrace:    en CapaDatos.Infrastructure.BaseDAO.ExecuteWithConnection[T](Func`2 action) en C:\AOCR\AOCR\AOCR05-01-2026\AOCR1\AOCR\CapaDatos\Infrastructure\BaseDAO.cs:línea 68
   en CapaDatos.Services.EmailQueueService.<ObtenerSiguienteAsync>d__5.MoveNext() en C:\AOCR\AOCR\AOCR05-01-2026\AOCR1\AOCR\CapaDatos\Services\EmailQueueService.cs:línea 136
--- Fin del seguimiento de la pila de la ubicación anterior donde se produjo la excepción ---
   en System.Runtime.ExceptionServices.ExceptionDispatchInfo.Throw()
   en System.Runtime.CompilerServices.TaskAwaiter.HandleNonSuccessAndDebuggerNotification(Task task)
   en System.Runtime.CompilerServices.TaskAwaiter`1.GetResult()
   en CapaDatos.Services.EmailQueueProcessor.<ProcessQueueAsync>d__10.MoveNext() en C:\AOCR\AOCR\AOCR05-01-2026\AOCR1\AOCR\CapaDatos\Services\EmailQueueService.cs:línea 332
2026-01-30 20:23:18.190 | ERROR | CID:N/A | ERR:EMAIL_QUEUE_ERROR | Error de configuración de base de datos.
    Exception: DataAccessException
    StackTrace:    en CapaDatos.Infrastructure.BaseDAO.ExecuteWithConnection[T](Func`2 action) en C:\AOCR\AOCR\AOCR05-01-2026\AOCR1\AOCR\CapaDatos\Infrastructure\BaseDAO.cs:línea 68
   en CapaDatos.Services.EmailQueueService.<ObtenerSiguienteAsync>d__5.MoveNext() en C:\AOCR\AOCR\AOCR05-01-2026\AOCR1\AOCR\CapaDatos\Services\EmailQueueService.cs:línea 136
--- Fin del seguimiento de la pila de la ubicación anterior donde se produjo la excepción ---
   en System.Runtime.ExceptionServices.ExceptionDispatchInfo.Throw()
   en System.Runtime.CompilerServices.TaskAwaiter.HandleNonSuccessAndDebuggerNotification(Task task)
   en System.Runtime.CompilerServices.TaskAwaiter`1.GetResult()
   en CapaDatos.Services.EmailQueueProcessor.<ProcessQueueAsync>d__10.MoveNext() en C:\AOCR\AOCR\AOCR05-01-2026\AOCR1\AOCR\CapaDatos\Services\EmailQueueService.cs:línea 332
2026-01-30 20:23:48.233 | ERROR | CID:N/A | ERR:EMAIL_QUEUE_ERROR | Error de configuración de base de datos.
    Exception: DataAccessException
    StackTrace:    en CapaDatos.Infrastructure.BaseDAO.ExecuteWithConnection[T](Func`2 action) en C:\AOCR\AOCR\AOCR05-01-2026\AOCR1\AOCR\CapaDatos\Infrastructure\BaseDAO.cs:línea 68
   en CapaDatos.Services.EmailQueueService.<ObtenerSiguienteAsync>d__5.MoveNext() en C:\AOCR\AOCR\AOCR05-01-2026\AOCR1\AOCR\CapaDatos\Services\EmailQueueService.cs:línea 136
--- Fin del seguimiento de la pila de la ubicación anterior donde se produjo la excepción ---
   en System.Runtime.ExceptionServices.ExceptionDispatchInfo.Throw()
   en System.Runtime.CompilerServices.TaskAwaiter.HandleNonSuccessAndDebuggerNotification(Task task)
   en System.Runtime.CompilerServices.TaskAwaiter`1.GetResult()
   en CapaDatos.Services.EmailQueueProcessor.<ProcessQueueAsync>d__10.MoveNext() en C:\AOCR\AOCR\AOCR05-01-2026\AOCR1\AOCR\CapaDatos\Services\EmailQueueService.cs:línea 332
2026-01-30 20:24:18.286 | ERROR | CID:N/A | ERR:EMAIL_QUEUE_ERROR | Error de configuración de base de datos.
    Exception: DataAccessException
    StackTrace:    en CapaDatos.Infrastructure.BaseDAO.ExecuteWithConnection[T](Func`2 action) en C:\AOCR\AOCR\AOCR05-01-2026\AOCR1\AOCR\CapaDatos\Infrastructure\BaseDAO.cs:línea 68
   en CapaDatos.Services.EmailQueueService.<ObtenerSiguienteAsync>d__5.MoveNext() en C:\AOCR\AOCR\AOCR05-01-2026\AOCR1\AOCR\CapaDatos\Services\EmailQueueService.cs:línea 136
--- Fin del seguimiento de la pila de la ubicación anterior donde se produjo la excepción ---
   en System.Runtime.ExceptionServices.ExceptionDispatchInfo.Throw()
   en System.Runtime.CompilerServices.TaskAwaiter.HandleNonSuccessAndDebuggerNotification(Task task)
   en System.Runtime.CompilerServices.TaskAwaiter`1.GetResult()
   en CapaDatos.Services.EmailQueueProcessor.<ProcessQueueAsync>d__10.MoveNext() en C:\AOCR\AOCR\AOCR05-01-2026\AOCR1\AOCR\CapaDatos\Services\EmailQueueService.cs:línea 332
2026-01-30 20:24:48.338 | ERROR | CID:N/A | ERR:EMAIL_QUEUE_ERROR | Error de configuración de base de datos.
    Exception: DataAccessException
    StackTrace:    en CapaDatos.Infrastructure.BaseDAO.ExecuteWithConnection[T](Func`2 action) en C:\AOCR\AOCR\AOCR05-01-2026\AOCR1\AOCR\CapaDatos\Infrastructure\BaseDAO.cs:línea 68
   en CapaDatos.Services.EmailQueueService.<ObtenerSiguienteAsync>d__5.MoveNext() en C:\AOCR\AOCR\AOCR05-01-2026\AOCR1\AOCR\CapaDatos\Services\EmailQueueService.cs:línea 136
--- Fin del seguimiento de la pila de la ubicación anterior donde se produjo la excepción ---
   en System.Runtime.ExceptionServices.ExceptionDispatchInfo.Throw()
   en System.Runtime.CompilerServices.TaskAwaiter.HandleNonSuccessAndDebuggerNotification(Task task)
   en System.Runtime.CompilerServices.TaskAwaiter`1.GetResult()
   en CapaDatos.Services.EmailQueueProcessor.<ProcessQueueAsync>d__10.MoveNext() en C:\AOCR\AOCR\AOCR05-01-2026\AOCR1\AOCR\CapaDatos\Services\EmailQueueService.cs:línea 332
2026-01-30 20:28:44.835 | INFO  | CID:N/A | Iniciando procesador de cola de correos
2026-01-30 20:28:45.454 | ERROR | CID:N/A | ERR:EMAIL_QUEUE_ERROR | Error de configuración de base de datos.
    Exception: DataAccessException
    StackTrace:    en CapaDatos.Infrastructure.BaseDAO.ExecuteWithConnection[T](Func`2 action) en C:\AOCR\AOCR\AOCR05-01-2026\AOCR1\AOCR\CapaDatos\Infrastructure\BaseDAO.cs:línea 68
   en CapaDatos.Services.EmailQueueService.<ObtenerSiguienteAsync>d__5.MoveNext() en C:\AOCR\AOCR\AOCR05-01-2026\AOCR1\AOCR\CapaDatos\Services\EmailQueueService.cs:línea 136
--- Fin del seguimiento de la pila de la ubicación anterior donde se produjo la excepción ---
   en System.Runtime.ExceptionServices.ExceptionDispatchInfo.Throw()
   en System.Runtime.CompilerServices.TaskAwaiter.HandleNonSuccessAndDebuggerNotification(Task task)
   en System.Runtime.CompilerServices.TaskAwaiter`1.GetResult()
   en CapaDatos.Services.EmailQueueProcessor.<ProcessQueueAsync>d__10.MoveNext() en C:\AOCR\AOCR\AOCR05-01-2026\AOCR1\AOCR\CapaDatos\Services\EmailQueueService.cs:línea 332
2026-01-30 20:29:15.528 | ERROR | CID:N/A | ERR:EMAIL_QUEUE_ERROR | Error de configuración de base de datos.
    Exception: DataAccessException
    StackTrace:    en CapaDatos.Infrastructure.BaseDAO.ExecuteWithConnection[T](Func`2 action) en C:\AOCR\AOCR\AOCR05-01-2026\AOCR1\AOCR\CapaDatos\Infrastructure\BaseDAO.cs:línea 68
   en CapaDatos.Services.EmailQueueService.<ObtenerSiguienteAsync>d__5.MoveNext() en C:\AOCR\AOCR\AOCR05-01-2026\AOCR1\AOCR\CapaDatos\Services\EmailQueueService.cs:línea 136
--- Fin del seguimiento de la pila de la ubicación anterior donde se produjo la excepción ---
   en System.Runtime.ExceptionServices.ExceptionDispatchInfo.Throw()
   en System.Runtime.CompilerServices.TaskAwaiter.HandleNonSuccessAndDebuggerNotification(Task task)
   en System.Runtime.CompilerServices.TaskAwaiter`1.GetResult()
   en CapaDatos.Services.EmailQueueProcessor.<ProcessQueueAsync>d__10.MoveNext() en C:\AOCR\AOCR\AOCR05-01-2026\AOCR1\AOCR\CapaDatos\Services\EmailQueueService.cs:línea 332
2026-01-30 20:29:20.937 | INFO  | CID:48a9290bebb8 | Account/Login | Iniciando acción: Account/Login
2026-01-30 20:29:21.252 | INFO  | CID:48a9290bebb8 | Account/Login | Acción completada: Account/Login
2026-01-30 20:29:22.721 | ERROR | CID:20d47b60b331 | USR:USU_ADMIN | OrdenRecaudacion/Obligatoria | ERR:BAD_REQUEST | El elemento de modelo pasado al diccionario es de tipo 'System.Collections.Generic.List`1[CapaDatos.Entidades.OrdenRecaudacion]', pero este diccionario requiere un elemento de modelo de tipo 'System.Collections.Generic.List`1[CapaPresentacion.Models.ViewModels.OrdenRecaudacionViewModel]'.
    Exception: InvalidOperationException
    StackTrace:    en System.Web.Mvc.ViewDataDictionary`1.SetModel(Object value)
   en System.Web.Mvc.ViewDataDictionary..ctor(ViewDataDictionary dictionary)
   en System.Web.Mvc.WebViewPage`1.SetViewData(ViewDataDictionary viewData)
   en System.Web.Mvc.RazorView.RenderView(ViewContext viewContext, TextWriter writer, Object instance)
   en System.Web.Mvc.ViewResultBase.ExecuteResult(ControllerContext context)
   en System.Web.Mvc.ControllerActionInvoker.InvokeActionResultFilterRecursive(IList`1 filters, Int32 filterIndex, ResultExecutingContext preContext, ControllerContext controllerContext, ActionResult actionResult)
   en System.Web.Mvc.ControllerActionInvoker.InvokeActionResultFilterRecursive(IList`1 filters, Int32 filterIndex, ResultExecutingContext preContext, ControllerContext controllerContext, ActionResult actionResult)
   en System.Web.Mvc.ControllerActionInvoker.InvokeActionResultFilterRecursive(IList`1 filters, Int32 filterIndex, ResultExecutingContext preContext, ControllerContext controllerContext, ActionResult actionResult)
   en System.Web.Mvc.ControllerActionInvoker.InvokeActionResultFilterRecursive(IList`1 filters, Int32 filterIndex, ResultExecutingContext preContext, ControllerContext controllerContext, ActionResult actionResult)
   en System.Web.Mvc.ControllerActionInvoker.InvokeActionResultWithFilters(ControllerContext controllerContext, IList`1 filters, ActionResult actionResult)
   en System.Web.Mvc.Async.AsyncControllerActionInvoker.<>c__DisplayClass3_1.<BeginInvokeAction>b__1(IAsyncResult asyncResult)
2026-01-30 20:41:52.659 | INFO  | CID:N/A | Iniciando procesador de cola de correos
2026-01-30 20:41:53.432 | ERROR | CID:N/A | ERR:EMAIL_QUEUE_ERROR | Error de configuración de base de datos.
    Exception: DataAccessException
    StackTrace:    en CapaDatos.Infrastructure.BaseDAO.ExecuteWithConnection[T](Func`2 action) en C:\AOCR\AOCR\AOCR05-01-2026\AOCR1\AOCR\CapaDatos\Infrastructure\BaseDAO.cs:línea 68
   en CapaDatos.Services.EmailQueueService.<ObtenerSiguienteAsync>d__5.MoveNext() en C:\AOCR\AOCR\AOCR05-01-2026\AOCR1\AOCR\CapaDatos\Services\EmailQueueService.cs:línea 136
--- Fin del seguimiento de la pila de la ubicación anterior donde se produjo la excepción ---
   en System.Runtime.ExceptionServices.ExceptionDispatchInfo.Throw()
   en System.Runtime.CompilerServices.TaskAwaiter.HandleNonSuccessAndDebuggerNotification(Task task)
   en System.Runtime.CompilerServices.TaskAwaiter`1.GetResult()
   en CapaDatos.Services.EmailQueueProcessor.<ProcessQueueAsync>d__10.MoveNext() en C:\AOCR\AOCR\AOCR05-01-2026\AOCR1\AOCR\CapaDatos\Services\EmailQueueService.cs:línea 332
2026-01-30 20:42:00.002 | INFO  | CID:3423e42ca12d | Account/Login | Iniciando acción: Account/Login
2026-01-30 20:42:00.337 | INFO  | CID:3423e42ca12d | Account/Login | Acción completada: Account/Login
2026-01-30 20:42:01.879 | ERROR | CID:8cfff2a17157 | USR:USU_ADMIN | OrdenRecaudacion/Obligatoria | ERR:BAD_REQUEST | El elemento de modelo pasado al diccionario es de tipo 'System.Collections.Generic.List`1[CapaDatos.Entidades.OrdenRecaudacion]', pero este diccionario requiere un elemento de modelo de tipo 'System.Collections.Generic.List`1[CapaPresentacion.Models.ViewModels.OrdenRecaudacionViewModel]'.
    Exception: InvalidOperationException
    StackTrace:    en System.Web.Mvc.ViewDataDictionary`1.SetModel(Object value)
   en System.Web.Mvc.ViewDataDictionary..ctor(ViewDataDictionary dictionary)
   en System.Web.Mvc.WebViewPage`1.SetViewData(ViewDataDictionary viewData)
   en System.Web.Mvc.RazorView.RenderView(ViewContext viewContext, TextWriter writer, Object instance)
   en System.Web.Mvc.ViewResultBase.ExecuteResult(ControllerContext context)
   en System.Web.Mvc.ControllerActionInvoker.InvokeActionResultFilterRecursive(IList`1 filters, Int32 filterIndex, ResultExecutingContext preContext, ControllerContext controllerContext, ActionResult actionResult)
   en System.Web.Mvc.ControllerActionInvoker.InvokeActionResultFilterRecursive(IList`1 filters, Int32 filterIndex, ResultExecutingContext preContext, ControllerContext controllerContext, ActionResult actionResult)
   en System.Web.Mvc.ControllerActionInvoker.InvokeActionResultFilterRecursive(IList`1 filters, Int32 filterIndex, ResultExecutingContext preContext, ControllerContext controllerContext, ActionResult actionResult)
   en System.Web.Mvc.ControllerActionInvoker.InvokeActionResultFilterRecursive(IList`1 filters, Int32 filterIndex, ResultExecutingContext preContext, ControllerContext controllerContext, ActionResult actionResult)
   en System.Web.Mvc.ControllerActionInvoker.InvokeActionResultWithFilters(ControllerContext controllerContext, IList`1 filters, ActionResult actionResult)
   en System.Web.Mvc.Async.AsyncControllerActionInvoker.<>c__DisplayClass3_1.<BeginInvokeAction>b__1(IAsyncResult asyncResult)
2026-01-30 20:55:50.912 | INFO  | CID:N/A | Iniciando procesador de cola de correos
2026-01-30 20:55:52.485 | ERROR | CID:N/A | ERR:EMAIL_QUEUE_ERROR | Error de configuración de base de datos.
    Exception: DataAccessException
    StackTrace:    en CapaDatos.Infrastructure.BaseDAO.ExecuteWithConnection[T](Func`2 action) en C:\AOCR\AOCR\AOCR05-01-2026\AOCR1\AOCR\CapaDatos\Infrastructure\BaseDAO.cs:línea 68
   en CapaDatos.Services.EmailQueueService.<ObtenerSiguienteAsync>d__5.MoveNext() en C:\AOCR\AOCR\AOCR05-01-2026\AOCR1\AOCR\CapaDatos\Services\EmailQueueService.cs:línea 136
--- Fin del seguimiento de la pila de la ubicación anterior donde se produjo la excepción ---
   en System.Runtime.ExceptionServices.ExceptionDispatchInfo.Throw()
   en System.Runtime.CompilerServices.TaskAwaiter.HandleNonSuccessAndDebuggerNotification(Task task)
   en System.Runtime.CompilerServices.TaskAwaiter`1.GetResult()
   en CapaDatos.Services.EmailQueueProcessor.<ProcessQueueAsync>d__10.MoveNext() en C:\AOCR\AOCR\AOCR05-01-2026\AOCR1\AOCR\CapaDatos\Services\EmailQueueService.cs:línea 332
2026-01-30 20:56:03.458 | INFO  | CID:839fbf9350a2 | Account/Login | Iniciando acción: Account/Login
2026-01-30 20:56:03.827 | INFO  | CID:839fbf9350a2 | Account/Login | Acción completada: Account/Login
2026-01-30 20:56:22.579 | ERROR | CID:N/A | ERR:EMAIL_QUEUE_ERROR | Error de configuración de base de datos.
    Exception: DataAccessException
    StackTrace:    en CapaDatos.Infrastructure.BaseDAO.ExecuteWithConnection[T](Func`2 action) en C:\AOCR\AOCR\AOCR05-01-2026\AOCR1\AOCR\CapaDatos\Infrastructure\BaseDAO.cs:línea 68
   en CapaDatos.Services.EmailQueueService.<ObtenerSiguienteAsync>d__5.MoveNext() en C:\AOCR\AOCR\AOCR05-01-2026\AOCR1\AOCR\CapaDatos\Services\EmailQueueService.cs:línea 136
--- Fin del seguimiento de la pila de la ubicación anterior donde se produjo la excepción ---
   en System.Runtime.ExceptionServices.ExceptionDispatchInfo.Throw()
   en System.Runtime.CompilerServices.TaskAwaiter.HandleNonSuccessAndDebuggerNotification(Task task)
   en System.Runtime.CompilerServices.TaskAwaiter`1.GetResult()
   en CapaDatos.Services.EmailQueueProcessor.<ProcessQueueAsync>d__10.MoveNext() en C:\AOCR\AOCR\AOCR05-01-2026\AOCR1\AOCR\CapaDatos\Services\EmailQueueService.cs:línea 332
2026-01-30 20:56:52.638 | ERROR | CID:N/A | ERR:EMAIL_QUEUE_ERROR | Error de configuración de base de datos.
    Exception: DataAccessException
    StackTrace:    en CapaDatos.Infrastructure.BaseDAO.ExecuteWithConnection[T](Func`2 action) en C:\AOCR\AOCR\AOCR05-01-2026\AOCR1\AOCR\CapaDatos\Infrastructure\BaseDAO.cs:línea 68
   en CapaDatos.Services.EmailQueueService.<ObtenerSiguienteAsync>d__5.MoveNext() en C:\AOCR\AOCR\AOCR05-01-2026\AOCR1\AOCR\CapaDatos\Services\EmailQueueService.cs:línea 136
--- Fin del seguimiento de la pila de la ubicación anterior donde se produjo la excepción ---
   en System.Runtime.ExceptionServices.ExceptionDispatchInfo.Throw()
   en System.Runtime.CompilerServices.TaskAwaiter.HandleNonSuccessAndDebuggerNotification(Task task)
   en System.Runtime.CompilerServices.TaskAwaiter`1.GetResult()
   en CapaDatos.Services.EmailQueueProcessor.<ProcessQueueAsync>d__10.MoveNext() en C:\AOCR\AOCR\AOCR05-01-2026\AOCR1\AOCR\CapaDatos\Services\EmailQueueService.cs:línea 332
2026-01-30 20:57:22.690 | ERROR | CID:N/A | ERR:EMAIL_QUEUE_ERROR | Error de configuración de base de datos.
    Exception: DataAccessException
    StackTrace:    en CapaDatos.Infrastructure.BaseDAO.ExecuteWithConnection[T](Func`2 action) en C:\AOCR\AOCR\AOCR05-01-2026\AOCR1\AOCR\CapaDatos\Infrastructure\BaseDAO.cs:línea 68
   en CapaDatos.Services.EmailQueueService.<ObtenerSiguienteAsync>d__5.MoveNext() en C:\AOCR\AOCR\AOCR05-01-2026\AOCR1\AOCR\CapaDatos\Services\EmailQueueService.cs:línea 136
--- Fin del seguimiento de la pila de la ubicación anterior donde se produjo la excepción ---
   en System.Runtime.ExceptionServices.ExceptionDispatchInfo.Throw()
   en System.Runtime.CompilerServices.TaskAwaiter.HandleNonSuccessAndDebuggerNotification(Task task)
   en System.Runtime.CompilerServices.TaskAwaiter`1.GetResult()
   en CapaDatos.Services.EmailQueueProcessor.<ProcessQueueAsync>d__10.MoveNext() en C:\AOCR\AOCR\AOCR05-01-2026\AOCR1\AOCR\CapaDatos\Services\EmailQueueService.cs:línea 332
2026-01-30 20:57:52.742 | ERROR | CID:N/A | ERR:EMAIL_QUEUE_ERROR | Error de configuración de base de datos.
    Exception: DataAccessException
    StackTrace:    en CapaDatos.Infrastructure.BaseDAO.ExecuteWithConnection[T](Func`2 action) en C:\AOCR\AOCR\AOCR05-01-2026\AOCR1\AOCR\CapaDatos\Infrastructure\BaseDAO.cs:línea 68
   en CapaDatos.Services.EmailQueueService.<ObtenerSiguienteAsync>d__5.MoveNext() en C:\AOCR\AOCR\AOCR05-01-2026\AOCR1\AOCR\CapaDatos\Services\EmailQueueService.cs:línea 136
--- Fin del seguimiento de la pila de la ubicación anterior donde se produjo la excepción ---
   en System.Runtime.ExceptionServices.ExceptionDispatchInfo.Throw()
   en System.Runtime.CompilerServices.TaskAwaiter.HandleNonSuccessAndDebuggerNotification(Task task)
   en System.Runtime.CompilerServices.TaskAwaiter`1.GetResult()
   en CapaDatos.Services.EmailQueueProcessor.<ProcessQueueAsync>d__10.MoveNext() en C:\AOCR\AOCR\AOCR05-01-2026\AOCR1\AOCR\CapaDatos\Services\EmailQueueService.cs:línea 332
2026-01-30 20:58:22.085 | INFO  | CID:9e8d03bcfd5a | USR:USU_ADMIN | OrdenRecaudacion/Nueva | Iniciando acción: OrdenRecaudacion/Nueva
