2026-02-09 08:17:21.510 | INFO  | CID:N/A | Iniciando procesador de cola de correos
2026-02-09 08:18:08.861 | INFO  | CID:e4caf5c554c3 | Account/Login | Iniciando acción: Account/Login
2026-02-09 08:18:09.514 | INFO  | CID:e4caf5c554c3 | Account/Login | Acción completada: Account/Login
2026-02-09 08:28:04.335 | INFO  | CID:N/A | Deteniendo procesador de cola de correos
2026-02-09 08:28:04.384 | INFO  | CID:N/A | Deteniendo procesador de cola de correos
2026-02-09 08:28:38.585 | INFO  | CID:N/A | Iniciando procesador de cola de correos
2026-02-09 08:41:53.314 | INFO  | CID:N/A | Iniciando procesador de cola de correos
2026-02-09 08:41:59.748 | INFO  | CID:796d0b1642c7 | Account/Login | Iniciando acción: Account/Login
2026-02-09 08:42:00.064 | INFO  | CID:796d0b1642c7 | Account/Login | Acción completada: Account/Login
2026-02-09 08:46:08.544 | INFO  | CID:N/A | Iniciando procesador de cola de correos
2026-02-09 08:46:15.505 | INFO  | CID:4df55ec064db | Account/Login | Iniciando acción: Account/Login
2026-02-09 08:46:15.997 | INFO  | CID:4df55ec064db | Account/Login | Acción completada: Account/Login
2026-02-09 08:47:15.994 | INFO  | CID:N/A | Iniciando procesador de cola de correos
2026-02-09 08:47:24.950 | INFO  | CID:fc257786f74f | Account/Login | Iniciando acción: Account/Login
2026-02-09 08:47:25.278 | INFO  | CID:fc257786f74f | Account/Login | Acción completada: Account/Login
2026-02-09 08:55:50.324 | INFO  | CID:N/A | Iniciando procesador de cola de correos
2026-02-09 08:56:02.674 | INFO  | CID:e91fa49bd0a1 | Account/Login | Iniciando acción: Account/Login
2026-02-09 08:56:02.974 | INFO  | CID:e91fa49bd0a1 | Account/Login | Acción completada: Account/Login
2026-02-09 09:00:13.265 | INFO  | CID:N/A | Iniciando procesador de cola de correos
2026-02-09 09:00:19.216 | INFO  | CID:f975fc049385 | Account/Login | Iniciando acción: Account/Login
2026-02-09 09:00:19.738 | INFO  | CID:f975fc049385 | Account/Login | Acción completada: Account/Login
2026-02-09 09:00:28.086 | ERROR | CID:60a28b586fa0 | USR:USU_ADMIN | Inspeccion/Index | ERR:BAD_REQUEST | El elemento de modelo pasado al diccionario es de tipo 'System.Collections.Generic.List`1[CapaModelo.Inspeccion]', pero este diccionario requiere un elemento de modelo de tipo 'CapaModelo.Inspeccion'.
    Exception: InvalidOperationException
    StackTrace:    en System.Web.Mvc.ViewDataDictionary`1.SetModel(Object value)
   en System.Web.Mvc.ViewDataDictionary..ctor(ViewDataDictionary dictionary)
   en System.Web.Mvc.WebViewPage`1.SetViewData(ViewDataDictionary viewData)
   en System.Web.Mvc.RazorView.RenderView(ViewContext viewContext, TextWriter writer, Object instance)
   en System.Web.Mvc.ViewResultBase.ExecuteResult(ControllerContext context)
   en System.Web.Mvc.ControllerActionInvoker.InvokeActionResultFilterRecursive(IList`1 filters, Int32 filterIndex, ResultExecutingContext preContext, ControllerContext controllerContext, ActionResult actionResult)
   en System.Web.Mvc.ControllerActionInvoker.InvokeActionResultFilterRecursive(IList`1 filters, Int32 filterIndex, ResultExecutingContext preContext, ControllerContext controllerContext, ActionResult actionResult)
   en System.Web.Mvc.ControllerActionInvoker.InvokeActionResultFilterRecursive(IList`1 filters, Int32 filterIndex, ResultExecutingContext preContext, ControllerContext controllerContext, ActionResult actionResult)
   en System.Web.Mvc.ControllerActionInvoker.InvokeActionResultFilterRecursive(IList`1 filters, Int32 filterIndex, ResultExecutingContext preContext, ControllerContext controllerContext, ActionResult actionResult)
   en System.Web.Mvc.ControllerActionInvoker.InvokeActionResultWithFilters(ControllerContext controllerContext, IList`1 filters, ActionResult actionResult)
   en System.Web.Mvc.Async.AsyncControllerActionInvoker.<>c__DisplayClass3_1.<BeginInvokeAction>b__1(IAsyncResult asyncResult)
2026-02-09 09:01:02.727 | ERROR | CID:4049f7ac5f81 | USR:USU_ADMIN | Inspeccion/Index | ERR:BAD_REQUEST | El elemento de modelo pasado al diccionario es de tipo 'System.Collections.Generic.List`1[CapaModelo.Inspeccion]', pero este diccionario requiere un elemento de modelo de tipo 'CapaModelo.Inspeccion'.
    Exception: InvalidOperationException
    StackTrace:    en System.Web.Mvc.ViewDataDictionary`1.SetModel(Object value)
   en System.Web.Mvc.ViewDataDictionary..ctor(ViewDataDictionary dictionary)
   en System.Web.Mvc.WebViewPage`1.SetViewData(ViewDataDictionary viewData)
   en System.Web.Mvc.RazorView.RenderView(ViewContext viewContext, TextWriter writer, Object instance)
   en System.Web.Mvc.ViewResultBase.ExecuteResult(ControllerContext context)
   en System.Web.Mvc.ControllerActionInvoker.InvokeActionResultFilterRecursive(IList`1 filters, Int32 filterIndex, ResultExecutingContext preContext, ControllerContext controllerContext, ActionResult actionResult)
   en System.Web.Mvc.ControllerActionInvoker.InvokeActionResultFilterRecursive(IList`1 filters, Int32 filterIndex, ResultExecutingContext preContext, ControllerContext controllerContext, ActionResult actionResult)
   en System.Web.Mvc.ControllerActionInvoker.InvokeActionResultFilterRecursive(IList`1 filters, Int32 filterIndex, ResultExecutingContext preContext, ControllerContext controllerContext, ActionResult actionResult)
   en System.Web.Mvc.ControllerActionInvoker.InvokeActionResultFilterRecursive(IList`1 filters, Int32 filterIndex, ResultExecutingContext preContext, ControllerContext controllerContext, ActionResult actionResult)
   en System.Web.Mvc.ControllerActionInvoker.InvokeActionResultWithFilters(ControllerContext controllerContext, IList`1 filters, ActionResult actionResult)
   en System.Web.Mvc.Async.AsyncControllerActionInvoker.<>c__DisplayClass3_1.<BeginInvokeAction>b__1(IAsyncResult asyncResult)
2026-02-09 09:11:14.346 | INFO  | CID:N/A | Iniciando procesador de cola de correos
2026-02-09 09:11:20.346 | INFO  | CID:76d1855bd7ce | Account/Login | Iniciando acción: Account/Login
2026-02-09 09:11:20.746 | INFO  | CID:76d1855bd7ce | Account/Login | Acción completada: Account/Login
2026-02-09 09:11:34.751 | ERROR | CID:77cfdb6031f3 | USR:USU_ADMIN | Inspeccion/Crear | ERR:BAD_REQUEST | El diccionario de parámetros contiene una entrada NULL para el parámetro 'codigoSolicitud' del tipo que no acepta valores NULL 'System.Int32' del método 'System.Web.Mvc.ActionResult Crear(Int32)' en 'CapaPresentacion.Controllers.InspeccionController'. Un parámetro opcional debe ser un tipo de referencia, un tipo que acepte valores NULL o debe declararse como parámetro opcional.
Nombre del parámetro: parameters
    Exception: ArgumentException
    StackTrace:    en System.Web.Mvc.ActionDescriptor.ExtractParameterFromDictionary(ParameterInfo parameterInfo, IDictionary`2 parameters, MethodInfo methodInfo)
   en System.Web.Mvc.ReflectedActionDescriptor.Execute(ControllerContext controllerContext, IDictionary`2 parameters)
   en System.Web.Mvc.ControllerActionInvoker.InvokeActionMethod(ControllerContext controllerContext, ActionDescriptor actionDescriptor, IDictionary`2 parameters)
   en System.Web.Mvc.Async.AsyncControllerActionInvoker.<>c.<BeginInvokeSynchronousActionMethod>b__9_0(IAsyncResult asyncResult, ActionInvocation innerInvokeState)
   en System.Web.Mvc.Async.AsyncResultWrapper.WrappedAsyncResult`2.CallEndDelegate(IAsyncResult asyncResult)
   en System.Web.Mvc.Async.AsyncControllerActionInvoker.EndInvokeActionMethod(IAsyncResult asyncResult)
   en System.Web.Mvc.Async.AsyncControllerActionInvoker.AsyncInvocationWithFilters.<>c__DisplayClass11_0.<InvokeActionMethodFilterAsynchronouslyRecursive>b__0()
   en System.Web.Mvc.Async.AsyncControllerActionInvoker.AsyncInvocationWithFilters.<>c__DisplayClass11_2.<InvokeActionMethodFilterAsynchronouslyRecursive>b__2()
   en System.Web.Mvc.Async.AsyncControllerActionInvoker.AsyncInvocationWithFilters.<>c__DisplayClass11_2.<InvokeActionMethodFilterAsynchronouslyRecursive>b__2()
   en System.Web.Mvc.Async.AsyncControllerActionInvoker.AsyncInvocationWithFilters.<>c__DisplayClass11_2.<InvokeActionMethodFilterAsynchronouslyRecursive>b__2()
   en System.Web.Mvc.Async.AsyncControllerActionInvoker.EndInvokeActionMethodWithFilters(IAsyncResult asyncResult)
   en System.Web.Mvc.Async.AsyncControllerActionInvoker.<>c__DisplayClass3_6.<BeginInvokeAction>b__4()
   en System.Web.Mvc.Async.AsyncControllerActionInvoker.<>c__DisplayClass3_1.<BeginInvokeAction>b__1(IAsyncResult asyncResult)
2026-02-09 09:11:49.038 | ERROR | CID:df565f5bb37e | USR:USU_ADMIN | Inspeccion/Crear | ERR:BAD_REQUEST | El diccionario de parámetros contiene una entrada NULL para el parámetro 'codigoSolicitud' del tipo que no acepta valores NULL 'System.Int32' del método 'System.Web.Mvc.ActionResult Crear(Int32)' en 'CapaPresentacion.Controllers.InspeccionController'. Un parámetro opcional debe ser un tipo de referencia, un tipo que acepte valores NULL o debe declararse como parámetro opcional.
Nombre del parámetro: parameters
    Exception: ArgumentException
    StackTrace:    en System.Web.Mvc.ActionDescriptor.ExtractParameterFromDictionary(ParameterInfo parameterInfo, IDictionary`2 parameters, MethodInfo methodInfo)
   en System.Web.Mvc.ReflectedActionDescriptor.Execute(ControllerContext controllerContext, IDictionary`2 parameters)
   en System.Web.Mvc.ControllerActionInvoker.InvokeActionMethod(ControllerContext controllerContext, ActionDescriptor actionDescriptor, IDictionary`2 parameters)
   en System.Web.Mvc.Async.AsyncControllerActionInvoker.<>c.<BeginInvokeSynchronousActionMethod>b__9_0(IAsyncResult asyncResult, ActionInvocation innerInvokeState)
   en System.Web.Mvc.Async.AsyncResultWrapper.WrappedAsyncResult`2.CallEndDelegate(IAsyncResult asyncResult)
   en System.Web.Mvc.Async.AsyncControllerActionInvoker.EndInvokeActionMethod(IAsyncResult asyncResult)
   en System.Web.Mvc.Async.AsyncControllerActionInvoker.AsyncInvocationWithFilters.<>c__DisplayClass11_0.<InvokeActionMethodFilterAsynchronouslyRecursive>b__0()
   en System.Web.Mvc.Async.AsyncControllerActionInvoker.AsyncInvocationWithFilters.<>c__DisplayClass11_2.<InvokeActionMethodFilterAsynchronouslyRecursive>b__2()
   en System.Web.Mvc.Async.AsyncControllerActionInvoker.AsyncInvocationWithFilters.<>c__DisplayClass11_2.<InvokeActionMethodFilterAsynchronouslyRecursive>b__2()
   en System.Web.Mvc.Async.AsyncControllerActionInvoker.AsyncInvocationWithFilters.<>c__DisplayClass11_2.<InvokeActionMethodFilterAsynchronouslyRecursive>b__2()
   en System.Web.Mvc.Async.AsyncControllerActionInvoker.EndInvokeActionMethodWithFilters(IAsyncResult asyncResult)
   en System.Web.Mvc.Async.AsyncControllerActionInvoker.<>c__DisplayClass3_6.<BeginInvokeAction>b__4()
   en System.Web.Mvc.Async.AsyncControllerActionInvoker.<>c__DisplayClass3_1.<BeginInvokeAction>b__1(IAsyncResult asyncResult)
2026-02-09 09:11:56.702 | ERROR | CID:f86ded8d0de1 | USR:USU_ADMIN | Inspeccion/Crear | ERR:BAD_REQUEST | El diccionario de parámetros contiene una entrada NULL para el parámetro 'codigoSolicitud' del tipo que no acepta valores NULL 'System.Int32' del método 'System.Web.Mvc.ActionResult Crear(Int32)' en 'CapaPresentacion.Controllers.InspeccionController'. Un parámetro opcional debe ser un tipo de referencia, un tipo que acepte valores NULL o debe declararse como parámetro opcional.
Nombre del parámetro: parameters
    Exception: ArgumentException
    StackTrace:    en System.Web.Mvc.ActionDescriptor.ExtractParameterFromDictionary(ParameterInfo parameterInfo, IDictionary`2 parameters, MethodInfo methodInfo)
   en System.Web.Mvc.ReflectedActionDescriptor.Execute(ControllerContext controllerContext, IDictionary`2 parameters)
   en System.Web.Mvc.ControllerActionInvoker.InvokeActionMethod(ControllerContext controllerContext, ActionDescriptor actionDescriptor, IDictionary`2 parameters)
   en System.Web.Mvc.Async.AsyncControllerActionInvoker.<>c.<BeginInvokeSynchronousActionMethod>b__9_0(IAsyncResult asyncResult, ActionInvocation innerInvokeState)
   en System.Web.Mvc.Async.AsyncResultWrapper.WrappedAsyncResult`2.CallEndDelegate(IAsyncResult asyncResult)
   en System.Web.Mvc.Async.AsyncControllerActionInvoker.EndInvokeActionMethod(IAsyncResult asyncResult)
   en System.Web.Mvc.Async.AsyncControllerActionInvoker.AsyncInvocationWithFilters.<>c__DisplayClass11_0.<InvokeActionMethodFilterAsynchronouslyRecursive>b__0()
   en System.Web.Mvc.Async.AsyncControllerActionInvoker.AsyncInvocationWithFilters.<>c__DisplayClass11_2.<InvokeActionMethodFilterAsynchronouslyRecursive>b__2()
   en System.Web.Mvc.Async.AsyncControllerActionInvoker.AsyncInvocationWithFilters.<>c__DisplayClass11_2.<InvokeActionMethodFilterAsynchronouslyRecursive>b__2()
   en System.Web.Mvc.Async.AsyncControllerActionInvoker.AsyncInvocationWithFilters.<>c__DisplayClass11_2.<InvokeActionMethodFilterAsynchronouslyRecursive>b__2()
   en System.Web.Mvc.Async.AsyncControllerActionInvoker.EndInvokeActionMethodWithFilters(IAsyncResult asyncResult)
   en System.Web.Mvc.Async.AsyncControllerActionInvoker.<>c__DisplayClass3_6.<BeginInvokeAction>b__4()
   en System.Web.Mvc.Async.AsyncControllerActionInvoker.<>c__DisplayClass3_1.<BeginInvokeAction>b__1(IAsyncResult asyncResult)
2026-02-09 09:16:47.790 | INFO  | CID:N/A | Deteniendo procesador de cola de correos
2026-02-09 09:16:47.842 | INFO  | CID:N/A | Deteniendo procesador de cola de correos
2026-02-09 09:17:44.264 | INFO  | CID:N/A | Iniciando procesador de cola de correos
2026-02-09 09:18:27.181 | INFO  | CID:a1c4d9083de5 | Account/Login | Iniciando acción: Account/Login
2026-02-09 09:18:27.681 | INFO  | CID:a1c4d9083de5 | Account/Login | Acción completada: Account/Login
2026-02-09 09:22:00.613 | INFO  | CID:N/A | Iniciando procesador de cola de correos
2026-02-09 09:33:15.732 | INFO  | CID:N/A | Iniciando procesador de cola de correos
2026-02-09 09:41:57.945 | INFO  | CID:N/A | Iniciando procesador de cola de correos
2026-02-09 09:56:17.817 | INFO  | CID:N/A | Iniciando procesador de cola de correos
2026-02-09 09:56:52.508 | INFO  | CID:N/A | Iniciando procesador de cola de correos
2026-02-09 09:59:48.010 | INFO  | CID:N/A | Deteniendo procesador de cola de correos
2026-02-09 09:59:48.046 | INFO  | CID:N/A | Deteniendo procesador de cola de correos
2026-02-09 10:01:40.866 | INFO  | CID:N/A | Iniciando procesador de cola de correos
2026-02-09 10:01:48.502 | INFO  | CID:f0c0c6a85a5d | Account/Login | Iniciando acción: Account/Login
2026-02-09 10:02:01.660 | INFO  | CID:N/A | Iniciando procesador de cola de correos
2026-02-09 10:05:01.598 | INFO  | CID:N/A | Deteniendo procesador de cola de correos
2026-02-09 10:05:01.629 | INFO  | CID:N/A | Deteniendo procesador de cola de correos
2026-02-09 10:07:31.483 | INFO  | CID:N/A | Iniciando procesador de cola de correos
2026-02-09 10:28:03.285 | INFO  | CID:N/A | Iniciando procesador de cola de correos
2026-02-09 10:28:46.526 | INFO  | CID:N/A | Iniciando procesador de cola de correos
2026-02-09 10:34:39.560 | INFO  | CID:N/A | Deteniendo procesador de cola de correos
2026-02-09 10:34:39.598 | INFO  | CID:N/A | Deteniendo procesador de cola de correos
2026-02-09 10:35:33.395 | INFO  | CID:N/A | Iniciando procesador de cola de correos
2026-02-09 10:38:31.293 | INFO  | CID:N/A | Iniciando procesador de cola de correos
2026-02-09 10:39:01.021 | INFO  | CID:N/A | Iniciando procesador de cola de correos
2026-02-09 10:45:11.154 | INFO  | CID:N/A | Iniciando procesador de cola de correos
2026-02-09 10:51:10.672 | INFO  | CID:N/A | Iniciando procesador de cola de correos
2026-02-09 10:53:18.390 | INFO  | CID:N/A | Iniciando procesador de cola de correos
2026-02-09 10:57:29.362 | INFO  | CID:N/A | Iniciando procesador de cola de correos
2026-02-09 11:07:27.099 | INFO  | CID:N/A | Iniciando procesador de cola de correos
2026-02-09 11:09:23.146 | INFO  | CID:N/A | Iniciando procesador de cola de correos
2026-02-09 11:13:19.541 | INFO  | CID:N/A | Iniciando procesador de cola de correos
2026-02-09 11:18:14.681 | INFO  | CID:N/A | Iniciando procesador de cola de correos
2026-02-09 11:23:54.767 | INFO  | CID:N/A | Iniciando procesador de cola de correos
2026-02-09 11:29:31.135 | INFO  | CID:N/A | Deteniendo procesador de cola de correos
2026-02-09 11:29:31.174 | INFO  | CID:N/A | Deteniendo procesador de cola de correos
2026-02-09 11:30:04.703 | INFO  | CID:N/A | Iniciando procesador de cola de correos
2026-02-09 11:39:11.112 | INFO  | CID:N/A | Iniciando procesador de cola de correos
2026-02-09 11:39:16.782 | INFO  | CID:05502d06142b | Account/Login | Iniciando acción: Account/Login
2026-02-09 11:39:16.909 | INFO  | CID:a9312d71ae1d | Account/Login | Iniciando acción: Account/Login
2026-02-09 11:39:28.374 | INFO  | CID:N/A | Iniciando procesador de cola de correos
2026-02-09 11:43:30.257 | INFO  | CID:N/A | Iniciando procesador de cola de correos
2026-02-09 11:48:42.220 | INFO  | CID:N/A | Iniciando procesador de cola de correos
2026-02-09 11:50:43.918 | INFO  | CID:N/A | Iniciando procesador de cola de correos
2026-02-09 11:52:20.229 | INFO  | CID:N/A | Iniciando procesador de cola de correos
2026-02-09 11:59:12.192 | INFO  | CID:N/A | Iniciando procesador de cola de correos
2026-02-09 12:02:22.630 | INFO  | CID:N/A | Iniciando procesador de cola de correos
2026-02-09 12:06:46.216 | INFO  | CID:N/A | Iniciando procesador de cola de correos
2026-02-09 12:07:31.616 | INFO  | CID:N/A | Iniciando procesador de cola de correos
2026-02-09 12:08:15.675 | INFO  | CID:N/A | Iniciando procesador de cola de correos
2026-02-09 12:13:46.503 | INFO  | CID:N/A | Iniciando procesador de cola de correos
2026-02-09 12:18:06.780 | INFO  | CID:N/A | Iniciando procesador de cola de correos
2026-02-09 12:20:01.844 | INFO  | CID:N/A | Iniciando procesador de cola de correos
2026-02-09 12:20:10.468 | INFO  | CID:2c7db4e98307 | Account/Login | Iniciando acción: Account/Login
2026-02-09 12:28:17.382 | INFO  | CID:N/A | Iniciando procesador de cola de correos
2026-02-09 12:28:24.583 | INFO  | CID:6b67a9b4adaf | Account/Login | Iniciando acción: Account/Login
2026-02-09 12:34:50.296 | INFO  | CID:N/A | Iniciando procesador de cola de correos
2026-02-09 12:34:54.191 | INFO  | CID:a1431517eb80 | Account/Login | Iniciando acción: Account/Login
2026-02-09 12:36:29.113 | INFO  | CID:N/A | Iniciando procesador de cola de correos
2026-02-09 12:36:40.678 | INFO  | CID:1aca44cdbcc6 | Account/Login | Iniciando acción: Account/Login
2026-02-09 12:36:41.284 | INFO  | CID:1aca44cdbcc6 | Account/Login | Acción completada: Account/Login
2026-02-09 12:39:01.755 | INFO  | CID:N/A | Iniciando procesador de cola de correos
2026-02-09 12:41:12.302 | INFO  | CID:N/A | Iniciando procesador de cola de correos
2026-02-09 12:54:52.217 | INFO  | CID:N/A | Iniciando procesador de cola de correos
2026-02-09 13:08:09.384 | INFO  | CID:N/A | Iniciando procesador de cola de correos
2026-02-09 13:10:12.418 | INFO  | CID:N/A | Iniciando procesador de cola de correos
2026-02-09 13:32:57.345 | INFO  | CID:N/A | Iniciando procesador de cola de correos
2026-02-09 13:34:32.870 | INFO  | CID:N/A | Iniciando procesador de cola de correos
2026-02-09 13:34:56.595 | INFO  | CID:cc58818574c7 | Account/Login | Iniciando acción: Account/Login
2026-02-09 13:34:56.958 | INFO  | CID:cc58818574c7 | Account/Login | Acción completada: Account/Login
2026-02-09 13:39:09.757 | INFO  | CID:N/A | Iniciando procesador de cola de correos
2026-02-09 13:41:24.619 | INFO  | CID:N/A | Iniciando procesador de cola de correos
2026-02-09 13:46:19.697 | INFO  | CID:N/A | Iniciando procesador de cola de correos
2026-02-09 13:50:21.184 | INFO  | CID:aabe63caef5d | USR:USU_ADMIN | Usuario/ValidarCorreo | Iniciando acción: Usuario/ValidarCorreo
2026-02-09 13:50:21.625 | INFO  | CID:aabe63caef5d | USR:USU_ADMIN | Usuario/ValidarCorreo | Acción completada: Usuario/ValidarCorreo
2026-02-09 13:50:25.366 | INFO  | CID:c35fc6c19d75 | USR:USU_ADMIN | Usuario/ValidarIdentificacion | Iniciando acción: Usuario/ValidarIdentificacion
2026-02-09 13:50:25.376 | INFO  | CID:c35fc6c19d75 | USR:USU_ADMIN | Usuario/ValidarIdentificacion | Acción completada: Usuario/ValidarIdentificacion
2026-02-09 13:53:55.675 | INFO  | CID:N/A | Iniciando procesador de cola de correos
2026-02-09 13:59:25.574 | INFO  | CID:N/A | Iniciando procesador de cola de correos
2026-02-09 14:00:25.638 | INFO  | CID:e4a0b4b225af | USR:USU_ADMIN | Usuario/ValidarCorreo | Iniciando acción: Usuario/ValidarCorreo
2026-02-09 14:00:25.845 | INFO  | CID:e4a0b4b225af | USR:USU_ADMIN | Usuario/ValidarCorreo | Acción completada: Usuario/ValidarCorreo
2026-02-09 14:00:36.427 | INFO  | CID:bfb0af46f115 | USR:USU_ADMIN | Usuario/ValidarIdentificacion | Iniciando acción: Usuario/ValidarIdentificacion
2026-02-09 14:00:36.438 | INFO  | CID:bfb0af46f115 | USR:USU_ADMIN | Usuario/ValidarIdentificacion | Acción completada: Usuario/ValidarIdentificacion
2026-02-09 14:02:44.274 | INFO  | CID:N/A | Iniciando procesador de cola de correos
2026-02-09 14:03:21.604 | INFO  | CID:24ceb41e1218 | USR:USU_ADMIN | Usuario/ValidarCorreo | Iniciando acción: Usuario/ValidarCorreo
2026-02-09 14:03:21.840 | INFO  | CID:24ceb41e1218 | USR:USU_ADMIN | Usuario/ValidarCorreo | Acción completada: Usuario/ValidarCorreo
2026-02-09 14:03:25.804 | INFO  | CID:e7a11d660616 | USR:USU_ADMIN | Usuario/ValidarIdentificacion | Iniciando acción: Usuario/ValidarIdentificacion
2026-02-09 14:03:25.810 | INFO  | CID:e7a11d660616 | USR:USU_ADMIN | Usuario/ValidarIdentificacion | Acción completada: Usuario/ValidarIdentificacion
2026-02-09 14:06:29.227 | INFO  | CID:N/A | Iniciando procesador de cola de correos
2026-02-09 14:07:20.392 | INFO  | CID:N/A | Iniciando procesador de cola de correos
2026-02-09 14:08:25.018 | INFO  | CID:N/A | Iniciando procesador de cola de correos
2026-02-09 14:08:41.057 | INFO  | CID:2c14f443e51c | USR:USU_ADMIN | Account/Login | Iniciando acción: Account/Login
2026-02-09 14:08:41.403 | INFO  | CID:2c14f443e51c | USR:USU_ADMIN | Account/Login | Acción completada: Account/Login
2026-02-09 14:09:48.549 | INFO  | CID:N/A | Iniciando procesador de cola de correos
2026-02-09 14:11:29.201 | INFO  | CID:N/A | Iniciando procesador de cola de correos
2026-02-09 14:12:51.311 | INFO  | CID:N/A | Iniciando procesador de cola de correos
2026-02-09 14:14:31.418 | INFO  | CID:N/A | Iniciando procesador de cola de correos
2026-02-09 14:16:27.156 | INFO  | CID:N/A | Iniciando procesador de cola de correos
2026-02-09 14:19:59.281 | INFO  | CID:N/A | Iniciando procesador de cola de correos
2026-02-09 14:20:41.232 | INFO  | CID:7857ee55c86d | USR:USU_ADMIN | Usuario/ValidarCorreo | Iniciando acción: Usuario/ValidarCorreo
2026-02-09 14:20:41.698 | INFO  | CID:7857ee55c86d | USR:USU_ADMIN | Usuario/ValidarCorreo | Acción completada: Usuario/ValidarCorreo
2026-02-09 14:20:45.831 | INFO  | CID:7d130f9a9b1d | USR:USU_ADMIN | Usuario/ValidarIdentificacion | Iniciando acción: Usuario/ValidarIdentificacion
2026-02-09 14:20:45.836 | INFO  | CID:7d130f9a9b1d | USR:USU_ADMIN | Usuario/ValidarIdentificacion | Acción completada: Usuario/ValidarIdentificacion
2026-02-09 14:25:43.355 | INFO  | CID:N/A | Iniciando procesador de cola de correos
2026-02-09 14:26:17.017 | INFO  | CID:f96dd12b9762 | USR:USU_ADMIN | Usuario/ValidarCorreo | Iniciando acción: Usuario/ValidarCorreo
2026-02-09 14:26:17.250 | INFO  | CID:f96dd12b9762 | USR:USU_ADMIN | Usuario/ValidarCorreo | Acción completada: Usuario/ValidarCorreo
2026-02-09 14:26:19.846 | INFO  | CID:cc268a3f4819 | USR:USU_ADMIN | Usuario/ValidarIdentificacion | Iniciando acción: Usuario/ValidarIdentificacion
2026-02-09 14:26:19.851 | INFO  | CID:cc268a3f4819 | USR:USU_ADMIN | Usuario/ValidarIdentificacion | Acción completada: Usuario/ValidarIdentificacion
2026-02-09 14:27:53.450 | INFO  | CID:1ac1750dba09 | USR:USU_ADMIN | Usuario/ValidarCorreo | Iniciando acción: Usuario/ValidarCorreo
2026-02-09 14:27:53.454 | INFO  | CID:1ac1750dba09 | USR:USU_ADMIN | Usuario/ValidarCorreo | Acción completada: Usuario/ValidarCorreo
2026-02-09 14:27:58.351 | INFO  | CID:1d3fdbe690f9 | USR:USU_ADMIN | Usuario/ValidarIdentificacion | Iniciando acción: Usuario/ValidarIdentificacion
2026-02-09 14:27:58.354 | INFO  | CID:1d3fdbe690f9 | USR:USU_ADMIN | Usuario/ValidarIdentificacion | Acción completada: Usuario/ValidarIdentificacion
2026-02-09 14:29:18.392 | INFO  | CID:b384fa3fd1a2 | USR:USU_ADMIN | Usuario/Crear | Iniciando acción: Usuario/Crear
2026-02-09 14:29:18.568 | INFO  | CID:b384fa3fd1a2 | USR:USU_ADMIN | Usuario/Crear | Acción completada: Usuario/Crear
2026-02-09 14:29:37.193 | INFO  | CID:fa4b32c68e8d | USR:USU_ADMIN | Usuario/Crear | Iniciando acción: Usuario/Crear
2026-02-09 14:29:37.287 | INFO  | CID:fa4b32c68e8d | USR:USU_ADMIN | Usuario/Crear | Acción completada: Usuario/Crear
2026-02-09 14:32:49.776 | INFO  | CID:N/A | Iniciando procesador de cola de correos
2026-02-09 14:33:20.497 | INFO  | CID:c302aee5a840 | USR:USU_ADMIN | Usuario/ValidarCorreo | Iniciando acción: Usuario/ValidarCorreo
2026-02-09 14:33:20.705 | INFO  | CID:c302aee5a840 | USR:USU_ADMIN | Usuario/ValidarCorreo | Acción completada: Usuario/ValidarCorreo
2026-02-09 14:33:45.501 | INFO  | CID:c051191b2dc0 | USR:USU_ADMIN | Usuario/ValidarCorreo | Iniciando acción: Usuario/ValidarCorreo
2026-02-09 14:33:45.505 | INFO  | CID:c051191b2dc0 | USR:USU_ADMIN | Usuario/ValidarCorreo | Acción completada: Usuario/ValidarCorreo
2026-02-09 14:43:41.053 | INFO  | CID:N/A | Iniciando procesador de cola de correos
2026-02-09 15:04:21.759 | INFO  | CID:N/A | Iniciando procesador de cola de correos
2026-02-09 15:06:33.084 | INFO  | CID:N/A | Iniciando procesador de cola de correos
2026-02-09 15:07:11.262 | INFO  | CID:915662f1e109 | USR:USU_ADMIN | Account/EnviarRecuperar | Iniciando acción: Account/EnviarRecuperar
2026-02-09 15:07:11.694 | INFO  | CID:915662f1e109 | USR:USU_ADMIN | Account/EnviarRecuperar | Acción completada: Account/EnviarRecuperar
2026-02-09 15:08:16.786 | INFO  | CID:0595b4df8798 | USR:USU_ADMIN | Account/EnviarRecuperar | Iniciando acción: Account/EnviarRecuperar
2026-02-09 15:08:16.790 | INFO  | CID:0595b4df8798 | USR:USU_ADMIN | Account/EnviarRecuperar | Acción completada: Account/EnviarRecuperar
2026-02-09 15:09:31.130 | INFO  | CID:N/A | Iniciando procesador de cola de correos
2026-02-09 15:09:57.765 | INFO  | CID:3e99fe2db85d | USR:USU_ADMIN | Account/EnviarRecuperar | Iniciando acción: Account/EnviarRecuperar
2026-02-09 15:09:58.017 | INFO  | CID:7ba7e041be16 | Enviando correo a german.cajas@aviacioncivil.gob.ec, Asunto: Recuperación de contraseña - Sistema AOCR
2026-02-09 15:09:58.411 | INFO  | CID:7ba7e041be16 | Correo enviado exitosamente a german.cajas@aviacioncivil.gob.ec
2026-02-09 15:09:58.416 | INFO  | CID:3e99fe2db85d | USR:USU_ADMIN | Account/EnviarRecuperar | Acción completada: Account/EnviarRecuperar
2026-02-09 15:12:00.764 | INFO  | CID:79b52a567ff2 | USR:USU_ADMIN | Account/Login | Iniciando acción: Account/Login
2026-02-09 15:12:00.854 | INFO  | CID:79b52a567ff2 | USR:USU_ADMIN | Account/Login | Acción completada: Account/Login
2026-02-09 15:12:23.300 | INFO  | CID:34f411533107 | USR:1713091955 | Account/CambiarContrasena | Iniciando acción: Account/CambiarContrasena
2026-02-09 15:12:23.306 | INFO  | CID:34f411533107 | USR:1713091955 | Account/CambiarContrasena | Acción completada: Account/CambiarContrasena
2026-02-09 15:12:44.295 | INFO  | CID:092a492aa38c | USR:1713091955 | Account/CambiarContrasena | Iniciando acción: Account/CambiarContrasena
2026-02-09 15:12:44.306 | INFO  | CID:092a492aa38c | USR:1713091955 | Account/CambiarContrasena | Acción completada: Account/CambiarContrasena
2026-02-09 15:20:05.778 | INFO  | CID:N/A | Iniciando procesador de cola de correos
2026-02-09 15:20:39.735 | INFO  | CID:49d0b801eb05 | USR:1713091955 | Account/Login | Iniciando acción: Account/Login
2026-02-09 15:20:40.282 | INFO  | CID:49d0b801eb05 | USR:1713091955 | Account/Login | Acción completada: Account/Login
2026-02-09 15:25:24.094 | INFO  | CID:N/A | Iniciando procesador de cola de correos
2026-02-09 15:25:35.491 | INFO  | CID:266e7c992b04 | USR:1713091955 | Account/Login | Iniciando acción: Account/Login
2026-02-09 15:25:35.928 | INFO  | CID:266e7c992b04 | USR:1713091955 | Account/Login | Acción completada: Account/Login
2026-02-09 15:30:00.392 | INFO  | CID:N/A | Iniciando procesador de cola de correos
2026-02-09 15:30:07.594 | INFO  | CID:87a54f198823 | USR:1713091955 | Account/Login | Iniciando acción: Account/Login
2026-02-09 15:30:08.168 | INFO  | CID:87a54f198823 | USR:1713091955 | Account/Login | Acción completada: Account/Login
2026-02-09 15:37:00.039 | INFO  | CID:N/A | Iniciando procesador de cola de correos
2026-02-09 15:37:16.931 | INFO  | CID:5d1c3b25016c | USR:1713091955 | Account/Login | Iniciando acción: Account/Login
2026-02-09 15:37:17.478 | INFO  | CID:5d1c3b25016c | USR:1713091955 | Account/Login | Acción completada: Account/Login
2026-02-09 15:47:46.094 | INFO  | CID:N/A | Iniciando procesador de cola de correos
2026-02-09 15:47:51.740 | INFO  | CID:e9a67ae14d8f | USR:1713091955 | Account/Login | Iniciando acción: Account/Login
2026-02-09 15:47:53.676 | INFO  | CID:e9a67ae14d8f | USR:1713091955 | Account/Login | Acción completada: Account/Login
2026-02-09 15:56:30.681 | INFO  | CID:N/A | Iniciando procesador de cola de correos
2026-02-09 15:56:38.970 | INFO  | CID:b6019621b769 | USR:1713091955 | Account/Login | Iniciando acción: Account/Login
2026-02-09 15:56:39.273 | INFO  | CID:b6019621b769 | USR:1713091955 | Account/Login | Acción completada: Account/Login
2026-02-09 16:04:39.693 | INFO  | CID:N/A | Iniciando procesador de cola de correos
2026-02-09 16:05:05.351 | INFO  | CID:c52de0cd0ffc | USR:1713091955 | Account/Login | Iniciando acción: Account/Login
2026-02-09 16:05:05.890 | INFO  | CID:c52de0cd0ffc | USR:1713091955 | Account/Login | Acción completada: Account/Login
2026-02-09 16:09:51.755 | INFO  | CID:N/A | Iniciando procesador de cola de correos
2026-02-09 16:09:59.936 | INFO  | CID:44aefddda18d | USR:1713091955 | Account/Login | Iniciando acción: Account/Login
2026-02-09 16:10:00.476 | INFO  | CID:44aefddda18d | USR:1713091955 | Account/Login | Acción completada: Account/Login
2026-02-09 16:20:29.269 | INFO  | CID:N/A | Iniciando procesador de cola de correos
2026-02-09 16:20:34.986 | INFO  | CID:a4f325a17b14 | USR:1713091955 | Account/Login | Iniciando acción: Account/Login
2026-02-09 16:20:35.782 | INFO  | CID:a4f325a17b14 | USR:1713091955 | Account/Login | Acción completada: Account/Login
2026-02-09 16:20:58.480 | INFO  | CID:04a893cc6165 | USR:1713091955 | OrdenRecaudacion/Nueva | Iniciando acción: OrdenRecaudacion/Nueva
2026-02-09 16:20:58.617 | INFO  | CID:04a893cc6165 | USR:1713091955 | OrdenRecaudacion/Nueva | Acción completada: OrdenRecaudacion/Nueva
2026-02-09 16:21:10.597 | INFO  | CID:2f5af783e3c5 | USR:1713091955 | OrdenRecaudacion/Generar | Iniciando acción: OrdenRecaudacion/Generar
2026-02-09 16:21:10.612 | INFO  | CID:2f5af783e3c5 | USR:1713091955 | OrdenRecaudacion/Generar | Acción completada: OrdenRecaudacion/Generar
2026-02-09 16:21:39.862 | INFO  | CID:79f6f9f86f36 | USR:1713091955 | OrdenRecaudacion/RegistrarPago | Iniciando acción: OrdenRecaudacion/RegistrarPago
2026-02-09 16:21:40.271 | INFO  | CID:79f6f9f86f36 | USR:1713091955 | OrdenRecaudacion/RegistrarPago | Acción completada: OrdenRecaudacion/RegistrarPago
2026-02-09 16:22:52.367 | INFO  | CID:276e1b23a2e9 | Account/Login | Iniciando acción: Account/Login
2026-02-09 16:22:52.376 | INFO  | CID:276e1b23a2e9 | Account/Login | Acción completada: Account/Login
2026-02-09 16:23:49.227 | INFO  | CID:3041d79ce965 | USR:USU_ADMIN | Financiero/AprobarPago | Iniciando acción: Financiero/AprobarPago
2026-02-09 16:23:49.239 | INFO  | CID:3041d79ce965 | USR:USU_ADMIN | Financiero/AprobarPago | Acción completada: Financiero/AprobarPago
2026-02-09 16:24:24.683 | INFO  | CID:2cdb0ddaad0a | Account/Login | Iniciando acción: Account/Login
2026-02-09 16:24:24.954 | INFO  | CID:2cdb0ddaad0a | Account/Login | Acción completada: Account/Login
