2026-02-04 09:07:43.971 | ERROR | CID:b9096768159d | USR:USU_ADMIN | OrdenRecaudacion/Detalles | ERR:INTERNAL_ERROR | Reading as 'System.Int32' is not supported for fields having DataTypeName 'character varying'
    Exception: InvalidCastException
    StackTrace:    en Npgsql.Internal.AdoSerializerHelpers.<GetTypeInfoForReading>g__ThrowReadingNotSupported|0_0(Type type, String displayName, Exception inner)
   en Npgsql.Internal.AdoSerializerHelpers.GetTypeInfoForReading(Type type, PostgresType postgresType, PgSerializerOptions options)
   en Npgsql.BackendMessages.FieldDescription.<GetInfo>g__GetInfoSlow|50_0(Type type, ColumnInfo& lastColumnInfo)
   en Npgsql.BackendMessages.FieldDescription.GetInfo(Type type, ColumnInfo& lastColumnInfo)
   en Npgsql.NpgsqlDataReader.<GetInfo>g__Slow|133_0(ColumnInfo& info, PgConverter& converter, Size& bufferRequirement, Boolean& asObject, <>c__DisplayClass133_0& )
   en Npgsql.NpgsqlDataReader.GetFieldValueCore[T](Int32 ordinal)
   en CapaDatos.DAOs.OrdenRecaudacionDAO.MapearOrden(IDataReader reader) en c:\AOCR\AOCR\AOCR05-01-2026\AOCR1\AOCR\CapaDatos\DAOs\OrdenRecaudacionDAO.cs:línea 604
   en CapaDatos.DAOs.OrdenRecaudacionDAO.ObtenerPorId(Int32 id) en c:\AOCR\AOCR\AOCR05-01-2026\AOCR1\AOCR\CapaDatos\DAOs\OrdenRecaudacionDAO.cs:línea 118
   en CapaDatos.DAOs.OrdenRecaudacionDAO.ObtenerOrdenPorIdModel(Int32 id) en c:\AOCR\AOCR\AOCR05-01-2026\AOCR1\AOCR\CapaDatos\DAOs\OrdenRecaudacionDAO.cs:línea 946
   en CapaPresentacion.Controllers.OrdenRecaudacionController.Detalles(Int32 id) en c:\AOCR\AOCR\AOCR05-01-2026\AOCR1\AOCR\CapaPresentacion\Controllers\OrdenRecaudacionController.cs:línea 279
   en lambda_method(Closure , ControllerBase , Object[] )
   en System.Web.Mvc.ControllerActionInvoker.InvokeActionMethod(ControllerContext controllerContext, ActionDescriptor actionDescriptor, IDictionary`2 parameters)
   en System.Web.Mvc.Async.AsyncControllerActionInvoker.<>c.<BeginInvokeSynchronousActionMethod>b__9_0(IAsyncResult asyncResult, ActionInvocation innerInvokeState)
   en System.Web.Mvc.Async.AsyncResultWrapper.WrappedAsyncResult`2.CallEndDelegate(IAsyncResult asyncResult)
   en System.Web.Mvc.Async.AsyncControllerActionInvoker.EndInvokeActionMethod(IAsyncResult asyncResult)
   en System.Web.Mvc.Async.AsyncControllerActionInvoker.AsyncInvocationWithFilters.<>c__DisplayClass11_0.<InvokeActionMethodFilterAsynchronouslyRecursive>b__0()
   en System.Web.Mvc.Async.AsyncControllerActionInvoker.AsyncInvocationWithFilters.<>c__DisplayClass11_2.<InvokeActionMethodFilterAsynchronouslyRecursive>b__2()
   en System.Web.Mvc.Async.AsyncControllerActionInvoker.AsyncInvocationWithFilters.<>c__DisplayClass11_2.<InvokeActionMethodFilterAsynchronouslyRecursive>b__2()
   en System.Web.Mvc.Async.AsyncControllerActionInvoker.AsyncInvocationWithFilters.<>c__DisplayClass11_2.<InvokeActionMethodFilterAsynchronouslyRecursive>b__2()
   en System.Web.Mvc.Async.AsyncControllerActionInvoker.EndInvokeActionMethodWithFilters(IAsyncResult asyncResult)
   en System.Web.Mvc.Async.AsyncControllerActionInvoker.<>c__DisplayClass3_6.<BeginInvokeAction>b__4()
   en System.Web.Mvc.Async.AsyncControllerActionInvoker.<>c__DisplayClass3_1.<BeginInvokeAction>b__1(IAsyncResult asyncResult)
2026-02-04 09:08:03.040 | INFO  | CID:N/A | Iniciando procesador de cola de correos
2026-02-04 09:08:23.007 | INFO  | CID:N/A | Iniciando procesador de cola de correos
2026-02-04 09:10:07.553 | INFO  | CID:99a7bd95e34f | Account/Login | Iniciando acción: Account/Login
2026-02-04 09:10:08.128 | INFO  | CID:99a7bd95e34f | Account/Login | Acción completada: Account/Login
2026-02-04 09:10:25.131 | ERROR | CID:0067295266cf | USR:USU_ADMIN | OrdenRecaudacion/Obligatoria | ERR:INTERNAL_ERROR | c:\AOCR\AOCR\AOCR05-01-2026\AOCR1\AOCR\CapaPresentacion\Views\OrdenRecaudacion\Obligatoria.cshtml(589): error CS1502: La mejor coincidencia de método sobrecargado para 'string.IsNullOrEmpty(string)' tiene algunos argumentos no válidos
    Exception: HttpCompileException
    StackTrace:    en System.Web.Compilation.AssemblyBuilder.Compile()
   en System.Web.Compilation.BuildProvidersCompiler.PerformBuild()
   en System.Web.Compilation.BuildManager.CompileWebFile(VirtualPath virtualPath)
   en System.Web.Compilation.BuildManager.GetVPathBuildResultInternal(VirtualPath virtualPath, Boolean noBuild, Boolean allowCrossApp, Boolean allowBuildInPrecompile, Boolean throwIfNotFound, Boolean ensureIsUpToDate)
   en System.Web.Compilation.BuildManager.GetVPathBuildResultWithNoAssert(HttpContext context, VirtualPath virtualPath, Boolean noBuild, Boolean allowCrossApp, Boolean allowBuildInPrecompile, Boolean throwIfNotFound, Boolean ensureIsUpToDate)
   en System.Web.Compilation.BuildManager.GetVirtualPathObjectFactory(VirtualPath virtualPath, HttpContext context, Boolean allowCrossApp, Boolean throwIfNotFound)
   en System.Web.Compilation.BuildManager.GetCompiledType(VirtualPath virtualPath)
   en System.Web.Mvc.BuildManagerCompiledView.Render(ViewContext viewContext, TextWriter writer)
   en System.Web.Mvc.ViewResultBase.ExecuteResult(ControllerContext context)
   en System.Web.Mvc.ControllerActionInvoker.InvokeActionResultFilterRecursive(IList`1 filters, Int32 filterIndex, ResultExecutingContext preContext, ControllerContext controllerContext, ActionResult actionResult)
   en System.Web.Mvc.ControllerActionInvoker.InvokeActionResultFilterRecursive(IList`1 filters, Int32 filterIndex, ResultExecutingContext preContext, ControllerContext controllerContext, ActionResult actionResult)
   en System.Web.Mvc.ControllerActionInvoker.InvokeActionResultFilterRecursive(IList`1 filters, Int32 filterIndex, ResultExecutingContext preContext, ControllerContext controllerContext, ActionResult actionResult)
   en System.Web.Mvc.ControllerActionInvoker.InvokeActionResultFilterRecursive(IList`1 filters, Int32 filterIndex, ResultExecutingContext preContext, ControllerContext controllerContext, ActionResult actionResult)
   en System.Web.Mvc.ControllerActionInvoker.InvokeActionResultWithFilters(ControllerContext controllerContext, IList`1 filters, ActionResult actionResult)
   en System.Web.Mvc.Async.AsyncControllerActionInvoker.<>c__DisplayClass3_1.<BeginInvokeAction>b__1(IAsyncResult asyncResult)
2026-02-04 09:11:37.680 | INFO  | CID:N/A | Iniciando procesador de cola de correos
2026-02-04 09:11:43.834 | INFO  | CID:2f605a6dee7e | USR:USU_ADMIN | Account/Login | Iniciando acción: Account/Login
2026-02-04 09:11:44.122 | INFO  | CID:2f605a6dee7e | USR:USU_ADMIN | Account/Login | Acción completada: Account/Login
2026-02-04 09:12:12.944 | ERROR | CID:dc014968fdea | USR:USU_ADMIN | OrdenRecaudacion/Obligatoria | ERR:INTERNAL_ERROR | c:\AOCR\AOCR\AOCR05-01-2026\AOCR1\AOCR\CapaPresentacion\Views\OrdenRecaudacion\Obligatoria.cshtml(589): error CS1502: La mejor coincidencia de método sobrecargado para 'string.IsNullOrEmpty(string)' tiene algunos argumentos no válidos
    Exception: HttpCompileException
    StackTrace:    en System.Web.Compilation.AssemblyBuilder.Compile()
   en System.Web.Compilation.BuildProvidersCompiler.PerformBuild()
   en System.Web.Compilation.BuildManager.CompileWebFile(VirtualPath virtualPath)
   en System.Web.Compilation.BuildManager.GetVPathBuildResultInternal(VirtualPath virtualPath, Boolean noBuild, Boolean allowCrossApp, Boolean allowBuildInPrecompile, Boolean throwIfNotFound, Boolean ensureIsUpToDate)
   en System.Web.Compilation.BuildManager.GetVPathBuildResultWithNoAssert(HttpContext context, VirtualPath virtualPath, Boolean noBuild, Boolean allowCrossApp, Boolean allowBuildInPrecompile, Boolean throwIfNotFound, Boolean ensureIsUpToDate)
   en System.Web.Compilation.BuildManager.GetVirtualPathObjectFactory(VirtualPath virtualPath, HttpContext context, Boolean allowCrossApp, Boolean throwIfNotFound)
   en System.Web.Compilation.BuildManager.GetCompiledType(VirtualPath virtualPath)
   en System.Web.Mvc.BuildManagerCompiledView.Render(ViewContext viewContext, TextWriter writer)
   en System.Web.Mvc.ViewResultBase.ExecuteResult(ControllerContext context)
   en System.Web.Mvc.ControllerActionInvoker.InvokeActionResultFilterRecursive(IList`1 filters, Int32 filterIndex, ResultExecutingContext preContext, ControllerContext controllerContext, ActionResult actionResult)
   en System.Web.Mvc.ControllerActionInvoker.InvokeActionResultFilterRecursive(IList`1 filters, Int32 filterIndex, ResultExecutingContext preContext, ControllerContext controllerContext, ActionResult actionResult)
   en System.Web.Mvc.ControllerActionInvoker.InvokeActionResultFilterRecursive(IList`1 filters, Int32 filterIndex, ResultExecutingContext preContext, ControllerContext controllerContext, ActionResult actionResult)
   en System.Web.Mvc.ControllerActionInvoker.InvokeActionResultFilterRecursive(IList`1 filters, Int32 filterIndex, ResultExecutingContext preContext, ControllerContext controllerContext, ActionResult actionResult)
   en System.Web.Mvc.ControllerActionInvoker.InvokeActionResultWithFilters(ControllerContext controllerContext, IList`1 filters, ActionResult actionResult)
   en System.Web.Mvc.Async.AsyncControllerActionInvoker.<>c__DisplayClass3_1.<BeginInvokeAction>b__1(IAsyncResult asyncResult)
2026-02-04 10:24:57.306 | INFO  | CID:N/A | Iniciando procesador de cola de correos
2026-02-04 10:26:17.743 | INFO  | CID:725210833bcc | Account/Login | Iniciando acción: Account/Login
2026-02-04 10:26:18.161 | INFO  | CID:725210833bcc | Account/Login | Acción completada: Account/Login
2026-02-04 10:28:25.503 | INFO  | CID:c914a32ba885 | USR:USU_ADMIN | OrdenRecaudacion/Generar | Iniciando acción: OrdenRecaudacion/Generar
2026-02-04 10:28:25.516 | INFO  | CID:c914a32ba885 | USR:USU_ADMIN | OrdenRecaudacion/Generar | Acción completada: OrdenRecaudacion/Generar
2026-02-04 10:28:48.727 | INFO  | CID:9330e11300f0 | USR:USU_ADMIN | OrdenRecaudacion/RegistrarPago | Iniciando acción: OrdenRecaudacion/RegistrarPago
2026-02-04 10:28:48.763 | INFO  | CID:9330e11300f0 | USR:USU_ADMIN | OrdenRecaudacion/RegistrarPago | Acción completada: OrdenRecaudacion/RegistrarPago
2026-02-04 10:29:09.391 | INFO  | CID:c13048427dd9 | USR:USU_ADMIN | Financiero/AprobarOrden | Iniciando acción: Financiero/AprobarOrden
2026-02-04 10:29:09.530 | INFO  | CID:N/A | ERR:EMAIL_FACTURA | EnviarFacturaGenerada ejecutado
2026-02-04 10:29:09.532 | INFO  | CID:c13048427dd9 | USR:USU_ADMIN | Financiero/AprobarOrden | Acción completada: Financiero/AprobarOrden
2026-02-04 10:29:54.907 | INFO  | CID:c2f059720bae | USR:USU_ADMIN | OrdenRecaudacion/Generar | Iniciando acción: OrdenRecaudacion/Generar
2026-02-04 10:29:54.914 | INFO  | CID:c2f059720bae | USR:USU_ADMIN | OrdenRecaudacion/Generar | Acción completada: OrdenRecaudacion/Generar
2026-02-04 10:30:09.249 | INFO  | CID:9f39f22b6ab0 | USR:USU_ADMIN | OrdenRecaudacion/RegistrarPago | Iniciando acción: OrdenRecaudacion/RegistrarPago
2026-02-04 10:30:09.259 | INFO  | CID:9f39f22b6ab0 | USR:USU_ADMIN | OrdenRecaudacion/RegistrarPago | Acción completada: OrdenRecaudacion/RegistrarPago
2026-02-04 10:31:57.431 | INFO  | CID:e67b37f5963b | USR:USU_ADMIN | OrdenRecaudacion/Nueva | Iniciando acción: OrdenRecaudacion/Nueva
2026-02-04 10:31:57.700 | INFO  | CID:e67b37f5963b | USR:USU_ADMIN | OrdenRecaudacion/Nueva | Acción completada: OrdenRecaudacion/Nueva
2026-02-04 10:32:05.194 | INFO  | CID:50de128beb05 | USR:USU_ADMIN | OrdenRecaudacion/Generar | Iniciando acción: OrdenRecaudacion/Generar
2026-02-04 10:32:05.200 | INFO  | CID:50de128beb05 | USR:USU_ADMIN | OrdenRecaudacion/Generar | Acción completada: OrdenRecaudacion/Generar
2026-02-04 11:29:35.577 | INFO  | CID:N/A | Iniciando procesador de cola de correos
2026-02-04 11:29:42.820 | INFO  | CID:6043fdbd1bfc | Account/Login | Iniciando acción: Account/Login
2026-02-04 11:29:43.409 | INFO  | CID:6043fdbd1bfc | Account/Login | Acción completada: Account/Login
2026-02-04 11:33:09.214 | INFO  | CID:N/A | Iniciando procesador de cola de correos
2026-02-04 11:33:17.277 | INFO  | CID:9138040e38f3 | USR:USU_ADMIN | Account/Login | Iniciando acción: Account/Login
2026-02-04 11:33:17.591 | INFO  | CID:9138040e38f3 | USR:USU_ADMIN | Account/Login | Acción completada: Account/Login
2026-02-04 11:33:52.021 | INFO  | CID:341066b9330f | USR:USU_ADMIN | OrdenRecaudacion/Nueva | Iniciando acción: OrdenRecaudacion/Nueva
2026-02-04 11:33:52.294 | INFO  | CID:341066b9330f | USR:USU_ADMIN | OrdenRecaudacion/Nueva | Acción completada: OrdenRecaudacion/Nueva
2026-02-04 11:33:56.853 | INFO  | CID:ded0456677be | USR:USU_ADMIN | OrdenRecaudacion/Generar | Iniciando acción: OrdenRecaudacion/Generar
2026-02-04 11:33:56.853 | INFO  | CID:ded0456677be | USR:USU_ADMIN | OrdenRecaudacion/Generar | Acción completada: OrdenRecaudacion/Generar
2026-02-04 11:34:24.489 | INFO  | CID:fb7b8c2101fa | USR:USU_ADMIN | OrdenRecaudacion/RegistrarPago | Iniciando acción: OrdenRecaudacion/RegistrarPago
2026-02-04 11:34:24.508 | INFO  | CID:fb7b8c2101fa | USR:USU_ADMIN | OrdenRecaudacion/RegistrarPago | Acción completada: OrdenRecaudacion/RegistrarPago
2026-02-04 11:34:52.466 | INFO  | CID:483b53cd1836 | USR:USU_ADMIN | Financiero/AprobarOrden | Iniciando acción: Financiero/AprobarOrden
2026-02-04 11:34:52.596 | INFO  | CID:N/A | ERR:EMAIL_FACTURA | EnviarFacturaGenerada ejecutado
2026-02-04 11:34:52.596 | INFO  | CID:483b53cd1836 | USR:USU_ADMIN | Financiero/AprobarOrden | Acción completada: Financiero/AprobarOrden
2026-02-04 11:35:01.591 | INFO  | CID:528108a674c8 | USR:USU_ADMIN | Financiero/AprobarPago | Iniciando acción: Financiero/AprobarPago
2026-02-04 11:35:01.631 | INFO  | CID:528108a674c8 | USR:USU_ADMIN | Financiero/AprobarPago | Acción completada: Financiero/AprobarPago
2026-02-04 11:35:04.595 | INFO  | CID:0359659df742 | USR:USU_ADMIN | Financiero/AprobarPago | Iniciando acción: Financiero/AprobarPago
2026-02-04 11:35:04.840 | INFO  | CID:0359659df742 | USR:USU_ADMIN | Financiero/AprobarPago | Acción completada: Financiero/AprobarPago
2026-02-04 11:46:20.299 | INFO  | CID:N/A | Iniciando procesador de cola de correos
2026-02-04 11:46:39.751 | INFO  | CID:1a913f7f9ed8 | USR:USU_ADMIN | Account/Login | Iniciando acción: Account/Login
2026-02-04 11:46:40.172 | INFO  | CID:1a913f7f9ed8 | USR:USU_ADMIN | Account/Login | Acción completada: Account/Login
2026-02-04 11:47:27.261 | INFO  | CID:68125ab1612b | USR:USU_ADMIN | OrdenRecaudacion/ValidarPago | Iniciando acción: OrdenRecaudacion/ValidarPago
2026-02-04 11:47:27.327 | INFO  | CID:68125ab1612b | USR:USU_ADMIN | OrdenRecaudacion/ValidarPago | Acción completada: OrdenRecaudacion/ValidarPago
2026-02-04 11:47:31.301 | INFO  | CID:b58aa60f8211 | USR:USU_ADMIN | OrdenRecaudacion/ValidarPago | Iniciando acción: OrdenRecaudacion/ValidarPago
2026-02-04 11:47:31.328 | INFO  | CID:b58aa60f8211 | USR:USU_ADMIN | OrdenRecaudacion/ValidarPago | Acción completada: OrdenRecaudacion/ValidarPago
2026-02-04 11:47:50.010 | INFO  | CID:1314da44a942 | USR:USU_ADMIN | OrdenRecaudacion/ValidarPago | Iniciando acción: OrdenRecaudacion/ValidarPago
2026-02-04 11:47:50.049 | INFO  | CID:1314da44a942 | USR:USU_ADMIN | OrdenRecaudacion/ValidarPago | Acción completada: OrdenRecaudacion/ValidarPago
2026-02-04 11:48:38.740 | INFO  | CID:91f831a80596 | USR:USU_ADMIN | OrdenRecaudacion/ValidarPago | Iniciando acción: OrdenRecaudacion/ValidarPago
2026-02-04 11:48:38.782 | INFO  | CID:91f831a80596 | USR:USU_ADMIN | OrdenRecaudacion/ValidarPago | Acción completada: OrdenRecaudacion/ValidarPago
2026-02-04 11:52:15.617 | INFO  | CID:2d60080afa25 | USR:USU_ADMIN | OrdenRecaudacion/Nueva | Iniciando acción: OrdenRecaudacion/Nueva
2026-02-04 11:52:15.660 | INFO  | CID:2d60080afa25 | USR:USU_ADMIN | OrdenRecaudacion/Nueva | Acción completada: OrdenRecaudacion/Nueva
2026-02-04 11:52:18.067 | ERROR | CID:71dc682d179e | USR:USU_ADMIN | OrdenRecaudacion/Detalles | ERR:INTERNAL_ERROR | c:\AOCR\AOCR\AOCR05-01-2026\AOCR1\AOCR\CapaPresentacion\Views\OrdenRecaudacion\Detalles.cshtml(315): error CS1061: 'CapaDatos.Models.PagoModel' no contiene una definición de 'Banco' ni se encontró ningún método de extensión 'Banco' que acepte un primer argumento de tipo 'CapaDatos.Models.PagoModel' (¿falta una directiva using o una referencia de ensamblado?)
    Exception: HttpCompileException
    StackTrace:    en System.Web.Compilation.AssemblyBuilder.Compile()
   en System.Web.Compilation.BuildProvidersCompiler.PerformBuild()
   en System.Web.Compilation.BuildManager.CompileWebFile(VirtualPath virtualPath)
   en System.Web.Compilation.BuildManager.GetVPathBuildResultInternal(VirtualPath virtualPath, Boolean noBuild, Boolean allowCrossApp, Boolean allowBuildInPrecompile, Boolean throwIfNotFound, Boolean ensureIsUpToDate)
   en System.Web.Compilation.BuildManager.GetVPathBuildResultWithNoAssert(HttpContext context, VirtualPath virtualPath, Boolean noBuild, Boolean allowCrossApp, Boolean allowBuildInPrecompile, Boolean throwIfNotFound, Boolean ensureIsUpToDate)
   en System.Web.Compilation.BuildManager.GetVirtualPathObjectFactory(VirtualPath virtualPath, HttpContext context, Boolean allowCrossApp, Boolean throwIfNotFound)
   en System.Web.Compilation.BuildManager.GetCompiledType(VirtualPath virtualPath)
   en System.Web.Mvc.BuildManagerCompiledView.Render(ViewContext viewContext, TextWriter writer)
   en System.Web.Mvc.ViewResultBase.ExecuteResult(ControllerContext context)
   en System.Web.Mvc.ControllerActionInvoker.InvokeActionResultFilterRecursive(IList`1 filters, Int32 filterIndex, ResultExecutingContext preContext, ControllerContext controllerContext, ActionResult actionResult)
   en System.Web.Mvc.ControllerActionInvoker.InvokeActionResultFilterRecursive(IList`1 filters, Int32 filterIndex, ResultExecutingContext preContext, ControllerContext controllerContext, ActionResult actionResult)
   en System.Web.Mvc.ControllerActionInvoker.InvokeActionResultFilterRecursive(IList`1 filters, Int32 filterIndex, ResultExecutingContext preContext, ControllerContext controllerContext, ActionResult actionResult)
   en System.Web.Mvc.ControllerActionInvoker.InvokeActionResultFilterRecursive(IList`1 filters, Int32 filterIndex, ResultExecutingContext preContext, ControllerContext controllerContext, ActionResult actionResult)
   en System.Web.Mvc.ControllerActionInvoker.InvokeActionResultWithFilters(ControllerContext controllerContext, IList`1 filters, ActionResult actionResult)
   en System.Web.Mvc.Async.AsyncControllerActionInvoker.<>c__DisplayClass3_1.<BeginInvokeAction>b__1(IAsyncResult asyncResult)
2026-02-04 11:53:07.423 | ERROR | CID:e33bc5cd2764 | USR:USU_ADMIN | OrdenRecaudacion/Detalles | ERR:INTERNAL_ERROR | c:\AOCR\AOCR\AOCR05-01-2026\AOCR1\AOCR\CapaPresentacion\Views\OrdenRecaudacion\Detalles.cshtml(315): error CS1061: 'CapaDatos.Models.PagoModel' no contiene una definición de 'Banco' ni se encontró ningún método de extensión 'Banco' que acepte un primer argumento de tipo 'CapaDatos.Models.PagoModel' (¿falta una directiva using o una referencia de ensamblado?)
    Exception: HttpCompileException
    StackTrace:    en System.Web.Compilation.AssemblyBuilder.Compile()
   en System.Web.Compilation.BuildProvidersCompiler.PerformBuild()
   en System.Web.Compilation.BuildManager.CompileWebFile(VirtualPath virtualPath)
   en System.Web.Compilation.BuildManager.GetVPathBuildResultInternal(VirtualPath virtualPath, Boolean noBuild, Boolean allowCrossApp, Boolean allowBuildInPrecompile, Boolean throwIfNotFound, Boolean ensureIsUpToDate)
   en System.Web.Compilation.BuildManager.GetVPathBuildResultWithNoAssert(HttpContext context, VirtualPath virtualPath, Boolean noBuild, Boolean allowCrossApp, Boolean allowBuildInPrecompile, Boolean throwIfNotFound, Boolean ensureIsUpToDate)
   en System.Web.Compilation.BuildManager.GetVirtualPathObjectFactory(VirtualPath virtualPath, HttpContext context, Boolean allowCrossApp, Boolean throwIfNotFound)
   en System.Web.Compilation.BuildManager.GetCompiledType(VirtualPath virtualPath)
   en System.Web.Mvc.BuildManagerCompiledView.Render(ViewContext viewContext, TextWriter writer)
   en System.Web.Mvc.ViewResultBase.ExecuteResult(ControllerContext context)
   en System.Web.Mvc.ControllerActionInvoker.InvokeActionResultFilterRecursive(IList`1 filters, Int32 filterIndex, ResultExecutingContext preContext, ControllerContext controllerContext, ActionResult actionResult)
   en System.Web.Mvc.ControllerActionInvoker.InvokeActionResultFilterRecursive(IList`1 filters, Int32 filterIndex, ResultExecutingContext preContext, ControllerContext controllerContext, ActionResult actionResult)
   en System.Web.Mvc.ControllerActionInvoker.InvokeActionResultFilterRecursive(IList`1 filters, Int32 filterIndex, ResultExecutingContext preContext, ControllerContext controllerContext, ActionResult actionResult)
   en System.Web.Mvc.ControllerActionInvoker.InvokeActionResultFilterRecursive(IList`1 filters, Int32 filterIndex, ResultExecutingContext preContext, ControllerContext controllerContext, ActionResult actionResult)
   en System.Web.Mvc.ControllerActionInvoker.InvokeActionResultWithFilters(ControllerContext controllerContext, IList`1 filters, ActionResult actionResult)
   en System.Web.Mvc.Async.AsyncControllerActionInvoker.<>c__DisplayClass3_1.<BeginInvokeAction>b__1(IAsyncResult asyncResult)
2026-02-04 12:08:42.683 | INFO  | CID:N/A | Iniciando procesador de cola de correos
2026-02-04 12:08:50.967 | INFO  | CID:1d345f7107a8 | USR:USU_ADMIN | Account/Login | Iniciando acción: Account/Login
2026-02-04 12:08:51.507 | INFO  | CID:1d345f7107a8 | USR:USU_ADMIN | Account/Login | Acción completada: Account/Login
2026-02-04 12:09:17.391 | INFO  | CID:a792c8269e4c | USR:USU_ADMIN | OrdenRecaudacion/Generar | Iniciando acción: OrdenRecaudacion/Generar
2026-02-04 12:09:17.402 | INFO  | CID:a792c8269e4c | USR:USU_ADMIN | OrdenRecaudacion/Generar | Acción completada: OrdenRecaudacion/Generar
2026-02-04 12:10:09.818 | INFO  | CID:dc4264ba7543 | USR:USU_ADMIN | OrdenRecaudacion/RegistrarPago | Iniciando acción: OrdenRecaudacion/RegistrarPago
2026-02-04 12:10:09.901 | INFO  | CID:dc4264ba7543 | USR:USU_ADMIN | OrdenRecaudacion/RegistrarPago | Acción completada: OrdenRecaudacion/RegistrarPago
2026-02-04 12:11:51.608 | INFO  | CID:6be31e302e47 | USR:USU_ADMIN | Financiero/AprobarPago | Iniciando acción: Financiero/AprobarPago
2026-02-04 12:11:51.644 | INFO  | CID:6be31e302e47 | USR:USU_ADMIN | Financiero/AprobarPago | Acción completada: Financiero/AprobarPago
2026-02-04 12:22:41.603 | INFO  | CID:N/A | Iniciando procesador de cola de correos
2026-02-04 12:23:47.593 | INFO  | CID:778c3bffde16 | USR:USU_ADMIN | Account/Login | Iniciando acción: Account/Login
2026-02-04 12:23:48.373 | INFO  | CID:778c3bffde16 | USR:USU_ADMIN | Account/Login | Acción completada: Account/Login
2026-02-04 12:26:23.757 | INFO  | CID:c0a8884ec1bb | USR:USU_ADMIN | OrdenRecaudacion/Nueva | Iniciando acción: OrdenRecaudacion/Nueva
2026-02-04 12:26:23.955 | INFO  | CID:c0a8884ec1bb | USR:USU_ADMIN | OrdenRecaudacion/Nueva | Acción completada: OrdenRecaudacion/Nueva
2026-02-04 12:26:29.163 | INFO  | CID:477f54b30179 | USR:USU_ADMIN | OrdenRecaudacion/Generar | Iniciando acción: OrdenRecaudacion/Generar
2026-02-04 12:26:29.171 | INFO  | CID:477f54b30179 | USR:USU_ADMIN | OrdenRecaudacion/Generar | Acción completada: OrdenRecaudacion/Generar
2026-02-04 12:26:45.463 | INFO  | CID:1f2b6fdb7803 | USR:USU_ADMIN | OrdenRecaudacion/RegistrarPago | Iniciando acción: OrdenRecaudacion/RegistrarPago
2026-02-04 12:26:45.519 | INFO  | CID:1f2b6fdb7803 | USR:USU_ADMIN | OrdenRecaudacion/RegistrarPago | Acción completada: OrdenRecaudacion/RegistrarPago
2026-02-04 14:01:17.365 | INFO  | CID:N/A | Iniciando procesador de cola de correos
2026-02-04 14:03:27.047 | INFO  | CID:67aaadc68cc6 | Account/Login | Iniciando acción: Account/Login
2026-02-04 14:03:27.548 | INFO  | CID:67aaadc68cc6 | Account/Login | Acción completada: Account/Login
2026-02-04 14:04:24.124 | INFO  | CID:9630c8419f51 | USR:USU_ADMIN | OrdenRecaudacion/RegistrarPago | Iniciando acción: OrdenRecaudacion/RegistrarPago
2026-02-04 14:04:24.241 | INFO  | CID:9630c8419f51 | USR:USU_ADMIN | OrdenRecaudacion/RegistrarPago | Acción completada: OrdenRecaudacion/RegistrarPago
2026-02-04 14:05:02.636 | INFO  | CID:03aa6908bcfa | USR:USU_ADMIN | OrdenRecaudacion/RegistrarPago | Iniciando acción: OrdenRecaudacion/RegistrarPago
2026-02-04 14:05:02.682 | INFO  | CID:03aa6908bcfa | USR:USU_ADMIN | OrdenRecaudacion/RegistrarPago | Acción completada: OrdenRecaudacion/RegistrarPago
2026-02-04 14:12:44.104 | INFO  | CID:N/A | Iniciando procesador de cola de correos
2026-02-04 14:12:49.057 | INFO  | CID:c78445510500 | USR:USU_ADMIN | Account/Login | Iniciando acción: Account/Login
2026-02-04 14:12:49.425 | INFO  | CID:c78445510500 | USR:USU_ADMIN | Account/Login | Acción completada: Account/Login
2026-02-04 14:27:15.068 | INFO  | CID:N/A | Iniciando procesador de cola de correos
2026-02-04 14:27:26.620 | INFO  | CID:1973cff98132 | USR:USU_ADMIN | Account/Login | Iniciando acción: Account/Login
2026-02-04 14:27:26.911 | INFO  | CID:1973cff98132 | USR:USU_ADMIN | Account/Login | Acción completada: Account/Login
2026-02-04 14:28:41.226 | INFO  | CID:5c4ca3002833 | USR:USU_ADMIN | OrdenRecaudacion/RegistrarPago | Iniciando acción: OrdenRecaudacion/RegistrarPago
2026-02-04 14:28:41.402 | INFO  | CID:5c4ca3002833 | USR:USU_ADMIN | OrdenRecaudacion/RegistrarPago | Acción completada: OrdenRecaudacion/RegistrarPago
2026-02-04 14:28:54.589 | INFO  | CID:b20ff408baf3 | USR:USU_ADMIN | OrdenRecaudacion/ValidarPago | Iniciando acción: OrdenRecaudacion/ValidarPago
2026-02-04 14:28:54.633 | INFO  | CID:b20ff408baf3 | USR:USU_ADMIN | OrdenRecaudacion/ValidarPago | Acción completada: OrdenRecaudacion/ValidarPago
2026-02-04 14:29:33.365 | INFO  | CID:c98a8fe59f88 | USR:USU_ADMIN | Financiero/AprobarPago | Iniciando acción: Financiero/AprobarPago
2026-02-04 14:29:33.622 | INFO  | CID:c98a8fe59f88 | USR:USU_ADMIN | Financiero/AprobarPago | Acción completada: Financiero/AprobarPago
2026-02-04 14:49:10.478 | INFO  | CID:N/A | Iniciando procesador de cola de correos
2026-02-04 14:49:41.064 | INFO  | CID:ced1abd0ff72 | USR:USU_ADMIN | Account/Login | Iniciando acción: Account/Login
2026-02-04 14:49:41.371 | INFO  | CID:ced1abd0ff72 | USR:USU_ADMIN | Account/Login | Acción completada: Account/Login
2026-02-04 14:55:09.801 | INFO  | CID:N/A | Iniciando procesador de cola de correos
2026-02-04 14:55:18.590 | INFO  | CID:5ba90fdb038a | USR:USU_ADMIN | Account/Login | Iniciando acción: Account/Login
2026-02-04 14:55:19.387 | INFO  | CID:5ba90fdb038a | USR:USU_ADMIN | Account/Login | Acción completada: Account/Login
2026-02-04 15:08:07.830 | INFO  | CID:N/A | Iniciando procesador de cola de correos
2026-02-04 15:08:16.886 | INFO  | CID:c23febc4abe3 | USR:USU_ADMIN | Account/Login | Iniciando acción: Account/Login
2026-02-04 15:08:17.217 | INFO  | CID:c23febc4abe3 | USR:USU_ADMIN | Account/Login | Acción completada: Account/Login
2026-02-04 15:09:02.875 | INFO  | CID:34b0051167f0 | USR:USU_ADMIN | OrdenRecaudacion/Nueva | Iniciando acción: OrdenRecaudacion/Nueva
2026-02-04 15:09:03.151 | INFO  | CID:34b0051167f0 | USR:USU_ADMIN | OrdenRecaudacion/Nueva | Acción completada: OrdenRecaudacion/Nueva
2026-02-04 15:09:07.660 | INFO  | CID:85041313d5a7 | USR:USU_ADMIN | OrdenRecaudacion/Generar | Iniciando acción: OrdenRecaudacion/Generar
2026-02-04 15:09:07.668 | INFO  | CID:85041313d5a7 | USR:USU_ADMIN | OrdenRecaudacion/Generar | Acción completada: OrdenRecaudacion/Generar
2026-02-04 15:09:40.370 | INFO  | CID:8ae78b1165ad | USR:USU_ADMIN | OrdenRecaudacion/RegistrarPago | Iniciando acción: OrdenRecaudacion/RegistrarPago
2026-02-04 15:09:40.583 | INFO  | CID:8ae78b1165ad | USR:USU_ADMIN | OrdenRecaudacion/RegistrarPago | Acción completada: OrdenRecaudacion/RegistrarPago
2026-02-04 15:09:48.121 | INFO  | CID:6ba6d42ea282 | USR:USU_ADMIN | OrdenRecaudacion/ValidarPago | Iniciando acción: OrdenRecaudacion/ValidarPago
2026-02-04 15:09:48.127 | INFO  | CID:6ba6d42ea282 | USR:USU_ADMIN | OrdenRecaudacion/ValidarPago | Acción completada: OrdenRecaudacion/ValidarPago
2026-02-04 15:09:55.027 | INFO  | CID:2c10d2bb6838 | USR:USU_ADMIN | OrdenRecaudacion/ValidarPago | Iniciando acción: OrdenRecaudacion/ValidarPago
2026-02-04 15:09:55.028 | INFO  | CID:2c10d2bb6838 | USR:USU_ADMIN | OrdenRecaudacion/ValidarPago | Acción completada: OrdenRecaudacion/ValidarPago
2026-02-04 15:10:01.795 | INFO  | CID:6f3ff09479da | USR:USU_ADMIN | OrdenRecaudacion/ValidarPago | Iniciando acción: OrdenRecaudacion/ValidarPago
2026-02-04 15:10:01.809 | INFO  | CID:6f3ff09479da | USR:USU_ADMIN | OrdenRecaudacion/ValidarPago | Acción completada: OrdenRecaudacion/ValidarPago
2026-02-04 15:10:07.643 | INFO  | CID:6123cf60ceea | USR:USU_ADMIN | OrdenRecaudacion/ValidarPago | Iniciando acción: OrdenRecaudacion/ValidarPago
2026-02-04 15:10:07.648 | INFO  | CID:6123cf60ceea | USR:USU_ADMIN | OrdenRecaudacion/ValidarPago | Acción completada: OrdenRecaudacion/ValidarPago
2026-02-04 15:10:36.121 | INFO  | CID:b4ee2478eb27 | USR:USU_ADMIN | Financiero/AprobarOrden | Iniciando acción: Financiero/AprobarOrden
2026-02-04 15:10:36.165 | INFO  | CID:N/A | ERR:EMAIL_FACTURA | EnviarFacturaGenerada ejecutado
2026-02-04 15:10:36.165 | INFO  | CID:b4ee2478eb27 | USR:USU_ADMIN | Financiero/AprobarOrden | Acción completada: Financiero/AprobarOrden
2026-02-04 15:12:05.095 | INFO  | CID:c6038d57ec62 | USR:USU_ADMIN | OrdenRecaudacion/Nueva | Iniciando acción: OrdenRecaudacion/Nueva
2026-02-04 15:12:05.322 | INFO  | CID:c6038d57ec62 | USR:USU_ADMIN | OrdenRecaudacion/Nueva | Acción completada: OrdenRecaudacion/Nueva
2026-02-04 15:12:10.949 | INFO  | CID:bbcf1894dba1 | USR:USU_ADMIN | OrdenRecaudacion/Generar | Iniciando acción: OrdenRecaudacion/Generar
2026-02-04 15:12:10.958 | INFO  | CID:bbcf1894dba1 | USR:USU_ADMIN | OrdenRecaudacion/Generar | Acción completada: OrdenRecaudacion/Generar
2026-02-04 15:13:35.117 | INFO  | CID:ddd637a8844c | USR:USU_ADMIN | OrdenRecaudacion/RegistrarPago | Iniciando acción: OrdenRecaudacion/RegistrarPago
2026-02-04 15:13:35.177 | INFO  | CID:ddd637a8844c | USR:USU_ADMIN | OrdenRecaudacion/RegistrarPago | Acción completada: OrdenRecaudacion/RegistrarPago
2026-02-04 15:14:01.012 | INFO  | CID:26e7c8618352 | USR:USU_ADMIN | Financiero/AprobarOrden | Iniciando acción: Financiero/AprobarOrden
2026-02-04 15:14:01.062 | INFO  | CID:N/A | ERR:EMAIL_FACTURA | EnviarFacturaGenerada ejecutado
2026-02-04 15:14:01.064 | INFO  | CID:26e7c8618352 | USR:USU_ADMIN | Financiero/AprobarOrden | Acción completada: Financiero/AprobarOrden
2026-02-04 15:18:13.579 | INFO  | CID:781b0e37cccb | USR:USU_ADMIN | OrdenRecaudacion/Nueva | Iniciando acción: OrdenRecaudacion/Nueva
2026-02-04 15:18:14.082 | INFO  | CID:781b0e37cccb | USR:USU_ADMIN | OrdenRecaudacion/Nueva | Acción completada: OrdenRecaudacion/Nueva
2026-02-04 15:18:20.549 | INFO  | CID:2e5579d2f649 | USR:USU_ADMIN | OrdenRecaudacion/ValidarPago | Iniciando acción: OrdenRecaudacion/ValidarPago
2026-02-04 15:18:20.552 | INFO  | CID:2e5579d2f649 | USR:USU_ADMIN | OrdenRecaudacion/ValidarPago | Acción completada: OrdenRecaudacion/ValidarPago
2026-02-04 15:18:37.192 | INFO  | CID:ea29a9385c50 | USR:USU_ADMIN | OrdenRecaudacion/Generar | Iniciando acción: OrdenRecaudacion/Generar
2026-02-04 15:18:37.244 | INFO  | CID:ea29a9385c50 | USR:USU_ADMIN | OrdenRecaudacion/Generar | Acción completada: OrdenRecaudacion/Generar
2026-02-04 15:36:38.891 | INFO  | CID:N/A | Iniciando procesador de cola de correos
2026-02-04 15:36:46.169 | INFO  | CID:ae78c5e889e1 | USR:USU_ADMIN | Account/Login | Iniciando acción: Account/Login
2026-02-04 15:36:46.758 | INFO  | CID:ae78c5e889e1 | USR:USU_ADMIN | Account/Login | Acción completada: Account/Login
2026-02-04 15:37:07.770 | INFO  | CID:11aa7df4d646 | USR:USU_ADMIN | OrdenRecaudacion/Nueva | Iniciando acción: OrdenRecaudacion/Nueva
2026-02-04 15:37:08.044 | INFO  | CID:11aa7df4d646 | USR:USU_ADMIN | OrdenRecaudacion/Nueva | Acción completada: OrdenRecaudacion/Nueva
2026-02-04 15:37:13.551 | INFO  | CID:b09d127b41e8 | USR:USU_ADMIN | OrdenRecaudacion/Generar | Iniciando acción: OrdenRecaudacion/Generar
2026-02-04 15:37:13.562 | INFO  | CID:b09d127b41e8 | USR:USU_ADMIN | OrdenRecaudacion/Generar | Acción completada: OrdenRecaudacion/Generar
2026-02-04 15:40:54.429 | INFO  | CID:N/A | Iniciando procesador de cola de correos
2026-02-04 15:41:05.256 | INFO  | CID:fb77e94395e9 | USR:USU_ADMIN | Account/Login | Iniciando acción: Account/Login
2026-02-04 15:41:05.870 | INFO  | CID:fb77e94395e9 | USR:USU_ADMIN | Account/Login | Acción completada: Account/Login
2026-02-04 15:46:21.929 | INFO  | CID:N/A | Iniciando procesador de cola de correos
2026-02-04 15:46:22.541 | ERROR | CID:9d6d0ac18e6c | USR:USU_ADMIN | OrdenRecaudacion/Detalles | ERR:BAD_REQUEST | El diccionario de parámetros contiene una entrada NULL para el parámetro 'id' del tipo que no acepta valores NULL 'System.Int32' del método 'System.Web.Mvc.ActionResult Detalles(Int32)' en 'CapaPresentacion.Controllers.OrdenRecaudacionController'. Un parámetro opcional debe ser un tipo de referencia, un tipo que acepte valores NULL o debe declararse como parámetro opcional.
Nombre del parámetro: parameters
    Exception: ArgumentException
    StackTrace:    en System.Web.Mvc.ActionDescriptor.ExtractParameterFromDictionary(ParameterInfo parameterInfo, IDictionary`2 parameters, MethodInfo methodInfo)
   en System.Web.Mvc.ReflectedActionDescriptor.Execute(ControllerContext controllerContext, IDictionary`2 parameters)
   en System.Web.Mvc.ControllerActionInvoker.InvokeActionMethod(ControllerContext controllerContext, ActionDescriptor actionDescriptor, IDictionary`2 parameters)
   en System.Web.Mvc.Async.AsyncControllerActionInvoker.<>c.<BeginInvokeSynchronousActionMethod>b__9_0(IAsyncResult asyncResult, ActionInvocation innerInvokeState)
   en System.Web.Mvc.Async.AsyncResultWrapper.WrappedAsyncResult`2.CallEndDelegate(IAsyncResult asyncResult)
   en System.Web.Mvc.Async.AsyncControllerActionInvoker.EndInvokeActionMethod(IAsyncResult asyncResult)
   en System.Web.Mvc.Async.AsyncControllerActionInvoker.AsyncInvocationWithFilters.<>c__DisplayClass11_0.<InvokeActionMethodFilterAsynchronouslyRecursive>b__0()
   en System.Web.Mvc.Async.AsyncControllerActionInvoker.AsyncInvocationWithFilters.<>c__DisplayClass11_2.<InvokeActionMethodFilterAsynchronouslyRecursive>b__2()
   en System.Web.Mvc.Async.AsyncControllerActionInvoker.AsyncInvocationWithFilters.<>c__DisplayClass11_2.<InvokeActionMethodFilterAsynchronouslyRecursive>b__2()
   en System.Web.Mvc.Async.AsyncControllerActionInvoker.AsyncInvocationWithFilters.<>c__DisplayClass11_2.<InvokeActionMethodFilterAsynchronouslyRecursive>b__2()
   en System.Web.Mvc.Async.AsyncControllerActionInvoker.EndInvokeActionMethodWithFilters(IAsyncResult asyncResult)
   en System.Web.Mvc.Async.AsyncControllerActionInvoker.<>c__DisplayClass3_6.<BeginInvokeAction>b__4()
   en System.Web.Mvc.Async.AsyncControllerActionInvoker.<>c__DisplayClass3_1.<BeginInvokeAction>b__1(IAsyncResult asyncResult)
2026-02-04 15:46:33.631 | INFO  | CID:d946b30ed4e9 | USR:USU_ADMIN | Account/Login | Iniciando acción: Account/Login
2026-02-04 15:46:33.912 | INFO  | CID:d946b30ed4e9 | USR:USU_ADMIN | Account/Login | Acción completada: Account/Login
2026-02-04 15:49:46.212 | INFO  | CID:N/A | Iniciando procesador de cola de correos
2026-02-04 15:49:53.231 | INFO  | CID:54e586af6d02 | USR:USU_ADMIN | Account/Login | Iniciando acción: Account/Login
2026-02-04 15:49:53.806 | INFO  | CID:54e586af6d02 | USR:USU_ADMIN | Account/Login | Acción completada: Account/Login
2026-02-04 15:52:13.862 | INFO  | CID:N/A | Iniciando procesador de cola de correos
2026-02-04 15:52:14.661 | ERROR | CID:540c4ed128ab | USR:USU_ADMIN | OrdenRecaudacion/Detalles | ERR:BAD_REQUEST | El diccionario de parámetros contiene una entrada NULL para el parámetro 'id' del tipo que no acepta valores NULL 'System.Int32' del método 'System.Web.Mvc.ActionResult Detalles(Int32)' en 'CapaPresentacion.Controllers.OrdenRecaudacionController'. Un parámetro opcional debe ser un tipo de referencia, un tipo que acepte valores NULL o debe declararse como parámetro opcional.
Nombre del parámetro: parameters
    Exception: ArgumentException
    StackTrace:    en System.Web.Mvc.ActionDescriptor.ExtractParameterFromDictionary(ParameterInfo parameterInfo, IDictionary`2 parameters, MethodInfo methodInfo)
   en System.Web.Mvc.ReflectedActionDescriptor.Execute(ControllerContext controllerContext, IDictionary`2 parameters)
   en System.Web.Mvc.ControllerActionInvoker.InvokeActionMethod(ControllerContext controllerContext, ActionDescriptor actionDescriptor, IDictionary`2 parameters)
   en System.Web.Mvc.Async.AsyncControllerActionInvoker.<>c.<BeginInvokeSynchronousActionMethod>b__9_0(IAsyncResult asyncResult, ActionInvocation innerInvokeState)
   en System.Web.Mvc.Async.AsyncResultWrapper.WrappedAsyncResult`2.CallEndDelegate(IAsyncResult asyncResult)
   en System.Web.Mvc.Async.AsyncControllerActionInvoker.EndInvokeActionMethod(IAsyncResult asyncResult)
   en System.Web.Mvc.Async.AsyncControllerActionInvoker.AsyncInvocationWithFilters.<>c__DisplayClass11_0.<InvokeActionMethodFilterAsynchronouslyRecursive>b__0()
   en System.Web.Mvc.Async.AsyncControllerActionInvoker.AsyncInvocationWithFilters.<>c__DisplayClass11_2.<InvokeActionMethodFilterAsynchronouslyRecursive>b__2()
   en System.Web.Mvc.Async.AsyncControllerActionInvoker.AsyncInvocationWithFilters.<>c__DisplayClass11_2.<InvokeActionMethodFilterAsynchronouslyRecursive>b__2()
   en System.Web.Mvc.Async.AsyncControllerActionInvoker.AsyncInvocationWithFilters.<>c__DisplayClass11_2.<InvokeActionMethodFilterAsynchronouslyRecursive>b__2()
   en System.Web.Mvc.Async.AsyncControllerActionInvoker.EndInvokeActionMethodWithFilters(IAsyncResult asyncResult)
   en System.Web.Mvc.Async.AsyncControllerActionInvoker.<>c__DisplayClass3_6.<BeginInvokeAction>b__4()
   en System.Web.Mvc.Async.AsyncControllerActionInvoker.<>c__DisplayClass3_1.<BeginInvokeAction>b__1(IAsyncResult asyncResult)
2026-02-04 15:52:25.988 | INFO  | CID:46b1915cb558 | USR:USU_ADMIN | Account/Login | Iniciando acción: Account/Login
2026-02-04 15:52:26.500 | INFO  | CID:46b1915cb558 | USR:USU_ADMIN | Account/Login | Acción completada: Account/Login
2026-02-04 15:53:14.087 | INFO  | CID:059972e67755 | USR:USU_ADMIN | OrdenRecaudacion/RegistrarPago | Iniciando acción: OrdenRecaudacion/RegistrarPago
2026-02-04 15:53:14.141 | INFO  | CID:059972e67755 | USR:USU_ADMIN | OrdenRecaudacion/RegistrarPago | Acción completada: OrdenRecaudacion/RegistrarPago
2026-02-04 15:53:28.382 | INFO  | CID:5f1d90aa4bc6 | USR:USU_ADMIN | OrdenRecaudacion/ValidarPago | Iniciando acción: OrdenRecaudacion/ValidarPago
2026-02-04 15:53:28.388 | INFO  | CID:5f1d90aa4bc6 | USR:USU_ADMIN | OrdenRecaudacion/ValidarPago | Acción completada: OrdenRecaudacion/ValidarPago
2026-02-04 15:54:41.782 | INFO  | CID:N/A | Deteniendo procesador de cola de correos
2026-02-04 15:54:41.857 | INFO  | CID:N/A | Deteniendo procesador de cola de correos
2026-02-04 16:29:13.032 | INFO  | CID:N/A | Iniciando procesador de cola de correos
2026-02-04 16:29:13.618 | ERROR | CID:d1482b43b6c6 | USR:USU_ADMIN | OrdenRecaudacion/Detalles | ERR:BAD_REQUEST | El diccionario de parámetros contiene una entrada NULL para el parámetro 'id' del tipo que no acepta valores NULL 'System.Int32' del método 'System.Web.Mvc.ActionResult Detalles(Int32)' en 'CapaPresentacion.Controllers.OrdenRecaudacionController'. Un parámetro opcional debe ser un tipo de referencia, un tipo que acepte valores NULL o debe declararse como parámetro opcional.
Nombre del parámetro: parameters
    Exception: ArgumentException
    StackTrace:    en System.Web.Mvc.ActionDescriptor.ExtractParameterFromDictionary(ParameterInfo parameterInfo, IDictionary`2 parameters, MethodInfo methodInfo)
   en System.Web.Mvc.ReflectedActionDescriptor.Execute(ControllerContext controllerContext, IDictionary`2 parameters)
   en System.Web.Mvc.ControllerActionInvoker.InvokeActionMethod(ControllerContext controllerContext, ActionDescriptor actionDescriptor, IDictionary`2 parameters)
   en System.Web.Mvc.Async.AsyncControllerActionInvoker.<>c.<BeginInvokeSynchronousActionMethod>b__9_0(IAsyncResult asyncResult, ActionInvocation innerInvokeState)
   en System.Web.Mvc.Async.AsyncResultWrapper.WrappedAsyncResult`2.CallEndDelegate(IAsyncResult asyncResult)
   en System.Web.Mvc.Async.AsyncControllerActionInvoker.EndInvokeActionMethod(IAsyncResult asyncResult)
   en System.Web.Mvc.Async.AsyncControllerActionInvoker.AsyncInvocationWithFilters.<>c__DisplayClass11_0.<InvokeActionMethodFilterAsynchronouslyRecursive>b__0()
   en System.Web.Mvc.Async.AsyncControllerActionInvoker.AsyncInvocationWithFilters.<>c__DisplayClass11_2.<InvokeActionMethodFilterAsynchronouslyRecursive>b__2()
   en System.Web.Mvc.Async.AsyncControllerActionInvoker.AsyncInvocationWithFilters.<>c__DisplayClass11_2.<InvokeActionMethodFilterAsynchronouslyRecursive>b__2()
   en System.Web.Mvc.Async.AsyncControllerActionInvoker.AsyncInvocationWithFilters.<>c__DisplayClass11_2.<InvokeActionMethodFilterAsynchronouslyRecursive>b__2()
   en System.Web.Mvc.Async.AsyncControllerActionInvoker.EndInvokeActionMethodWithFilters(IAsyncResult asyncResult)
   en System.Web.Mvc.Async.AsyncControllerActionInvoker.<>c__DisplayClass3_6.<BeginInvokeAction>b__4()
   en System.Web.Mvc.Async.AsyncControllerActionInvoker.<>c__DisplayClass3_1.<BeginInvokeAction>b__1(IAsyncResult asyncResult)
2026-02-04 16:29:22.819 | INFO  | CID:3e52dd6e0808 | USR:USU_ADMIN | Account/Login | Iniciando acción: Account/Login
2026-02-04 16:29:23.469 | INFO  | CID:3e52dd6e0808 | USR:USU_ADMIN | Account/Login | Acción completada: Account/Login
2026-02-04 16:29:46.235 | INFO  | CID:36c0a9a51cf7 | USR:USU_ADMIN | Financiero/AprobarOrden | Iniciando acción: Financiero/AprobarOrden
2026-02-04 16:29:46.385 | INFO  | CID:N/A | ERR:EMAIL_FACTURA | EnviarFacturaGenerada ejecutado
2026-02-04 16:29:46.387 | INFO  | CID:36c0a9a51cf7 | USR:USU_ADMIN | Financiero/AprobarOrden | Acción completada: Financiero/AprobarOrden
2026-02-04 16:29:52.070 | INFO  | CID:44d85323582f | USR:USU_ADMIN | Financiero/AprobarPago | Iniciando acción: Financiero/AprobarPago
2026-02-04 16:29:52.085 | INFO  | CID:44d85323582f | USR:USU_ADMIN | Financiero/AprobarPago | Acción completada: Financiero/AprobarPago
2026-02-04 16:30:27.896 | INFO  | CID:3b1ecac50360 | USR:USU_ADMIN | OrdenRecaudacion/ValidarPago | Iniciando acción: OrdenRecaudacion/ValidarPago
2026-02-04 16:30:27.901 | INFO  | CID:3b1ecac50360 | USR:USU_ADMIN | OrdenRecaudacion/ValidarPago | Acción completada: OrdenRecaudacion/ValidarPago
2026-02-04 16:30:32.693 | INFO  | CID:595cc09caca2 | USR:USU_ADMIN | OrdenRecaudacion/ValidarPago | Iniciando acción: OrdenRecaudacion/ValidarPago
2026-02-04 16:30:32.708 | INFO  | CID:595cc09caca2 | USR:USU_ADMIN | OrdenRecaudacion/ValidarPago | Acción completada: OrdenRecaudacion/ValidarPago
2026-02-04 16:40:46.578 | INFO  | CID:N/A | Iniciando procesador de cola de correos
2026-02-04 16:40:47.315 | ERROR | CID:5b2c12901497 | USR:USU_ADMIN | OrdenRecaudacion/Detalles | ERR:BAD_REQUEST | El diccionario de parámetros contiene una entrada NULL para el parámetro 'id' del tipo que no acepta valores NULL 'System.Int32' del método 'System.Web.Mvc.ActionResult Detalles(Int32)' en 'CapaPresentacion.Controllers.OrdenRecaudacionController'. Un parámetro opcional debe ser un tipo de referencia, un tipo que acepte valores NULL o debe declararse como parámetro opcional.
Nombre del parámetro: parameters
    Exception: ArgumentException
    StackTrace:    en System.Web.Mvc.ActionDescriptor.ExtractParameterFromDictionary(ParameterInfo parameterInfo, IDictionary`2 parameters, MethodInfo methodInfo)
   en System.Web.Mvc.ReflectedActionDescriptor.Execute(ControllerContext controllerContext, IDictionary`2 parameters)
   en System.Web.Mvc.ControllerActionInvoker.InvokeActionMethod(ControllerContext controllerContext, ActionDescriptor actionDescriptor, IDictionary`2 parameters)
   en System.Web.Mvc.Async.AsyncControllerActionInvoker.<>c.<BeginInvokeSynchronousActionMethod>b__9_0(IAsyncResult asyncResult, ActionInvocation innerInvokeState)
   en System.Web.Mvc.Async.AsyncResultWrapper.WrappedAsyncResult`2.CallEndDelegate(IAsyncResult asyncResult)
   en System.Web.Mvc.Async.AsyncControllerActionInvoker.EndInvokeActionMethod(IAsyncResult asyncResult)
   en System.Web.Mvc.Async.AsyncControllerActionInvoker.AsyncInvocationWithFilters.<>c__DisplayClass11_0.<InvokeActionMethodFilterAsynchronouslyRecursive>b__0()
   en System.Web.Mvc.Async.AsyncControllerActionInvoker.AsyncInvocationWithFilters.<>c__DisplayClass11_2.<InvokeActionMethodFilterAsynchronouslyRecursive>b__2()
   en System.Web.Mvc.Async.AsyncControllerActionInvoker.AsyncInvocationWithFilters.<>c__DisplayClass11_2.<InvokeActionMethodFilterAsynchronouslyRecursive>b__2()
   en System.Web.Mvc.Async.AsyncControllerActionInvoker.AsyncInvocationWithFilters.<>c__DisplayClass11_2.<InvokeActionMethodFilterAsynchronouslyRecursive>b__2()
   en System.Web.Mvc.Async.AsyncControllerActionInvoker.EndInvokeActionMethodWithFilters(IAsyncResult asyncResult)
   en System.Web.Mvc.Async.AsyncControllerActionInvoker.<>c__DisplayClass3_6.<BeginInvokeAction>b__4()
   en System.Web.Mvc.Async.AsyncControllerActionInvoker.<>c__DisplayClass3_1.<BeginInvokeAction>b__1(IAsyncResult asyncResult)
2026-02-04 16:40:57.505 | INFO  | CID:954b652710df | USR:USU_ADMIN | Account/Login | Iniciando acción: Account/Login
2026-02-04 16:40:57.985 | INFO  | CID:954b652710df | USR:USU_ADMIN | Account/Login | Acción completada: Account/Login
2026-02-04 16:41:17.939 | ERROR | CID:5bf3d134b4cd | USR:USU_ADMIN | OrdenRecaudacion/Detalles | ERR:INTERNAL_ERROR | c:\AOCR\AOCR\AOCR05-01-2026\AOCR1\AOCR\CapaPresentacion\Views\OrdenRecaudacion\Detalles.cshtml(44): error CS1525: El término de la expresión '.' no es válido
    Exception: HttpCompileException
    StackTrace:    en System.Web.Compilation.AssemblyBuilder.Compile()
   en System.Web.Compilation.BuildProvidersCompiler.PerformBuild()
   en System.Web.Compilation.BuildManager.CompileWebFile(VirtualPath virtualPath)
   en System.Web.Compilation.BuildManager.GetVPathBuildResultInternal(VirtualPath virtualPath, Boolean noBuild, Boolean allowCrossApp, Boolean allowBuildInPrecompile, Boolean throwIfNotFound, Boolean ensureIsUpToDate)
   en System.Web.Compilation.BuildManager.GetVPathBuildResultWithNoAssert(HttpContext context, VirtualPath virtualPath, Boolean noBuild, Boolean allowCrossApp, Boolean allowBuildInPrecompile, Boolean throwIfNotFound, Boolean ensureIsUpToDate)
   en System.Web.Compilation.BuildManager.GetVirtualPathObjectFactory(VirtualPath virtualPath, HttpContext context, Boolean allowCrossApp, Boolean throwIfNotFound)
   en System.Web.Compilation.BuildManager.GetCompiledType(VirtualPath virtualPath)
   en System.Web.Mvc.BuildManagerCompiledView.Render(ViewContext viewContext, TextWriter writer)
   en System.Web.Mvc.ViewResultBase.ExecuteResult(ControllerContext context)
   en System.Web.Mvc.ControllerActionInvoker.InvokeActionResultFilterRecursive(IList`1 filters, Int32 filterIndex, ResultExecutingContext preContext, ControllerContext controllerContext, ActionResult actionResult)
   en System.Web.Mvc.ControllerActionInvoker.InvokeActionResultFilterRecursive(IList`1 filters, Int32 filterIndex, ResultExecutingContext preContext, ControllerContext controllerContext, ActionResult actionResult)
   en System.Web.Mvc.ControllerActionInvoker.InvokeActionResultFilterRecursive(IList`1 filters, Int32 filterIndex, ResultExecutingContext preContext, ControllerContext controllerContext, ActionResult actionResult)
   en System.Web.Mvc.ControllerActionInvoker.InvokeActionResultFilterRecursive(IList`1 filters, Int32 filterIndex, ResultExecutingContext preContext, ControllerContext controllerContext, ActionResult actionResult)
   en System.Web.Mvc.ControllerActionInvoker.InvokeActionResultWithFilters(ControllerContext controllerContext, IList`1 filters, ActionResult actionResult)
   en System.Web.Mvc.Async.AsyncControllerActionInvoker.<>c__DisplayClass3_1.<BeginInvokeAction>b__1(IAsyncResult asyncResult)
2026-02-04 16:41:51.338 | ERROR | CID:cbd8c772562d | USR:USU_ADMIN | OrdenRecaudacion/Detalles | ERR:INTERNAL_ERROR | c:\AOCR\AOCR\AOCR05-01-2026\AOCR1\AOCR\CapaPresentacion\Views\OrdenRecaudacion\Detalles.cshtml(44): error CS1525: El término de la expresión '.' no es válido
    Exception: HttpCompileException
    StackTrace:    en System.Web.Compilation.AssemblyBuilder.Compile()
   en System.Web.Compilation.BuildProvidersCompiler.PerformBuild()
   en System.Web.Compilation.BuildManager.CompileWebFile(VirtualPath virtualPath)
   en System.Web.Compilation.BuildManager.GetVPathBuildResultInternal(VirtualPath virtualPath, Boolean noBuild, Boolean allowCrossApp, Boolean allowBuildInPrecompile, Boolean throwIfNotFound, Boolean ensureIsUpToDate)
   en System.Web.Compilation.BuildManager.GetVPathBuildResultWithNoAssert(HttpContext context, VirtualPath virtualPath, Boolean noBuild, Boolean allowCrossApp, Boolean allowBuildInPrecompile, Boolean throwIfNotFound, Boolean ensureIsUpToDate)
   en System.Web.Compilation.BuildManager.GetVirtualPathObjectFactory(VirtualPath virtualPath, HttpContext context, Boolean allowCrossApp, Boolean throwIfNotFound)
   en System.Web.Compilation.BuildManager.GetCompiledType(VirtualPath virtualPath)
   en System.Web.Mvc.BuildManagerCompiledView.Render(ViewContext viewContext, TextWriter writer)
   en System.Web.Mvc.ViewResultBase.ExecuteResult(ControllerContext context)
   en System.Web.Mvc.ControllerActionInvoker.InvokeActionResultFilterRecursive(IList`1 filters, Int32 filterIndex, ResultExecutingContext preContext, ControllerContext controllerContext, ActionResult actionResult)
   en System.Web.Mvc.ControllerActionInvoker.InvokeActionResultFilterRecursive(IList`1 filters, Int32 filterIndex, ResultExecutingContext preContext, ControllerContext controllerContext, ActionResult actionResult)
   en System.Web.Mvc.ControllerActionInvoker.InvokeActionResultFilterRecursive(IList`1 filters, Int32 filterIndex, ResultExecutingContext preContext, ControllerContext controllerContext, ActionResult actionResult)
   en System.Web.Mvc.ControllerActionInvoker.InvokeActionResultFilterRecursive(IList`1 filters, Int32 filterIndex, ResultExecutingContext preContext, ControllerContext controllerContext, ActionResult actionResult)
   en System.Web.Mvc.ControllerActionInvoker.InvokeActionResultWithFilters(ControllerContext controllerContext, IList`1 filters, ActionResult actionResult)
   en System.Web.Mvc.Async.AsyncControllerActionInvoker.<>c__DisplayClass3_1.<BeginInvokeAction>b__1(IAsyncResult asyncResult)
2026-02-04 16:43:18.710 | INFO  | CID:N/A | Iniciando procesador de cola de correos
2026-02-04 16:43:19.302 | ERROR | CID:df8412a4675c | USR:USU_ADMIN | OrdenRecaudacion/Detalles | ERR:BAD_REQUEST | El diccionario de parámetros contiene una entrada NULL para el parámetro 'id' del tipo que no acepta valores NULL 'System.Int32' del método 'System.Web.Mvc.ActionResult Detalles(Int32)' en 'CapaPresentacion.Controllers.OrdenRecaudacionController'. Un parámetro opcional debe ser un tipo de referencia, un tipo que acepte valores NULL o debe declararse como parámetro opcional.
Nombre del parámetro: parameters
    Exception: ArgumentException
    StackTrace:    en System.Web.Mvc.ActionDescriptor.ExtractParameterFromDictionary(ParameterInfo parameterInfo, IDictionary`2 parameters, MethodInfo methodInfo)
   en System.Web.Mvc.ReflectedActionDescriptor.Execute(ControllerContext controllerContext, IDictionary`2 parameters)
   en System.Web.Mvc.ControllerActionInvoker.InvokeActionMethod(ControllerContext controllerContext, ActionDescriptor actionDescriptor, IDictionary`2 parameters)
   en System.Web.Mvc.Async.AsyncControllerActionInvoker.<>c.<BeginInvokeSynchronousActionMethod>b__9_0(IAsyncResult asyncResult, ActionInvocation innerInvokeState)
   en System.Web.Mvc.Async.AsyncResultWrapper.WrappedAsyncResult`2.CallEndDelegate(IAsyncResult asyncResult)
   en System.Web.Mvc.Async.AsyncControllerActionInvoker.EndInvokeActionMethod(IAsyncResult asyncResult)
   en System.Web.Mvc.Async.AsyncControllerActionInvoker.AsyncInvocationWithFilters.<>c__DisplayClass11_0.<InvokeActionMethodFilterAsynchronouslyRecursive>b__0()
   en System.Web.Mvc.Async.AsyncControllerActionInvoker.AsyncInvocationWithFilters.<>c__DisplayClass11_2.<InvokeActionMethodFilterAsynchronouslyRecursive>b__2()
   en System.Web.Mvc.Async.AsyncControllerActionInvoker.AsyncInvocationWithFilters.<>c__DisplayClass11_2.<InvokeActionMethodFilterAsynchronouslyRecursive>b__2()
   en System.Web.Mvc.Async.AsyncControllerActionInvoker.AsyncInvocationWithFilters.<>c__DisplayClass11_2.<InvokeActionMethodFilterAsynchronouslyRecursive>b__2()
   en System.Web.Mvc.Async.AsyncControllerActionInvoker.EndInvokeActionMethodWithFilters(IAsyncResult asyncResult)
   en System.Web.Mvc.Async.AsyncControllerActionInvoker.<>c__DisplayClass3_6.<BeginInvokeAction>b__4()
   en System.Web.Mvc.Async.AsyncControllerActionInvoker.<>c__DisplayClass3_1.<BeginInvokeAction>b__1(IAsyncResult asyncResult)
2026-02-04 16:43:28.971 | INFO  | CID:c5c801a2ea38 | USR:USU_ADMIN | Account/Login | Iniciando acción: Account/Login
2026-02-04 16:43:29.248 | INFO  | CID:c5c801a2ea38 | USR:USU_ADMIN | Account/Login | Acción completada: Account/Login
2026-02-04 16:45:54.929 | INFO  | CID:N/A | Iniciando procesador de cola de correos
2026-02-04 16:45:55.491 | ERROR | CID:56d910aa4682 | USR:USU_ADMIN | OrdenRecaudacion/Detalles | ERR:BAD_REQUEST | El diccionario de parámetros contiene una entrada NULL para el parámetro 'id' del tipo que no acepta valores NULL 'System.Int32' del método 'System.Web.Mvc.ActionResult Detalles(Int32)' en 'CapaPresentacion.Controllers.OrdenRecaudacionController'. Un parámetro opcional debe ser un tipo de referencia, un tipo que acepte valores NULL o debe declararse como parámetro opcional.
Nombre del parámetro: parameters
    Exception: ArgumentException
    StackTrace:    en System.Web.Mvc.ActionDescriptor.ExtractParameterFromDictionary(ParameterInfo parameterInfo, IDictionary`2 parameters, MethodInfo methodInfo)
   en System.Web.Mvc.ReflectedActionDescriptor.Execute(ControllerContext controllerContext, IDictionary`2 parameters)
   en System.Web.Mvc.ControllerActionInvoker.InvokeActionMethod(ControllerContext controllerContext, ActionDescriptor actionDescriptor, IDictionary`2 parameters)
   en System.Web.Mvc.Async.AsyncControllerActionInvoker.<>c.<BeginInvokeSynchronousActionMethod>b__9_0(IAsyncResult asyncResult, ActionInvocation innerInvokeState)
   en System.Web.Mvc.Async.AsyncResultWrapper.WrappedAsyncResult`2.CallEndDelegate(IAsyncResult asyncResult)
   en System.Web.Mvc.Async.AsyncControllerActionInvoker.EndInvokeActionMethod(IAsyncResult asyncResult)
   en System.Web.Mvc.Async.AsyncControllerActionInvoker.AsyncInvocationWithFilters.<>c__DisplayClass11_0.<InvokeActionMethodFilterAsynchronouslyRecursive>b__0()
   en System.Web.Mvc.Async.AsyncControllerActionInvoker.AsyncInvocationWithFilters.<>c__DisplayClass11_2.<InvokeActionMethodFilterAsynchronouslyRecursive>b__2()
   en System.Web.Mvc.Async.AsyncControllerActionInvoker.AsyncInvocationWithFilters.<>c__DisplayClass11_2.<InvokeActionMethodFilterAsynchronouslyRecursive>b__2()
   en System.Web.Mvc.Async.AsyncControllerActionInvoker.AsyncInvocationWithFilters.<>c__DisplayClass11_2.<InvokeActionMethodFilterAsynchronouslyRecursive>b__2()
   en System.Web.Mvc.Async.AsyncControllerActionInvoker.EndInvokeActionMethodWithFilters(IAsyncResult asyncResult)
   en System.Web.Mvc.Async.AsyncControllerActionInvoker.<>c__DisplayClass3_6.<BeginInvokeAction>b__4()
   en System.Web.Mvc.Async.AsyncControllerActionInvoker.<>c__DisplayClass3_1.<BeginInvokeAction>b__1(IAsyncResult asyncResult)
2026-02-04 16:46:05.320 | INFO  | CID:e2baee03d9ac | USR:USU_ADMIN | Account/Login | Iniciando acción: Account/Login
2026-02-04 16:46:05.828 | INFO  | CID:e2baee03d9ac | USR:USU_ADMIN | Account/Login | Acción completada: Account/Login
2026-02-04 18:53:01.915 | INFO  | CID:2936c4ce9eca | Account/Login | Iniciando acción: Account/Login
2026-02-04 18:53:01.998 | INFO  | CID:2936c4ce9eca | Account/Login | Acción completada: Account/Login
2026-02-04 19:00:25.015 | INFO  | CID:N/A | Iniciando procesador de cola de correos
2026-02-04 19:00:25.739 | ERROR | CID:303ffa1fa3a7 | USR:USU_ADMIN | OrdenRecaudacion/Detalles | ERR:BAD_REQUEST | El diccionario de parámetros contiene una entrada NULL para el parámetro 'id' del tipo que no acepta valores NULL 'System.Int32' del método 'System.Web.Mvc.ActionResult Detalles(Int32)' en 'CapaPresentacion.Controllers.OrdenRecaudacionController'. Un parámetro opcional debe ser un tipo de referencia, un tipo que acepte valores NULL o debe declararse como parámetro opcional.
Nombre del parámetro: parameters
    Exception: ArgumentException
    StackTrace:    en System.Web.Mvc.ActionDescriptor.ExtractParameterFromDictionary(ParameterInfo parameterInfo, IDictionary`2 parameters, MethodInfo methodInfo)
   en System.Web.Mvc.ReflectedActionDescriptor.Execute(ControllerContext controllerContext, IDictionary`2 parameters)
   en System.Web.Mvc.ControllerActionInvoker.InvokeActionMethod(ControllerContext controllerContext, ActionDescriptor actionDescriptor, IDictionary`2 parameters)
   en System.Web.Mvc.Async.AsyncControllerActionInvoker.<>c.<BeginInvokeSynchronousActionMethod>b__9_0(IAsyncResult asyncResult, ActionInvocation innerInvokeState)
   en System.Web.Mvc.Async.AsyncResultWrapper.WrappedAsyncResult`2.CallEndDelegate(IAsyncResult asyncResult)
   en System.Web.Mvc.Async.AsyncControllerActionInvoker.EndInvokeActionMethod(IAsyncResult asyncResult)
   en System.Web.Mvc.Async.AsyncControllerActionInvoker.AsyncInvocationWithFilters.<>c__DisplayClass11_0.<InvokeActionMethodFilterAsynchronouslyRecursive>b__0()
   en System.Web.Mvc.Async.AsyncControllerActionInvoker.AsyncInvocationWithFilters.<>c__DisplayClass11_2.<InvokeActionMethodFilterAsynchronouslyRecursive>b__2()
   en System.Web.Mvc.Async.AsyncControllerActionInvoker.AsyncInvocationWithFilters.<>c__DisplayClass11_2.<InvokeActionMethodFilterAsynchronouslyRecursive>b__2()
   en System.Web.Mvc.Async.AsyncControllerActionInvoker.AsyncInvocationWithFilters.<>c__DisplayClass11_2.<InvokeActionMethodFilterAsynchronouslyRecursive>b__2()
   en System.Web.Mvc.Async.AsyncControllerActionInvoker.EndInvokeActionMethodWithFilters(IAsyncResult asyncResult)
   en System.Web.Mvc.Async.AsyncControllerActionInvoker.<>c__DisplayClass3_6.<BeginInvokeAction>b__4()
   en System.Web.Mvc.Async.AsyncControllerActionInvoker.<>c__DisplayClass3_1.<BeginInvokeAction>b__1(IAsyncResult asyncResult)
2026-02-04 19:00:36.720 | INFO  | CID:eb835d8ec043 | USR:USU_ADMIN | Account/Login | Iniciando acción: Account/Login
2026-02-04 19:00:37.004 | INFO  | CID:eb835d8ec043 | USR:USU_ADMIN | Account/Login | Acción completada: Account/Login
2026-02-04 19:01:33.959 | INFO  | CID:N/A | Iniciando procesador de cola de correos
2026-02-04 19:01:34.593 | ERROR | CID:4886df6c436e | USR:USU_ADMIN | OrdenRecaudacion/Detalles | ERR:BAD_REQUEST | El diccionario de parámetros contiene una entrada NULL para el parámetro 'id' del tipo que no acepta valores NULL 'System.Int32' del método 'System.Web.Mvc.ActionResult Detalles(Int32)' en 'CapaPresentacion.Controllers.OrdenRecaudacionController'. Un parámetro opcional debe ser un tipo de referencia, un tipo que acepte valores NULL o debe declararse como parámetro opcional.
Nombre del parámetro: parameters
    Exception: ArgumentException
    StackTrace:    en System.Web.Mvc.ActionDescriptor.ExtractParameterFromDictionary(ParameterInfo parameterInfo, IDictionary`2 parameters, MethodInfo methodInfo)
   en System.Web.Mvc.ReflectedActionDescriptor.Execute(ControllerContext controllerContext, IDictionary`2 parameters)
   en System.Web.Mvc.ControllerActionInvoker.InvokeActionMethod(ControllerContext controllerContext, ActionDescriptor actionDescriptor, IDictionary`2 parameters)
   en System.Web.Mvc.Async.AsyncControllerActionInvoker.<>c.<BeginInvokeSynchronousActionMethod>b__9_0(IAsyncResult asyncResult, ActionInvocation innerInvokeState)
   en System.Web.Mvc.Async.AsyncResultWrapper.WrappedAsyncResult`2.CallEndDelegate(IAsyncResult asyncResult)
   en System.Web.Mvc.Async.AsyncControllerActionInvoker.EndInvokeActionMethod(IAsyncResult asyncResult)
   en System.Web.Mvc.Async.AsyncControllerActionInvoker.AsyncInvocationWithFilters.<>c__DisplayClass11_0.<InvokeActionMethodFilterAsynchronouslyRecursive>b__0()
   en System.Web.Mvc.Async.AsyncControllerActionInvoker.AsyncInvocationWithFilters.<>c__DisplayClass11_2.<InvokeActionMethodFilterAsynchronouslyRecursive>b__2()
   en System.Web.Mvc.Async.AsyncControllerActionInvoker.AsyncInvocationWithFilters.<>c__DisplayClass11_2.<InvokeActionMethodFilterAsynchronouslyRecursive>b__2()
   en System.Web.Mvc.Async.AsyncControllerActionInvoker.AsyncInvocationWithFilters.<>c__DisplayClass11_2.<InvokeActionMethodFilterAsynchronouslyRecursive>b__2()
   en System.Web.Mvc.Async.AsyncControllerActionInvoker.EndInvokeActionMethodWithFilters(IAsyncResult asyncResult)
   en System.Web.Mvc.Async.AsyncControllerActionInvoker.<>c__DisplayClass3_6.<BeginInvokeAction>b__4()
   en System.Web.Mvc.Async.AsyncControllerActionInvoker.<>c__DisplayClass3_1.<BeginInvokeAction>b__1(IAsyncResult asyncResult)
2026-02-04 19:01:45.127 | INFO  | CID:60da2a66d4d3 | USR:USU_ADMIN | Account/Login | Iniciando acción: Account/Login
2026-02-04 19:01:45.416 | INFO  | CID:60da2a66d4d3 | USR:USU_ADMIN | Account/Login | Acción completada: Account/Login
2026-02-04 19:13:32.973 | INFO  | CID:N/A | Iniciando procesador de cola de correos
2026-02-04 19:13:33.594 | ERROR | CID:a08505ba7059 | USR:USU_ADMIN | OrdenRecaudacion/Detalles | ERR:BAD_REQUEST | El diccionario de parámetros contiene una entrada NULL para el parámetro 'id' del tipo que no acepta valores NULL 'System.Int32' del método 'System.Web.Mvc.ActionResult Detalles(Int32)' en 'CapaPresentacion.Controllers.OrdenRecaudacionController'. Un parámetro opcional debe ser un tipo de referencia, un tipo que acepte valores NULL o debe declararse como parámetro opcional.
Nombre del parámetro: parameters
    Exception: ArgumentException
    StackTrace:    en System.Web.Mvc.ActionDescriptor.ExtractParameterFromDictionary(ParameterInfo parameterInfo, IDictionary`2 parameters, MethodInfo methodInfo)
   en System.Web.Mvc.ReflectedActionDescriptor.Execute(ControllerContext controllerContext, IDictionary`2 parameters)
   en System.Web.Mvc.ControllerActionInvoker.InvokeActionMethod(ControllerContext controllerContext, ActionDescriptor actionDescriptor, IDictionary`2 parameters)
   en System.Web.Mvc.Async.AsyncControllerActionInvoker.<>c.<BeginInvokeSynchronousActionMethod>b__9_0(IAsyncResult asyncResult, ActionInvocation innerInvokeState)
   en System.Web.Mvc.Async.AsyncResultWrapper.WrappedAsyncResult`2.CallEndDelegate(IAsyncResult asyncResult)
   en System.Web.Mvc.Async.AsyncControllerActionInvoker.EndInvokeActionMethod(IAsyncResult asyncResult)
   en System.Web.Mvc.Async.AsyncControllerActionInvoker.AsyncInvocationWithFilters.<>c__DisplayClass11_0.<InvokeActionMethodFilterAsynchronouslyRecursive>b__0()
   en System.Web.Mvc.Async.AsyncControllerActionInvoker.AsyncInvocationWithFilters.<>c__DisplayClass11_2.<InvokeActionMethodFilterAsynchronouslyRecursive>b__2()
   en System.Web.Mvc.Async.AsyncControllerActionInvoker.AsyncInvocationWithFilters.<>c__DisplayClass11_2.<InvokeActionMethodFilterAsynchronouslyRecursive>b__2()
   en System.Web.Mvc.Async.AsyncControllerActionInvoker.AsyncInvocationWithFilters.<>c__DisplayClass11_2.<InvokeActionMethodFilterAsynchronouslyRecursive>b__2()
   en System.Web.Mvc.Async.AsyncControllerActionInvoker.EndInvokeActionMethodWithFilters(IAsyncResult asyncResult)
   en System.Web.Mvc.Async.AsyncControllerActionInvoker.<>c__DisplayClass3_6.<BeginInvokeAction>b__4()
   en System.Web.Mvc.Async.AsyncControllerActionInvoker.<>c__DisplayClass3_1.<BeginInvokeAction>b__1(IAsyncResult asyncResult)
2026-02-04 19:13:43.375 | INFO  | CID:a486a8039eb5 | USR:USU_ADMIN | Account/Login | Iniciando acción: Account/Login
2026-02-04 19:13:43.685 | INFO  | CID:a486a8039eb5 | USR:USU_ADMIN | Account/Login | Acción completada: Account/Login
2026-02-04 19:19:14.034 | INFO  | CID:98f07acfe6a1 | USR:USU_ADMIN | OrdenRecaudacion/Nueva | Iniciando acción: OrdenRecaudacion/Nueva
2026-02-04 19:19:14.105 | INFO  | CID:98f07acfe6a1 | USR:USU_ADMIN | OrdenRecaudacion/Nueva | Acción completada: OrdenRecaudacion/Nueva
2026-02-04 19:19:23.599 | INFO  | CID:ef7bbb16ac40 | USR:USU_ADMIN | OrdenRecaudacion/Generar | Iniciando acción: OrdenRecaudacion/Generar
2026-02-04 19:19:23.615 | INFO  | CID:ef7bbb16ac40 | USR:USU_ADMIN | OrdenRecaudacion/Generar | Acción completada: OrdenRecaudacion/Generar
2026-02-04 20:22:46.845 | INFO  | CID:N/A | Iniciando procesador de cola de correos
2026-02-04 20:22:54.941 | INFO  | CID:31a85a8f00d9 | Account/Login | Iniciando acción: Account/Login
2026-02-04 20:22:55.241 | INFO  | CID:31a85a8f00d9 | Account/Login | Acción completada: Account/Login
2026-02-04 20:23:58.426 | INFO  | CID:3cd31f1280ac | USR:USU_ADMIN | OrdenRecaudacion/RegistrarPago | Iniciando acción: OrdenRecaudacion/RegistrarPago
2026-02-04 20:23:58.474 | INFO  | CID:3cd31f1280ac | USR:USU_ADMIN | OrdenRecaudacion/RegistrarPago | Acción completada: OrdenRecaudacion/RegistrarPago
2026-02-04 20:24:19.818 | INFO  | CID:a5b9dc83630b | USR:USU_ADMIN | OrdenRecaudacion/ValidarPago | Iniciando acción: OrdenRecaudacion/ValidarPago
2026-02-04 20:24:19.829 | INFO  | CID:a5b9dc83630b | USR:USU_ADMIN | OrdenRecaudacion/ValidarPago | Acción completada: OrdenRecaudacion/ValidarPago
2026-02-04 20:24:28.629 | INFO  | CID:a2b6bacf03f3 | USR:USU_ADMIN | OrdenRecaudacion/ValidarPago | Iniciando acción: OrdenRecaudacion/ValidarPago
2026-02-04 20:24:28.633 | INFO  | CID:a2b6bacf03f3 | USR:USU_ADMIN | OrdenRecaudacion/ValidarPago | Acción completada: OrdenRecaudacion/ValidarPago
2026-02-04 20:24:50.567 | INFO  | CID:0649cf5a1c5a | USR:USU_ADMIN | Financiero/AprobarOrden | Iniciando acción: Financiero/AprobarOrden
2026-02-04 20:24:50.618 | INFO  | CID:N/A | ERR:EMAIL_FACTURA | EnviarFacturaGenerada ejecutado
2026-02-04 20:24:50.620 | INFO  | CID:0649cf5a1c5a | USR:USU_ADMIN | Financiero/AprobarOrden | Acción completada: Financiero/AprobarOrden
2026-02-04 20:30:49.180 | INFO  | CID:N/A | Iniciando procesador de cola de correos
2026-02-04 20:30:49.738 | ERROR | CID:be1607b58940 | USR:USU_ADMIN | OrdenRecaudacion/Detalles | ERR:BAD_REQUEST | El diccionario de parámetros contiene una entrada NULL para el parámetro 'id' del tipo que no acepta valores NULL 'System.Int32' del método 'System.Web.Mvc.ActionResult Detalles(Int32)' en 'CapaPresentacion.Controllers.OrdenRecaudacionController'. Un parámetro opcional debe ser un tipo de referencia, un tipo que acepte valores NULL o debe declararse como parámetro opcional.
Nombre del parámetro: parameters
    Exception: ArgumentException
    StackTrace:    en System.Web.Mvc.ActionDescriptor.ExtractParameterFromDictionary(ParameterInfo parameterInfo, IDictionary`2 parameters, MethodInfo methodInfo)
   en System.Web.Mvc.ReflectedActionDescriptor.Execute(ControllerContext controllerContext, IDictionary`2 parameters)
   en System.Web.Mvc.ControllerActionInvoker.InvokeActionMethod(ControllerContext controllerContext, ActionDescriptor actionDescriptor, IDictionary`2 parameters)
   en System.Web.Mvc.Async.AsyncControllerActionInvoker.<>c.<BeginInvokeSynchronousActionMethod>b__9_0(IAsyncResult asyncResult, ActionInvocation innerInvokeState)
   en System.Web.Mvc.Async.AsyncResultWrapper.WrappedAsyncResult`2.CallEndDelegate(IAsyncResult asyncResult)
   en System.Web.Mvc.Async.AsyncControllerActionInvoker.EndInvokeActionMethod(IAsyncResult asyncResult)
   en System.Web.Mvc.Async.AsyncControllerActionInvoker.AsyncInvocationWithFilters.<>c__DisplayClass11_0.<InvokeActionMethodFilterAsynchronouslyRecursive>b__0()
   en System.Web.Mvc.Async.AsyncControllerActionInvoker.AsyncInvocationWithFilters.<>c__DisplayClass11_2.<InvokeActionMethodFilterAsynchronouslyRecursive>b__2()
   en System.Web.Mvc.Async.AsyncControllerActionInvoker.AsyncInvocationWithFilters.<>c__DisplayClass11_2.<InvokeActionMethodFilterAsynchronouslyRecursive>b__2()
   en System.Web.Mvc.Async.AsyncControllerActionInvoker.AsyncInvocationWithFilters.<>c__DisplayClass11_2.<InvokeActionMethodFilterAsynchronouslyRecursive>b__2()
   en System.Web.Mvc.Async.AsyncControllerActionInvoker.EndInvokeActionMethodWithFilters(IAsyncResult asyncResult)
   en System.Web.Mvc.Async.AsyncControllerActionInvoker.<>c__DisplayClass3_6.<BeginInvokeAction>b__4()
   en System.Web.Mvc.Async.AsyncControllerActionInvoker.<>c__DisplayClass3_1.<BeginInvokeAction>b__1(IAsyncResult asyncResult)
2026-02-04 20:30:59.120 | INFO  | CID:a93ebb447a80 | USR:USU_ADMIN | Account/Login | Iniciando acción: Account/Login
2026-02-04 20:30:59.406 | INFO  | CID:a93ebb447a80 | USR:USU_ADMIN | Account/Login | Acción completada: Account/Login
2026-02-04 20:40:03.996 | INFO  | CID:N/A | Iniciando procesador de cola de correos
2026-02-04 20:40:04.723 | ERROR | CID:b14864e889ba | USR:USU_ADMIN | OrdenRecaudacion/Detalles | ERR:BAD_REQUEST | El diccionario de parámetros contiene una entrada NULL para el parámetro 'id' del tipo que no acepta valores NULL 'System.Int32' del método 'System.Web.Mvc.ActionResult Detalles(Int32)' en 'CapaPresentacion.Controllers.OrdenRecaudacionController'. Un parámetro opcional debe ser un tipo de referencia, un tipo que acepte valores NULL o debe declararse como parámetro opcional.
Nombre del parámetro: parameters
    Exception: ArgumentException
    StackTrace:    en System.Web.Mvc.ActionDescriptor.ExtractParameterFromDictionary(ParameterInfo parameterInfo, IDictionary`2 parameters, MethodInfo methodInfo)
   en System.Web.Mvc.ReflectedActionDescriptor.Execute(ControllerContext controllerContext, IDictionary`2 parameters)
   en System.Web.Mvc.ControllerActionInvoker.InvokeActionMethod(ControllerContext controllerContext, ActionDescriptor actionDescriptor, IDictionary`2 parameters)
   en System.Web.Mvc.Async.AsyncControllerActionInvoker.<>c.<BeginInvokeSynchronousActionMethod>b__9_0(IAsyncResult asyncResult, ActionInvocation innerInvokeState)
   en System.Web.Mvc.Async.AsyncResultWrapper.WrappedAsyncResult`2.CallEndDelegate(IAsyncResult asyncResult)
   en System.Web.Mvc.Async.AsyncControllerActionInvoker.EndInvokeActionMethod(IAsyncResult asyncResult)
   en System.Web.Mvc.Async.AsyncControllerActionInvoker.AsyncInvocationWithFilters.<>c__DisplayClass11_0.<InvokeActionMethodFilterAsynchronouslyRecursive>b__0()
   en System.Web.Mvc.Async.AsyncControllerActionInvoker.AsyncInvocationWithFilters.<>c__DisplayClass11_2.<InvokeActionMethodFilterAsynchronouslyRecursive>b__2()
   en System.Web.Mvc.Async.AsyncControllerActionInvoker.AsyncInvocationWithFilters.<>c__DisplayClass11_2.<InvokeActionMethodFilterAsynchronouslyRecursive>b__2()
   en System.Web.Mvc.Async.AsyncControllerActionInvoker.AsyncInvocationWithFilters.<>c__DisplayClass11_2.<InvokeActionMethodFilterAsynchronouslyRecursive>b__2()
   en System.Web.Mvc.Async.AsyncControllerActionInvoker.EndInvokeActionMethodWithFilters(IAsyncResult asyncResult)
   en System.Web.Mvc.Async.AsyncControllerActionInvoker.<>c__DisplayClass3_6.<BeginInvokeAction>b__4()
   en System.Web.Mvc.Async.AsyncControllerActionInvoker.<>c__DisplayClass3_1.<BeginInvokeAction>b__1(IAsyncResult asyncResult)
2026-02-04 20:40:43.106 | INFO  | CID:32b985a1c1c5 | USR:USU_ADMIN | Account/Login | Iniciando acción: Account/Login
2026-02-04 20:40:43.402 | INFO  | CID:32b985a1c1c5 | USR:USU_ADMIN | Account/Login | Acción completada: Account/Login
2026-02-04 20:47:07.351 | INFO  | CID:N/A | Iniciando procesador de cola de correos
2026-02-04 20:47:08.128 | ERROR | CID:db0a7d271d02 | USR:USU_ADMIN | OrdenRecaudacion/Detalles | ERR:BAD_REQUEST | El diccionario de parámetros contiene una entrada NULL para el parámetro 'id' del tipo que no acepta valores NULL 'System.Int32' del método 'System.Web.Mvc.ActionResult Detalles(Int32)' en 'CapaPresentacion.Controllers.OrdenRecaudacionController'. Un parámetro opcional debe ser un tipo de referencia, un tipo que acepte valores NULL o debe declararse como parámetro opcional.
Nombre del parámetro: parameters
    Exception: ArgumentException
    StackTrace:    en System.Web.Mvc.ActionDescriptor.ExtractParameterFromDictionary(ParameterInfo parameterInfo, IDictionary`2 parameters, MethodInfo methodInfo)
   en System.Web.Mvc.ReflectedActionDescriptor.Execute(ControllerContext controllerContext, IDictionary`2 parameters)
   en System.Web.Mvc.ControllerActionInvoker.InvokeActionMethod(ControllerContext controllerContext, ActionDescriptor actionDescriptor, IDictionary`2 parameters)
   en System.Web.Mvc.Async.AsyncControllerActionInvoker.<>c.<BeginInvokeSynchronousActionMethod>b__9_0(IAsyncResult asyncResult, ActionInvocation innerInvokeState)
   en System.Web.Mvc.Async.AsyncResultWrapper.WrappedAsyncResult`2.CallEndDelegate(IAsyncResult asyncResult)
   en System.Web.Mvc.Async.AsyncControllerActionInvoker.EndInvokeActionMethod(IAsyncResult asyncResult)
   en System.Web.Mvc.Async.AsyncControllerActionInvoker.AsyncInvocationWithFilters.<>c__DisplayClass11_0.<InvokeActionMethodFilterAsynchronouslyRecursive>b__0()
   en System.Web.Mvc.Async.AsyncControllerActionInvoker.AsyncInvocationWithFilters.<>c__DisplayClass11_2.<InvokeActionMethodFilterAsynchronouslyRecursive>b__2()
   en System.Web.Mvc.Async.AsyncControllerActionInvoker.AsyncInvocationWithFilters.<>c__DisplayClass11_2.<InvokeActionMethodFilterAsynchronouslyRecursive>b__2()
   en System.Web.Mvc.Async.AsyncControllerActionInvoker.AsyncInvocationWithFilters.<>c__DisplayClass11_2.<InvokeActionMethodFilterAsynchronouslyRecursive>b__2()
   en System.Web.Mvc.Async.AsyncControllerActionInvoker.EndInvokeActionMethodWithFilters(IAsyncResult asyncResult)
   en System.Web.Mvc.Async.AsyncControllerActionInvoker.<>c__DisplayClass3_6.<BeginInvokeAction>b__4()
   en System.Web.Mvc.Async.AsyncControllerActionInvoker.<>c__DisplayClass3_1.<BeginInvokeAction>b__1(IAsyncResult asyncResult)
2026-02-04 20:47:20.144 | INFO  | CID:34a59848a1e0 | USR:USU_ADMIN | Account/Login | Iniciando acción: Account/Login
2026-02-04 20:47:20.435 | INFO  | CID:34a59848a1e0 | USR:USU_ADMIN | Account/Login | Acción completada: Account/Login
2026-02-04 20:55:05.627 | INFO  | CID:N/A | Iniciando procesador de cola de correos
2026-02-04 20:55:06.158 | ERROR | CID:a5466665e838 | USR:USU_ADMIN | OrdenRecaudacion/Detalles | ERR:BAD_REQUEST | El diccionario de parámetros contiene una entrada NULL para el parámetro 'id' del tipo que no acepta valores NULL 'System.Int32' del método 'System.Web.Mvc.ActionResult Detalles(Int32)' en 'CapaPresentacion.Controllers.OrdenRecaudacionController'. Un parámetro opcional debe ser un tipo de referencia, un tipo que acepte valores NULL o debe declararse como parámetro opcional.
Nombre del parámetro: parameters
    Exception: ArgumentException
    StackTrace:    en System.Web.Mvc.ActionDescriptor.ExtractParameterFromDictionary(ParameterInfo parameterInfo, IDictionary`2 parameters, MethodInfo methodInfo)
   en System.Web.Mvc.ReflectedActionDescriptor.Execute(ControllerContext controllerContext, IDictionary`2 parameters)
   en System.Web.Mvc.ControllerActionInvoker.InvokeActionMethod(ControllerContext controllerContext, ActionDescriptor actionDescriptor, IDictionary`2 parameters)
   en System.Web.Mvc.Async.AsyncControllerActionInvoker.<>c.<BeginInvokeSynchronousActionMethod>b__9_0(IAsyncResult asyncResult, ActionInvocation innerInvokeState)
   en System.Web.Mvc.Async.AsyncResultWrapper.WrappedAsyncResult`2.CallEndDelegate(IAsyncResult asyncResult)
   en System.Web.Mvc.Async.AsyncControllerActionInvoker.EndInvokeActionMethod(IAsyncResult asyncResult)
   en System.Web.Mvc.Async.AsyncControllerActionInvoker.AsyncInvocationWithFilters.<>c__DisplayClass11_0.<InvokeActionMethodFilterAsynchronouslyRecursive>b__0()
   en System.Web.Mvc.Async.AsyncControllerActionInvoker.AsyncInvocationWithFilters.<>c__DisplayClass11_2.<InvokeActionMethodFilterAsynchronouslyRecursive>b__2()
   en System.Web.Mvc.Async.AsyncControllerActionInvoker.AsyncInvocationWithFilters.<>c__DisplayClass11_2.<InvokeActionMethodFilterAsynchronouslyRecursive>b__2()
   en System.Web.Mvc.Async.AsyncControllerActionInvoker.AsyncInvocationWithFilters.<>c__DisplayClass11_2.<InvokeActionMethodFilterAsynchronouslyRecursive>b__2()
   en System.Web.Mvc.Async.AsyncControllerActionInvoker.EndInvokeActionMethodWithFilters(IAsyncResult asyncResult)
   en System.Web.Mvc.Async.AsyncControllerActionInvoker.<>c__DisplayClass3_6.<BeginInvokeAction>b__4()
   en System.Web.Mvc.Async.AsyncControllerActionInvoker.<>c__DisplayClass3_1.<BeginInvokeAction>b__1(IAsyncResult asyncResult)
2026-02-04 20:55:16.206 | INFO  | CID:8cef6faa5f2e | USR:USU_ADMIN | Account/Login | Iniciando acción: Account/Login
2026-02-04 20:55:16.494 | INFO  | CID:8cef6faa5f2e | USR:USU_ADMIN | Account/Login | Acción completada: Account/Login
2026-02-04 21:05:39.571 | INFO  | CID:N/A | Iniciando procesador de cola de correos
2026-02-04 21:05:40.180 | ERROR | CID:2ebb8ca8b8ec | USR:USU_ADMIN | OrdenRecaudacion/Detalles | ERR:BAD_REQUEST | El diccionario de parámetros contiene una entrada NULL para el parámetro 'id' del tipo que no acepta valores NULL 'System.Int32' del método 'System.Web.Mvc.ActionResult Detalles(Int32)' en 'CapaPresentacion.Controllers.OrdenRecaudacionController'. Un parámetro opcional debe ser un tipo de referencia, un tipo que acepte valores NULL o debe declararse como parámetro opcional.
Nombre del parámetro: parameters
    Exception: ArgumentException
    StackTrace:    en System.Web.Mvc.ActionDescriptor.ExtractParameterFromDictionary(ParameterInfo parameterInfo, IDictionary`2 parameters, MethodInfo methodInfo)
   en System.Web.Mvc.ReflectedActionDescriptor.Execute(ControllerContext controllerContext, IDictionary`2 parameters)
   en System.Web.Mvc.ControllerActionInvoker.InvokeActionMethod(ControllerContext controllerContext, ActionDescriptor actionDescriptor, IDictionary`2 parameters)
   en System.Web.Mvc.Async.AsyncControllerActionInvoker.<>c.<BeginInvokeSynchronousActionMethod>b__9_0(IAsyncResult asyncResult, ActionInvocation innerInvokeState)
   en System.Web.Mvc.Async.AsyncResultWrapper.WrappedAsyncResult`2.CallEndDelegate(IAsyncResult asyncResult)
   en System.Web.Mvc.Async.AsyncControllerActionInvoker.EndInvokeActionMethod(IAsyncResult asyncResult)
   en System.Web.Mvc.Async.AsyncControllerActionInvoker.AsyncInvocationWithFilters.<>c__DisplayClass11_0.<InvokeActionMethodFilterAsynchronouslyRecursive>b__0()
   en System.Web.Mvc.Async.AsyncControllerActionInvoker.AsyncInvocationWithFilters.<>c__DisplayClass11_2.<InvokeActionMethodFilterAsynchronouslyRecursive>b__2()
   en System.Web.Mvc.Async.AsyncControllerActionInvoker.AsyncInvocationWithFilters.<>c__DisplayClass11_2.<InvokeActionMethodFilterAsynchronouslyRecursive>b__2()
   en System.Web.Mvc.Async.AsyncControllerActionInvoker.AsyncInvocationWithFilters.<>c__DisplayClass11_2.<InvokeActionMethodFilterAsynchronouslyRecursive>b__2()
   en System.Web.Mvc.Async.AsyncControllerActionInvoker.EndInvokeActionMethodWithFilters(IAsyncResult asyncResult)
   en System.Web.Mvc.Async.AsyncControllerActionInvoker.<>c__DisplayClass3_6.<BeginInvokeAction>b__4()
   en System.Web.Mvc.Async.AsyncControllerActionInvoker.<>c__DisplayClass3_1.<BeginInvokeAction>b__1(IAsyncResult asyncResult)
2026-02-04 21:05:50.178 | INFO  | CID:54dccb1922db | USR:USU_ADMIN | Account/Login | Iniciando acción: Account/Login
2026-02-04 21:05:50.454 | INFO  | CID:54dccb1922db | USR:USU_ADMIN | Account/Login | Acción completada: Account/Login
2026-02-04 21:14:29.120 | INFO  | CID:N/A | Iniciando procesador de cola de correos
2026-02-04 21:14:38.139 | INFO  | CID:775cbdac82e9 | USR:USU_ADMIN | Account/Login | Iniciando acción: Account/Login
2026-02-04 21:14:38.447 | INFO  | CID:775cbdac82e9 | USR:USU_ADMIN | Account/Login | Acción completada: Account/Login
2026-02-04 21:15:37.635 | INFO  | CID:be3486ca1ca7 | USR:USU_ADMIN | OrdenRecaudacion/Nueva | Iniciando acción: OrdenRecaudacion/Nueva
2026-02-04 21:15:37.917 | INFO  | CID:be3486ca1ca7 | USR:USU_ADMIN | OrdenRecaudacion/Nueva | Acción completada: OrdenRecaudacion/Nueva
2026-02-04 21:15:43.149 | INFO  | CID:8b4e4ebb685b | USR:USU_ADMIN | OrdenRecaudacion/Generar | Iniciando acción: OrdenRecaudacion/Generar
2026-02-04 21:15:43.159 | INFO  | CID:8b4e4ebb685b | USR:USU_ADMIN | OrdenRecaudacion/Generar | Acción completada: OrdenRecaudacion/Generar
2026-02-04 21:16:03.184 | INFO  | CID:69862487548d | USR:USU_ADMIN | OrdenRecaudacion/RegistrarPago | Iniciando acción: OrdenRecaudacion/RegistrarPago
2026-02-04 21:16:03.225 | INFO  | CID:69862487548d | USR:USU_ADMIN | OrdenRecaudacion/RegistrarPago | Acción completada: OrdenRecaudacion/RegistrarPago
2026-02-04 21:16:24.900 | INFO  | CID:7853bbbeb2f4 | USR:USU_ADMIN | Financiero/AprobarPago | Iniciando acción: Financiero/AprobarPago
2026-02-04 21:16:24.943 | INFO  | CID:7853bbbeb2f4 | USR:USU_ADMIN | Financiero/AprobarPago | Acción completada: Financiero/AprobarPago
2026-02-04 21:24:24.274 | INFO  | CID:N/A | Iniciando procesador de cola de correos
2026-02-04 21:24:35.060 | INFO  | CID:796e3c9085b0 | USR:USU_ADMIN | Account/Login | Iniciando acción: Account/Login
2026-02-04 21:24:35.470 | INFO  | CID:796e3c9085b0 | USR:USU_ADMIN | Account/Login | Acción completada: Account/Login
