2026-03-06 08:15:19.197 | INFO  | CID:16800b172232 | Account/Login | Iniciando acción: Account/Login
2026-03-06 08:15:19.720 | INFO  | CID:16800b172232 | Account/Login | Acción completada: Account/Login
2026-03-06 08:18:14.841 | INFO  | CID:N/A | Iniciando procesador de cola de correos
2026-03-06 08:18:36.124 | INFO  | CID:f2e6b29ce168 | Account/Login | Iniciando acción: Account/Login
2026-03-06 08:18:36.909 | INFO  | CID:f2e6b29ce168 | Account/Login | Acción completada: Account/Login
2026-03-06 08:41:44.917 | INFO  | CID:N/A | Iniciando procesador de cola de correos
2026-03-06 08:42:08.688 | INFO  | CID:e0a048f39f72 | Account/Login | Iniciando acción: Account/Login
2026-03-06 08:42:09.354 | INFO  | CID:e0a048f39f72 | Account/Login | Acción completada: Account/Login
2026-03-06 08:47:50.156 | INFO  | CID:N/A | Iniciando procesador de cola de correos
2026-03-06 08:48:07.629 | INFO  | CID:5a00d9e86ed1 | Account/Login | Iniciando acción: Account/Login
2026-03-06 08:48:08.578 | INFO  | CID:5a00d9e86ed1 | Account/Login | Acción completada: Account/Login
2026-03-06 09:58:02.366 | INFO  | CID:N/A | Deteniendo procesador de cola de correos
2026-03-06 09:58:02.772 | INFO  | CID:N/A | Deteniendo procesador de cola de correos
2026-03-06 10:28:43.011 | INFO  | CID:N/A | Iniciando procesador de cola de correos
2026-03-06 10:29:10.320 | INFO  | CID:70e2b89ae154 | Account/Login | Iniciando acción: Account/Login
2026-03-06 10:29:11.273 | INFO  | CID:70e2b89ae154 | Account/Login | Acción completada: Account/Login
2026-03-06 10:29:21.439 | ERROR | CID:2ac3c89514f1 | USR:USU_ADMIN | SolicitudAOCR/FormularioEmisionAOCR | ERR:INTERNAL_ERROR | c:\AOCR\AOCR\AOCR05-01-2026\AOCR1\AOCR\CapaPresentacion\Views\SolicitudAOCR\_FormularioEmisionAOCR.cshtml(227): error CS1056: Carácter '$' inesperado
    Exception: HttpCompileException
    StackTrace:    en System.Web.Compilation.AssemblyBuilder.Compile()
   en System.Web.Compilation.BuildProvidersCompiler.PerformBuild()
   en System.Web.Compilation.BuildManager.CompileWebFile(VirtualPath virtualPath)
   en System.Web.Compilation.BuildManager.GetVPathBuildResultInternal(VirtualPath virtualPath, Boolean noBuild, Boolean allowCrossApp, Boolean allowBuildInPrecompile, Boolean throwIfNotFound, Boolean ensureIsUpToDate)
   en System.Web.Compilation.BuildManager.GetVPathBuildResultWithNoAssert(HttpContext context, VirtualPath virtualPath, Boolean noBuild, Boolean allowCrossApp, Boolean allowBuildInPrecompile, Boolean throwIfNotFound, Boolean ensureIsUpToDate)
   en System.Web.Compilation.BuildManager.GetVirtualPathObjectFactory(VirtualPath virtualPath, HttpContext context, Boolean allowCrossApp, Boolean throwIfNotFound)
   en System.Web.Compilation.BuildManager.GetCompiledType(VirtualPath virtualPath)
   en System.Web.Mvc.BuildManagerCompiledView.Render(ViewContext viewContext, TextWriter writer)
   en System.Web.Mvc.ViewResultBase.ExecuteResult(ControllerContext context)
   en System.Web.Mvc.ControllerActionInvoker.InvokeActionResultFilterRecursive(IList`1 filters, Int32 filterIndex, ResultExecutingContext preContext, ControllerContext controllerContext, ActionResult actionResult)
   en System.Web.Mvc.ControllerActionInvoker.InvokeActionResultFilterRecursive(IList`1 filters, Int32 filterIndex, ResultExecutingContext preContext, ControllerContext controllerContext, ActionResult actionResult)
   en System.Web.Mvc.ControllerActionInvoker.InvokeActionResultFilterRecursive(IList`1 filters, Int32 filterIndex, ResultExecutingContext preContext, ControllerContext controllerContext, ActionResult actionResult)
   en System.Web.Mvc.ControllerActionInvoker.InvokeActionResultFilterRecursive(IList`1 filters, Int32 filterIndex, ResultExecutingContext preContext, ControllerContext controllerContext, ActionResult actionResult)
   en System.Web.Mvc.ControllerActionInvoker.InvokeActionResultWithFilters(ControllerContext controllerContext, IList`1 filters, ActionResult actionResult)
   en System.Web.Mvc.Async.AsyncControllerActionInvoker.<>c__DisplayClass3_1.<BeginInvokeAction>b__1(IAsyncResult asyncResult)
2026-03-06 10:33:14.256 | INFO  | CID:N/A | Iniciando procesador de cola de correos
2026-03-06 10:33:32.761 | INFO  | CID:b56ea11b3e68 | Account/Login | Iniciando acción: Account/Login
2026-03-06 10:33:33.859 | INFO  | CID:b56ea11b3e68 | Account/Login | Acción completada: Account/Login
2026-03-06 11:01:16.452 | INFO  | CID:N/A | Iniciando procesador de cola de correos
2026-03-06 11:01:34.773 | INFO  | CID:7d3d83665970 | Account/Login | Iniciando acción: Account/Login
2026-03-06 11:01:35.455 | INFO  | CID:7d3d83665970 | Account/Login | Acción completada: Account/Login
2026-03-06 11:42:12.263 | INFO  | CID:0ac6c87b55c5 | Account/Login | Iniciando acción: Account/Login
2026-03-06 11:42:12.907 | INFO  | CID:0ac6c87b55c5 | Account/Login | Acción completada: Account/Login
2026-03-06 11:42:30.951 | ERROR | CID:2f382c3c8b98 | USR:USU_ADMIN | SolicitudAOCR/FormularioEmisionAOCR | ERR:INTERNAL_ERROR | c:\AOCR\AOCR\AOCR05-01-2026\AOCR1\AOCR\CapaPresentacion\Views\SolicitudAOCR\_FormularioEmisionAOCR.cshtml(161): error CS0103: El nombre 'media' no existe en el contexto actual
    Exception: HttpCompileException
    StackTrace:    en System.Web.Compilation.AssemblyBuilder.Compile()
   en System.Web.Compilation.BuildProvidersCompiler.PerformBuild()
   en System.Web.Compilation.BuildManager.CompileWebFile(VirtualPath virtualPath)
   en System.Web.Compilation.BuildManager.GetVPathBuildResultInternal(VirtualPath virtualPath, Boolean noBuild, Boolean allowCrossApp, Boolean allowBuildInPrecompile, Boolean throwIfNotFound, Boolean ensureIsUpToDate)
   en System.Web.Compilation.BuildManager.GetVPathBuildResultWithNoAssert(HttpContext context, VirtualPath virtualPath, Boolean noBuild, Boolean allowCrossApp, Boolean allowBuildInPrecompile, Boolean throwIfNotFound, Boolean ensureIsUpToDate)
   en System.Web.Compilation.BuildManager.GetVirtualPathObjectFactory(VirtualPath virtualPath, HttpContext context, Boolean allowCrossApp, Boolean throwIfNotFound)
   en System.Web.Compilation.BuildManager.GetCompiledType(VirtualPath virtualPath)
   en System.Web.Mvc.BuildManagerCompiledView.Render(ViewContext viewContext, TextWriter writer)
   en System.Web.Mvc.ViewResultBase.ExecuteResult(ControllerContext context)
   en System.Web.Mvc.ControllerActionInvoker.InvokeActionResultFilterRecursive(IList`1 filters, Int32 filterIndex, ResultExecutingContext preContext, ControllerContext controllerContext, ActionResult actionResult)
   en System.Web.Mvc.ControllerActionInvoker.InvokeActionResultFilterRecursive(IList`1 filters, Int32 filterIndex, ResultExecutingContext preContext, ControllerContext controllerContext, ActionResult actionResult)
   en System.Web.Mvc.ControllerActionInvoker.InvokeActionResultFilterRecursive(IList`1 filters, Int32 filterIndex, ResultExecutingContext preContext, ControllerContext controllerContext, ActionResult actionResult)
   en System.Web.Mvc.ControllerActionInvoker.InvokeActionResultFilterRecursive(IList`1 filters, Int32 filterIndex, ResultExecutingContext preContext, ControllerContext controllerContext, ActionResult actionResult)
   en System.Web.Mvc.ControllerActionInvoker.InvokeActionResultWithFilters(ControllerContext controllerContext, IList`1 filters, ActionResult actionResult)
   en System.Web.Mvc.Async.AsyncControllerActionInvoker.<>c__DisplayClass3_1.<BeginInvokeAction>b__1(IAsyncResult asyncResult)
2026-03-06 11:42:55.522 | INFO  | CID:N/A | Iniciando procesador de cola de correos
2026-03-06 11:43:43.661 | INFO  | CID:d7b8e1d1f768 | Account/Login | Iniciando acción: Account/Login
2026-03-06 11:43:44.761 | INFO  | CID:d7b8e1d1f768 | Account/Login | Acción completada: Account/Login
2026-03-06 11:44:03.032 | ERROR | CID:58090238021e | USR:USU_ADMIN | SolicitudAOCR/FormularioEmisionAOCR | ERR:INTERNAL_ERROR | c:\AOCR\AOCR\AOCR05-01-2026\AOCR1\AOCR\CapaPresentacion\Views\SolicitudAOCR\_FormularioEmisionAOCR.cshtml(161): error CS0103: El nombre 'media' no existe en el contexto actual
    Exception: HttpCompileException
    StackTrace:    en System.Web.Compilation.AssemblyBuilder.Compile()
   en System.Web.Compilation.BuildProvidersCompiler.PerformBuild()
   en System.Web.Compilation.BuildManager.CompileWebFile(VirtualPath virtualPath)
   en System.Web.Compilation.BuildManager.GetVPathBuildResultInternal(VirtualPath virtualPath, Boolean noBuild, Boolean allowCrossApp, Boolean allowBuildInPrecompile, Boolean throwIfNotFound, Boolean ensureIsUpToDate)
   en System.Web.Compilation.BuildManager.GetVPathBuildResultWithNoAssert(HttpContext context, VirtualPath virtualPath, Boolean noBuild, Boolean allowCrossApp, Boolean allowBuildInPrecompile, Boolean throwIfNotFound, Boolean ensureIsUpToDate)
   en System.Web.Compilation.BuildManager.GetVirtualPathObjectFactory(VirtualPath virtualPath, HttpContext context, Boolean allowCrossApp, Boolean throwIfNotFound)
   en System.Web.Compilation.BuildManager.GetCompiledType(VirtualPath virtualPath)
   en System.Web.Mvc.BuildManagerCompiledView.Render(ViewContext viewContext, TextWriter writer)
   en System.Web.Mvc.ViewResultBase.ExecuteResult(ControllerContext context)
   en System.Web.Mvc.ControllerActionInvoker.InvokeActionResultFilterRecursive(IList`1 filters, Int32 filterIndex, ResultExecutingContext preContext, ControllerContext controllerContext, ActionResult actionResult)
   en System.Web.Mvc.ControllerActionInvoker.InvokeActionResultFilterRecursive(IList`1 filters, Int32 filterIndex, ResultExecutingContext preContext, ControllerContext controllerContext, ActionResult actionResult)
   en System.Web.Mvc.ControllerActionInvoker.InvokeActionResultFilterRecursive(IList`1 filters, Int32 filterIndex, ResultExecutingContext preContext, ControllerContext controllerContext, ActionResult actionResult)
   en System.Web.Mvc.ControllerActionInvoker.InvokeActionResultFilterRecursive(IList`1 filters, Int32 filterIndex, ResultExecutingContext preContext, ControllerContext controllerContext, ActionResult actionResult)
   en System.Web.Mvc.ControllerActionInvoker.InvokeActionResultWithFilters(ControllerContext controllerContext, IList`1 filters, ActionResult actionResult)
   en System.Web.Mvc.Async.AsyncControllerActionInvoker.<>c__DisplayClass3_1.<BeginInvokeAction>b__1(IAsyncResult asyncResult)
2026-03-06 11:45:43.196 | INFO  | CID:N/A | Iniciando procesador de cola de correos
2026-03-06 11:45:57.386 | INFO  | CID:26243ef0eb76 | Account/Login | Iniciando acción: Account/Login
2026-03-06 11:45:58.590 | INFO  | CID:26243ef0eb76 | Account/Login | Acción completada: Account/Login
2026-03-06 13:54:32.811 | INFO  | CID:4e2642f0c87d | Account/Login | Iniciando acción: Account/Login
2026-03-06 13:54:33.672 | INFO  | CID:4e2642f0c87d | Account/Login | Acción completada: Account/Login
2026-03-06 14:53:37.696 | INFO  | CID:N/A | Iniciando procesador de cola de correos
2026-03-06 14:59:57.860 | INFO  | CID:92566f2f1bb1 | Account/Login | Iniciando acción: Account/Login
2026-03-06 14:59:58.841 | INFO  | CID:92566f2f1bb1 | Account/Login | Acción completada: Account/Login
2026-03-06 15:06:59.530 | INFO  | CID:N/A | Deteniendo procesador de cola de correos
2026-03-06 15:06:59.737 | INFO  | CID:N/A | Deteniendo procesador de cola de correos
2026-03-06 15:08:11.291 | INFO  | CID:N/A | Iniciando procesador de cola de correos
2026-03-06 15:08:28.166 | INFO  | CID:8b862bd47641 | Account/Login | Iniciando acción: Account/Login
2026-03-06 15:08:28.835 | INFO  | CID:8b862bd47641 | Account/Login | Acción completada: Account/Login
2026-03-06 15:40:47.527 | INFO  | CID:N/A | Iniciando procesador de cola de correos
2026-03-06 15:41:28.631 | INFO  | CID:fc1f9540dd95 | Account/Login | Iniciando acción: Account/Login
2026-03-06 15:41:29.270 | INFO  | CID:fc1f9540dd95 | Account/Login | Acción completada: Account/Login
2026-03-06 15:41:42.839 | INFO  | CID:5d8bf20e4b05 | Account/Login | Iniciando acción: Account/Login
2026-03-06 15:41:43.311 | INFO  | CID:5d8bf20e4b05 | Account/Login | Acción completada: Account/Login
2026-03-06 15:42:52.104 | INFO  | CID:e25546a7740d | USR:USU_ADMIN | AdminUsuarios/TransferirEliminar | Iniciando acción: AdminUsuarios/TransferirEliminar
2026-03-06 15:42:56.320 | INFO  | CID:e25546a7740d | USR:USU_ADMIN | AdminUsuarios/TransferirEliminar | Acción completada: AdminUsuarios/TransferirEliminar
2026-03-06 15:43:11.232 | INFO  | CID:2bf471d7b335 | USR:USU_ADMIN | AdminUsuarios/TransferirEliminar | Iniciando acción: AdminUsuarios/TransferirEliminar
2026-03-06 15:43:16.429 | INFO  | CID:2bf471d7b335 | USR:USU_ADMIN | AdminUsuarios/TransferirEliminar | Acción completada: AdminUsuarios/TransferirEliminar
2026-03-06 15:45:21.779 | INFO  | CID:0388c33a7fcf | USR:USU_ADMIN | Usuario/EliminarUsuarioRT | Iniciando acción: Usuario/EliminarUsuarioRT
2026-03-06 15:45:22.127 | INFO  | CID:0388c33a7fcf | USR:USU_ADMIN | Usuario/EliminarUsuarioRT | Acción completada: Usuario/EliminarUsuarioRT
2026-03-06 15:46:03.949 | INFO  | CID:71294ced61ec | USR:USU_ADMIN | AdminUsuarios/TransferirEliminar | Iniciando acción: AdminUsuarios/TransferirEliminar
2026-03-06 15:46:08.185 | INFO  | CID:71294ced61ec | USR:USU_ADMIN | AdminUsuarios/TransferirEliminar | Acción completada: AdminUsuarios/TransferirEliminar
2026-03-06 15:47:11.827 | INFO  | CID:b97152c65f01 | USR:USU_ADMIN | AdminUsuarios/TransferirEliminar | Iniciando acción: AdminUsuarios/TransferirEliminar
2026-03-06 15:47:15.837 | INFO  | CID:b97152c65f01 | USR:USU_ADMIN | AdminUsuarios/TransferirEliminar | Acción completada: AdminUsuarios/TransferirEliminar
2026-03-06 15:47:26.430 | INFO  | CID:ffd87176536b | USR:USU_ADMIN | AdminUsuarios/TransferirEliminar | Iniciando acción: AdminUsuarios/TransferirEliminar
2026-03-06 15:47:31.157 | INFO  | CID:ffd87176536b | USR:USU_ADMIN | AdminUsuarios/TransferirEliminar | Acción completada: AdminUsuarios/TransferirEliminar
2026-03-06 15:47:41.155 | INFO  | CID:728eb3cc6511 | USR:USU_ADMIN | Usuario/ActivarUsuarioRT | Iniciando acción: Usuario/ActivarUsuarioRT
2026-03-06 15:47:41.162 | INFO  | CID:728eb3cc6511 | USR:USU_ADMIN | Usuario/ActivarUsuarioRT | Acción completada: Usuario/ActivarUsuarioRT
2026-03-06 15:47:47.288 | INFO  | CID:bea55b6ac57c | USR:USU_ADMIN | Usuario/EliminarUsuarioRT | Iniciando acción: Usuario/EliminarUsuarioRT
2026-03-06 15:47:47.818 | INFO  | CID:bea55b6ac57c | USR:USU_ADMIN | Usuario/EliminarUsuarioRT | Acción completada: Usuario/EliminarUsuarioRT
2026-03-06 15:48:55.193 | INFO  | CID:4af844e1b7de | Usuario/ValidarCorreo | Iniciando acción: Usuario/ValidarCorreo
2026-03-06 15:48:55.211 | INFO  | CID:4af844e1b7de | Usuario/ValidarCorreo | Acción completada: Usuario/ValidarCorreo
2026-03-06 15:49:03.516 | INFO  | CID:88d0f2294a5a | Usuario/ValidarRUC | Iniciando acción: Usuario/ValidarRUC
2026-03-06 15:49:03.577 | INFO  | CID:88d0f2294a5a | Usuario/ValidarRUC | Acción completada: Usuario/ValidarRUC
2026-03-06 15:54:30.288 | INFO  | CID:1116002ac147 | Usuario/RegistrarDeclaracionTemporal | Iniciando acción: Usuario/RegistrarDeclaracionTemporal
2026-03-06 15:54:30.343 | INFO  | CID:1116002ac147 | Usuario/RegistrarDeclaracionTemporal | Acción completada: Usuario/RegistrarDeclaracionTemporal
2026-03-06 15:54:34.170 | INFO  | CID:2317869a350e | Usuario/Crear | Iniciando acción: Usuario/Crear
2026-03-06 15:54:35.353 | INFO  | CID:04d1bcc43189 | Enviando correo a german.cajas@aviacioncivil.gob.ec, Asunto: Cuenta creada - Sistema AOCR (pendiente de aprobac...
2026-03-06 15:54:35.722 | INFO  | CID:04d1bcc43189 | Correo enviado exitosamente a german.cajas@aviacioncivil.gob.ec
2026-03-06 15:54:35.727 | INFO  | CID:2317869a350e | Usuario/Crear | Acción completada: Usuario/Crear
2026-03-06 16:05:19.126 | INFO  | CID:N/A | Iniciando procesador de cola de correos
2026-03-06 16:07:43.456 | ERROR | CID:83d48ee6fb31 | Account/Login | ERR:INTERNAL_ERROR | "]" no es válido al inicio de un bloque de código. Solo son válidos los identificadores, palabras clave, comentarios, "(" y "{".

    Exception: HttpParseException
    StackTrace:    en System.Web.WebPages.Razor.RazorBuildProvider.EnsureGeneratedCode()
   en System.Web.WebPages.Razor.RazorBuildProvider.get_CodeCompilerType()
   en System.Web.Compilation.BuildProvider.GetCompilerTypeFromBuildProvider(BuildProvider buildProvider)
   en System.Web.Compilation.BuildProvidersCompiler.ProcessBuildProviders()
   en System.Web.Compilation.BuildProvidersCompiler.PerformBuild()
   en System.Web.Compilation.BuildManager.CompileWebFile(VirtualPath virtualPath)
   en System.Web.Compilation.BuildManager.GetVPathBuildResultInternal(VirtualPath virtualPath, Boolean noBuild, Boolean allowCrossApp, Boolean allowBuildInPrecompile, Boolean throwIfNotFound, Boolean ensureIsUpToDate)
   en System.Web.Compilation.BuildManager.GetVPathBuildResultWithNoAssert(HttpContext context, VirtualPath virtualPath, Boolean noBuild, Boolean allowCrossApp, Boolean allowBuildInPrecompile, Boolean throwIfNotFound, Boolean ensureIsUpToDate)
   en System.Web.Compilation.BuildManager.GetVirtualPathObjectFactory(VirtualPath virtualPath, HttpContext context, Boolean allowCrossApp, Boolean throwIfNotFound)
   en System.Web.Compilation.BuildManager.GetCompiledType(VirtualPath virtualPath)
   en System.Web.Mvc.BuildManagerCompiledView.Render(ViewContext viewContext, TextWriter writer)
   en System.Web.Mvc.Html.PartialExtensions.Partial(HtmlHelper htmlHelper, String partialViewName, Object model, ViewDataDictionary viewData)
   en ASP._Page_Views_Account_Login_cshtml.Execute() en c:\AOCR\AOCR\AOCR05-01-2026\AOCR1\AOCR\CapaPresentacion\Views\Account\Login.cshtml:línea 234
   en System.Web.WebPages.WebPageBase.ExecutePageHierarchy()
   en System.Web.Mvc.WebViewPage.ExecutePageHierarchy()
   en System.Web.WebPages.StartPage.ExecutePageHierarchy()
   en System.Web.WebPages.WebPageBase.ExecutePageHierarchy(WebPageContext pageContext, TextWriter writer, WebPageRenderingBase startPage)
   en System.Web.Mvc.ViewResultBase.ExecuteResult(ControllerContext context)
   en System.Web.Mvc.ControllerActionInvoker.InvokeActionResultFilterRecursive(IList`1 filters, Int32 filterIndex, ResultExecutingContext preContext, ControllerContext controllerContext, ActionResult actionResult)
   en System.Web.Mvc.ControllerActionInvoker.InvokeActionResultFilterRecursive(IList`1 filters, Int32 filterIndex, ResultExecutingContext preContext, ControllerContext controllerContext, ActionResult actionResult)
   en System.Web.Mvc.ControllerActionInvoker.InvokeActionResultFilterRecursive(IList`1 filters, Int32 filterIndex, ResultExecutingContext preContext, ControllerContext controllerContext, ActionResult actionResult)
   en System.Web.Mvc.ControllerActionInvoker.InvokeActionResultFilterRecursive(IList`1 filters, Int32 filterIndex, ResultExecutingContext preContext, ControllerContext controllerContext, ActionResult actionResult)
   en System.Web.Mvc.ControllerActionInvoker.InvokeActionResultWithFilters(ControllerContext controllerContext, IList`1 filters, ActionResult actionResult)
   en System.Web.Mvc.Async.AsyncControllerActionInvoker.<>c__DisplayClass3_1.<BeginInvokeAction>b__1(IAsyncResult asyncResult)
2026-03-06 16:08:07.815 | INFO  | CID:N/A | Iniciando procesador de cola de correos
2026-03-06 16:12:35.161 | INFO  | CID:N/A | Iniciando procesador de cola de correos
2026-03-06 16:13:22.901 | INFO  | CID:N/A | Iniciando procesador de cola de correos
2026-03-06 16:37:49.875 | INFO  | CID:N/A | Iniciando procesador de cola de correos
2026-03-06 16:38:41.355 | INFO  | CID:00e2248a2b54 | Account/Login | Iniciando acción: Account/Login
2026-03-06 16:38:42.026 | INFO  | CID:00e2248a2b54 | Account/Login | Acción completada: Account/Login
2026-03-06 16:38:59.624 | INFO  | CID:47ff50a31dad | USR:USU_ADMIN | Usuario/EliminarUsuarioRT | Iniciando acción: Usuario/EliminarUsuarioRT
2026-03-06 16:38:59.984 | INFO  | CID:47ff50a31dad | USR:USU_ADMIN | Usuario/EliminarUsuarioRT | Acción completada: Usuario/EliminarUsuarioRT
2026-03-06 16:40:22.809 | INFO  | CID:8bbc19485fe9 | Usuario/ValidarCorreo | Iniciando acción: Usuario/ValidarCorreo
2026-03-06 16:40:22.812 | INFO  | CID:8bbc19485fe9 | Usuario/ValidarCorreo | Acción completada: Usuario/ValidarCorreo
2026-03-06 16:40:46.110 | INFO  | CID:b2d06c61e271 | Usuario/ValidarRUC | Iniciando acción: Usuario/ValidarRUC
2026-03-06 16:40:46.125 | INFO  | CID:b2d06c61e271 | Usuario/ValidarRUC | Acción completada: Usuario/ValidarRUC
