2026-03-02 10:22:38.717 | INFO  | CID:N/A | Iniciando procesador de cola de correos
2026-03-02 10:22:51.209 | INFO  | CID:a629e3657310 | Account/Login | Iniciando acción: Account/Login
2026-03-02 10:22:52.052 | INFO  | CID:a629e3657310 | Account/Login | Acción completada: Account/Login
2026-03-02 10:31:01.089 | INFO  | CID:N/A | Iniciando procesador de cola de correos
2026-03-02 10:31:14.122 | INFO  | CID:644ecddb24d7 | Account/Login | Iniciando acción: Account/Login
2026-03-02 10:31:14.752 | INFO  | CID:644ecddb24d7 | Account/Login | Acción completada: Account/Login
2026-03-02 11:26:58.476 | INFO  | CID:N/A | Iniciando procesador de cola de correos
2026-03-02 11:27:42.406 | INFO  | CID:3d728cd1ad97 | Account/Login | Iniciando acción: Account/Login
2026-03-02 11:27:42.445 | INFO  | CID:3d728cd1ad97 | Account/Login | Acción completada: Account/Login
2026-03-02 11:28:10.827 | INFO  | CID:4e2608e37621 | Account/Login | Iniciando acción: Account/Login
2026-03-02 11:28:11.451 | INFO  | CID:4e2608e37621 | Account/Login | Acción completada: Account/Login
2026-03-02 11:28:28.002 | INFO  | CID:cec71dac4d7b | Account/Login | Iniciando acción: Account/Login
2026-03-02 11:28:28.544 | INFO  | CID:cec71dac4d7b | Account/Login | Acción completada: Account/Login
2026-03-02 12:19:54.413 | INFO  | CID:N/A | Iniciando procesador de cola de correos
2026-03-02 12:20:06.623 | INFO  | CID:cb811abc8dff | Account/Login | Iniciando acción: Account/Login
2026-03-02 12:20:06.634 | INFO  | CID:cb811abc8dff | Account/Login | Acción completada: Account/Login
2026-03-02 12:20:46.098 | INFO  | CID:20663c13f4df | Account/Login | Iniciando acción: Account/Login
2026-03-02 12:20:46.777 | INFO  | CID:20663c13f4df | Account/Login | Acción completada: Account/Login
2026-03-02 12:20:58.185 | INFO  | CID:a844286e6be2 | Account/Login | Iniciando acción: Account/Login
2026-03-02 12:20:58.596 | INFO  | CID:a844286e6be2 | Account/Login | Acción completada: Account/Login
2026-03-02 12:22:12.310 | INFO  | CID:5d319d7ab238 | Account/Login | Iniciando acción: Account/Login
2026-03-02 12:22:12.744 | INFO  | CID:5d319d7ab238 | Account/Login | Acción completada: Account/Login
2026-03-02 12:22:33.757 | INFO  | CID:6f3d37c68b96 | USR:GACAJAS | OrdenRecaudacion/Nueva | Iniciando acción: OrdenRecaudacion/Nueva
2026-03-02 12:22:33.912 | INFO  | CID:6f3d37c68b96 | USR:GACAJAS | OrdenRecaudacion/Nueva | Acción completada: OrdenRecaudacion/Nueva
2026-03-02 12:22:38.394 | INFO  | CID:fc94b6a93de9 | USR:GACAJAS | OrdenRecaudacion/Generar | Iniciando acción: OrdenRecaudacion/Generar
2026-03-02 12:22:43.749 | INFO  | CID:b53bd6cc2eed | Correo con adjunto enviado exitosamente a german.cajas@aviacioncivil.gob.ec
2026-03-02 12:22:43.754 | INFO  | CID:fc94b6a93de9 | USR:GACAJAS | OrdenRecaudacion/Generar | Acción completada: OrdenRecaudacion/Generar
2026-03-02 12:23:11.706 | INFO  | CID:21e3fc1d36e6 | USR:GACAJAS | OrdenRecaudacion/RegistrarPago | Iniciando acción: OrdenRecaudacion/RegistrarPago
2026-03-02 12:23:11.814 | INFO  | CID:21e3fc1d36e6 | USR:GACAJAS | OrdenRecaudacion/RegistrarPago | Acción completada: OrdenRecaudacion/RegistrarPago
2026-03-02 12:23:56.880 | INFO  | CID:680dc4b66675 | Account/Login | Iniciando acción: Account/Login
2026-03-02 12:23:57.285 | INFO  | CID:680dc4b66675 | Account/Login | Acción completada: Account/Login
2026-03-02 12:24:31.793 | INFO  | CID:40044f76f4d2 | USR:USU_ADMIN | Financiero/RechazarOrden | Iniciando acción: Financiero/RechazarOrden
2026-03-02 12:24:31.948 | ERROR | CID:N/A | ERR:EMAIL_ERROR | Error al enviar correo.
    Exception: SmtpException
    StackTrace:    en System.Net.Mail.SmtpClient.SendAsync(MailMessage message, Object userToken)
   en System.Net.Mail.SmtpClient.SendMailAsync(MailMessage message)
   en CapaDatos.Services.EmailService.<EnviarAsync>d__4.MoveNext() en C:\AOCR\AOCR\AOCR05-01-2026\AOCR1\AOCR\CapaDatos\Services\EmailService.cs:línea 76
2026-03-02 12:24:31.977 | INFO  | CID:17e55abe793a | Enviando correo a german.cajas@aviacioncivil.gob.ec, Asunto: Notificacion de rechazo - Orden OR-202603021222337...
2026-03-02 12:24:32.125 | INFO  | CID:17e55abe793a | Correo enviado exitosamente a german.cajas@aviacioncivil.gob.ec
2026-03-02 12:24:32.128 | WARN  | CID:N/A | ERR:EMAIL_FALLBACK_OK | Correo enviado por fallback EnviarCorreo.
2026-03-02 12:24:32.132 | INFO  | CID:N/A | ORD:OR-20260302122233778-1 | ERR:EMAIL_RECHAZO_OK | Notificacion de rechazo enviada correctamente
2026-03-02 12:24:32.136 | INFO  | CID:40044f76f4d2 | USR:USU_ADMIN | Financiero/RechazarOrden | Acción completada: Financiero/RechazarOrden
2026-03-02 12:27:04.363 | INFO  | CID:47d26faf621a | USR:USU_ADMIN | Financiero/AprobarOrden | Iniciando acción: Financiero/AprobarOrden
2026-03-02 12:27:04.485 | INFO  | CID:47d26faf621a | USR:USU_ADMIN | Financiero/AprobarOrden | Acción completada: Financiero/AprobarOrden
2026-03-02 13:50:28.737 | INFO  | CID:62a91a1581c5 | Account/Login | Iniciando acción: Account/Login
2026-03-02 13:50:29.159 | INFO  | CID:62a91a1581c5 | Account/Login | Acción completada: Account/Login
2026-03-02 13:53:55.836 | INFO  | CID:N/A | Iniciando procesador de cola de correos
2026-03-02 13:54:19.674 | INFO  | CID:131c1c4b49f9 | Account/Login | Iniciando acción: Account/Login
2026-03-02 13:54:20.279 | INFO  | CID:131c1c4b49f9 | Account/Login | Acción completada: Account/Login
2026-03-02 13:54:41.047 | INFO  | CID:984adb48f6c4 | Account/Login | Iniciando acción: Account/Login
2026-03-02 13:54:41.469 | INFO  | CID:984adb48f6c4 | Account/Login | Acción completada: Account/Login
2026-03-02 14:07:01.727 | INFO  | CID:N/A | Iniciando procesador de cola de correos
2026-03-02 14:07:26.664 | INFO  | CID:82ba9e5e2443 | Account/Login | Iniciando acción: Account/Login
2026-03-02 14:07:27.313 | INFO  | CID:82ba9e5e2443 | Account/Login | Acción completada: Account/Login
2026-03-02 14:08:07.313 | INFO  | CID:96a5d2078271 | USR:USU_ADMIN | Financiero/ReintentarFr3 | Iniciando acción: Financiero/ReintentarFr3
2026-03-02 14:08:07.449 | WARN  | CID:N/A | Idempotency: Error verificando clave: Error de configuración de base de datos.
2026-03-02 14:08:07.550 | WARN  | CID:N/A | Idempotency: Error al adquirir lock: Error de configuración de base de datos.
2026-03-02 14:08:07.622 | WARN  | CID:N/A | SyncLog: No se pudo registrar inicio de operación: Error de configuración de base de datos.
2026-03-02 14:08:07.881 | INFO  | CID:N/A | FR3 DB2 inicio: OrdenId=81, Factura=564564565, Aeropuerto=SEQU, Anio=2026
2026-03-02 14:08:08.028 | ERROR | CID:N/A | ERR:FR3_DB2_ERROR | No se encontraron columnas en DGACDAT.OPCAR5.
    Exception: InvalidOperationException
    StackTrace:    en CapaDatos.DAOs.FacturacionAS400DAO.<>c__DisplayClass9_0.<RegistrarFactura>b__0(OdbcConnection conn) en C:\AOCR\AOCR\AOCR05-01-2026\AOCR1\AOCR\CapaDatos\DAOs\FacturacionAS400DAO.cs:línea 105
   en CapaDatos.Infrastructure.AS400BaseDAO.<>c__DisplayClass13_0.<ExecuteWithConnection>b__0() en C:\AOCR\AOCR\AOCR05-01-2026\AOCR1\AOCR\CapaDatos\Infrastructure\AS400BaseDAO.cs:línea 194
   en CapaDatos.Infrastructure.CircuitBreaker.Execute[T](Func`1 action) en C:\AOCR\AOCR\AOCR05-01-2026\AOCR1\AOCR\CapaDatos\Infrastructure\CircuitBreaker.cs:línea 132
   en CapaDatos.Infrastructure.AS400BaseDAO.ExecuteWithConnection(Action`1 action) en C:\AOCR\AOCR\AOCR05-01-2026\AOCR1\AOCR\CapaDatos\Infrastructure\AS400BaseDAO.cs:línea 187
   en CapaDatos.DAOs.FacturacionAS400DAO.RegistrarFactura(FacturaAs400Record record, FacturacionAS400Result& result, String& error) en C:\AOCR\AOCR\AOCR05-01-2026\AOCR1\AOCR\CapaDatos\DAOs\FacturacionAS400DAO.cs:línea 87
2026-03-02 14:08:08.318 | WARN  | CID:N/A | FR3 error registrado sin persistencia completa en PG: 42P08: could not determine data type of parameter $2

POSITION: 230
2026-03-02 14:08:08.389 | WARN  | CID:N/A | Idempotency: Error al liberar clave: Error de configuración de base de datos.
2026-03-02 14:08:08.494 | WARN  | CID:N/A | AuditTrail error: Error de configuración de base de datos.
2026-03-02 14:08:08.509 | INFO  | CID:96a5d2078271 | USR:USU_ADMIN | Financiero/ReintentarFr3 | Acción completada: Financiero/ReintentarFr3
2026-03-02 14:08:33.089 | INFO  | CID:62afb83f56c1 | USR:USU_ADMIN | Financiero/ReintentarFr3 | Iniciando acción: Financiero/ReintentarFr3
2026-03-02 14:08:33.207 | WARN  | CID:N/A | Idempotency: Error verificando clave: Error de configuración de base de datos.
2026-03-02 14:08:33.301 | WARN  | CID:N/A | Idempotency: Error al adquirir lock: Error de configuración de base de datos.
2026-03-02 14:08:33.388 | WARN  | CID:N/A | SyncLog: No se pudo registrar inicio de operación: Error de configuración de base de datos.
2026-03-02 14:08:33.536 | INFO  | CID:N/A | FR3 DB2 inicio: OrdenId=73, Factura=23434234, Aeropuerto=SEQU, Anio=2026
2026-03-02 14:08:33.671 | ERROR | CID:N/A | ERR:FR3_DB2_ERROR | No se encontraron columnas en DGACDAT.OPCAR5.
    Exception: InvalidOperationException
    StackTrace:    en CapaDatos.DAOs.FacturacionAS400DAO.<>c__DisplayClass9_0.<RegistrarFactura>b__0(OdbcConnection conn) en C:\AOCR\AOCR\AOCR05-01-2026\AOCR1\AOCR\CapaDatos\DAOs\FacturacionAS400DAO.cs:línea 105
   en CapaDatos.Infrastructure.AS400BaseDAO.<>c__DisplayClass13_0.<ExecuteWithConnection>b__0() en C:\AOCR\AOCR\AOCR05-01-2026\AOCR1\AOCR\CapaDatos\Infrastructure\AS400BaseDAO.cs:línea 194
   en CapaDatos.Infrastructure.CircuitBreaker.Execute[T](Func`1 action) en C:\AOCR\AOCR\AOCR05-01-2026\AOCR1\AOCR\CapaDatos\Infrastructure\CircuitBreaker.cs:línea 132
   en CapaDatos.Infrastructure.AS400BaseDAO.ExecuteWithConnection(Action`1 action) en C:\AOCR\AOCR\AOCR05-01-2026\AOCR1\AOCR\CapaDatos\Infrastructure\AS400BaseDAO.cs:línea 187
   en CapaDatos.DAOs.FacturacionAS400DAO.RegistrarFactura(FacturaAs400Record record, FacturacionAS400Result& result, String& error) en C:\AOCR\AOCR\AOCR05-01-2026\AOCR1\AOCR\CapaDatos\DAOs\FacturacionAS400DAO.cs:línea 87
2026-03-02 14:08:33.961 | WARN  | CID:N/A | FR3 error registrado sin persistencia completa en PG: 42P08: could not determine data type of parameter $2

POSITION: 230
2026-03-02 14:08:34.081 | WARN  | CID:N/A | Idempotency: Error al liberar clave: Error de configuración de base de datos.
2026-03-02 14:08:34.169 | WARN  | CID:N/A | AuditTrail error: Error de configuración de base de datos.
2026-03-02 14:08:34.169 | INFO  | CID:62afb83f56c1 | USR:USU_ADMIN | Financiero/ReintentarFr3 | Acción completada: Financiero/ReintentarFr3
2026-03-02 14:17:58.008 | INFO  | CID:N/A | Iniciando procesador de cola de correos
2026-03-02 14:18:19.186 | INFO  | CID:a66fa3350774 | Account/Login | Iniciando acción: Account/Login
2026-03-02 14:18:19.807 | INFO  | CID:a66fa3350774 | Account/Login | Acción completada: Account/Login
2026-03-02 14:18:53.999 | INFO  | CID:5785ca877252 | USR:USU_ADMIN | Financiero/ReintentarFr3 | Iniciando acción: Financiero/ReintentarFr3
2026-03-02 14:18:54.142 | INFO  | CID:N/A | SyncLogService: Tabla aocr_sync_log verificada/creada.
2026-03-02 14:18:54.181 | INFO  | CID:N/A | IdempotencyService: Tabla aocr_idempotency_key verificada/creada.
2026-03-02 14:18:54.232 | INFO  | CID:N/A | AuditTrailService: Tabla aocr_audit_trail verificada/creada.
2026-03-02 14:18:54.530 | INFO  | CID:N/A | FR3 DB2 inicio: OrdenId=81, Factura=564564565, Aeropuerto=SEQU, Anio=2026
2026-03-02 14:18:54.610 | WARN  | CID:N/A | GetColumnas: Error consultando DGACDAT.OPCAR5: ExecuteReader requiere que el comando tenga una transacción cuando la conexión asignada al mismo está en una transacción local pendiente. No se ha inicializado la propiedad Transaction del comando.
2026-03-02 14:18:54.680 | ERROR | CID:N/A | ERR:FR3_DB2_ERROR | No se encontraron columnas en DGACDAT.OPCAR5.
    Exception: InvalidOperationException
    StackTrace:    en CapaDatos.DAOs.FacturacionAS400DAO.<>c__DisplayClass9_0.<RegistrarFactura>b__0(OdbcConnection conn) en C:\AOCR\AOCR\AOCR05-01-2026\AOCR1\AOCR\CapaDatos\DAOs\FacturacionAS400DAO.cs:línea 105
   en CapaDatos.Infrastructure.AS400BaseDAO.<>c__DisplayClass13_0.<ExecuteWithConnection>b__0() en C:\AOCR\AOCR\AOCR05-01-2026\AOCR1\AOCR\CapaDatos\Infrastructure\AS400BaseDAO.cs:línea 194
   en CapaDatos.Infrastructure.CircuitBreaker.Execute[T](Func`1 action) en C:\AOCR\AOCR\AOCR05-01-2026\AOCR1\AOCR\CapaDatos\Infrastructure\CircuitBreaker.cs:línea 132
   en CapaDatos.Infrastructure.AS400BaseDAO.ExecuteWithConnection(Action`1 action) en C:\AOCR\AOCR\AOCR05-01-2026\AOCR1\AOCR\CapaDatos\Infrastructure\AS400BaseDAO.cs:línea 187
   en CapaDatos.DAOs.FacturacionAS400DAO.RegistrarFactura(FacturaAs400Record record, FacturacionAS400Result& result, String& error) en C:\AOCR\AOCR\AOCR05-01-2026\AOCR1\AOCR\CapaDatos\DAOs\FacturacionAS400DAO.cs:línea 87
2026-03-02 14:18:55.014 | WARN  | CID:N/A | FR3 error registrado sin persistencia completa en PG: 42P08: could not determine data type of parameter $2

POSITION: 235
2026-03-02 14:18:55.202 | INFO  | CID:5785ca877252 | USR:USU_ADMIN | Financiero/ReintentarFr3 | Acción completada: Financiero/ReintentarFr3
2026-03-02 14:19:14.493 | INFO  | CID:ad987fdba1da | USR:USU_ADMIN | Financiero/ReintentarFr3 | Iniciando acción: Financiero/ReintentarFr3
2026-03-02 14:19:14.819 | INFO  | CID:N/A | FR3 DB2 inicio: OrdenId=81, Factura=564564565, Aeropuerto=SEQU, Anio=2026
2026-03-02 14:19:14.885 | WARN  | CID:N/A | GetColumnas: Error consultando DGACDAT.OPCAR5: ExecuteReader requiere que el comando tenga una transacción cuando la conexión asignada al mismo está en una transacción local pendiente. No se ha inicializado la propiedad Transaction del comando.
2026-03-02 14:19:14.960 | ERROR | CID:N/A | ERR:FR3_DB2_ERROR | No se encontraron columnas en DGACDAT.OPCAR5.
    Exception: InvalidOperationException
    StackTrace:    en CapaDatos.DAOs.FacturacionAS400DAO.<>c__DisplayClass9_0.<RegistrarFactura>b__0(OdbcConnection conn) en C:\AOCR\AOCR\AOCR05-01-2026\AOCR1\AOCR\CapaDatos\DAOs\FacturacionAS400DAO.cs:línea 105
   en CapaDatos.Infrastructure.AS400BaseDAO.<>c__DisplayClass13_0.<ExecuteWithConnection>b__0() en C:\AOCR\AOCR\AOCR05-01-2026\AOCR1\AOCR\CapaDatos\Infrastructure\AS400BaseDAO.cs:línea 194
   en CapaDatos.Infrastructure.CircuitBreaker.Execute[T](Func`1 action) en C:\AOCR\AOCR\AOCR05-01-2026\AOCR1\AOCR\CapaDatos\Infrastructure\CircuitBreaker.cs:línea 132
   en CapaDatos.Infrastructure.AS400BaseDAO.ExecuteWithConnection(Action`1 action) en C:\AOCR\AOCR\AOCR05-01-2026\AOCR1\AOCR\CapaDatos\Infrastructure\AS400BaseDAO.cs:línea 187
   en CapaDatos.DAOs.FacturacionAS400DAO.RegistrarFactura(FacturaAs400Record record, FacturacionAS400Result& result, String& error) en C:\AOCR\AOCR\AOCR05-01-2026\AOCR1\AOCR\CapaDatos\DAOs\FacturacionAS400DAO.cs:línea 87
2026-03-02 14:19:15.312 | WARN  | CID:N/A | FR3 error registrado sin persistencia completa en PG: 42P08: could not determine data type of parameter $2

POSITION: 235
2026-03-02 14:19:15.327 | INFO  | CID:ad987fdba1da | USR:USU_ADMIN | Financiero/ReintentarFr3 | Acción completada: Financiero/ReintentarFr3
2026-03-02 14:23:28.948 | INFO  | CID:N/A | Iniciando procesador de cola de correos
2026-03-02 14:23:48.080 | INFO  | CID:52d3e2787526 | Account/Login | Iniciando acción: Account/Login
2026-03-02 14:23:48.741 | INFO  | CID:52d3e2787526 | Account/Login | Acción completada: Account/Login
2026-03-02 14:24:14.645 | INFO  | CID:238bc4b77087 | USR:USU_ADMIN | Financiero/ReintentarFr3 | Iniciando acción: Financiero/ReintentarFr3
2026-03-02 14:24:14.653 | INFO  | CID:N/A | SyncLogService: Tabla aocr_sync_log verificada/creada.
2026-03-02 14:24:14.874 | INFO  | CID:N/A | IdempotencyService: Tabla aocr_idempotency_key verificada/creada.
2026-03-02 14:24:14.881 | INFO  | CID:N/A | AuditTrailService: Tabla aocr_audit_trail verificada/creada.
2026-03-02 14:24:15.327 | INFO  | CID:N/A | FR3 DB2 inicio: OrdenId=81, Factura=564564565, Aeropuerto=SEQU, Anio=2026
2026-03-02 14:24:15.493 | INFO  | CID:N/A | GetColumnas: 80 columnas encontradas en DGACDAT.OPCAR5
2026-03-02 14:24:15.493 | INFO  | CID:N/A | GetColumnas: 25 columnas encontradas en DGACDAT.OPCAR6
2026-03-02 14:24:15.700 | INFO  | CID:N/A | GetColumnas: 6 columnas encontradas en DGACDAT.OPSARC
2026-03-02 14:24:15.874 | ERROR | CID:N/A | ERR:FR3_DB2_ERROR | Error al consultar el sistema AS400. Contacte al administrador.
    Exception: DataAccessException
    StackTrace:    en CapaDatos.Infrastructure.AS400BaseDAO.<>c__DisplayClass13_0.<ExecuteWithConnection>b__0() en C:\AOCR\AOCR\AOCR05-01-2026\AOCR1\AOCR\CapaDatos\Infrastructure\AS400BaseDAO.cs:línea 198
   en CapaDatos.Infrastructure.CircuitBreaker.Execute[T](Func`1 action) en C:\AOCR\AOCR\AOCR05-01-2026\AOCR1\AOCR\CapaDatos\Infrastructure\CircuitBreaker.cs:línea 132
   en CapaDatos.Infrastructure.AS400BaseDAO.ExecuteWithConnection(Action`1 action) en C:\AOCR\AOCR\AOCR05-01-2026\AOCR1\AOCR\CapaDatos\Infrastructure\AS400BaseDAO.cs:línea 187
   en CapaDatos.DAOs.FacturacionAS400DAO.RegistrarFactura(FacturaAs400Record record, FacturacionAS400Result& result, String& error) en C:\AOCR\AOCR\AOCR05-01-2026\AOCR1\AOCR\CapaDatos\DAOs\FacturacionAS400DAO.cs:línea 87
2026-03-02 14:24:16.194 | WARN  | CID:N/A | FR3 error registrado sin persistencia completa en PG: 42P08: could not determine data type of parameter $2

POSITION: 235
2026-03-02 14:24:16.273 | INFO  | CID:238bc4b77087 | USR:USU_ADMIN | Financiero/ReintentarFr3 | Acción completada: Financiero/ReintentarFr3
2026-03-02 14:32:29.867 | INFO  | CID:N/A | Iniciando procesador de cola de correos
2026-03-02 14:32:53.215 | INFO  | CID:aee17ae89a73 | Account/Login | Iniciando acción: Account/Login
2026-03-02 14:32:53.843 | INFO  | CID:aee17ae89a73 | Account/Login | Acción completada: Account/Login
2026-03-02 14:33:54.158 | INFO  | CID:2429c20e608e | USR:USU_ADMIN | Financiero/AprobarYEnviarAS400 | Iniciando acción: Financiero/AprobarYEnviarAS400
2026-03-02 14:33:54.423 | ERROR | CID:N/A | ERR:EMAIL_ERROR | Error al enviar correo.
    Exception: SmtpException
    StackTrace:    en System.Net.Mail.SmtpClient.SendAsync(MailMessage message, Object userToken)
   en System.Net.Mail.SmtpClient.SendMailAsync(MailMessage message)
   en CapaDatos.Services.EmailService.<EnviarAsync>d__4.MoveNext() en C:\AOCR\AOCR\AOCR05-01-2026\AOCR1\AOCR\CapaDatos\Services\EmailService.cs:línea 76
2026-03-02 14:33:54.936 | INFO  | CID:9976221bb684 | Correo con adjunto enviado exitosamente a gercavi82@gmail.com
2026-03-02 14:33:54.940 | WARN  | CID:N/A | ERR:EMAIL_FALLBACK_OK | Correo enviado por fallback EnviarCorreo.
2026-03-02 14:33:54.940 | INFO  | CID:N/A | ORD:OR-20260227115557839-2 | ERR:EMAIL_FACTURA_OK | Notificacion de factura enviada correctamente
2026-03-02 14:33:54.940 | INFO  | CID:N/A | SyncLogService: Tabla aocr_sync_log verificada/creada.
2026-03-02 14:33:55.155 | INFO  | CID:N/A | IdempotencyService: Tabla aocr_idempotency_key verificada/creada.
2026-03-02 14:33:55.157 | INFO  | CID:N/A | AuditTrailService: Tabla aocr_audit_trail verificada/creada.
2026-03-02 14:33:55.697 | INFO  | CID:N/A | FR3 DB2 inicio: OrdenId=89, Factura=DREW, Aeropuerto=SEQU, Anio=2026
2026-03-02 14:33:55.774 | INFO  | CID:N/A | GetColumnas: 80 columnas encontradas en DGACDAT.OPCAR5
2026-03-02 14:33:55.777 | INFO  | CID:N/A | GetColumnas: 25 columnas encontradas en DGACDAT.OPCAR6
2026-03-02 14:33:55.810 | INFO  | CID:N/A | GetColumnas: 6 columnas encontradas en DGACDAT.OPSARC
2026-03-02 14:33:55.968 | ERROR | CID:N/A | ERR:FR3_DB2_ERROR | Error al consultar el sistema AS400. Contacte al administrador.
    Exception: DataAccessException
    StackTrace:    en CapaDatos.Infrastructure.AS400BaseDAO.<>c__DisplayClass13_0.<ExecuteWithConnection>b__0() en C:\AOCR\AOCR\AOCR05-01-2026\AOCR1\AOCR\CapaDatos\Infrastructure\AS400BaseDAO.cs:línea 198
   en CapaDatos.Infrastructure.CircuitBreaker.Execute[T](Func`1 action) en C:\AOCR\AOCR\AOCR05-01-2026\AOCR1\AOCR\CapaDatos\Infrastructure\CircuitBreaker.cs:línea 132
   en CapaDatos.Infrastructure.AS400BaseDAO.ExecuteWithConnection(Action`1 action) en C:\AOCR\AOCR\AOCR05-01-2026\AOCR1\AOCR\CapaDatos\Infrastructure\AS400BaseDAO.cs:línea 187
   en CapaDatos.DAOs.FacturacionAS400DAO.RegistrarFactura(FacturaAs400Record record, FacturacionAS400Result& result, String& error) en C:\AOCR\AOCR\AOCR05-01-2026\AOCR1\AOCR\CapaDatos\DAOs\FacturacionAS400DAO.cs:línea 87
2026-03-02 14:33:56.290 | WARN  | CID:N/A | FR3 error registrado sin persistencia completa en PG: 42P08: could not determine data type of parameter $2

POSITION: 235
2026-03-02 14:33:56.320 | INFO  | CID:2429c20e608e | USR:USU_ADMIN | Financiero/AprobarYEnviarAS400 | Acción completada: Financiero/AprobarYEnviarAS400
2026-03-02 14:34:16.536 | INFO  | CID:70eae1018955 | USR:USU_ADMIN | Financiero/AprobarYEnviarAS400 | Iniciando acción: Financiero/AprobarYEnviarAS400
2026-03-02 14:34:16.836 | ERROR | CID:N/A | ERR:EMAIL_ERROR | Error al enviar correo.
    Exception: SmtpException
    StackTrace:    en System.Net.Mail.SmtpClient.SendAsync(MailMessage message, Object userToken)
   en System.Net.Mail.SmtpClient.SendMailAsync(MailMessage message)
   en CapaDatos.Services.EmailService.<EnviarAsync>d__4.MoveNext() en C:\AOCR\AOCR\AOCR05-01-2026\AOCR1\AOCR\CapaDatos\Services\EmailService.cs:línea 76
2026-03-02 14:34:17.039 | INFO  | CID:cef16a76a0c8 | Correo con adjunto enviado exitosamente a german.cajas@aviacioncivil.gob.ec
2026-03-02 14:34:17.039 | WARN  | CID:N/A | ERR:EMAIL_FALLBACK_OK | Correo enviado por fallback EnviarCorreo.
2026-03-02 14:34:17.056 | INFO  | CID:N/A | ORD:OR-20260227110237903-1 | ERR:EMAIL_FACTURA_OK | Notificacion de factura enviada correctamente
2026-03-02 14:34:17.288 | INFO  | CID:N/A | FR3 DB2 inicio: OrdenId=88, Factura=RETER, Aeropuerto=SEQU, Anio=2026
2026-03-02 14:34:17.294 | INFO  | CID:N/A | GetColumnas: 80 columnas encontradas en DGACDAT.OPCAR5
2026-03-02 14:34:17.294 | INFO  | CID:N/A | GetColumnas: 25 columnas encontradas en DGACDAT.OPCAR6
2026-03-02 14:34:17.304 | INFO  | CID:N/A | GetColumnas: 6 columnas encontradas en DGACDAT.OPSARC
2026-03-02 14:34:17.441 | ERROR | CID:N/A | ERR:FR3_DB2_ERROR | Error al consultar el sistema AS400. Contacte al administrador.
    Exception: DataAccessException
    StackTrace:    en CapaDatos.Infrastructure.AS400BaseDAO.<>c__DisplayClass13_0.<ExecuteWithConnection>b__0() en C:\AOCR\AOCR\AOCR05-01-2026\AOCR1\AOCR\CapaDatos\Infrastructure\AS400BaseDAO.cs:línea 198
   en CapaDatos.Infrastructure.CircuitBreaker.Execute[T](Func`1 action) en C:\AOCR\AOCR\AOCR05-01-2026\AOCR1\AOCR\CapaDatos\Infrastructure\CircuitBreaker.cs:línea 132
   en CapaDatos.Infrastructure.AS400BaseDAO.ExecuteWithConnection(Action`1 action) en C:\AOCR\AOCR\AOCR05-01-2026\AOCR1\AOCR\CapaDatos\Infrastructure\AS400BaseDAO.cs:línea 187
   en CapaDatos.DAOs.FacturacionAS400DAO.RegistrarFactura(FacturaAs400Record record, FacturacionAS400Result& result, String& error) en C:\AOCR\AOCR\AOCR05-01-2026\AOCR1\AOCR\CapaDatos\DAOs\FacturacionAS400DAO.cs:línea 87
2026-03-02 14:34:17.754 | WARN  | CID:N/A | FR3 error registrado sin persistencia completa en PG: 42P08: could not determine data type of parameter $2

POSITION: 235
2026-03-02 14:34:17.784 | INFO  | CID:70eae1018955 | USR:USU_ADMIN | Financiero/AprobarYEnviarAS400 | Acción completada: Financiero/AprobarYEnviarAS400
2026-03-02 14:34:38.658 | INFO  | CID:09c0250e7551 | USR:USU_ADMIN | Financiero/ReintentarFr3 | Iniciando acción: Financiero/ReintentarFr3
2026-03-02 14:34:38.674 | INFO  | CID:09c0250e7551 | USR:USU_ADMIN | Financiero/ReintentarFr3 | Acción completada: Financiero/ReintentarFr3
2026-03-02 14:40:14.946 | INFO  | CID:N/A | Deteniendo procesador de cola de correos
2026-03-02 14:40:14.995 | INFO  | CID:N/A | Deteniendo procesador de cola de correos
2026-03-02 14:45:17.621 | INFO  | CID:N/A | Iniciando procesador de cola de correos
2026-03-02 14:45:39.642 | INFO  | CID:185beef63212 | Account/Login | Iniciando acción: Account/Login
2026-03-02 14:45:40.288 | INFO  | CID:185beef63212 | Account/Login | Acción completada: Account/Login
2026-03-02 14:46:10.209 | INFO  | CID:8020a13768f7 | USR:USU_ADMIN | Financiero/ReintentarFr3 | Iniciando acción: Financiero/ReintentarFr3
2026-03-02 14:46:10.220 | INFO  | CID:N/A | SyncLogService: Tabla aocr_sync_log verificada/creada.
2026-03-02 14:46:10.441 | INFO  | CID:N/A | IdempotencyService: Tabla aocr_idempotency_key verificada/creada.
2026-03-02 14:46:10.467 | INFO  | CID:N/A | AuditTrailService: Tabla aocr_audit_trail verificada/creada.
2026-03-02 14:46:10.486 | INFO  | CID:8020a13768f7 | USR:USU_ADMIN | Financiero/ReintentarFr3 | Acción completada: Financiero/ReintentarFr3
2026-03-02 14:46:22.327 | INFO  | CID:20ea1ddaa133 | USR:USU_ADMIN | Financiero/ReintentarFr3 | Iniciando acción: Financiero/ReintentarFr3
2026-03-02 14:46:22.334 | INFO  | CID:20ea1ddaa133 | USR:USU_ADMIN | Financiero/ReintentarFr3 | Acción completada: Financiero/ReintentarFr3
2026-03-02 14:51:50.761 | INFO  | CID:N/A | Iniciando procesador de cola de correos
2026-03-02 14:52:11.378 | INFO  | CID:191d9bb7916d | Account/Login | Iniciando acción: Account/Login
2026-03-02 14:52:12.022 | INFO  | CID:191d9bb7916d | Account/Login | Acción completada: Account/Login
2026-03-02 14:52:39.848 | INFO  | CID:580c6edb225b | USR:USU_ADMIN | Financiero/ReintentarFr3 | Iniciando acción: Financiero/ReintentarFr3
2026-03-02 14:52:39.860 | INFO  | CID:N/A | SyncLogService: Tabla aocr_sync_log verificada/creada.
2026-03-02 14:52:40.082 | INFO  | CID:N/A | IdempotencyService: Tabla aocr_idempotency_key verificada/creada.
2026-03-02 14:52:40.088 | INFO  | CID:N/A | AuditTrailService: Tabla aocr_audit_trail verificada/creada.
2026-03-02 14:52:40.557 | INFO  | CID:N/A | FR3 DB2 inicio: OrdenId=81, Factura=564564565, Aeropuerto=SEQU, Anio=2026
2026-03-02 14:52:40.642 | INFO  | CID:N/A | GetColumnas: 80 columnas encontradas en DGACDAT.OPCAR5
2026-03-02 14:52:40.645 | INFO  | CID:N/A | GetColumnas: 25 columnas encontradas en DGACDAT.OPCAR6
2026-03-02 14:52:40.672 | INFO  | CID:N/A | GetColumnas: 6 columnas encontradas en DGACDAT.OPSARC
2026-03-02 14:52:40.973 | ERROR | CID:N/A | ERR:FR3_DB2_ERROR | Error al consultar el sistema AS400. Contacte al administrador.
    Exception: DataAccessException
    StackTrace:    en CapaDatos.Infrastructure.AS400BaseDAO.<>c__DisplayClass13_0.<ExecuteWithConnection>b__0() en C:\AOCR\AOCR\AOCR05-01-2026\AOCR1\AOCR\CapaDatos\Infrastructure\AS400BaseDAO.cs:línea 198
   en CapaDatos.Infrastructure.CircuitBreaker.Execute[T](Func`1 action) en C:\AOCR\AOCR\AOCR05-01-2026\AOCR1\AOCR\CapaDatos\Infrastructure\CircuitBreaker.cs:línea 132
   en CapaDatos.Infrastructure.AS400BaseDAO.ExecuteWithConnection(Action`1 action) en C:\AOCR\AOCR\AOCR05-01-2026\AOCR1\AOCR\CapaDatos\Infrastructure\AS400BaseDAO.cs:línea 187
   en CapaDatos.DAOs.FacturacionAS400DAO.RegistrarFactura(FacturaAs400Record record, FacturacionAS400Result& result, String& error) en C:\AOCR\AOCR\AOCR05-01-2026\AOCR1\AOCR\CapaDatos\DAOs\FacturacionAS400DAO.cs:línea 87
2026-03-02 14:52:41.605 | INFO  | CID:580c6edb225b | USR:USU_ADMIN | Financiero/ReintentarFr3 | Acción completada: Financiero/ReintentarFr3
2026-03-02 14:52:41.817 | INFO  | CID:N/A | Procesando email 9 para gercavi82@gmail.com
2026-03-02 14:52:42.636 | INFO  | CID:N/A | Email 9 enviado exitosamente
2026-03-02 14:52:42.639 | INFO  | CID:N/A | Email 9 enviado exitosamente
2026-03-02 14:52:42.672 | INFO  | CID:N/A | Procesando email 10 para admin1@dgac.gob.ec
2026-03-02 14:52:43.784 | INFO  | CID:N/A | Email 10 enviado exitosamente
2026-03-02 14:52:43.787 | INFO  | CID:N/A | Email 10 enviado exitosamente
2026-03-02 14:52:43.806 | INFO  | CID:N/A | Procesando email 11 para admin2@dgac.gob.ec
2026-03-02 14:52:44.455 | INFO  | CID:N/A | Email 11 enviado exitosamente
2026-03-02 14:52:44.458 | INFO  | CID:N/A | Email 11 enviado exitosamente
2026-03-02 14:57:13.649 | INFO  | CID:4f314e04ccd7 | USR:USU_ADMIN | Financiero/ReintentarFr3 | Iniciando acción: Financiero/ReintentarFr3
2026-03-02 14:57:13.945 | INFO  | CID:N/A | FR3 DB2 inicio: OrdenId=81, Factura=564564565, Aeropuerto=SEQU, Anio=2026
2026-03-02 14:57:13.975 | INFO  | CID:N/A | GetColumnas: 80 columnas encontradas en DGACDAT.OPCAR5
2026-03-02 14:57:13.991 | INFO  | CID:N/A | GetColumnas: 25 columnas encontradas en DGACDAT.OPCAR6
2026-03-02 14:57:14.013 | INFO  | CID:N/A | GetColumnas: 6 columnas encontradas en DGACDAT.OPSARC
2026-03-02 14:57:14.156 | ERROR | CID:N/A | ERR:FR3_DB2_ERROR | Error al consultar el sistema AS400. Contacte al administrador.
    Exception: DataAccessException
    StackTrace:    en CapaDatos.Infrastructure.AS400BaseDAO.<>c__DisplayClass13_0.<ExecuteWithConnection>b__0() en C:\AOCR\AOCR\AOCR05-01-2026\AOCR1\AOCR\CapaDatos\Infrastructure\AS400BaseDAO.cs:línea 198
   en CapaDatos.Infrastructure.CircuitBreaker.Execute[T](Func`1 action) en C:\AOCR\AOCR\AOCR05-01-2026\AOCR1\AOCR\CapaDatos\Infrastructure\CircuitBreaker.cs:línea 132
   en CapaDatos.Infrastructure.AS400BaseDAO.ExecuteWithConnection(Action`1 action) en C:\AOCR\AOCR\AOCR05-01-2026\AOCR1\AOCR\CapaDatos\Infrastructure\AS400BaseDAO.cs:línea 187
   en CapaDatos.DAOs.FacturacionAS400DAO.RegistrarFactura(FacturaAs400Record record, FacturacionAS400Result& result, String& error) en C:\AOCR\AOCR\AOCR05-01-2026\AOCR1\AOCR\CapaDatos\DAOs\FacturacionAS400DAO.cs:línea 87
2026-03-02 14:57:14.693 | INFO  | CID:4f314e04ccd7 | USR:USU_ADMIN | Financiero/ReintentarFr3 | Acción completada: Financiero/ReintentarFr3
2026-03-02 15:02:24.871 | INFO  | CID:N/A | Iniciando procesador de cola de correos
2026-03-02 15:02:43.102 | INFO  | CID:64b62ab9205c | Account/Login | Iniciando acción: Account/Login
2026-03-02 15:02:43.763 | INFO  | CID:64b62ab9205c | Account/Login | Acción completada: Account/Login
2026-03-02 15:03:20.838 | INFO  | CID:cea1753483b1 | USR:USU_ADMIN | Financiero/ReintentarFr3 | Iniciando acción: Financiero/ReintentarFr3
2026-03-02 15:03:20.848 | INFO  | CID:N/A | SyncLogService: Tabla aocr_sync_log verificada/creada.
2026-03-02 15:03:21.073 | INFO  | CID:N/A | IdempotencyService: Tabla aocr_idempotency_key verificada/creada.
2026-03-02 15:03:21.087 | INFO  | CID:N/A | AuditTrailService: Tabla aocr_audit_trail verificada/creada.
2026-03-02 15:03:21.617 | INFO  | CID:N/A | FR3 DB2 inicio: OrdenId=81, Factura=564564565, Aeropuerto=SEQU, Anio=2026
2026-03-02 15:03:21.680 | INFO  | CID:N/A | GetColumnas: 80 columnas encontradas en DGACDAT.OPCAR5
2026-03-02 15:03:21.696 | INFO  | CID:N/A | GetColumnas: 25 columnas encontradas en DGACDAT.OPCAR6
2026-03-02 15:03:21.712 | INFO  | CID:N/A | GetColumnas: 6 columnas encontradas en DGACDAT.OPSARC
2026-03-02 15:03:21.781 | WARN  | CID:N/A | FR3 truncamiento preventivo en DGACDAT.OPCAR5.OPCOBS: len=73, max=60.
2026-03-02 15:03:21.948 | ERROR | CID:N/A | ERR:FR3_DB2_ERROR | Error al consultar el sistema AS400. Contacte al administrador.
    Exception: DataAccessException
    StackTrace:    en CapaDatos.Infrastructure.AS400BaseDAO.<>c__DisplayClass13_0.<ExecuteWithConnection>b__0() en C:\AOCR\AOCR\AOCR05-01-2026\AOCR1\AOCR\CapaDatos\Infrastructure\AS400BaseDAO.cs:línea 198
   en CapaDatos.Infrastructure.CircuitBreaker.Execute[T](Func`1 action) en C:\AOCR\AOCR\AOCR05-01-2026\AOCR1\AOCR\CapaDatos\Infrastructure\CircuitBreaker.cs:línea 132
   en CapaDatos.Infrastructure.AS400BaseDAO.ExecuteWithConnection(Action`1 action) en C:\AOCR\AOCR\AOCR05-01-2026\AOCR1\AOCR\CapaDatos\Infrastructure\AS400BaseDAO.cs:línea 187
   en CapaDatos.DAOs.FacturacionAS400DAO.RegistrarFactura(FacturaAs400Record record, FacturacionAS400Result& result, String& error) en C:\AOCR\AOCR\AOCR05-01-2026\AOCR1\AOCR\CapaDatos\DAOs\FacturacionAS400DAO.cs:línea 91
2026-03-02 15:03:22.529 | INFO  | CID:cea1753483b1 | USR:USU_ADMIN | Financiero/ReintentarFr3 | Acción completada: Financiero/ReintentarFr3
2026-03-02 15:03:27.332 | INFO  | CID:2ea36d57b795 | USR:USU_ADMIN | Financiero/ReintentarFr3 | Iniciando acción: Financiero/ReintentarFr3
2026-03-02 15:03:27.573 | INFO  | CID:N/A | FR3 DB2 inicio: OrdenId=81, Factura=564564565, Aeropuerto=SEQU, Anio=2026
2026-03-02 15:03:27.588 | INFO  | CID:N/A | GetColumnas: 80 columnas encontradas en DGACDAT.OPCAR5
2026-03-02 15:03:27.597 | INFO  | CID:N/A | GetColumnas: 25 columnas encontradas en DGACDAT.OPCAR6
2026-03-02 15:03:27.613 | INFO  | CID:N/A | GetColumnas: 6 columnas encontradas en DGACDAT.OPSARC
2026-03-02 15:03:27.630 | WARN  | CID:N/A | FR3 truncamiento preventivo en DGACDAT.OPCAR5.OPCOBS: len=73, max=60.
2026-03-02 15:03:27.771 | ERROR | CID:N/A | ERR:FR3_DB2_ERROR | Error al consultar el sistema AS400. Contacte al administrador.
    Exception: DataAccessException
    StackTrace:    en CapaDatos.Infrastructure.AS400BaseDAO.<>c__DisplayClass13_0.<ExecuteWithConnection>b__0() en C:\AOCR\AOCR\AOCR05-01-2026\AOCR1\AOCR\CapaDatos\Infrastructure\AS400BaseDAO.cs:línea 198
   en CapaDatos.Infrastructure.CircuitBreaker.Execute[T](Func`1 action) en C:\AOCR\AOCR\AOCR05-01-2026\AOCR1\AOCR\CapaDatos\Infrastructure\CircuitBreaker.cs:línea 132
   en CapaDatos.Infrastructure.AS400BaseDAO.ExecuteWithConnection(Action`1 action) en C:\AOCR\AOCR\AOCR05-01-2026\AOCR1\AOCR\CapaDatos\Infrastructure\AS400BaseDAO.cs:línea 187
   en CapaDatos.DAOs.FacturacionAS400DAO.RegistrarFactura(FacturaAs400Record record, FacturacionAS400Result& result, String& error) en C:\AOCR\AOCR\AOCR05-01-2026\AOCR1\AOCR\CapaDatos\DAOs\FacturacionAS400DAO.cs:línea 91
2026-03-02 15:03:28.280 | INFO  | CID:2ea36d57b795 | USR:USU_ADMIN | Financiero/ReintentarFr3 | Acción completada: Financiero/ReintentarFr3
2026-03-02 15:06:11.246 | INFO  | CID:N/A | Iniciando procesador de cola de correos
2026-03-02 15:06:32.059 | INFO  | CID:bf6b954442fb | Account/Login | Iniciando acción: Account/Login
2026-03-02 15:06:32.711 | INFO  | CID:bf6b954442fb | Account/Login | Acción completada: Account/Login
2026-03-02 15:07:26.684 | INFO  | CID:227a43bfb480 | USR:USU_ADMIN | Financiero/ReintentarFr3 | Iniciando acción: Financiero/ReintentarFr3
2026-03-02 15:07:26.694 | INFO  | CID:N/A | SyncLogService: Tabla aocr_sync_log verificada/creada.
2026-03-02 15:07:26.908 | INFO  | CID:N/A | IdempotencyService: Tabla aocr_idempotency_key verificada/creada.
2026-03-02 15:07:26.921 | INFO  | CID:N/A | AuditTrailService: Tabla aocr_audit_trail verificada/creada.
2026-03-02 15:07:27.382 | INFO  | CID:N/A | FR3 DB2 inicio: OrdenId=81, Factura=564564565, Aeropuerto=SEQU, Anio=2026
2026-03-02 15:07:27.451 | INFO  | CID:N/A | GetColumnas: 80 columnas encontradas en DGACDAT.OPCAR5
2026-03-02 15:07:27.473 | INFO  | CID:N/A | GetColumnas: 25 columnas encontradas en DGACDAT.OPCAR6
2026-03-02 15:07:27.495 | INFO  | CID:N/A | GetColumnas: 6 columnas encontradas en DGACDAT.OPSARC
2026-03-02 15:07:27.538 | WARN  | CID:N/A | FR3 truncamiento preventivo en DGACDAT.OPCAR5.OPCOBS: len=73, max=60.
2026-03-02 15:07:27.616 | WARN  | CID:N/A | FR3 detectó SQL7008 en modo transaccional; se reintenta sin transacción para compatibilidad.
2026-03-02 15:07:27.616 | INFO  | CID:N/A | FR3 DB2 inicio: OrdenId=81, Factura=564564565, Aeropuerto=SEQU, Anio=2026
2026-03-02 15:07:27.632 | INFO  | CID:N/A | GetColumnas: 80 columnas encontradas en DGACDAT.OPCAR5
2026-03-02 15:07:27.632 | INFO  | CID:N/A | GetColumnas: 25 columnas encontradas en DGACDAT.OPCAR6
2026-03-02 15:07:27.700 | INFO  | CID:N/A | GetColumnas: 6 columnas encontradas en DGACDAT.OPSARC
2026-03-02 15:07:27.717 | WARN  | CID:N/A | FR3 truncamiento preventivo en DGACDAT.OPCAR5.OPCOBS: len=73, max=60.
2026-03-02 15:07:27.733 | INFO  | CID:N/A | FR3 cabecera insertada: Factura=564564565, Sec=1
2026-03-02 15:07:27.788 | INFO  | CID:N/A | GetColumnas: 6 columnas encontradas en DGACDAT.OPSARC
2026-03-02 15:07:27.802 | INFO  | CID:N/A | FR3 secuencial actualizado: Aeropuerto=SEQU, Anio=2026, Sec=1
2026-03-02 15:07:27.809 | INFO  | CID:N/A | FR3 DB2 OK: OrdenId=81, Factura=564564565, FR3=1-SEQU-2026
2026-03-02 15:07:28.201 | INFO  | CID:227a43bfb480 | USR:USU_ADMIN | Financiero/ReintentarFr3 | Acción completada: Financiero/ReintentarFr3
2026-03-02 15:07:32.264 | INFO  | CID:N/A | Procesando email 12 para gercavi82@gmail.com
2026-03-02 15:07:32.750 | INFO  | CID:N/A | Email 12 enviado exitosamente
2026-03-02 15:07:32.755 | INFO  | CID:N/A | Email 12 enviado exitosamente
2026-03-02 15:07:32.800 | INFO  | CID:N/A | Procesando email 13 para admin1@dgac.gob.ec
2026-03-02 15:07:33.300 | INFO  | CID:N/A | Email 13 enviado exitosamente
2026-03-02 15:07:33.300 | INFO  | CID:N/A | Email 13 enviado exitosamente
2026-03-02 15:07:33.337 | INFO  | CID:N/A | Procesando email 14 para admin2@dgac.gob.ec
2026-03-02 15:07:33.947 | INFO  | CID:N/A | Email 14 enviado exitosamente
2026-03-02 15:07:33.949 | INFO  | CID:N/A | Email 14 enviado exitosamente
2026-03-02 15:11:25.618 | INFO  | CID:N/A | Iniciando procesador de cola de correos
2026-03-02 15:11:46.571 | INFO  | CID:3b057749f58e | Account/Login | Iniciando acción: Account/Login
2026-03-02 15:11:47.209 | INFO  | CID:3b057749f58e | Account/Login | Acción completada: Account/Login
2026-03-02 15:12:42.068 | INFO  | CID:61dc11769416 | USR:USU_ADMIN | Financiero/ReintentarFr3 | Iniciando acción: Financiero/ReintentarFr3
2026-03-02 15:12:42.082 | INFO  | CID:N/A | SyncLogService: Tabla aocr_sync_log verificada/creada.
2026-03-02 15:12:42.296 | INFO  | CID:N/A | IdempotencyService: Tabla aocr_idempotency_key verificada/creada.
2026-03-02 15:12:42.308 | INFO  | CID:N/A | AuditTrailService: Tabla aocr_audit_trail verificada/creada.
2026-03-02 15:12:42.774 | INFO  | CID:N/A | FR3 DB2 inicio: OrdenId=74, Factura=15123, Aeropuerto=SEQU, Anio=2026
2026-03-02 15:12:42.845 | INFO  | CID:N/A | GetColumnas: 80 columnas encontradas en DGACDAT.OPCAR5
2026-03-02 15:12:42.852 | INFO  | CID:N/A | GetColumnas: 25 columnas encontradas en DGACDAT.OPCAR6
2026-03-02 15:12:42.875 | INFO  | CID:N/A | GetColumnas: 6 columnas encontradas en DGACDAT.OPSARC
2026-03-02 15:12:42.994 | WARN  | CID:N/A | FR3 detectó SQL7008 en modo transaccional; se reintenta sin transacción para compatibilidad.
2026-03-02 15:12:42.994 | INFO  | CID:N/A | FR3 DB2 inicio: OrdenId=74, Factura=15123, Aeropuerto=SEQU, Anio=2026
2026-03-02 15:12:42.994 | INFO  | CID:N/A | GetColumnas: 80 columnas encontradas en DGACDAT.OPCAR5
2026-03-02 15:12:43.010 | INFO  | CID:N/A | GetColumnas: 25 columnas encontradas en DGACDAT.OPCAR6
2026-03-02 15:12:43.010 | INFO  | CID:N/A | GetColumnas: 6 columnas encontradas en DGACDAT.OPSARC
2026-03-02 15:12:43.026 | INFO  | CID:N/A | FR3 cabecera insertada: Factura=15123, Sec=2
2026-03-02 15:12:43.042 | INFO  | CID:N/A | GetColumnas: 6 columnas encontradas en DGACDAT.OPSARC
2026-03-02 15:12:43.058 | INFO  | CID:N/A | FR3 secuencial actualizado: Aeropuerto=SEQU, Anio=2026, Sec=2
2026-03-02 15:12:43.061 | INFO  | CID:N/A | FR3 DB2 OK: OrdenId=74, Factura=15123, FR3=2-SEQU-2026
2026-03-02 15:12:43.664 | INFO  | CID:61dc11769416 | USR:USU_ADMIN | Financiero/ReintentarFr3 | Acción completada: Financiero/ReintentarFr3
2026-03-02 15:12:47.289 | INFO  | CID:N/A | Procesando email 15 para gercavi82@gmail.com
2026-03-02 15:12:47.680 | INFO  | CID:N/A | Email 15 enviado exitosamente
2026-03-02 15:12:47.680 | INFO  | CID:N/A | Email 15 enviado exitosamente
2026-03-02 15:12:47.728 | INFO  | CID:N/A | Procesando email 16 para admin1@dgac.gob.ec
2026-03-02 15:12:47.938 | INFO  | CID:N/A | Email 16 enviado exitosamente
2026-03-02 15:12:47.949 | INFO  | CID:N/A | Email 16 enviado exitosamente
2026-03-02 15:12:47.979 | INFO  | CID:N/A | Procesando email 17 para admin2@dgac.gob.ec
2026-03-02 15:12:48.166 | INFO  | CID:N/A | Email 17 enviado exitosamente
2026-03-02 15:12:48.175 | INFO  | CID:N/A | Email 17 enviado exitosamente
2026-03-02 15:15:18.201 | INFO  | CID:8f2561d2718c | USR:USU_ADMIN | Financiero/ReintentarFr3 | Iniciando acción: Financiero/ReintentarFr3
2026-03-02 15:15:18.564 | INFO  | CID:N/A | FR3 DB2 inicio: OrdenId=73, Factura=23434234, Aeropuerto=SEQU, Anio=2026
2026-03-02 15:15:18.660 | INFO  | CID:N/A | GetColumnas: 80 columnas encontradas en DGACDAT.OPCAR5
2026-03-02 15:15:18.672 | INFO  | CID:N/A | GetColumnas: 25 columnas encontradas en DGACDAT.OPCAR6
2026-03-02 15:15:18.705 | INFO  | CID:N/A | GetColumnas: 6 columnas encontradas en DGACDAT.OPSARC
2026-03-02 15:15:18.851 | WARN  | CID:N/A | FR3 detectó SQL7008 en modo transaccional; se reintenta sin transacción para compatibilidad.
2026-03-02 15:15:18.854 | INFO  | CID:N/A | FR3 DB2 inicio: OrdenId=73, Factura=23434234, Aeropuerto=SEQU, Anio=2026
2026-03-02 15:15:18.888 | INFO  | CID:N/A | GetColumnas: 80 columnas encontradas en DGACDAT.OPCAR5
2026-03-02 15:15:18.893 | INFO  | CID:N/A | GetColumnas: 25 columnas encontradas en DGACDAT.OPCAR6
2026-03-02 15:15:18.948 | INFO  | CID:N/A | GetColumnas: 6 columnas encontradas en DGACDAT.OPSARC
2026-03-02 15:15:18.969 | INFO  | CID:N/A | FR3 cabecera insertada: Factura=23434234, Sec=3
2026-03-02 15:15:19.016 | INFO  | CID:N/A | GetColumnas: 6 columnas encontradas en DGACDAT.OPSARC
2026-03-02 15:15:19.025 | INFO  | CID:N/A | FR3 secuencial actualizado: Aeropuerto=SEQU, Anio=2026, Sec=3
2026-03-02 15:15:19.027 | INFO  | CID:N/A | FR3 DB2 OK: OrdenId=73, Factura=23434234, FR3=3-SEQU-2026
2026-03-02 15:15:19.476 | INFO  | CID:8f2561d2718c | USR:USU_ADMIN | Financiero/ReintentarFr3 | Acción completada: Financiero/ReintentarFr3
2026-03-02 15:15:28.386 | INFO  | CID:N/A | Procesando email 18 para gercavi82@gmail.com
2026-03-02 15:15:28.572 | INFO  | CID:N/A | Email 18 enviado exitosamente
2026-03-02 15:15:28.574 | INFO  | CID:N/A | Email 18 enviado exitosamente
2026-03-02 15:15:28.598 | INFO  | CID:N/A | Procesando email 19 para admin1@dgac.gob.ec
2026-03-02 15:15:28.792 | INFO  | CID:N/A | Email 19 enviado exitosamente
2026-03-02 15:15:28.794 | INFO  | CID:N/A | Email 19 enviado exitosamente
2026-03-02 15:15:28.818 | INFO  | CID:N/A | Procesando email 20 para admin2@dgac.gob.ec
2026-03-02 15:15:28.976 | INFO  | CID:N/A | Email 20 enviado exitosamente
2026-03-02 15:15:28.980 | INFO  | CID:N/A | Email 20 enviado exitosamente
2026-03-02 15:25:22.783 | INFO  | CID:57d60cc9d0cf | Account/Login | Iniciando acción: Account/Login
2026-03-02 15:25:23.262 | INFO  | CID:57d60cc9d0cf | Account/Login | Acción completada: Account/Login
2026-03-02 15:45:01.192 | INFO  | CID:N/A | Iniciando procesador de cola de correos
2026-03-02 15:45:24.981 | INFO  | CID:6d4748f45620 | Account/Login | Iniciando acción: Account/Login
2026-03-02 15:45:25.659 | INFO  | CID:6d4748f45620 | Account/Login | Acción completada: Account/Login
2026-03-02 15:49:40.452 | INFO  | CID:N/A | Deteniendo procesador de cola de correos
2026-03-02 15:49:40.495 | INFO  | CID:N/A | Deteniendo procesador de cola de correos
2026-03-02 15:50:57.019 | INFO  | CID:N/A | Iniciando procesador de cola de correos
2026-03-02 15:51:13.524 | INFO  | CID:c9613774bb99 | Account/Login | Iniciando acción: Account/Login
2026-03-02 15:51:14.233 | INFO  | CID:c9613774bb99 | Account/Login | Acción completada: Account/Login
2026-03-02 15:54:12.098 | INFO  | CID:bf83f133175a | USR:GACAJAS | OrdenRecaudacion/Nueva | Iniciando acción: OrdenRecaudacion/Nueva
2026-03-02 15:54:12.404 | INFO  | CID:bf83f133175a | USR:GACAJAS | OrdenRecaudacion/Nueva | Acción completada: OrdenRecaudacion/Nueva
2026-03-02 16:33:23.930 | INFO  | CID:69757c1069b9 | USR:GACAJAS | Account/ExtenderSesion | Iniciando acción: Account/ExtenderSesion
2026-03-02 16:33:23.935 | INFO  | CID:69757c1069b9 | USR:GACAJAS | Account/ExtenderSesion | Acción completada: Account/ExtenderSesion
