2026-02-06 08:41:09.605 | INFO  | CID:N/A | Iniciando procesador de cola de correos
2026-02-06 08:42:01.671 | INFO  | CID:ced7f6c8d966 | Account/Login | Iniciando acción: Account/Login
2026-02-06 08:42:02.160 | INFO  | CID:ced7f6c8d966 | Account/Login | Acción completada: Account/Login
2026-02-06 08:44:35.102 | INFO  | CID:N/A | Iniciando procesador de cola de correos
2026-02-06 08:44:40.242 | INFO  | CID:b96a9a229b8e | USR:USU_ADMIN | Account/Login | Iniciando acción: Account/Login
2026-02-06 08:44:40.752 | INFO  | CID:b96a9a229b8e | USR:USU_ADMIN | Account/Login | Acción completada: Account/Login
2026-02-06 09:11:02.856 | INFO  | CID:N/A | Deteniendo procesador de cola de correos
2026-02-06 09:11:02.857 | INFO  | CID:N/A | Deteniendo procesador de cola de correos
2026-02-06 09:18:39.365 | INFO  | CID:N/A | Iniciando procesador de cola de correos
2026-02-06 09:19:20.632 | INFO  | CID:N/A | Iniciando procesador de cola de correos
2026-02-06 09:19:26.409 | INFO  | CID:94b28bda589b | Account/Login | Iniciando acción: Account/Login
2026-02-06 09:19:26.770 | INFO  | CID:94b28bda589b | Account/Login | Acción completada: Account/Login
2026-02-06 09:47:08.309 | INFO  | CID:N/A | Iniciando procesador de cola de correos
2026-02-06 09:47:17.959 | INFO  | CID:2d067c996a31 | USR:USU_ADMIN | Account/Login | Iniciando acción: Account/Login
2026-02-06 09:47:18.484 | INFO  | CID:2d067c996a31 | USR:USU_ADMIN | Account/Login | Acción completada: Account/Login
2026-02-06 09:48:09.899 | INFO  | CID:14a8bd45d156 | USR:USU_ADMIN | OrdenRecaudacion/Nueva | Iniciando acción: OrdenRecaudacion/Nueva
2026-02-06 09:48:10.096 | INFO  | CID:14a8bd45d156 | USR:USU_ADMIN | OrdenRecaudacion/Nueva | Acción completada: OrdenRecaudacion/Nueva
2026-02-06 09:48:20.674 | INFO  | CID:df7d39e1910e | USR:USU_ADMIN | OrdenRecaudacion/Generar | Iniciando acción: OrdenRecaudacion/Generar
2026-02-06 09:48:20.684 | INFO  | CID:df7d39e1910e | USR:USU_ADMIN | OrdenRecaudacion/Generar | Acción completada: OrdenRecaudacion/Generar
2026-02-06 09:48:53.490 | INFO  | CID:53d4bcb8996d | USR:USU_ADMIN | OrdenRecaudacion/RegistrarPago | Iniciando acción: OrdenRecaudacion/RegistrarPago
2026-02-06 09:48:53.622 | INFO  | CID:53d4bcb8996d | USR:USU_ADMIN | OrdenRecaudacion/RegistrarPago | Acción completada: OrdenRecaudacion/RegistrarPago
2026-02-06 09:49:01.184 | INFO  | CID:6f1caa415b65 | USR:USU_ADMIN | OrdenRecaudacion/ValidarPago | Iniciando acción: OrdenRecaudacion/ValidarPago
2026-02-06 09:49:01.191 | INFO  | CID:6f1caa415b65 | USR:USU_ADMIN | OrdenRecaudacion/ValidarPago | Acción completada: OrdenRecaudacion/ValidarPago
2026-02-06 09:49:22.816 | INFO  | CID:56f86d053271 | USR:USU_ADMIN | Financiero/AprobarOrden | Iniciando acción: Financiero/AprobarOrden
2026-02-06 09:49:22.875 | INFO  | CID:N/A | ERR:EMAIL_FACTURA | EnviarFacturaGenerada ejecutado
2026-02-06 09:49:22.875 | INFO  | CID:56f86d053271 | USR:USU_ADMIN | Financiero/AprobarOrden | Acción completada: Financiero/AprobarOrden
2026-02-06 09:56:17.121 | INFO  | CID:N/A | Iniciando procesador de cola de correos
2026-02-06 09:56:28.161 | INFO  | CID:1470a8e559e9 | USR:USU_ADMIN | Account/Login | Iniciando acción: Account/Login
2026-02-06 09:56:28.473 | INFO  | CID:1470a8e559e9 | USR:USU_ADMIN | Account/Login | Acción completada: Account/Login
2026-02-06 10:09:18.534 | INFO  | CID:N/A | Iniciando procesador de cola de correos
2026-02-06 10:09:24.370 | INFO  | CID:22400bc349a0 | USR:USU_ADMIN | Account/Login | Iniciando acción: Account/Login
2026-02-06 10:09:24.765 | INFO  | CID:22400bc349a0 | USR:USU_ADMIN | Account/Login | Acción completada: Account/Login
2026-02-06 10:34:05.142 | INFO  | CID:N/A | Iniciando procesador de cola de correos
2026-02-06 10:34:12.912 | INFO  | CID:8d922d2e7ad6 | USR:USU_ADMIN | Account/Login | Iniciando acción: Account/Login
2026-02-06 10:34:13.228 | INFO  | CID:8d922d2e7ad6 | USR:USU_ADMIN | Account/Login | Acción completada: Account/Login
2026-02-06 10:34:19.971 | INFO  | CID:8652eede9ed6 | USR:USU_ADMIN | Account/Login | Iniciando acción: Account/Login
2026-02-06 10:34:19.977 | INFO  | CID:8652eede9ed6 | USR:USU_ADMIN | Account/Login | Acción completada: Account/Login
2026-02-06 10:35:00.602 | INFO  | CID:b9675d66fea2 | USR:USU_ADMIN | Account/Login | Iniciando acción: Account/Login
2026-02-06 10:35:00.621 | INFO  | CID:b9675d66fea2 | USR:USU_ADMIN | Account/Login | Acción completada: Account/Login
2026-02-06 10:35:11.581 | INFO  | CID:0cfa7b2795a1 | USR:USU_ADMIN | Account/Login | Iniciando acción: Account/Login
2026-02-06 10:35:11.592 | INFO  | CID:0cfa7b2795a1 | USR:USU_ADMIN | Account/Login | Acción completada: Account/Login
2026-02-06 10:38:28.194 | INFO  | CID:N/A | Iniciando procesador de cola de correos
2026-02-06 10:38:35.219 | INFO  | CID:c234ae112518 | USR:USU_ADMIN | Account/Login | Iniciando acción: Account/Login
2026-02-06 10:38:35.727 | INFO  | CID:c234ae112518 | USR:USU_ADMIN | Account/Login | Acción completada: Account/Login
2026-02-06 10:38:42.611 | INFO  | CID:6722572e84d9 | USR:USU_ADMIN | Account/Login | Iniciando acción: Account/Login
2026-02-06 10:38:42.647 | INFO  | CID:6722572e84d9 | USR:USU_ADMIN | Account/Login | Acción completada: Account/Login
2026-02-06 10:38:52.122 | INFO  | CID:dd7433c81701 | USR:USU_ADMIN | Account/Login | Iniciando acción: Account/Login
2026-02-06 10:38:52.129 | INFO  | CID:dd7433c81701 | USR:USU_ADMIN | Account/Login | Acción completada: Account/Login
2026-02-06 10:45:13.434 | INFO  | CID:N/A | Iniciando procesador de cola de correos
2026-02-06 10:45:25.017 | INFO  | CID:423173d77fc5 | USR:USU_ADMIN | Account/Login | Iniciando acción: Account/Login
2026-02-06 10:45:25.493 | INFO  | CID:423173d77fc5 | USR:USU_ADMIN | Account/Login | Acción completada: Account/Login
2026-02-06 10:45:25.527 | ERROR | CID:e2fa0b9f9740 | USR:USU_ADMIN | OrdenRecaudacionDashboardEmpresarial/Index | ERR:BAD_REQUEST | No se encuentra la vista 'IndexEmpresarial' ni su vista maestra o no hay un motor de búsqueda que admita las ubicaciones de búsqueda. Se buscó en las siguientes ubicaciones: 
~/Views/OrdenRecaudacionDashboardEmpresarial/IndexEmpresarial.aspx
~/Views/OrdenRecaudacionDashboardEmpresarial/IndexEmpresarial.ascx
~/Views/Shared/IndexEmpresarial.aspx
~/Views/Shared/IndexEmpresarial.ascx
~/Views/OrdenRecaudacionDashboardEmpresarial/IndexEmpresarial.cshtml
~/Views/OrdenRecaudacionDashboardEmpresarial/IndexEmpresarial.vbhtml
~/Views/Shared/IndexEmpresarial.cshtml
~/Views/Shared/IndexEmpresarial.vbhtml
    Exception: InvalidOperationException
    StackTrace:    en System.Web.Mvc.ViewResult.FindView(ControllerContext context)
   en System.Web.Mvc.ViewResultBase.ExecuteResult(ControllerContext context)
   en System.Web.Mvc.ControllerActionInvoker.InvokeActionResultFilterRecursive(IList`1 filters, Int32 filterIndex, ResultExecutingContext preContext, ControllerContext controllerContext, ActionResult actionResult)
   en System.Web.Mvc.ControllerActionInvoker.InvokeActionResultFilterRecursive(IList`1 filters, Int32 filterIndex, ResultExecutingContext preContext, ControllerContext controllerContext, ActionResult actionResult)
   en System.Web.Mvc.ControllerActionInvoker.InvokeActionResultFilterRecursive(IList`1 filters, Int32 filterIndex, ResultExecutingContext preContext, ControllerContext controllerContext, ActionResult actionResult)
   en System.Web.Mvc.ControllerActionInvoker.InvokeActionResultFilterRecursive(IList`1 filters, Int32 filterIndex, ResultExecutingContext preContext, ControllerContext controllerContext, ActionResult actionResult)
   en System.Web.Mvc.ControllerActionInvoker.InvokeActionResultWithFilters(ControllerContext controllerContext, IList`1 filters, ActionResult actionResult)
   en System.Web.Mvc.Async.AsyncControllerActionInvoker.<>c__DisplayClass3_1.<BeginInvokeAction>b__1(IAsyncResult asyncResult)
2026-02-06 10:46:51.773 | INFO  | CID:N/A | Iniciando procesador de cola de correos
2026-02-06 10:47:04.656 | INFO  | CID:6d3765c5b40b | USR:USU_ADMIN | Account/Login | Iniciando acción: Account/Login
2026-02-06 10:47:05.134 | INFO  | CID:6d3765c5b40b | USR:USU_ADMIN | Account/Login | Acción completada: Account/Login
2026-02-06 10:58:19.682 | INFO  | CID:N/A | Iniciando procesador de cola de correos
2026-02-06 10:58:55.052 | INFO  | CID:N/A | Deteniendo procesador de cola de correos
2026-02-06 10:58:55.052 | INFO  | CID:N/A | Deteniendo procesador de cola de correos
2026-02-06 10:59:05.107 | INFO  | CID:N/A | Iniciando procesador de cola de correos
2026-02-06 10:59:11.385 | INFO  | CID:b9cc2bd3a46d | USR:USU_ADMIN | Account/Login | Iniciando acción: Account/Login
2026-02-06 10:59:11.928 | INFO  | CID:b9cc2bd3a46d | USR:USU_ADMIN | Account/Login | Acción completada: Account/Login
2026-02-06 11:10:41.809 | INFO  | CID:N/A | Iniciando procesador de cola de correos
2026-02-06 11:11:36.714 | INFO  | CID:N/A | Iniciando procesador de cola de correos
2026-02-06 11:11:47.316 | INFO  | CID:fb32b4df617f | USR:USU_ADMIN | Account/Login | Iniciando acción: Account/Login
2026-02-06 11:11:47.720 | INFO  | CID:fb32b4df617f | USR:USU_ADMIN | Account/Login | Acción completada: Account/Login
2026-02-06 11:11:52.483 | ERROR | CID:a2ad59f5c35a | USR:USU_ADMIN | OrdenRecaudacionDashboardEmpresarial/Index | ERR:INTERNAL_ERROR | c:\AOCR\AOCR\AOCR05-01-2026\AOCR1\AOCR\CapaPresentacion\Views\OrdenRecaudacionDashboard\IndexEmpresarial.cshtml(274): error CS0103: El nombre 'keyframes' no existe en el contexto actual
    Exception: HttpCompileException
    StackTrace:    en System.Web.Compilation.AssemblyBuilder.Compile()
   en System.Web.Compilation.BuildProvidersCompiler.PerformBuild()
   en System.Web.Compilation.BuildManager.CompileWebFile(VirtualPath virtualPath)
   en System.Web.Compilation.BuildManager.GetVPathBuildResultInternal(VirtualPath virtualPath, Boolean noBuild, Boolean allowCrossApp, Boolean allowBuildInPrecompile, Boolean throwIfNotFound, Boolean ensureIsUpToDate)
   en System.Web.Compilation.BuildManager.GetVPathBuildResultWithNoAssert(HttpContext context, VirtualPath virtualPath, Boolean noBuild, Boolean allowCrossApp, Boolean allowBuildInPrecompile, Boolean throwIfNotFound, Boolean ensureIsUpToDate)
   en System.Web.Compilation.BuildManager.GetVirtualPathObjectFactory(VirtualPath virtualPath, HttpContext context, Boolean allowCrossApp, Boolean throwIfNotFound)
   en System.Web.Compilation.BuildManager.GetCompiledType(VirtualPath virtualPath)
   en System.Web.Mvc.BuildManagerCompiledView.Render(ViewContext viewContext, TextWriter writer)
   en System.Web.Mvc.ViewResultBase.ExecuteResult(ControllerContext context)
   en System.Web.Mvc.ControllerActionInvoker.InvokeActionResultFilterRecursive(IList`1 filters, Int32 filterIndex, ResultExecutingContext preContext, ControllerContext controllerContext, ActionResult actionResult)
   en System.Web.Mvc.ControllerActionInvoker.InvokeActionResultFilterRecursive(IList`1 filters, Int32 filterIndex, ResultExecutingContext preContext, ControllerContext controllerContext, ActionResult actionResult)
   en System.Web.Mvc.ControllerActionInvoker.InvokeActionResultFilterRecursive(IList`1 filters, Int32 filterIndex, ResultExecutingContext preContext, ControllerContext controllerContext, ActionResult actionResult)
   en System.Web.Mvc.ControllerActionInvoker.InvokeActionResultFilterRecursive(IList`1 filters, Int32 filterIndex, ResultExecutingContext preContext, ControllerContext controllerContext, ActionResult actionResult)
   en System.Web.Mvc.ControllerActionInvoker.InvokeActionResultWithFilters(ControllerContext controllerContext, IList`1 filters, ActionResult actionResult)
   en System.Web.Mvc.Async.AsyncControllerActionInvoker.<>c__DisplayClass3_1.<BeginInvokeAction>b__1(IAsyncResult asyncResult)
2026-02-06 11:12:18.428 | ERROR | CID:959650d91d81 | USR:USU_ADMIN | OrdenRecaudacionDashboardEmpresarial/Index | ERR:INTERNAL_ERROR | c:\AOCR\AOCR\AOCR05-01-2026\AOCR1\AOCR\CapaPresentacion\Views\OrdenRecaudacionDashboard\IndexEmpresarial.cshtml(274): error CS0103: El nombre 'keyframes' no existe en el contexto actual
    Exception: HttpCompileException
    StackTrace:    en System.Web.Compilation.AssemblyBuilder.Compile()
   en System.Web.Compilation.BuildProvidersCompiler.PerformBuild()
   en System.Web.Compilation.BuildManager.CompileWebFile(VirtualPath virtualPath)
   en System.Web.Compilation.BuildManager.GetVPathBuildResultInternal(VirtualPath virtualPath, Boolean noBuild, Boolean allowCrossApp, Boolean allowBuildInPrecompile, Boolean throwIfNotFound, Boolean ensureIsUpToDate)
   en System.Web.Compilation.BuildManager.GetVPathBuildResultWithNoAssert(HttpContext context, VirtualPath virtualPath, Boolean noBuild, Boolean allowCrossApp, Boolean allowBuildInPrecompile, Boolean throwIfNotFound, Boolean ensureIsUpToDate)
   en System.Web.Compilation.BuildManager.GetVirtualPathObjectFactory(VirtualPath virtualPath, HttpContext context, Boolean allowCrossApp, Boolean throwIfNotFound)
   en System.Web.Compilation.BuildManager.GetCompiledType(VirtualPath virtualPath)
   en System.Web.Mvc.BuildManagerCompiledView.Render(ViewContext viewContext, TextWriter writer)
   en System.Web.Mvc.ViewResultBase.ExecuteResult(ControllerContext context)
   en System.Web.Mvc.ControllerActionInvoker.InvokeActionResultFilterRecursive(IList`1 filters, Int32 filterIndex, ResultExecutingContext preContext, ControllerContext controllerContext, ActionResult actionResult)
   en System.Web.Mvc.ControllerActionInvoker.InvokeActionResultFilterRecursive(IList`1 filters, Int32 filterIndex, ResultExecutingContext preContext, ControllerContext controllerContext, ActionResult actionResult)
   en System.Web.Mvc.ControllerActionInvoker.InvokeActionResultFilterRecursive(IList`1 filters, Int32 filterIndex, ResultExecutingContext preContext, ControllerContext controllerContext, ActionResult actionResult)
   en System.Web.Mvc.ControllerActionInvoker.InvokeActionResultFilterRecursive(IList`1 filters, Int32 filterIndex, ResultExecutingContext preContext, ControllerContext controllerContext, ActionResult actionResult)
   en System.Web.Mvc.ControllerActionInvoker.InvokeActionResultWithFilters(ControllerContext controllerContext, IList`1 filters, ActionResult actionResult)
   en System.Web.Mvc.Async.AsyncControllerActionInvoker.<>c__DisplayClass3_1.<BeginInvokeAction>b__1(IAsyncResult asyncResult)
2026-02-06 11:17:04.898 | INFO  | CID:N/A | Iniciando procesador de cola de correos
2026-02-06 11:17:31.388 | INFO  | CID:N/A | Iniciando procesador de cola de correos
2026-02-06 11:17:38.646 | INFO  | CID:d57e40f6c669 | USR:USU_ADMIN | Account/Login | Iniciando acción: Account/Login
2026-02-06 11:17:39.308 | INFO  | CID:d57e40f6c669 | USR:USU_ADMIN | Account/Login | Acción completada: Account/Login
2026-02-06 11:17:43.661 | ERROR | CID:b4622804ba55 | USR:USU_ADMIN | OrdenRecaudacionDashboardEmpresarial/Index | ERR:INTERNAL_ERROR | c:\AOCR\AOCR\AOCR05-01-2026\AOCR1\AOCR\CapaPresentacion\Views\OrdenRecaudacionDashboard\IndexEmpresarial.cshtml(274): error CS0103: El nombre 'keyframes' no existe en el contexto actual
    Exception: HttpCompileException
    StackTrace:    en System.Web.Compilation.AssemblyBuilder.Compile()
   en System.Web.Compilation.BuildProvidersCompiler.PerformBuild()
   en System.Web.Compilation.BuildManager.CompileWebFile(VirtualPath virtualPath)
   en System.Web.Compilation.BuildManager.GetVPathBuildResultInternal(VirtualPath virtualPath, Boolean noBuild, Boolean allowCrossApp, Boolean allowBuildInPrecompile, Boolean throwIfNotFound, Boolean ensureIsUpToDate)
   en System.Web.Compilation.BuildManager.GetVPathBuildResultWithNoAssert(HttpContext context, VirtualPath virtualPath, Boolean noBuild, Boolean allowCrossApp, Boolean allowBuildInPrecompile, Boolean throwIfNotFound, Boolean ensureIsUpToDate)
   en System.Web.Compilation.BuildManager.GetVirtualPathObjectFactory(VirtualPath virtualPath, HttpContext context, Boolean allowCrossApp, Boolean throwIfNotFound)
   en System.Web.Compilation.BuildManager.GetCompiledType(VirtualPath virtualPath)
   en System.Web.Mvc.BuildManagerCompiledView.Render(ViewContext viewContext, TextWriter writer)
   en System.Web.Mvc.ViewResultBase.ExecuteResult(ControllerContext context)
   en System.Web.Mvc.ControllerActionInvoker.InvokeActionResultFilterRecursive(IList`1 filters, Int32 filterIndex, ResultExecutingContext preContext, ControllerContext controllerContext, ActionResult actionResult)
   en System.Web.Mvc.ControllerActionInvoker.InvokeActionResultFilterRecursive(IList`1 filters, Int32 filterIndex, ResultExecutingContext preContext, ControllerContext controllerContext, ActionResult actionResult)
   en System.Web.Mvc.ControllerActionInvoker.InvokeActionResultFilterRecursive(IList`1 filters, Int32 filterIndex, ResultExecutingContext preContext, ControllerContext controllerContext, ActionResult actionResult)
   en System.Web.Mvc.ControllerActionInvoker.InvokeActionResultFilterRecursive(IList`1 filters, Int32 filterIndex, ResultExecutingContext preContext, ControllerContext controllerContext, ActionResult actionResult)
   en System.Web.Mvc.ControllerActionInvoker.InvokeActionResultWithFilters(ControllerContext controllerContext, IList`1 filters, ActionResult actionResult)
   en System.Web.Mvc.Async.AsyncControllerActionInvoker.<>c__DisplayClass3_1.<BeginInvokeAction>b__1(IAsyncResult asyncResult)
2026-02-06 11:25:18.348 | INFO  | CID:N/A | Iniciando procesador de cola de correos
2026-02-06 11:25:45.274 | INFO  | CID:069bfa7a9daf | USR:USU_ADMIN | Account/Login | Iniciando acción: Account/Login
2026-02-06 11:25:45.874 | INFO  | CID:069bfa7a9daf | USR:USU_ADMIN | Account/Login | Acción completada: Account/Login
2026-02-06 11:25:50.366 | ERROR | CID:4faebb0ee44b | USR:USU_ADMIN | OrdenRecaudacionDashboardEmpresarial/Index | ERR:INTERNAL_ERROR | c:\AOCR\AOCR\AOCR05-01-2026\AOCR1\AOCR\CapaPresentacion\Views\OrdenRecaudacionDashboard\IndexEmpresarial.cshtml(325): error CS0103: El nombre 'media' no existe en el contexto actual
    Exception: HttpCompileException
    StackTrace:    en System.Web.Compilation.AssemblyBuilder.Compile()
   en System.Web.Compilation.BuildProvidersCompiler.PerformBuild()
   en System.Web.Compilation.BuildManager.CompileWebFile(VirtualPath virtualPath)
   en System.Web.Compilation.BuildManager.GetVPathBuildResultInternal(VirtualPath virtualPath, Boolean noBuild, Boolean allowCrossApp, Boolean allowBuildInPrecompile, Boolean throwIfNotFound, Boolean ensureIsUpToDate)
   en System.Web.Compilation.BuildManager.GetVPathBuildResultWithNoAssert(HttpContext context, VirtualPath virtualPath, Boolean noBuild, Boolean allowCrossApp, Boolean allowBuildInPrecompile, Boolean throwIfNotFound, Boolean ensureIsUpToDate)
   en System.Web.Compilation.BuildManager.GetVirtualPathObjectFactory(VirtualPath virtualPath, HttpContext context, Boolean allowCrossApp, Boolean throwIfNotFound)
   en System.Web.Compilation.BuildManager.GetCompiledType(VirtualPath virtualPath)
   en System.Web.Mvc.BuildManagerCompiledView.Render(ViewContext viewContext, TextWriter writer)
   en System.Web.Mvc.ViewResultBase.ExecuteResult(ControllerContext context)
   en System.Web.Mvc.ControllerActionInvoker.InvokeActionResultFilterRecursive(IList`1 filters, Int32 filterIndex, ResultExecutingContext preContext, ControllerContext controllerContext, ActionResult actionResult)
   en System.Web.Mvc.ControllerActionInvoker.InvokeActionResultFilterRecursive(IList`1 filters, Int32 filterIndex, ResultExecutingContext preContext, ControllerContext controllerContext, ActionResult actionResult)
   en System.Web.Mvc.ControllerActionInvoker.InvokeActionResultFilterRecursive(IList`1 filters, Int32 filterIndex, ResultExecutingContext preContext, ControllerContext controllerContext, ActionResult actionResult)
   en System.Web.Mvc.ControllerActionInvoker.InvokeActionResultFilterRecursive(IList`1 filters, Int32 filterIndex, ResultExecutingContext preContext, ControllerContext controllerContext, ActionResult actionResult)
   en System.Web.Mvc.ControllerActionInvoker.InvokeActionResultWithFilters(ControllerContext controllerContext, IList`1 filters, ActionResult actionResult)
   en System.Web.Mvc.Async.AsyncControllerActionInvoker.<>c__DisplayClass3_1.<BeginInvokeAction>b__1(IAsyncResult asyncResult)
2026-02-06 11:25:57.608 | ERROR | CID:48bb45a8b041 | USR:USU_ADMIN | OrdenRecaudacionDashboardEmpresarial/Index | ERR:INTERNAL_ERROR | c:\AOCR\AOCR\AOCR05-01-2026\AOCR1\AOCR\CapaPresentacion\Views\OrdenRecaudacionDashboard\IndexEmpresarial.cshtml(325): error CS0103: El nombre 'media' no existe en el contexto actual
    Exception: HttpCompileException
    StackTrace:    en System.Web.Compilation.BuildManager.PostProcessFoundBuildResult(BuildResult result, Boolean keyFromVPP, VirtualPath virtualPath)
   en System.Web.Compilation.BuildManager.GetBuildResultFromCacheInternal(String cacheKey, Boolean keyFromVPP, VirtualPath virtualPath, Int64 hashCode, Boolean ensureIsUpToDate)
   en System.Web.Compilation.BuildManager.GetVPathBuildResultFromCacheInternal(VirtualPath virtualPath, Boolean ensureIsUpToDate)
   en System.Web.Compilation.BuildManager.GetVPathBuildResultInternal(VirtualPath virtualPath, Boolean noBuild, Boolean allowCrossApp, Boolean allowBuildInPrecompile, Boolean throwIfNotFound, Boolean ensureIsUpToDate)
   en System.Web.Compilation.BuildManager.GetVPathBuildResultWithNoAssert(HttpContext context, VirtualPath virtualPath, Boolean noBuild, Boolean allowCrossApp, Boolean allowBuildInPrecompile, Boolean throwIfNotFound, Boolean ensureIsUpToDate)
   en System.Web.Compilation.BuildManager.GetVirtualPathObjectFactory(VirtualPath virtualPath, HttpContext context, Boolean allowCrossApp, Boolean throwIfNotFound)
   en System.Web.Compilation.BuildManager.GetCompiledType(VirtualPath virtualPath)
   en System.Web.Mvc.BuildManagerCompiledView.Render(ViewContext viewContext, TextWriter writer)
   en System.Web.Mvc.ViewResultBase.ExecuteResult(ControllerContext context)
   en System.Web.Mvc.ControllerActionInvoker.InvokeActionResultFilterRecursive(IList`1 filters, Int32 filterIndex, ResultExecutingContext preContext, ControllerContext controllerContext, ActionResult actionResult)
   en System.Web.Mvc.ControllerActionInvoker.InvokeActionResultFilterRecursive(IList`1 filters, Int32 filterIndex, ResultExecutingContext preContext, ControllerContext controllerContext, ActionResult actionResult)
   en System.Web.Mvc.ControllerActionInvoker.InvokeActionResultFilterRecursive(IList`1 filters, Int32 filterIndex, ResultExecutingContext preContext, ControllerContext controllerContext, ActionResult actionResult)
   en System.Web.Mvc.ControllerActionInvoker.InvokeActionResultFilterRecursive(IList`1 filters, Int32 filterIndex, ResultExecutingContext preContext, ControllerContext controllerContext, ActionResult actionResult)
   en System.Web.Mvc.ControllerActionInvoker.InvokeActionResultWithFilters(ControllerContext controllerContext, IList`1 filters, ActionResult actionResult)
   en System.Web.Mvc.Async.AsyncControllerActionInvoker.<>c__DisplayClass3_1.<BeginInvokeAction>b__1(IAsyncResult asyncResult)
2026-02-06 11:25:59.318 | ERROR | CID:d14f718a534e | USR:USU_ADMIN | OrdenRecaudacionDashboardEmpresarial/Index | ERR:INTERNAL_ERROR | c:\AOCR\AOCR\AOCR05-01-2026\AOCR1\AOCR\CapaPresentacion\Views\OrdenRecaudacionDashboard\IndexEmpresarial.cshtml(325): error CS0103: El nombre 'media' no existe en el contexto actual
    Exception: HttpCompileException
    StackTrace:    en System.Web.Compilation.BuildManager.PostProcessFoundBuildResult(BuildResult result, Boolean keyFromVPP, VirtualPath virtualPath)
   en System.Web.Compilation.BuildManager.GetBuildResultFromCacheInternal(String cacheKey, Boolean keyFromVPP, VirtualPath virtualPath, Int64 hashCode, Boolean ensureIsUpToDate)
   en System.Web.Compilation.BuildManager.GetVPathBuildResultFromCacheInternal(VirtualPath virtualPath, Boolean ensureIsUpToDate)
   en System.Web.Compilation.BuildManager.GetVPathBuildResultInternal(VirtualPath virtualPath, Boolean noBuild, Boolean allowCrossApp, Boolean allowBuildInPrecompile, Boolean throwIfNotFound, Boolean ensureIsUpToDate)
   en System.Web.Compilation.BuildManager.GetVPathBuildResultWithNoAssert(HttpContext context, VirtualPath virtualPath, Boolean noBuild, Boolean allowCrossApp, Boolean allowBuildInPrecompile, Boolean throwIfNotFound, Boolean ensureIsUpToDate)
   en System.Web.Compilation.BuildManager.GetVirtualPathObjectFactory(VirtualPath virtualPath, HttpContext context, Boolean allowCrossApp, Boolean throwIfNotFound)
   en System.Web.Compilation.BuildManager.GetCompiledType(VirtualPath virtualPath)
   en System.Web.Mvc.BuildManagerCompiledView.Render(ViewContext viewContext, TextWriter writer)
   en System.Web.Mvc.ViewResultBase.ExecuteResult(ControllerContext context)
   en System.Web.Mvc.ControllerActionInvoker.InvokeActionResultFilterRecursive(IList`1 filters, Int32 filterIndex, ResultExecutingContext preContext, ControllerContext controllerContext, ActionResult actionResult)
   en System.Web.Mvc.ControllerActionInvoker.InvokeActionResultFilterRecursive(IList`1 filters, Int32 filterIndex, ResultExecutingContext preContext, ControllerContext controllerContext, ActionResult actionResult)
   en System.Web.Mvc.ControllerActionInvoker.InvokeActionResultFilterRecursive(IList`1 filters, Int32 filterIndex, ResultExecutingContext preContext, ControllerContext controllerContext, ActionResult actionResult)
   en System.Web.Mvc.ControllerActionInvoker.InvokeActionResultFilterRecursive(IList`1 filters, Int32 filterIndex, ResultExecutingContext preContext, ControllerContext controllerContext, ActionResult actionResult)
   en System.Web.Mvc.ControllerActionInvoker.InvokeActionResultWithFilters(ControllerContext controllerContext, IList`1 filters, ActionResult actionResult)
   en System.Web.Mvc.Async.AsyncControllerActionInvoker.<>c__DisplayClass3_1.<BeginInvokeAction>b__1(IAsyncResult asyncResult)
2026-02-06 11:26:01.770 | ERROR | CID:a438ba2614b6 | USR:USU_ADMIN | OrdenRecaudacionDashboardEmpresarial/Index | ERR:INTERNAL_ERROR | c:\AOCR\AOCR\AOCR05-01-2026\AOCR1\AOCR\CapaPresentacion\Views\OrdenRecaudacionDashboard\IndexEmpresarial.cshtml(325): error CS0103: El nombre 'media' no existe en el contexto actual
    Exception: HttpCompileException
    StackTrace:    en System.Web.Compilation.AssemblyBuilder.Compile()
   en System.Web.Compilation.BuildProvidersCompiler.PerformBuild()
   en System.Web.Compilation.BuildManager.CompileWebFile(VirtualPath virtualPath)
   en System.Web.Compilation.BuildManager.GetVPathBuildResultInternal(VirtualPath virtualPath, Boolean noBuild, Boolean allowCrossApp, Boolean allowBuildInPrecompile, Boolean throwIfNotFound, Boolean ensureIsUpToDate)
   en System.Web.Compilation.BuildManager.GetVPathBuildResultWithNoAssert(HttpContext context, VirtualPath virtualPath, Boolean noBuild, Boolean allowCrossApp, Boolean allowBuildInPrecompile, Boolean throwIfNotFound, Boolean ensureIsUpToDate)
   en System.Web.Compilation.BuildManager.GetVirtualPathObjectFactory(VirtualPath virtualPath, HttpContext context, Boolean allowCrossApp, Boolean throwIfNotFound)
   en System.Web.Compilation.BuildManager.GetCompiledType(VirtualPath virtualPath)
   en System.Web.Mvc.BuildManagerCompiledView.Render(ViewContext viewContext, TextWriter writer)
   en System.Web.Mvc.ViewResultBase.ExecuteResult(ControllerContext context)
   en System.Web.Mvc.ControllerActionInvoker.InvokeActionResultFilterRecursive(IList`1 filters, Int32 filterIndex, ResultExecutingContext preContext, ControllerContext controllerContext, ActionResult actionResult)
   en System.Web.Mvc.ControllerActionInvoker.InvokeActionResultFilterRecursive(IList`1 filters, Int32 filterIndex, ResultExecutingContext preContext, ControllerContext controllerContext, ActionResult actionResult)
   en System.Web.Mvc.ControllerActionInvoker.InvokeActionResultFilterRecursive(IList`1 filters, Int32 filterIndex, ResultExecutingContext preContext, ControllerContext controllerContext, ActionResult actionResult)
   en System.Web.Mvc.ControllerActionInvoker.InvokeActionResultFilterRecursive(IList`1 filters, Int32 filterIndex, ResultExecutingContext preContext, ControllerContext controllerContext, ActionResult actionResult)
   en System.Web.Mvc.ControllerActionInvoker.InvokeActionResultWithFilters(ControllerContext controllerContext, IList`1 filters, ActionResult actionResult)
   en System.Web.Mvc.Async.AsyncControllerActionInvoker.<>c__DisplayClass3_1.<BeginInvokeAction>b__1(IAsyncResult asyncResult)
2026-02-06 12:05:23.577 | INFO  | CID:N/A | Iniciando procesador de cola de correos
2026-02-06 12:05:41.739 | INFO  | CID:483116745408 | Account/Login | Iniciando acción: Account/Login
2026-02-06 12:05:42.000 | INFO  | CID:483116745408 | Account/Login | Acción completada: Account/Login
2026-02-06 12:07:27.158 | INFO  | CID:N/A | Iniciando procesador de cola de correos
2026-02-06 12:07:38.280 | INFO  | CID:a5824b299d2f | USR:USU_ADMIN | Account/Login | Iniciando acción: Account/Login
2026-02-06 12:07:38.841 | INFO  | CID:a5824b299d2f | USR:USU_ADMIN | Account/Login | Acción completada: Account/Login
2026-02-06 13:56:52.141 | INFO  | CID:N/A | Iniciando procesador de cola de correos
2026-02-06 13:57:03.259 | INFO  | CID:961e78dc4ac9 | Account/Login | Iniciando acción: Account/Login
2026-02-06 13:57:03.823 | INFO  | CID:961e78dc4ac9 | Account/Login | Acción completada: Account/Login
2026-02-06 14:06:49.991 | INFO  | CID:N/A | Iniciando procesador de cola de correos
2026-02-06 14:07:12.638 | INFO  | CID:N/A | Iniciando procesador de cola de correos
2026-02-06 14:07:37.364 | INFO  | CID:62716bb48c25 | USR:USU_ADMIN | Account/Login | Iniciando acción: Account/Login
2026-02-06 14:07:37.894 | INFO  | CID:62716bb48c25 | USR:USU_ADMIN | Account/Login | Acción completada: Account/Login
2026-02-06 14:07:56.924 | INFO  | CID:N/A | Iniciando procesador de cola de correos
2026-02-06 14:08:01.673 | INFO  | CID:8a97266e067a | USR:USU_ADMIN | Account/Login | Iniciando acción: Account/Login
2026-02-06 14:08:01.961 | INFO  | CID:8a97266e067a | USR:USU_ADMIN | Account/Login | Acción completada: Account/Login
2026-02-06 14:10:14.239 | INFO  | CID:N/A | Iniciando procesador de cola de correos
2026-02-06 14:10:24.062 | INFO  | CID:866d101d8795 | USR:USU_ADMIN | Account/Login | Iniciando acción: Account/Login
2026-02-06 14:10:24.561 | INFO  | CID:866d101d8795 | USR:USU_ADMIN | Account/Login | Acción completada: Account/Login
2026-02-06 14:13:30.669 | INFO  | CID:N/A | Iniciando procesador de cola de correos
2026-02-06 14:13:35.239 | INFO  | CID:30b08dea3381 | USR:USU_ADMIN | Account/Login | Iniciando acción: Account/Login
2026-02-06 14:13:35.612 | INFO  | CID:30b08dea3381 | USR:USU_ADMIN | Account/Login | Acción completada: Account/Login
2026-02-06 14:18:29.504 | INFO  | CID:N/A | Iniciando procesador de cola de correos
2026-02-06 14:22:14.897 | INFO  | CID:e8ead93f5537 | USR:USU_ADMIN | Account/Login | Iniciando acción: Account/Login
2026-02-06 14:22:15.302 | INFO  | CID:e8ead93f5537 | USR:USU_ADMIN | Account/Login | Acción completada: Account/Login
2026-02-06 14:28:27.896 | INFO  | CID:N/A | Iniciando procesador de cola de correos
2026-02-06 14:28:36.122 | INFO  | CID:2310eb1407a5 | USR:USU_ADMIN | Account/Login | Iniciando acción: Account/Login
2026-02-06 14:28:36.717 | INFO  | CID:2310eb1407a5 | USR:USU_ADMIN | Account/Login | Acción completada: Account/Login
2026-02-06 14:33:04.621 | INFO  | CID:N/A | Iniciando procesador de cola de correos
2026-02-06 14:33:08.086 | INFO  | CID:b530e27e06fd | USR:USU_ADMIN | Account/Login | Iniciando acción: Account/Login
2026-02-06 14:33:08.648 | INFO  | CID:b530e27e06fd | USR:USU_ADMIN | Account/Login | Acción completada: Account/Login
2026-02-06 14:59:02.038 | INFO  | CID:N/A | Iniciando procesador de cola de correos
2026-02-06 14:59:05.737 | INFO  | CID:72ee5e029450 | USR:USU_ADMIN | Account/Login | Iniciando acción: Account/Login
2026-02-06 14:59:06.101 | INFO  | CID:72ee5e029450 | USR:USU_ADMIN | Account/Login | Acción completada: Account/Login
2026-02-06 15:04:56.888 | INFO  | CID:N/A | Iniciando procesador de cola de correos
2026-02-06 15:05:02.030 | INFO  | CID:86c0e30f5fa2 | USR:USU_ADMIN | Account/Login | Iniciando acción: Account/Login
2026-02-06 15:05:02.355 | INFO  | CID:86c0e30f5fa2 | USR:USU_ADMIN | Account/Login | Acción completada: Account/Login
2026-02-06 15:08:52.076 | INFO  | CID:N/A | Iniciando procesador de cola de correos
2026-02-06 15:08:55.551 | INFO  | CID:e40951c45e88 | USR:USU_ADMIN | Account/Login | Iniciando acción: Account/Login
2026-02-06 15:08:55.873 | INFO  | CID:e40951c45e88 | USR:USU_ADMIN | Account/Login | Acción completada: Account/Login
2026-02-06 15:12:20.427 | INFO  | CID:N/A | Iniciando procesador de cola de correos
2026-02-06 15:12:23.994 | INFO  | CID:70598fe78b52 | USR:USU_ADMIN | Account/Login | Iniciando acción: Account/Login
2026-02-06 15:12:24.649 | INFO  | CID:70598fe78b52 | USR:USU_ADMIN | Account/Login | Acción completada: Account/Login
2026-02-06 15:12:44.975 | INFO  | CID:e57749eba924 | USR:USU_ADMIN | OrdenRecaudacionDashboardEmpresarial/LimpiarCache | Iniciando acción: OrdenRecaudacionDashboardEmpresarial/LimpiarCache
2026-02-06 15:12:44.978 | INFO  | CID:e57749eba924 | USR:USU_ADMIN | OrdenRecaudacionDashboardEmpresarial/LimpiarCache | Acción completada: OrdenRecaudacionDashboardEmpresarial/LimpiarCache
2026-02-06 15:17:48.726 | INFO  | CID:N/A | Iniciando procesador de cola de correos
2026-02-06 15:17:53.708 | INFO  | CID:af2f31b3e918 | USR:USU_ADMIN | Account/Login | Iniciando acción: Account/Login
2026-02-06 15:17:54.053 | INFO  | CID:af2f31b3e918 | USR:USU_ADMIN | Account/Login | Acción completada: Account/Login
2026-02-06 15:19:53.059 | INFO  | CID:N/A | Iniciando procesador de cola de correos
2026-02-06 15:19:59.995 | INFO  | CID:2f8304bac39b | USR:USU_ADMIN | Account/Login | Iniciando acción: Account/Login
2026-02-06 15:20:00.564 | INFO  | CID:2f8304bac39b | USR:USU_ADMIN | Account/Login | Acción completada: Account/Login
2026-02-06 15:22:14.318 | INFO  | CID:N/A | Iniciando procesador de cola de correos
2026-02-06 15:22:17.979 | INFO  | CID:edcd7cad3f57 | USR:USU_ADMIN | Account/Login | Iniciando acción: Account/Login
2026-02-06 15:22:18.344 | INFO  | CID:edcd7cad3f57 | USR:USU_ADMIN | Account/Login | Acción completada: Account/Login
2026-02-06 15:25:32.260 | INFO  | CID:N/A | Iniciando procesador de cola de correos
2026-02-06 15:25:35.785 | INFO  | CID:2601885974d8 | USR:USU_ADMIN | Account/Login | Iniciando acción: Account/Login
2026-02-06 15:25:36.391 | INFO  | CID:2601885974d8 | USR:USU_ADMIN | Account/Login | Acción completada: Account/Login
2026-02-06 15:27:13.695 | INFO  | CID:N/A | Iniciando procesador de cola de correos
2026-02-06 15:27:18.087 | INFO  | CID:1b46b68f11f3 | USR:USU_ADMIN | Account/Login | Iniciando acción: Account/Login
2026-02-06 15:27:18.372 | INFO  | CID:1b46b68f11f3 | USR:USU_ADMIN | Account/Login | Acción completada: Account/Login
2026-02-06 15:28:27.370 | INFO  | CID:N/A | Iniciando procesador de cola de correos
2026-02-06 15:28:37.563 | INFO  | CID:944c1a91392e | USR:USU_ADMIN | Account/Login | Iniciando acción: Account/Login
2026-02-06 15:28:37.859 | INFO  | CID:944c1a91392e | USR:USU_ADMIN | Account/Login | Acción completada: Account/Login
2026-02-06 15:28:41.403 | ERROR | CID:6072f0245526 | USR:USU_ADMIN | OrdenRecaudacion/Index | ERR:BAD_REQUEST | No se encuentra la vista 'Index' ni su vista maestra o no hay un motor de búsqueda que admita las ubicaciones de búsqueda. Se buscó en las siguientes ubicaciones: 
~/Views/OrdenRecaudacion/Index.aspx
~/Views/OrdenRecaudacion/Index.ascx
~/Views/Shared/Index.aspx
~/Views/Shared/Index.ascx
~/Views/OrdenRecaudacion/Index.cshtml
~/Views/OrdenRecaudacion/Index.vbhtml
~/Views/Shared/Index.cshtml
~/Views/Shared/Index.vbhtml
    Exception: InvalidOperationException
    StackTrace:    en System.Web.Mvc.ViewResult.FindView(ControllerContext context)
   en System.Web.Mvc.ViewResultBase.ExecuteResult(ControllerContext context)
   en System.Web.Mvc.ControllerActionInvoker.InvokeActionResultFilterRecursive(IList`1 filters, Int32 filterIndex, ResultExecutingContext preContext, ControllerContext controllerContext, ActionResult actionResult)
   en System.Web.Mvc.ControllerActionInvoker.InvokeActionResultFilterRecursive(IList`1 filters, Int32 filterIndex, ResultExecutingContext preContext, ControllerContext controllerContext, ActionResult actionResult)
   en System.Web.Mvc.ControllerActionInvoker.InvokeActionResultFilterRecursive(IList`1 filters, Int32 filterIndex, ResultExecutingContext preContext, ControllerContext controllerContext, ActionResult actionResult)
   en System.Web.Mvc.ControllerActionInvoker.InvokeActionResultFilterRecursive(IList`1 filters, Int32 filterIndex, ResultExecutingContext preContext, ControllerContext controllerContext, ActionResult actionResult)
   en System.Web.Mvc.ControllerActionInvoker.InvokeActionResultWithFilters(ControllerContext controllerContext, IList`1 filters, ActionResult actionResult)
   en System.Web.Mvc.Async.AsyncControllerActionInvoker.<>c__DisplayClass3_1.<BeginInvokeAction>b__1(IAsyncResult asyncResult)
2026-02-06 15:29:24.889 | INFO  | CID:N/A | Iniciando procesador de cola de correos
2026-02-06 15:29:30.940 | INFO  | CID:8e4ac34247db | USR:USU_ADMIN | Account/Login | Iniciando acción: Account/Login
2026-02-06 15:29:31.267 | INFO  | CID:8e4ac34247db | USR:USU_ADMIN | Account/Login | Acción completada: Account/Login
2026-02-06 15:29:43.806 | ERROR | CID:b48194f8c54a | USR:USU_ADMIN | OrdenRecaudacion/Index | ERR:BAD_REQUEST | No se encuentra la vista 'Index' ni su vista maestra o no hay un motor de búsqueda que admita las ubicaciones de búsqueda. Se buscó en las siguientes ubicaciones: 
~/Views/OrdenRecaudacion/Index.aspx
~/Views/OrdenRecaudacion/Index.ascx
~/Views/Shared/Index.aspx
~/Views/Shared/Index.ascx
~/Views/OrdenRecaudacion/Index.cshtml
~/Views/OrdenRecaudacion/Index.vbhtml
~/Views/Shared/Index.cshtml
~/Views/Shared/Index.vbhtml
    Exception: InvalidOperationException
    StackTrace:    en System.Web.Mvc.ViewResult.FindView(ControllerContext context)
   en System.Web.Mvc.ViewResultBase.ExecuteResult(ControllerContext context)
   en System.Web.Mvc.ControllerActionInvoker.InvokeActionResultFilterRecursive(IList`1 filters, Int32 filterIndex, ResultExecutingContext preContext, ControllerContext controllerContext, ActionResult actionResult)
   en System.Web.Mvc.ControllerActionInvoker.InvokeActionResultFilterRecursive(IList`1 filters, Int32 filterIndex, ResultExecutingContext preContext, ControllerContext controllerContext, ActionResult actionResult)
   en System.Web.Mvc.ControllerActionInvoker.InvokeActionResultFilterRecursive(IList`1 filters, Int32 filterIndex, ResultExecutingContext preContext, ControllerContext controllerContext, ActionResult actionResult)
   en System.Web.Mvc.ControllerActionInvoker.InvokeActionResultFilterRecursive(IList`1 filters, Int32 filterIndex, ResultExecutingContext preContext, ControllerContext controllerContext, ActionResult actionResult)
   en System.Web.Mvc.ControllerActionInvoker.InvokeActionResultWithFilters(ControllerContext controllerContext, IList`1 filters, ActionResult actionResult)
   en System.Web.Mvc.Async.AsyncControllerActionInvoker.<>c__DisplayClass3_1.<BeginInvokeAction>b__1(IAsyncResult asyncResult)
2026-02-06 15:39:38.075 | INFO  | CID:N/A | Iniciando procesador de cola de correos
2026-02-06 15:39:43.177 | INFO  | CID:01e96785d320 | USR:USU_ADMIN | Account/Login | Iniciando acción: Account/Login
2026-02-06 15:39:43.702 | INFO  | CID:01e96785d320 | USR:USU_ADMIN | Account/Login | Acción completada: Account/Login
2026-02-06 15:44:57.048 | INFO  | CID:N/A | Iniciando procesador de cola de correos
2026-02-06 15:45:01.101 | INFO  | CID:e8c094ed05e6 | USR:USU_ADMIN | Account/Login | Iniciando acción: Account/Login
2026-02-06 15:45:02.190 | INFO  | CID:e8c094ed05e6 | USR:USU_ADMIN | Account/Login | Acción completada: Account/Login
2026-02-06 15:45:11.166 | ERROR | CID:b26031b3a9d0 | USR:USU_ADMIN | OrdenRecaudacion/Index | ERR:INTERNAL_ERROR | Se esperaba "{" pero se encontró "bool". Las instrucciones de bloque deben ir entre "{" y "}". No se pueden usar instrucciones de flujo de control simples en las páginas CSHTML. Por ejemplo, no se permite lo siguiente:

@if(isLoggedIn)
    <p>Hola, @user</p>

En su lugar, incluya el contenido del bloque entre "{}":

@if(isLoggedIn) {
    <p>Hola, @user</p>
}

    Exception: HttpParseException
    StackTrace:    en System.Web.WebPages.Razor.RazorBuildProvider.EnsureGeneratedCode()
   en System.Web.WebPages.Razor.RazorBuildProvider.get_CodeCompilerType()
   en System.Web.Compilation.BuildProvider.GetCompilerTypeFromBuildProvider(BuildProvider buildProvider)
   en System.Web.Compilation.BuildProvidersCompiler.ProcessBuildProviders()
   en System.Web.Compilation.BuildProvidersCompiler.PerformBuild()
   en System.Web.Compilation.BuildManager.CompileWebFile(VirtualPath virtualPath)
   en System.Web.Compilation.BuildManager.GetVPathBuildResultInternal(VirtualPath virtualPath, Boolean noBuild, Boolean allowCrossApp, Boolean allowBuildInPrecompile, Boolean throwIfNotFound, Boolean ensureIsUpToDate)
   en System.Web.Compilation.BuildManager.GetVPathBuildResultWithNoAssert(HttpContext context, VirtualPath virtualPath, Boolean noBuild, Boolean allowCrossApp, Boolean allowBuildInPrecompile, Boolean throwIfNotFound, Boolean ensureIsUpToDate)
   en System.Web.Compilation.BuildManager.GetVirtualPathObjectFactory(VirtualPath virtualPath, HttpContext context, Boolean allowCrossApp, Boolean throwIfNotFound)
   en System.Web.Compilation.BuildManager.GetCompiledType(VirtualPath virtualPath)
   en System.Web.Mvc.BuildManagerCompiledView.Render(ViewContext viewContext, TextWriter writer)
   en System.Web.Mvc.ViewResultBase.ExecuteResult(ControllerContext context)
   en System.Web.Mvc.ControllerActionInvoker.InvokeActionResultFilterRecursive(IList`1 filters, Int32 filterIndex, ResultExecutingContext preContext, ControllerContext controllerContext, ActionResult actionResult)
   en System.Web.Mvc.ControllerActionInvoker.InvokeActionResultFilterRecursive(IList`1 filters, Int32 filterIndex, ResultExecutingContext preContext, ControllerContext controllerContext, ActionResult actionResult)
   en System.Web.Mvc.ControllerActionInvoker.InvokeActionResultFilterRecursive(IList`1 filters, Int32 filterIndex, ResultExecutingContext preContext, ControllerContext controllerContext, ActionResult actionResult)
   en System.Web.Mvc.ControllerActionInvoker.InvokeActionResultFilterRecursive(IList`1 filters, Int32 filterIndex, ResultExecutingContext preContext, ControllerContext controllerContext, ActionResult actionResult)
   en System.Web.Mvc.ControllerActionInvoker.InvokeActionResultWithFilters(ControllerContext controllerContext, IList`1 filters, ActionResult actionResult)
   en System.Web.Mvc.Async.AsyncControllerActionInvoker.<>c__DisplayClass3_1.<BeginInvokeAction>b__1(IAsyncResult asyncResult)
2026-02-06 15:52:24.644 | INFO  | CID:N/A | Iniciando procesador de cola de correos
2026-02-06 15:52:29.936 | INFO  | CID:3a583abf2485 | USR:USU_ADMIN | Account/Login | Iniciando acción: Account/Login
2026-02-06 15:52:30.504 | INFO  | CID:3a583abf2485 | USR:USU_ADMIN | Account/Login | Acción completada: Account/Login
2026-02-06 15:57:32.396 | INFO  | CID:N/A | Iniciando procesador de cola de correos
2026-02-06 15:57:35.813 | INFO  | CID:1e9afcab3626 | USR:USU_ADMIN | Account/Login | Iniciando acción: Account/Login
2026-02-06 15:57:36.362 | INFO  | CID:1e9afcab3626 | USR:USU_ADMIN | Account/Login | Acción completada: Account/Login
