2026-02-20 07:53:48.787 | INFO  | CID:f71788de8ce8 | Account/Login | Iniciando acción: Account/Login
2026-02-20 07:53:48.920 | INFO  | CID:f71788de8ce8 | Account/Login | Acción completada: Account/Login
2026-02-20 08:48:44.916 | INFO  | CID:N/A | Iniciando procesador de cola de correos
2026-02-20 08:48:57.019 | INFO  | CID:d968d9d4d4f2 | Account/Login | Iniciando acción: Account/Login
2026-02-20 08:48:57.346 | INFO  | CID:d968d9d4d4f2 | Account/Login | Acción completada: Account/Login
2026-02-20 08:49:42.050 | INFO  | CID:d83c12268ce6 | USR:USU_ADMIN | Financiero/AprobarPagoConFactura | Iniciando acción: Financiero/AprobarPagoConFactura
2026-02-20 08:49:42.121 | INFO  | CID:d83c12268ce6 | USR:USU_ADMIN | Financiero/AprobarPagoConFactura | Acción completada: Financiero/AprobarPagoConFactura
2026-02-20 08:49:50.431 | INFO  | CID:15e1dbc4bfc0 | USR:USU_ADMIN | Financiero/AprobarPagoConFactura | Iniciando acción: Financiero/AprobarPagoConFactura
2026-02-20 08:49:50.452 | INFO  | CID:15e1dbc4bfc0 | USR:USU_ADMIN | Financiero/AprobarPagoConFactura | Acción completada: Financiero/AprobarPagoConFactura
2026-02-20 08:49:53.085 | INFO  | CID:cac9b5b5720c | USR:USU_ADMIN | Financiero/AprobarPagoConFactura | Iniciando acción: Financiero/AprobarPagoConFactura
2026-02-20 08:49:53.100 | INFO  | CID:cac9b5b5720c | USR:USU_ADMIN | Financiero/AprobarPagoConFactura | Acción completada: Financiero/AprobarPagoConFactura
2026-02-20 08:49:53.718 | INFO  | CID:aa84313be07a | USR:USU_ADMIN | Financiero/AprobarPagoConFactura | Iniciando acción: Financiero/AprobarPagoConFactura
2026-02-20 08:49:53.734 | INFO  | CID:aa84313be07a | USR:USU_ADMIN | Financiero/AprobarPagoConFactura | Acción completada: Financiero/AprobarPagoConFactura
2026-02-20 08:49:54.279 | INFO  | CID:e711aea40fd4 | USR:USU_ADMIN | Financiero/AprobarPagoConFactura | Iniciando acción: Financiero/AprobarPagoConFactura
2026-02-20 08:49:54.297 | INFO  | CID:e711aea40fd4 | USR:USU_ADMIN | Financiero/AprobarPagoConFactura | Acción completada: Financiero/AprobarPagoConFactura
2026-02-20 08:49:54.838 | INFO  | CID:6c4a411dd4ee | USR:USU_ADMIN | Financiero/AprobarPagoConFactura | Iniciando acción: Financiero/AprobarPagoConFactura
2026-02-20 08:49:54.861 | INFO  | CID:6c4a411dd4ee | USR:USU_ADMIN | Financiero/AprobarPagoConFactura | Acción completada: Financiero/AprobarPagoConFactura
2026-02-20 08:50:02.328 | INFO  | CID:e9994313fbf4 | USR:USU_ADMIN | Financiero/AprobarPagoConFactura | Iniciando acción: Financiero/AprobarPagoConFactura
2026-02-20 08:50:02.344 | INFO  | CID:e9994313fbf4 | USR:USU_ADMIN | Financiero/AprobarPagoConFactura | Acción completada: Financiero/AprobarPagoConFactura
2026-02-20 08:50:02.854 | INFO  | CID:806740adfbbe | USR:USU_ADMIN | Financiero/AprobarPagoConFactura | Iniciando acción: Financiero/AprobarPagoConFactura
2026-02-20 08:50:02.872 | INFO  | CID:806740adfbbe | USR:USU_ADMIN | Financiero/AprobarPagoConFactura | Acción completada: Financiero/AprobarPagoConFactura
2026-02-20 08:50:03.174 | INFO  | CID:7d226cfbf6c7 | USR:USU_ADMIN | Financiero/AprobarPagoConFactura | Iniciando acción: Financiero/AprobarPagoConFactura
2026-02-20 08:50:03.190 | INFO  | CID:7d226cfbf6c7 | USR:USU_ADMIN | Financiero/AprobarPagoConFactura | Acción completada: Financiero/AprobarPagoConFactura
2026-02-20 08:50:03.442 | INFO  | CID:014f05fd9bc7 | USR:USU_ADMIN | Financiero/AprobarPagoConFactura | Iniciando acción: Financiero/AprobarPagoConFactura
2026-02-20 08:50:03.457 | INFO  | CID:014f05fd9bc7 | USR:USU_ADMIN | Financiero/AprobarPagoConFactura | Acción completada: Financiero/AprobarPagoConFactura
2026-02-20 08:50:03.674 | INFO  | CID:821d426d2a60 | USR:USU_ADMIN | Financiero/AprobarPagoConFactura | Iniciando acción: Financiero/AprobarPagoConFactura
2026-02-20 08:50:03.706 | INFO  | CID:821d426d2a60 | USR:USU_ADMIN | Financiero/AprobarPagoConFactura | Acción completada: Financiero/AprobarPagoConFactura
2026-02-20 08:50:03.875 | INFO  | CID:b9c5f6918605 | USR:USU_ADMIN | Financiero/AprobarPagoConFactura | Iniciando acción: Financiero/AprobarPagoConFactura
2026-02-20 08:50:03.905 | INFO  | CID:b9c5f6918605 | USR:USU_ADMIN | Financiero/AprobarPagoConFactura | Acción completada: Financiero/AprobarPagoConFactura
2026-02-20 08:50:04.079 | INFO  | CID:686a3689bb7d | USR:USU_ADMIN | Financiero/AprobarPagoConFactura | Iniciando acción: Financiero/AprobarPagoConFactura
2026-02-20 08:50:04.097 | INFO  | CID:686a3689bb7d | USR:USU_ADMIN | Financiero/AprobarPagoConFactura | Acción completada: Financiero/AprobarPagoConFactura
2026-02-20 08:50:04.326 | INFO  | CID:ff8b26f23eb7 | USR:USU_ADMIN | Financiero/AprobarPagoConFactura | Iniciando acción: Financiero/AprobarPagoConFactura
2026-02-20 08:50:04.342 | INFO  | CID:ff8b26f23eb7 | USR:USU_ADMIN | Financiero/AprobarPagoConFactura | Acción completada: Financiero/AprobarPagoConFactura
2026-02-20 08:50:04.526 | INFO  | CID:8ddb38e87871 | USR:USU_ADMIN | Financiero/AprobarPagoConFactura | Iniciando acción: Financiero/AprobarPagoConFactura
2026-02-20 08:50:04.543 | INFO  | CID:8ddb38e87871 | USR:USU_ADMIN | Financiero/AprobarPagoConFactura | Acción completada: Financiero/AprobarPagoConFactura
2026-02-20 08:50:04.791 | INFO  | CID:5fb3fa11993d | USR:USU_ADMIN | Financiero/AprobarPagoConFactura | Iniciando acción: Financiero/AprobarPagoConFactura
2026-02-20 08:50:04.812 | INFO  | CID:5fb3fa11993d | USR:USU_ADMIN | Financiero/AprobarPagoConFactura | Acción completada: Financiero/AprobarPagoConFactura
2026-02-20 08:50:05.023 | INFO  | CID:219e13777023 | USR:USU_ADMIN | Financiero/AprobarPagoConFactura | Iniciando acción: Financiero/AprobarPagoConFactura
2026-02-20 08:50:05.040 | INFO  | CID:219e13777023 | USR:USU_ADMIN | Financiero/AprobarPagoConFactura | Acción completada: Financiero/AprobarPagoConFactura
2026-02-20 08:50:05.236 | INFO  | CID:223b6618d6aa | USR:USU_ADMIN | Financiero/AprobarPagoConFactura | Iniciando acción: Financiero/AprobarPagoConFactura
2026-02-20 08:50:05.254 | INFO  | CID:223b6618d6aa | USR:USU_ADMIN | Financiero/AprobarPagoConFactura | Acción completada: Financiero/AprobarPagoConFactura
2026-02-20 08:50:05.453 | INFO  | CID:b85c4bc545a0 | USR:USU_ADMIN | Financiero/AprobarPagoConFactura | Iniciando acción: Financiero/AprobarPagoConFactura
2026-02-20 08:50:05.472 | INFO  | CID:b85c4bc545a0 | USR:USU_ADMIN | Financiero/AprobarPagoConFactura | Acción completada: Financiero/AprobarPagoConFactura
2026-02-20 08:50:05.683 | INFO  | CID:637a8471c22c | USR:USU_ADMIN | Financiero/AprobarPagoConFactura | Iniciando acción: Financiero/AprobarPagoConFactura
2026-02-20 08:50:05.708 | INFO  | CID:637a8471c22c | USR:USU_ADMIN | Financiero/AprobarPagoConFactura | Acción completada: Financiero/AprobarPagoConFactura
2026-02-20 08:54:58.287 | INFO  | CID:N/A | Iniciando procesador de cola de correos
2026-02-20 08:55:07.871 | INFO  | CID:1863984e64ca | Account/Login | Iniciando acción: Account/Login
2026-02-20 08:55:08.399 | INFO  | CID:1863984e64ca | Account/Login | Acción completada: Account/Login
2026-02-20 08:55:39.321 | INFO  | CID:24287451ae43 | USR:USU_ADMIN | Financiero/AprobarPagoConFactura | Iniciando acción: Financiero/AprobarPagoConFactura
2026-02-20 08:55:39.367 | INFO  | CID:24287451ae43 | USR:USU_ADMIN | Financiero/AprobarPagoConFactura | Acción completada: Financiero/AprobarPagoConFactura
2026-02-20 08:55:41.886 | INFO  | CID:7e676507c748 | USR:USU_ADMIN | Financiero/AprobarPagoConFactura | Iniciando acción: Financiero/AprobarPagoConFactura
2026-02-20 08:55:41.907 | INFO  | CID:7e676507c748 | USR:USU_ADMIN | Financiero/AprobarPagoConFactura | Acción completada: Financiero/AprobarPagoConFactura
2026-02-20 08:55:42.620 | INFO  | CID:8718c9764e8f | USR:USU_ADMIN | Financiero/AprobarPagoConFactura | Iniciando acción: Financiero/AprobarPagoConFactura
2026-02-20 08:55:42.641 | INFO  | CID:8718c9764e8f | USR:USU_ADMIN | Financiero/AprobarPagoConFactura | Acción completada: Financiero/AprobarPagoConFactura
2026-02-20 08:55:43.109 | INFO  | CID:55e76680fd42 | USR:USU_ADMIN | Financiero/AprobarPagoConFactura | Iniciando acción: Financiero/AprobarPagoConFactura
2026-02-20 08:55:43.130 | INFO  | CID:55e76680fd42 | USR:USU_ADMIN | Financiero/AprobarPagoConFactura | Acción completada: Financiero/AprobarPagoConFactura
2026-02-20 08:55:43.792 | INFO  | CID:b6373ea626dd | USR:USU_ADMIN | Financiero/AprobarPagoConFactura | Iniciando acción: Financiero/AprobarPagoConFactura
2026-02-20 08:55:43.817 | INFO  | CID:b6373ea626dd | USR:USU_ADMIN | Financiero/AprobarPagoConFactura | Acción completada: Financiero/AprobarPagoConFactura
2026-02-20 08:55:44.526 | INFO  | CID:6a96e6a234e1 | USR:USU_ADMIN | Financiero/AprobarPagoConFactura | Iniciando acción: Financiero/AprobarPagoConFactura
2026-02-20 08:55:44.748 | INFO  | CID:6a96e6a234e1 | USR:USU_ADMIN | Financiero/AprobarPagoConFactura | Acción completada: Financiero/AprobarPagoConFactura
2026-02-20 08:55:45.309 | INFO  | CID:e9638bba1dfc | USR:USU_ADMIN | Financiero/AprobarPagoConFactura | Iniciando acción: Financiero/AprobarPagoConFactura
2026-02-20 08:55:45.330 | INFO  | CID:e9638bba1dfc | USR:USU_ADMIN | Financiero/AprobarPagoConFactura | Acción completada: Financiero/AprobarPagoConFactura
2026-02-20 08:55:45.767 | INFO  | CID:3ff4bfc14996 | USR:USU_ADMIN | Financiero/AprobarPagoConFactura | Iniciando acción: Financiero/AprobarPagoConFactura
2026-02-20 08:55:46.062 | INFO  | CID:3ff4bfc14996 | USR:USU_ADMIN | Financiero/AprobarPagoConFactura | Acción completada: Financiero/AprobarPagoConFactura
2026-02-20 08:56:06.702 | INFO  | CID:53c35ca89931 | USR:USU_ADMIN | Financiero/AprobarPagoConFactura | Iniciando acción: Financiero/AprobarPagoConFactura
2026-02-20 08:56:06.764 | INFO  | CID:53c35ca89931 | USR:USU_ADMIN | Financiero/AprobarPagoConFactura | Acción completada: Financiero/AprobarPagoConFactura
2026-02-20 08:56:10.286 | INFO  | CID:1c1f6b86a015 | USR:USU_ADMIN | Financiero/AprobarPagoConFactura | Iniciando acción: Financiero/AprobarPagoConFactura
2026-02-20 08:56:10.308 | INFO  | CID:1c1f6b86a015 | USR:USU_ADMIN | Financiero/AprobarPagoConFactura | Acción completada: Financiero/AprobarPagoConFactura
2026-02-20 08:56:10.902 | INFO  | CID:ba6eea271a85 | USR:USU_ADMIN | Financiero/AprobarPagoConFactura | Iniciando acción: Financiero/AprobarPagoConFactura
2026-02-20 08:56:11.137 | INFO  | CID:ba6eea271a85 | USR:USU_ADMIN | Financiero/AprobarPagoConFactura | Acción completada: Financiero/AprobarPagoConFactura
2026-02-20 08:56:11.739 | INFO  | CID:1b616ebc3439 | USR:USU_ADMIN | Financiero/AprobarPagoConFactura | Iniciando acción: Financiero/AprobarPagoConFactura
2026-02-20 08:56:11.961 | INFO  | CID:1b616ebc3439 | USR:USU_ADMIN | Financiero/AprobarPagoConFactura | Acción completada: Financiero/AprobarPagoConFactura
2026-02-20 08:56:12.663 | INFO  | CID:4788b4f00e33 | USR:USU_ADMIN | Financiero/AprobarPagoConFactura | Iniciando acción: Financiero/AprobarPagoConFactura
2026-02-20 08:56:13.326 | INFO  | CID:4788b4f00e33 | USR:USU_ADMIN | Financiero/AprobarPagoConFactura | Acción completada: Financiero/AprobarPagoConFactura
2026-02-20 08:58:10.578 | INFO  | CID:f839ea8f71f9 | USR:USU_ADMIN | Financiero/AprobarPagoConFactura | Iniciando acción: Financiero/AprobarPagoConFactura
2026-02-20 08:58:10.605 | INFO  | CID:f839ea8f71f9 | USR:USU_ADMIN | Financiero/AprobarPagoConFactura | Acción completada: Financiero/AprobarPagoConFactura
2026-02-20 09:19:24.902 | INFO  | CID:N/A | Iniciando procesador de cola de correos
2026-02-20 09:19:43.680 | INFO  | CID:972e8c7ca654 | Account/Login | Iniciando acción: Account/Login
2026-02-20 09:19:44.197 | INFO  | CID:972e8c7ca654 | Account/Login | Acción completada: Account/Login
2026-02-20 09:20:24.578 | INFO  | CID:b6b11852c0db | USR:USU_ADMIN | Financiero/AprobarPagoConFactura | Iniciando acción: Financiero/AprobarPagoConFactura
2026-02-20 09:20:24.929 | INFO  | CID:b6b11852c0db | USR:USU_ADMIN | Financiero/AprobarPagoConFactura | Acción completada: Financiero/AprobarPagoConFactura
2026-02-20 09:20:25.891 | ERROR | CID:N/A | ERR:EMAIL_QUEUE_ERROR | Error al procesar la solicitud. Contacte al administrador.
    Exception: DataAccessException
    StackTrace:    en CapaDatos.Infrastructure.BaseDAO.ExecuteWithConnection[T](Func`2 action) en C:\AOCR\AOCR\AOCR05-01-2026\AOCR1\AOCR\CapaDatos\Infrastructure\BaseDAO.cs:línea 68
   en CapaDatos.Services.EmailQueueService.<ObtenerSiguienteAsync>d__8.MoveNext() en C:\AOCR\AOCR\AOCR05-01-2026\AOCR1\AOCR\CapaDatos\Services\EmailQueueService.cs:línea 308
--- Fin del seguimiento de la pila de la ubicación anterior donde se produjo la excepción ---
   en System.Runtime.ExceptionServices.ExceptionDispatchInfo.Throw()
   en System.Runtime.CompilerServices.TaskAwaiter.HandleNonSuccessAndDebuggerNotification(Task task)
   en System.Runtime.CompilerServices.TaskAwaiter`1.GetResult()
   en CapaDatos.Services.EmailQueueProcessor.<ProcessQueueAsync>d__11.MoveNext() en C:\AOCR\AOCR\AOCR05-01-2026\AOCR1\AOCR\CapaDatos\Services\EmailQueueService.cs:línea 593
2026-02-20 09:21:42.125 | INFO  | CID:154e22d365f6 | USR:USU_ADMIN | Financiero/AprobarPagoConFactura | Iniciando acción: Financiero/AprobarPagoConFactura
2026-02-20 09:21:42.589 | INFO  | CID:154e22d365f6 | USR:USU_ADMIN | Financiero/AprobarPagoConFactura | Acción completada: Financiero/AprobarPagoConFactura
2026-02-20 09:21:46.231 | ERROR | CID:N/A | ERR:EMAIL_QUEUE_ERROR | Error al procesar la solicitud. Contacte al administrador.
    Exception: DataAccessException
    StackTrace:    en CapaDatos.Infrastructure.BaseDAO.ExecuteWithConnection[T](Func`2 action) en C:\AOCR\AOCR\AOCR05-01-2026\AOCR1\AOCR\CapaDatos\Infrastructure\BaseDAO.cs:línea 68
   en CapaDatos.Services.EmailQueueService.<ObtenerSiguienteAsync>d__8.MoveNext() en C:\AOCR\AOCR\AOCR05-01-2026\AOCR1\AOCR\CapaDatos\Services\EmailQueueService.cs:línea 308
--- Fin del seguimiento de la pila de la ubicación anterior donde se produjo la excepción ---
   en System.Runtime.ExceptionServices.ExceptionDispatchInfo.Throw()
   en System.Runtime.CompilerServices.TaskAwaiter.HandleNonSuccessAndDebuggerNotification(Task task)
   en System.Runtime.CompilerServices.TaskAwaiter`1.GetResult()
   en CapaDatos.Services.EmailQueueProcessor.<ProcessQueueAsync>d__11.MoveNext() en C:\AOCR\AOCR\AOCR05-01-2026\AOCR1\AOCR\CapaDatos\Services\EmailQueueService.cs:línea 593
2026-02-20 09:27:29.940 | INFO  | CID:N/A | Iniciando procesador de cola de correos
2026-02-20 09:27:39.090 | INFO  | CID:1fe5d073e033 | Account/Login | Iniciando acción: Account/Login
2026-02-20 09:27:39.402 | INFO  | CID:1fe5d073e033 | Account/Login | Acción completada: Account/Login
2026-02-20 09:28:21.101 | INFO  | CID:7ad3b3ad273d | USR:USU_ADMIN | Financiero/AprobarPagoConFactura | Iniciando acción: Financiero/AprobarPagoConFactura
2026-02-20 09:28:21.603 | INFO  | CID:7ad3b3ad273d | USR:USU_ADMIN | Financiero/AprobarPagoConFactura | Acción completada: Financiero/AprobarPagoConFactura
2026-02-20 09:28:31.033 | INFO  | CID:N/A | Procesando email 3 para gercavi82@gmail.com
2026-02-20 09:28:31.711 | INFO  | CID:N/A | Email 3 enviado exitosamente
2026-02-20 09:28:31.714 | INFO  | CID:N/A | Email 3 enviado exitosamente
2026-02-20 09:34:53.259 | INFO  | CID:e4cd6a0f6329 | USR:USU_ADMIN | Financiero/RechazarOrden | Iniciando acción: Financiero/RechazarOrden
2026-02-20 09:34:53.589 | ERROR | CID:N/A | ERR:EMAIL_ERROR | Error al enviar correo.
    Exception: SmtpException
    StackTrace:    en System.Net.Mail.SmtpClient.SendAsync(MailMessage message, Object userToken)
   en System.Net.Mail.SmtpClient.SendMailAsync(MailMessage message)
   en CapaDatos.Services.EmailService.<EnviarAsync>d__4.MoveNext() en C:\AOCR\AOCR\AOCR05-01-2026\AOCR1\AOCR\CapaDatos\Services\EmailService.cs:línea 76
2026-02-20 09:34:53.608 | INFO  | CID:8a17b85c8b56 | Enviando correo a gercavi82@gmail.com, Asunto: Notificacion de rechazo - Orden OR-202602191053188...
2026-02-20 09:34:53.804 | INFO  | CID:8a17b85c8b56 | Correo enviado exitosamente a gercavi82@gmail.com
2026-02-20 09:34:53.807 | WARN  | CID:N/A | ERR:EMAIL_FALLBACK_OK | Correo enviado por fallback EnviarCorreo.
2026-02-20 09:34:53.809 | INFO  | CID:N/A | ORD:OR-20260219105318827-7 | ERR:EMAIL_RECHAZO_OK | Notificacion de rechazo enviada correctamente
2026-02-20 09:34:53.812 | INFO  | CID:e4cd6a0f6329 | USR:USU_ADMIN | Financiero/RechazarOrden | Acción completada: Financiero/RechazarOrden
2026-02-20 09:35:32.286 | INFO  | CID:629d217d1ffe | USR:USU_ADMIN | Financiero/AprobarPagoConFactura | Iniciando acción: Financiero/AprobarPagoConFactura
2026-02-20 09:35:32.730 | INFO  | CID:629d217d1ffe | USR:USU_ADMIN | Financiero/AprobarPagoConFactura | Acción completada: Financiero/AprobarPagoConFactura
2026-02-20 09:35:42.331 | INFO  | CID:N/A | Procesando email 4 para gercavi82@gmail.com
2026-02-20 09:35:42.476 | INFO  | CID:N/A | Email 4 enviado exitosamente
2026-02-20 09:35:42.478 | INFO  | CID:N/A | Email 4 enviado exitosamente
2026-02-20 09:40:08.056 | INFO  | CID:N/A | Deteniendo procesador de cola de correos
2026-02-20 09:40:08.086 | INFO  | CID:N/A | Deteniendo procesador de cola de correos
2026-02-20 09:41:08.961 | INFO  | CID:N/A | Iniciando procesador de cola de correos
2026-02-20 09:41:30.327 | INFO  | CID:e9b98f11a5df | Account/Login | Iniciando acción: Account/Login
2026-02-20 09:41:30.630 | INFO  | CID:e9b98f11a5df | Account/Login | Acción completada: Account/Login
2026-02-20 09:42:05.341 | INFO  | CID:849a0b53e948 | USR:USU_ADMIN | Financiero/AprobarPagoConFactura | Iniciando acción: Financiero/AprobarPagoConFactura
2026-02-20 09:42:05.728 | INFO  | CID:849a0b53e948 | USR:USU_ADMIN | Financiero/AprobarPagoConFactura | Acción completada: Financiero/AprobarPagoConFactura
2026-02-20 09:42:10.340 | INFO  | CID:N/A | Procesando email 5 para gercavi82@gmail.com
2026-02-20 09:42:11.066 | INFO  | CID:N/A | Email 5 enviado exitosamente
2026-02-20 09:42:11.068 | INFO  | CID:N/A | Email 5 enviado exitosamente
2026-02-20 10:00:11.045 | INFO  | CID:e1de9e5e6406 | USR:USU_ADMIN | OrdenRecaudacion/Nueva | Iniciando acción: OrdenRecaudacion/Nueva
2026-02-20 10:00:11.328 | INFO  | CID:e1de9e5e6406 | USR:USU_ADMIN | OrdenRecaudacion/Nueva | Acción completada: OrdenRecaudacion/Nueva
2026-02-20 10:05:45.793 | INFO  | CID:N/A | Deteniendo procesador de cola de correos
2026-02-20 10:05:45.816 | INFO  | CID:N/A | Deteniendo procesador de cola de correos
2026-02-20 10:08:23.684 | INFO  | CID:N/A | Iniciando procesador de cola de correos
2026-02-20 10:08:24.263 | INFO  | CID:71f063d01051 | USR:USU_ADMIN | OrdenRecaudacion/Anular | Iniciando acción: OrdenRecaudacion/Anular
2026-02-20 10:08:24.270 | INFO  | CID:71f063d01051 | USR:USU_ADMIN | OrdenRecaudacion/Anular | Acción completada: OrdenRecaudacion/Anular
2026-02-20 10:08:34.570 | ERROR | CID:b5c8679d2cb54cab84347c922e5bc411 | Account/Login | ERR:INTERNAL_ERROR | El token antifalsificación proporcionado se diseñó para el usuario "USU_ADMIN" pero el usuario actual es "".
    Exception: HttpAntiForgeryException
    StackTrace:    en System.Web.Helpers.AntiXsrf.TokenValidator.ValidateTokens(HttpContextBase httpContext, IIdentity identity, AntiForgeryToken sessionToken, AntiForgeryToken fieldToken)
   en System.Web.Helpers.AntiXsrf.AntiForgeryWorker.Validate(HttpContextBase httpContext)
   en System.Web.Mvc.ControllerActionInvoker.InvokeAuthorizationFilters(ControllerContext controllerContext, IList`1 filters, ActionDescriptor actionDescriptor)
   en System.Web.Mvc.Async.AsyncControllerActionInvoker.<>c__DisplayClass3_1.<BeginInvokeAction>b__0(AsyncCallback asyncCallback, Object asyncState)
2026-02-20 10:08:45.712 | INFO  | CID:1ed0210d8889 | Account/Login | Iniciando acción: Account/Login
2026-02-20 10:08:46.200 | INFO  | CID:1ed0210d8889 | Account/Login | Acción completada: Account/Login
2026-02-20 10:09:25.104 | INFO  | CID:e7bcade7a7f7 | USR:USU_ADMIN | OrdenRecaudacion/Anular | Iniciando acción: OrdenRecaudacion/Anular
2026-02-20 10:09:25.130 | INFO  | CID:e7bcade7a7f7 | USR:USU_ADMIN | OrdenRecaudacion/Anular | Acción completada: OrdenRecaudacion/Anular
2026-02-20 10:28:32.644 | INFO  | CID:N/A | Iniciando procesador de cola de correos
2026-02-20 10:28:45.993 | INFO  | CID:a473a4cf36b5 | Account/Login | Iniciando acción: Account/Login
2026-02-20 10:28:46.559 | INFO  | CID:a473a4cf36b5 | Account/Login | Acción completada: Account/Login
2026-02-20 11:23:31.339 | INFO  | CID:N/A | Iniciando procesador de cola de correos
2026-02-20 11:23:42.891 | INFO  | CID:2b32b984e9ab | Account/Login | Iniciando acción: Account/Login
2026-02-20 11:23:44.068 | INFO  | CID:2b32b984e9ab | Account/Login | Acción completada: Account/Login
2026-02-20 11:34:33.053 | INFO  | CID:04734e2ff79d | USR:USU_ADMIN | AdminUsuarios/Edit | Iniciando acción: AdminUsuarios/Edit
2026-02-20 11:34:33.390 | INFO  | CID:04734e2ff79d | USR:USU_ADMIN | AdminUsuarios/Edit | Acción completada: AdminUsuarios/Edit
2026-02-20 11:34:43.876 | INFO  | CID:5e5b8a1bae9d | USR:USU_ADMIN | AdminUsuarios/ResetPassword | Iniciando acción: AdminUsuarios/ResetPassword
2026-02-20 11:34:44.408 | INFO  | CID:5e5b8a1bae9d | USR:USU_ADMIN | AdminUsuarios/ResetPassword | Acción completada: AdminUsuarios/ResetPassword
2026-02-20 11:38:50.925 | INFO  | CID:4d5c6fac7394 | Account/Login | Iniciando acción: Account/Login
2026-02-20 11:38:51.464 | INFO  | CID:4d5c6fac7394 | Account/Login | Acción completada: Account/Login
2026-02-20 11:39:28.794 | INFO  | CID:bece5a90e359 | USR:USU_ADMIN | AdminUsuarios/Edit | Iniciando acción: AdminUsuarios/Edit
2026-02-20 11:39:29.272 | INFO  | CID:bece5a90e359 | USR:USU_ADMIN | AdminUsuarios/Edit | Acción completada: AdminUsuarios/Edit
2026-02-20 11:40:04.540 | INFO  | CID:bb3df3e5e268 | USR:USU_ADMIN | AdminUsuarios/Edit | Iniciando acción: AdminUsuarios/Edit
2026-02-20 11:40:04.982 | INFO  | CID:bb3df3e5e268 | USR:USU_ADMIN | AdminUsuarios/Edit | Acción completada: AdminUsuarios/Edit
2026-02-20 11:46:28.759 | INFO  | CID:N/A | Iniciando procesador de cola de correos
2026-02-20 11:46:40.590 | INFO  | CID:2761192dd5ae | Account/Login | Iniciando acción: Account/Login
2026-02-20 11:46:41.428 | INFO  | CID:2761192dd5ae | Account/Login | Acción completada: Account/Login
2026-02-20 11:47:02.472 | INFO  | CID:a46144917085 | USR:USU_ADMIN | AdminUsuarios/ResetPassword | Iniciando acción: AdminUsuarios/ResetPassword
2026-02-20 11:47:03.357 | INFO  | CID:b89070daf45a | Correo encolado: ID=6, Para=german.cajas@aviacioncivil.gob.ec
2026-02-20 11:47:03.359 | INFO  | CID:a46144917085 | USR:USU_ADMIN | AdminUsuarios/ResetPassword | Acción completada: AdminUsuarios/ResetPassword
2026-02-20 11:47:09.574 | INFO  | CID:N/A | Procesando email 6 para german.cajas@aviacioncivil.gob.ec
2026-02-20 11:47:09.895 | INFO  | CID:N/A | Email 6 enviado exitosamente
2026-02-20 11:47:09.897 | INFO  | CID:N/A | Email 6 enviado exitosamente
2026-02-20 11:49:48.848 | INFO  | CID:39d4c504518b | Account/Login | Iniciando acción: Account/Login
2026-02-20 11:49:49.321 | INFO  | CID:39d4c504518b | Account/Login | Acción completada: Account/Login
2026-02-20 11:55:23.261 | INFO  | CID:N/A | Iniciando procesador de cola de correos
2026-02-20 11:55:46.007 | INFO  | CID:35d07340143f | Account/Login | Iniciando acción: Account/Login
2026-02-20 11:55:46.854 | INFO  | CID:35d07340143f | Account/Login | Acción completada: Account/Login
2026-02-20 11:56:31.748 | INFO  | CID:464441a7032e | Account/Login | Iniciando acción: Account/Login
2026-02-20 11:56:32.236 | INFO  | CID:464441a7032e | Account/Login | Acción completada: Account/Login
2026-02-20 11:57:20.130 | INFO  | CID:38f245eb0a1c | USR:USU_ADMIN | AdminUsuarios/Edit | Iniciando acción: AdminUsuarios/Edit
2026-02-20 11:57:20.436 | INFO  | CID:38f245eb0a1c | USR:USU_ADMIN | AdminUsuarios/Edit | Acción completada: AdminUsuarios/Edit
2026-02-20 11:57:32.966 | INFO  | CID:11e2dd4e47e9 | Account/Login | Iniciando acción: Account/Login
2026-02-20 11:57:33.460 | INFO  | CID:11e2dd4e47e9 | Account/Login | Acción completada: Account/Login
2026-02-20 12:03:12.865 | INFO  | CID:N/A | Iniciando procesador de cola de correos
2026-02-20 12:03:24.009 | INFO  | CID:95c59b8ae6ed | Account/Login | Iniciando acción: Account/Login
2026-02-20 12:03:24.853 | INFO  | CID:95c59b8ae6ed | Account/Login | Acción completada: Account/Login
2026-02-20 12:12:08.144 | INFO  | CID:N/A | Iniciando procesador de cola de correos
2026-02-20 12:12:34.723 | INFO  | CID:03c0e562fd26 | Account/Login | Iniciando acción: Account/Login
2026-02-20 12:12:35.829 | INFO  | CID:03c0e562fd26 | Account/Login | Acción completada: Account/Login
2026-02-20 12:12:42.098 | ERROR | CID:22eec8b38cf5 | USR:1713091955 | OrdenRecaudacion/DescargarPdf | ERR:INTERNAL_ERROR | c:\AOCR\AOCR\AOCR05-01-2026\AOCR1\AOCR\CapaPresentacion\Views\OrdenRecaudacion\OrdenRecaudacionPDF.cshtml(23): error CS0103: El nombre 'page' no existe en el contexto actual
    Exception: HttpCompileException
    StackTrace:    en System.Web.Compilation.AssemblyBuilder.Compile()
   en System.Web.Compilation.BuildProvidersCompiler.PerformBuild()
   en System.Web.Compilation.BuildManager.CompileWebFile(VirtualPath virtualPath)
   en System.Web.Compilation.BuildManager.GetVPathBuildResultInternal(VirtualPath virtualPath, Boolean noBuild, Boolean allowCrossApp, Boolean allowBuildInPrecompile, Boolean throwIfNotFound, Boolean ensureIsUpToDate)
   en System.Web.Compilation.BuildManager.GetVPathBuildResultWithNoAssert(HttpContext context, VirtualPath virtualPath, Boolean noBuild, Boolean allowCrossApp, Boolean allowBuildInPrecompile, Boolean throwIfNotFound, Boolean ensureIsUpToDate)
   en System.Web.Compilation.BuildManager.GetVirtualPathObjectFactory(VirtualPath virtualPath, HttpContext context, Boolean allowCrossApp, Boolean throwIfNotFound)
   en System.Web.Compilation.BuildManager.GetCompiledType(VirtualPath virtualPath)
   en System.Web.Mvc.BuildManagerCompiledView.Render(ViewContext viewContext, TextWriter writer)
   en Rotativa.Extensions.ControllerContextExtensions.GetHtmlFromView(ControllerContext context, ViewEngineResult viewResult, String viewName, Object model)
   en Rotativa.ViewAsPdf.CallTheDriver(ControllerContext context)
   en Rotativa.AsResultBase.BuildFile(ControllerContext context)
   en Rotativa.AsResultBase.ExecuteResult(ControllerContext context)
   en System.Web.Mvc.ControllerActionInvoker.InvokeActionResultFilterRecursive(IList`1 filters, Int32 filterIndex, ResultExecutingContext preContext, ControllerContext controllerContext, ActionResult actionResult)
   en System.Web.Mvc.ControllerActionInvoker.InvokeActionResultFilterRecursive(IList`1 filters, Int32 filterIndex, ResultExecutingContext preContext, ControllerContext controllerContext, ActionResult actionResult)
   en System.Web.Mvc.ControllerActionInvoker.InvokeActionResultFilterRecursive(IList`1 filters, Int32 filterIndex, ResultExecutingContext preContext, ControllerContext controllerContext, ActionResult actionResult)
   en System.Web.Mvc.ControllerActionInvoker.InvokeActionResultFilterRecursive(IList`1 filters, Int32 filterIndex, ResultExecutingContext preContext, ControllerContext controllerContext, ActionResult actionResult)
   en System.Web.Mvc.ControllerActionInvoker.InvokeActionResultWithFilters(ControllerContext controllerContext, IList`1 filters, ActionResult actionResult)
   en System.Web.Mvc.Async.AsyncControllerActionInvoker.<>c__DisplayClass3_1.<BeginInvokeAction>b__1(IAsyncResult asyncResult)
2026-02-20 12:14:30.531 | INFO  | CID:N/A | Iniciando procesador de cola de correos
2026-02-20 12:14:37.569 | INFO  | CID:6a17e4f15eae | Account/Login | Iniciando acción: Account/Login
2026-02-20 12:14:38.435 | INFO  | CID:6a17e4f15eae | Account/Login | Acción completada: Account/Login
2026-02-20 12:30:24.748 | INFO  | CID:N/A | Iniciando procesador de cola de correos
2026-02-20 12:30:31.371 | INFO  | CID:b112b16e6cb7 | Account/Login | Iniciando acción: Account/Login
2026-02-20 12:30:32.618 | INFO  | CID:b112b16e6cb7 | Account/Login | Acción completada: Account/Login
2026-02-20 12:31:57.758 | INFO  | CID:e85f0a25fb13 | Account/Login | Iniciando acción: Account/Login
2026-02-20 12:31:58.226 | INFO  | CID:e85f0a25fb13 | Account/Login | Acción completada: Account/Login
2026-02-20 12:34:30.025 | INFO  | CID:N/A | Iniciando procesador de cola de correos
2026-02-20 12:34:35.998 | INFO  | CID:06575dfeb982 | Account/Login | Iniciando acción: Account/Login
2026-02-20 12:34:37.350 | INFO  | CID:06575dfeb982 | Account/Login | Acción completada: Account/Login
2026-02-20 13:41:42.258 | INFO  | CID:N/A | Iniciando procesador de cola de correos
2026-02-20 13:41:54.003 | INFO  | CID:6a5e78ea6d23 | Account/Login | Iniciando acción: Account/Login
2026-02-20 13:41:55.004 | INFO  | CID:6a5e78ea6d23 | Account/Login | Acción completada: Account/Login
2026-02-20 13:42:05.920 | ERROR | CID:3c919f00cee0 | USR:1713091955 | OrdenRecaudacion/DescargarPdf | ERR:INTERNAL_ERROR | c:\AOCR\AOCR\AOCR05-01-2026\AOCR1\AOCR\CapaPresentacion\Views\Shared\_PdfLayoutDGAC.cshtml(11): error CS0103: El nombre 'page' no existe en el contexto actual
    Exception: HttpCompileException
    StackTrace:    en System.Web.Compilation.AssemblyBuilder.Compile()
   en System.Web.Compilation.BuildProvidersCompiler.PerformBuild()
   en System.Web.Compilation.BuildManager.CompileWebFile(VirtualPath virtualPath)
   en System.Web.Compilation.BuildManager.GetVPathBuildResultInternal(VirtualPath virtualPath, Boolean noBuild, Boolean allowCrossApp, Boolean allowBuildInPrecompile, Boolean throwIfNotFound, Boolean ensureIsUpToDate)
   en System.Web.Compilation.BuildManager.GetVPathBuildResultWithNoAssert(HttpContext context, VirtualPath virtualPath, Boolean noBuild, Boolean allowCrossApp, Boolean allowBuildInPrecompile, Boolean throwIfNotFound, Boolean ensureIsUpToDate)
   en System.Web.Compilation.BuildManager.GetVirtualPathObjectFactory(VirtualPath virtualPath, HttpContext context, Boolean allowCrossApp, Boolean throwIfNotFound)
   en System.Web.Compilation.BuildManager.CreateInstanceFromVirtualPath(VirtualPath virtualPath, Type requiredBaseType, HttpContext context, Boolean allowCrossApp)
   en System.Web.WebPages.BuildManagerWrapper.CreateInstanceOfType[T](String virtualPath)
   en System.Web.WebPages.VirtualPathFactoryManager.CreateInstanceOfType[T](String virtualPath)
   en System.Web.WebPages.WebPageBase.CreatePageFromVirtualPath(String virtualPath, HttpContextBase httpContext, Func`2 virtualPathExists, DisplayModeProvider displayModeProvider, IDisplayMode displayMode)
   en System.Web.WebPages.WebPageBase.<>c__DisplayClass40_0.<RenderPageCore>b__0(TextWriter writer)
   en System.Web.WebPages.WebPageBase.Write(HelperResult result)
   en System.Web.WebPages.WebPageBase.RenderSurrounding(String partialViewName, Action`1 body)
   en System.Web.WebPages.WebPageBase.PopContext()
   en Rotativa.Extensions.ControllerContextExtensions.GetHtmlFromView(ControllerContext context, ViewEngineResult viewResult, String viewName, Object model)
   en Rotativa.ViewAsPdf.CallTheDriver(ControllerContext context)
   en Rotativa.AsResultBase.BuildFile(ControllerContext context)
   en Rotativa.AsResultBase.ExecuteResult(ControllerContext context)
   en System.Web.Mvc.ControllerActionInvoker.InvokeActionResultFilterRecursive(IList`1 filters, Int32 filterIndex, ResultExecutingContext preContext, ControllerContext controllerContext, ActionResult actionResult)
   en System.Web.Mvc.ControllerActionInvoker.InvokeActionResultFilterRecursive(IList`1 filters, Int32 filterIndex, ResultExecutingContext preContext, ControllerContext controllerContext, ActionResult actionResult)
   en System.Web.Mvc.ControllerActionInvoker.InvokeActionResultFilterRecursive(IList`1 filters, Int32 filterIndex, ResultExecutingContext preContext, ControllerContext controllerContext, ActionResult actionResult)
   en System.Web.Mvc.ControllerActionInvoker.InvokeActionResultFilterRecursive(IList`1 filters, Int32 filterIndex, ResultExecutingContext preContext, ControllerContext controllerContext, ActionResult actionResult)
   en System.Web.Mvc.ControllerActionInvoker.InvokeActionResultWithFilters(ControllerContext controllerContext, IList`1 filters, ActionResult actionResult)
   en System.Web.Mvc.Async.AsyncControllerActionInvoker.<>c__DisplayClass3_1.<BeginInvokeAction>b__1(IAsyncResult asyncResult)
2026-02-20 13:43:53.753 | INFO  | CID:N/A | Iniciando procesador de cola de correos
2026-02-20 13:43:59.935 | INFO  | CID:7229e17f526c | Account/Login | Iniciando acción: Account/Login
2026-02-20 13:44:00.975 | INFO  | CID:7229e17f526c | Account/Login | Acción completada: Account/Login
2026-02-20 13:51:14.545 | INFO  | CID:N/A | Iniciando procesador de cola de correos
2026-02-20 13:51:22.650 | INFO  | CID:d97cde454e13 | Account/Login | Iniciando acción: Account/Login
2026-02-20 13:51:23.561 | INFO  | CID:d97cde454e13 | Account/Login | Acción completada: Account/Login
2026-02-20 13:59:09.201 | INFO  | CID:N/A | Iniciando procesador de cola de correos
2026-02-20 13:59:15.064 | INFO  | CID:3d4b29759bd9 | Account/Login | Iniciando acción: Account/Login
2026-02-20 13:59:16.109 | INFO  | CID:3d4b29759bd9 | Account/Login | Acción completada: Account/Login
2026-02-20 14:05:00.925 | INFO  | CID:N/A | Iniciando procesador de cola de correos
2026-02-20 14:05:11.081 | INFO  | CID:c495c236d518 | Account/Login | Iniciando acción: Account/Login
2026-02-20 14:05:11.899 | INFO  | CID:c495c236d518 | Account/Login | Acción completada: Account/Login
2026-02-20 14:07:21.161 | INFO  | CID:N/A | Iniciando procesador de cola de correos
2026-02-20 14:07:30.912 | INFO  | CID:ae534fbef935 | Account/Login | Iniciando acción: Account/Login
2026-02-20 14:07:32.137 | INFO  | CID:ae534fbef935 | Account/Login | Acción completada: Account/Login
2026-02-20 14:20:23.266 | INFO  | CID:N/A | Iniciando procesador de cola de correos
2026-02-20 14:20:34.336 | INFO  | CID:611734501302 | Account/Login | Iniciando acción: Account/Login
2026-02-20 14:20:35.494 | INFO  | CID:611734501302 | Account/Login | Acción completada: Account/Login
2026-02-20 14:21:30.428 | INFO  | CID:N/A | Iniciando procesador de cola de correos
2026-02-20 14:21:40.071 | INFO  | CID:42e719b78a38 | Account/Login | Iniciando acción: Account/Login
2026-02-20 14:21:40.847 | INFO  | CID:42e719b78a38 | Account/Login | Acción completada: Account/Login
2026-02-20 14:29:30.641 | INFO  | CID:N/A | Iniciando procesador de cola de correos
2026-02-20 14:29:37.446 | INFO  | CID:f2cf2730c0c6 | Account/Login | Iniciando acción: Account/Login
2026-02-20 14:29:39.751 | INFO  | CID:f2cf2730c0c6 | Account/Login | Acción completada: Account/Login
2026-02-20 14:34:23.691 | INFO  | CID:N/A | Iniciando procesador de cola de correos
2026-02-20 14:34:42.286 | INFO  | CID:9fb8bd8d112c | Account/Login | Iniciando acción: Account/Login
2026-02-20 14:34:43.256 | INFO  | CID:9fb8bd8d112c | Account/Login | Acción completada: Account/Login
2026-02-20 14:34:50.192 | ERROR | CID:55d9059c088e | USR:1713091955 | OrdenRecaudacion/DescargarPdf | ERR:INTERNAL_ERROR | c:\AOCR\AOCR\AOCR05-01-2026\AOCR1\AOCR\CapaPresentacion\Views\Shared\_PdfLayoutDGAC.cshtml(11): error CS0103: El nombre 'page' no existe en el contexto actual
    Exception: HttpCompileException
    StackTrace:    en System.Web.Compilation.AssemblyBuilder.Compile()
   en System.Web.Compilation.BuildProvidersCompiler.PerformBuild()
   en System.Web.Compilation.BuildManager.CompileWebFile(VirtualPath virtualPath)
   en System.Web.Compilation.BuildManager.GetVPathBuildResultInternal(VirtualPath virtualPath, Boolean noBuild, Boolean allowCrossApp, Boolean allowBuildInPrecompile, Boolean throwIfNotFound, Boolean ensureIsUpToDate)
   en System.Web.Compilation.BuildManager.GetVPathBuildResultWithNoAssert(HttpContext context, VirtualPath virtualPath, Boolean noBuild, Boolean allowCrossApp, Boolean allowBuildInPrecompile, Boolean throwIfNotFound, Boolean ensureIsUpToDate)
   en System.Web.Compilation.BuildManager.GetVirtualPathObjectFactory(VirtualPath virtualPath, HttpContext context, Boolean allowCrossApp, Boolean throwIfNotFound)
   en System.Web.Compilation.BuildManager.CreateInstanceFromVirtualPath(VirtualPath virtualPath, Type requiredBaseType, HttpContext context, Boolean allowCrossApp)
   en System.Web.WebPages.BuildManagerWrapper.CreateInstanceOfType[T](String virtualPath)
   en System.Web.WebPages.VirtualPathFactoryManager.CreateInstanceOfType[T](String virtualPath)
   en System.Web.WebPages.WebPageBase.CreatePageFromVirtualPath(String virtualPath, HttpContextBase httpContext, Func`2 virtualPathExists, DisplayModeProvider displayModeProvider, IDisplayMode displayMode)
   en System.Web.WebPages.WebPageBase.<>c__DisplayClass40_0.<RenderPageCore>b__0(TextWriter writer)
   en System.Web.WebPages.WebPageBase.Write(HelperResult result)
   en System.Web.WebPages.WebPageBase.RenderSurrounding(String partialViewName, Action`1 body)
   en System.Web.WebPages.WebPageBase.PopContext()
   en Rotativa.Extensions.ControllerContextExtensions.GetHtmlFromView(ControllerContext context, ViewEngineResult viewResult, String viewName, Object model)
   en Rotativa.ViewAsPdf.CallTheDriver(ControllerContext context)
   en Rotativa.AsResultBase.BuildFile(ControllerContext context)
   en Rotativa.AsResultBase.ExecuteResult(ControllerContext context)
   en System.Web.Mvc.ControllerActionInvoker.InvokeActionResultFilterRecursive(IList`1 filters, Int32 filterIndex, ResultExecutingContext preContext, ControllerContext controllerContext, ActionResult actionResult)
   en System.Web.Mvc.ControllerActionInvoker.InvokeActionResultFilterRecursive(IList`1 filters, Int32 filterIndex, ResultExecutingContext preContext, ControllerContext controllerContext, ActionResult actionResult)
   en System.Web.Mvc.ControllerActionInvoker.InvokeActionResultFilterRecursive(IList`1 filters, Int32 filterIndex, ResultExecutingContext preContext, ControllerContext controllerContext, ActionResult actionResult)
   en System.Web.Mvc.ControllerActionInvoker.InvokeActionResultFilterRecursive(IList`1 filters, Int32 filterIndex, ResultExecutingContext preContext, ControllerContext controllerContext, ActionResult actionResult)
   en System.Web.Mvc.ControllerActionInvoker.InvokeActionResultWithFilters(ControllerContext controllerContext, IList`1 filters, ActionResult actionResult)
   en System.Web.Mvc.Async.AsyncControllerActionInvoker.<>c__DisplayClass3_1.<BeginInvokeAction>b__1(IAsyncResult asyncResult)
2026-02-20 14:40:15.733 | INFO  | CID:N/A | Iniciando procesador de cola de correos
2026-02-20 14:40:22.371 | INFO  | CID:3d15e76f06e3 | Account/Login | Iniciando acción: Account/Login
2026-02-20 14:40:23.208 | INFO  | CID:3d15e76f06e3 | Account/Login | Acción completada: Account/Login
2026-02-20 14:44:03.008 | INFO  | CID:N/A | Iniciando procesador de cola de correos
2026-02-20 14:44:09.729 | INFO  | CID:338ce5219b90 | Account/Login | Iniciando acción: Account/Login
2026-02-20 14:44:10.558 | INFO  | CID:338ce5219b90 | Account/Login | Acción completada: Account/Login
2026-02-20 14:47:36.492 | INFO  | CID:N/A | Iniciando procesador de cola de correos
2026-02-20 14:47:43.127 | INFO  | CID:ef20f4a5cc40 | Account/Login | Iniciando acción: Account/Login
2026-02-20 14:47:44.067 | INFO  | CID:ef20f4a5cc40 | Account/Login | Acción completada: Account/Login
2026-02-20 14:51:36.682 | INFO  | CID:N/A | Iniciando procesador de cola de correos
2026-02-20 14:51:44.824 | INFO  | CID:a53b62fd79c0 | Account/Login | Iniciando acción: Account/Login
2026-02-20 14:51:45.924 | INFO  | CID:a53b62fd79c0 | Account/Login | Acción completada: Account/Login
2026-02-20 14:57:36.630 | INFO  | CID:N/A | Iniciando procesador de cola de correos
2026-02-20 14:57:43.070 | INFO  | CID:3abef962663c | Account/Login | Iniciando acción: Account/Login
2026-02-20 14:57:45.161 | INFO  | CID:3abef962663c | Account/Login | Acción completada: Account/Login
2026-02-20 15:01:52.528 | INFO  | CID:N/A | Iniciando procesador de cola de correos
2026-02-20 15:02:04.122 | INFO  | CID:a33a335399b5 | Account/Login | Iniciando acción: Account/Login
2026-02-20 15:02:05.110 | INFO  | CID:a33a335399b5 | Account/Login | Acción completada: Account/Login
2026-02-20 15:16:23.405 | INFO  | CID:N/A | Iniciando procesador de cola de correos
2026-02-20 15:16:33.967 | INFO  | CID:8141fcf47b0c | Account/Login | Iniciando acción: Account/Login
2026-02-20 15:16:35.044 | INFO  | CID:8141fcf47b0c | Account/Login | Acción completada: Account/Login
2026-02-20 15:24:59.514 | INFO  | CID:N/A | Iniciando procesador de cola de correos
2026-02-20 15:25:08.871 | INFO  | CID:6b7e08bb0c5b | Account/Login | Iniciando acción: Account/Login
2026-02-20 15:25:09.942 | INFO  | CID:6b7e08bb0c5b | Account/Login | Acción completada: Account/Login
2026-02-20 15:25:18.998 | ERROR | CID:9b4bdcd413f9 | USR:1713091955 | OrdenRecaudacion/DescargarPdf | ERR:INTERNAL_ERROR | c:\AOCR\AOCR\AOCR05-01-2026\AOCR1\AOCR\CapaPresentacion\Views\Shared\_PdfLayoutDGAC.cshtml(9): error CS1525: El término de la expresión '.' no es válido
    Exception: HttpCompileException
    StackTrace:    en System.Web.Compilation.AssemblyBuilder.Compile()
   en System.Web.Compilation.BuildProvidersCompiler.PerformBuild()
   en System.Web.Compilation.BuildManager.CompileWebFile(VirtualPath virtualPath)
   en System.Web.Compilation.BuildManager.GetVPathBuildResultInternal(VirtualPath virtualPath, Boolean noBuild, Boolean allowCrossApp, Boolean allowBuildInPrecompile, Boolean throwIfNotFound, Boolean ensureIsUpToDate)
   en System.Web.Compilation.BuildManager.GetVPathBuildResultWithNoAssert(HttpContext context, VirtualPath virtualPath, Boolean noBuild, Boolean allowCrossApp, Boolean allowBuildInPrecompile, Boolean throwIfNotFound, Boolean ensureIsUpToDate)
   en System.Web.Compilation.BuildManager.GetVirtualPathObjectFactory(VirtualPath virtualPath, HttpContext context, Boolean allowCrossApp, Boolean throwIfNotFound)
   en System.Web.Compilation.BuildManager.CreateInstanceFromVirtualPath(VirtualPath virtualPath, Type requiredBaseType, HttpContext context, Boolean allowCrossApp)
   en System.Web.WebPages.BuildManagerWrapper.CreateInstanceOfType[T](String virtualPath)
   en System.Web.WebPages.VirtualPathFactoryManager.CreateInstanceOfType[T](String virtualPath)
   en System.Web.WebPages.WebPageBase.CreatePageFromVirtualPath(String virtualPath, HttpContextBase httpContext, Func`2 virtualPathExists, DisplayModeProvider displayModeProvider, IDisplayMode displayMode)
   en System.Web.WebPages.WebPageBase.<>c__DisplayClass40_0.<RenderPageCore>b__0(TextWriter writer)
   en System.Web.WebPages.WebPageBase.Write(HelperResult result)
   en System.Web.WebPages.WebPageBase.RenderSurrounding(String partialViewName, Action`1 body)
   en System.Web.WebPages.WebPageBase.PopContext()
   en Rotativa.Extensions.ControllerContextExtensions.GetHtmlFromView(ControllerContext context, ViewEngineResult viewResult, String viewName, Object model)
   en Rotativa.ViewAsPdf.CallTheDriver(ControllerContext context)
   en Rotativa.AsResultBase.BuildFile(ControllerContext context)
   en Rotativa.AsResultBase.ExecuteResult(ControllerContext context)
   en System.Web.Mvc.ControllerActionInvoker.InvokeActionResultFilterRecursive(IList`1 filters, Int32 filterIndex, ResultExecutingContext preContext, ControllerContext controllerContext, ActionResult actionResult)
   en System.Web.Mvc.ControllerActionInvoker.InvokeActionResultFilterRecursive(IList`1 filters, Int32 filterIndex, ResultExecutingContext preContext, ControllerContext controllerContext, ActionResult actionResult)
   en System.Web.Mvc.ControllerActionInvoker.InvokeActionResultFilterRecursive(IList`1 filters, Int32 filterIndex, ResultExecutingContext preContext, ControllerContext controllerContext, ActionResult actionResult)
   en System.Web.Mvc.ControllerActionInvoker.InvokeActionResultFilterRecursive(IList`1 filters, Int32 filterIndex, ResultExecutingContext preContext, ControllerContext controllerContext, ActionResult actionResult)
   en System.Web.Mvc.ControllerActionInvoker.InvokeActionResultWithFilters(ControllerContext controllerContext, IList`1 filters, ActionResult actionResult)
   en System.Web.Mvc.Async.AsyncControllerActionInvoker.<>c__DisplayClass3_1.<BeginInvokeAction>b__1(IAsyncResult asyncResult)
2026-02-20 15:26:46.265 | INFO  | CID:N/A | Iniciando procesador de cola de correos
2026-02-20 15:26:53.195 | INFO  | CID:80cd213d753f | Account/Login | Iniciando acción: Account/Login
2026-02-20 15:26:54.014 | INFO  | CID:80cd213d753f | Account/Login | Acción completada: Account/Login
2026-02-20 15:28:53.894 | INFO  | CID:N/A | Iniciando procesador de cola de correos
2026-02-20 15:29:00.558 | INFO  | CID:0032a1c85074 | Account/Login | Iniciando acción: Account/Login
2026-02-20 15:29:01.368 | INFO  | CID:0032a1c85074 | Account/Login | Acción completada: Account/Login
2026-02-20 15:33:02.734 | INFO  | CID:N/A | Iniciando procesador de cola de correos
2026-02-20 15:33:10.243 | INFO  | CID:4c1a98dad93c | Account/Login | Iniciando acción: Account/Login
2026-02-20 15:33:11.276 | INFO  | CID:4c1a98dad93c | Account/Login | Acción completada: Account/Login
2026-02-20 15:35:10.097 | INFO  | CID:N/A | Iniciando procesador de cola de correos
2026-02-20 15:35:16.068 | INFO  | CID:beea3a7a65a4 | Account/Login | Iniciando acción: Account/Login
2026-02-20 15:35:17.098 | INFO  | CID:beea3a7a65a4 | Account/Login | Acción completada: Account/Login
2026-02-20 15:38:29.380 | INFO  | CID:N/A | Iniciando procesador de cola de correos
2026-02-20 15:38:36.422 | INFO  | CID:58c7b66c1d78 | Account/Login | Iniciando acción: Account/Login
2026-02-20 15:38:37.453 | INFO  | CID:58c7b66c1d78 | Account/Login | Acción completada: Account/Login
2026-02-20 15:40:53.713 | INFO  | CID:N/A | Iniciando procesador de cola de correos
2026-02-20 15:41:06.726 | INFO  | CID:af74d050b742 | Account/Login | Iniciando acción: Account/Login
2026-02-20 15:41:07.534 | INFO  | CID:af74d050b742 | Account/Login | Acción completada: Account/Login
2026-02-20 15:43:44.717 | INFO  | CID:N/A | Iniciando procesador de cola de correos
2026-02-20 15:43:52.324 | INFO  | CID:de9221ceb830 | Account/Login | Iniciando acción: Account/Login
2026-02-20 15:43:53.340 | INFO  | CID:de9221ceb830 | Account/Login | Acción completada: Account/Login
2026-02-20 15:48:28.810 | INFO  | CID:N/A | Iniciando procesador de cola de correos
2026-02-20 15:48:47.579 | INFO  | CID:2be8018f2ae2 | Account/Login | Iniciando acción: Account/Login
2026-02-20 15:48:48.474 | INFO  | CID:2be8018f2ae2 | Account/Login | Acción completada: Account/Login
2026-02-20 15:51:57.202 | INFO  | CID:N/A | Iniciando procesador de cola de correos
2026-02-20 15:52:03.816 | INFO  | CID:1fe291d97ae3 | Account/Login | Iniciando acción: Account/Login
2026-02-20 15:52:05.191 | INFO  | CID:1fe291d97ae3 | Account/Login | Acción completada: Account/Login
2026-02-20 15:54:14.079 | INFO  | CID:N/A | Iniciando procesador de cola de correos
2026-02-20 15:54:20.070 | INFO  | CID:0fabb9c4e070 | Account/Login | Iniciando acción: Account/Login
2026-02-20 15:54:21.173 | INFO  | CID:0fabb9c4e070 | Account/Login | Acción completada: Account/Login
2026-02-20 16:00:39.527 | INFO  | CID:N/A | Iniciando procesador de cola de correos
2026-02-20 16:00:51.102 | INFO  | CID:72fe43578ef1 | Account/Login | Iniciando acción: Account/Login
2026-02-20 16:00:52.134 | INFO  | CID:72fe43578ef1 | Account/Login | Acción completada: Account/Login
2026-02-20 16:07:31.144 | INFO  | CID:N/A | Iniciando procesador de cola de correos
2026-02-20 16:07:38.205 | INFO  | CID:002971bbda56 | Account/Login | Iniciando acción: Account/Login
2026-02-20 16:07:39.037 | INFO  | CID:002971bbda56 | Account/Login | Acción completada: Account/Login
2026-02-20 16:12:21.440 | INFO  | CID:N/A | Iniciando procesador de cola de correos
2026-02-20 16:12:28.705 | INFO  | CID:433f53f70cc6 | Account/Login | Iniciando acción: Account/Login
2026-02-20 16:12:29.535 | INFO  | CID:433f53f70cc6 | Account/Login | Acción completada: Account/Login
2026-02-20 16:16:15.324 | INFO  | CID:N/A | Iniciando procesador de cola de correos
2026-02-20 16:16:22.632 | INFO  | CID:66d52a6bcab4 | Account/Login | Iniciando acción: Account/Login
2026-02-20 16:16:23.490 | INFO  | CID:66d52a6bcab4 | Account/Login | Acción completada: Account/Login
2026-02-20 16:16:31.760 | ERROR | CID:c6fb22fa0016 | USR:1713091955 | OrdenRecaudacion/DescargarPdf | ERR:INTERNAL_ERROR | c:\AOCR\AOCR\AOCR05-01-2026\AOCR1\AOCR\CapaPresentacion\Views\Shared\_PdfLayoutDGAC.cshtml(30): error CS0103: El nombre 'page' no existe en el contexto actual
    Exception: HttpCompileException
    StackTrace:    en System.Web.Compilation.AssemblyBuilder.Compile()
   en System.Web.Compilation.BuildProvidersCompiler.PerformBuild()
   en System.Web.Compilation.BuildManager.CompileWebFile(VirtualPath virtualPath)
   en System.Web.Compilation.BuildManager.GetVPathBuildResultInternal(VirtualPath virtualPath, Boolean noBuild, Boolean allowCrossApp, Boolean allowBuildInPrecompile, Boolean throwIfNotFound, Boolean ensureIsUpToDate)
   en System.Web.Compilation.BuildManager.GetVPathBuildResultWithNoAssert(HttpContext context, VirtualPath virtualPath, Boolean noBuild, Boolean allowCrossApp, Boolean allowBuildInPrecompile, Boolean throwIfNotFound, Boolean ensureIsUpToDate)
   en System.Web.Compilation.BuildManager.GetVirtualPathObjectFactory(VirtualPath virtualPath, HttpContext context, Boolean allowCrossApp, Boolean throwIfNotFound)
   en System.Web.Compilation.BuildManager.CreateInstanceFromVirtualPath(VirtualPath virtualPath, Type requiredBaseType, HttpContext context, Boolean allowCrossApp)
   en System.Web.WebPages.BuildManagerWrapper.CreateInstanceOfType[T](String virtualPath)
   en System.Web.WebPages.VirtualPathFactoryManager.CreateInstanceOfType[T](String virtualPath)
   en System.Web.WebPages.WebPageBase.CreatePageFromVirtualPath(String virtualPath, HttpContextBase httpContext, Func`2 virtualPathExists, DisplayModeProvider displayModeProvider, IDisplayMode displayMode)
   en System.Web.WebPages.WebPageBase.<>c__DisplayClass40_0.<RenderPageCore>b__0(TextWriter writer)
   en System.Web.WebPages.WebPageBase.Write(HelperResult result)
   en System.Web.WebPages.WebPageBase.RenderSurrounding(String partialViewName, Action`1 body)
   en System.Web.WebPages.WebPageBase.PopContext()
   en Rotativa.Extensions.ControllerContextExtensions.GetHtmlFromView(ControllerContext context, ViewEngineResult viewResult, String viewName, Object model)
   en Rotativa.ViewAsPdf.CallTheDriver(ControllerContext context)
   en Rotativa.AsResultBase.BuildFile(ControllerContext context)
   en Rotativa.AsResultBase.ExecuteResult(ControllerContext context)
   en System.Web.Mvc.ControllerActionInvoker.InvokeActionResultFilterRecursive(IList`1 filters, Int32 filterIndex, ResultExecutingContext preContext, ControllerContext controllerContext, ActionResult actionResult)
   en System.Web.Mvc.ControllerActionInvoker.InvokeActionResultFilterRecursive(IList`1 filters, Int32 filterIndex, ResultExecutingContext preContext, ControllerContext controllerContext, ActionResult actionResult)
   en System.Web.Mvc.ControllerActionInvoker.InvokeActionResultFilterRecursive(IList`1 filters, Int32 filterIndex, ResultExecutingContext preContext, ControllerContext controllerContext, ActionResult actionResult)
   en System.Web.Mvc.ControllerActionInvoker.InvokeActionResultFilterRecursive(IList`1 filters, Int32 filterIndex, ResultExecutingContext preContext, ControllerContext controllerContext, ActionResult actionResult)
   en System.Web.Mvc.ControllerActionInvoker.InvokeActionResultWithFilters(ControllerContext controllerContext, IList`1 filters, ActionResult actionResult)
   en System.Web.Mvc.Async.AsyncControllerActionInvoker.<>c__DisplayClass3_1.<BeginInvokeAction>b__1(IAsyncResult asyncResult)
2026-02-20 16:18:41.456 | INFO  | CID:N/A | Iniciando procesador de cola de correos
2026-02-20 16:18:48.712 | INFO  | CID:08ca83aebbd8 | Account/Login | Iniciando acción: Account/Login
2026-02-20 16:18:49.622 | INFO  | CID:08ca83aebbd8 | Account/Login | Acción completada: Account/Login
2026-02-20 16:29:40.449 | INFO  | CID:N/A | Iniciando procesador de cola de correos
2026-02-20 16:29:49.967 | INFO  | CID:f8a5b6b2c4ef | Account/Login | Iniciando acción: Account/Login
2026-02-20 16:29:50.980 | INFO  | CID:f8a5b6b2c4ef | Account/Login | Acción completada: Account/Login
2026-02-20 16:35:21.327 | INFO  | CID:8337c2f5a37f | USR:1713091955 | OrdenRecaudacion/Generar | Iniciando acción: OrdenRecaudacion/Generar
2026-02-20 16:35:23.928 | INFO  | CID:b7bd09986abd | Correo con adjunto enviado exitosamente a german.cajas@aviacioncivil.gob.ec
2026-02-20 16:35:23.932 | INFO  | CID:8337c2f5a37f | USR:1713091955 | OrdenRecaudacion/Generar | Acción completada: OrdenRecaudacion/Generar
2026-02-20 16:36:39.392 | INFO  | CID:e9872b4fba43 | Account/Login | Iniciando acción: Account/Login
2026-02-20 16:36:39.891 | INFO  | CID:e9872b4fba43 | Account/Login | Acción completada: Account/Login
2026-02-20 16:38:42.154 | INFO  | CID:1a3cdb72c737 | USR:1713091955 | OrdenRecaudacion/RegistrarPago | Iniciando acción: OrdenRecaudacion/RegistrarPago
2026-02-20 16:38:42.267 | INFO  | CID:1a3cdb72c737 | USR:1713091955 | OrdenRecaudacion/RegistrarPago | Acción completada: OrdenRecaudacion/RegistrarPago
