2026-02-19 07:49:50.585 | ERROR | CID:N/A | ERR:EMAIL_QUEUE_ERROR | Error al procesar la solicitud. Contacte al administrador.
    Exception: DataAccessException
    StackTrace:    en CapaDatos.Infrastructure.BaseDAO.ExecuteWithConnection[T](Func`2 action) en C:\AOCR\AOCR\AOCR05-01-2026\AOCR1\AOCR\CapaDatos\Infrastructure\BaseDAO.cs:línea 68
   en CapaDatos.Services.EmailQueueService.<ObtenerSiguienteAsync>d__5.MoveNext() en C:\AOCR\AOCR\AOCR05-01-2026\AOCR1\AOCR\CapaDatos\Services\EmailQueueService.cs:línea 133
--- Fin del seguimiento de la pila de la ubicación anterior donde se produjo la excepción ---
   en System.Runtime.ExceptionServices.ExceptionDispatchInfo.Throw()
   en System.Runtime.CompilerServices.TaskAwaiter.HandleNonSuccessAndDebuggerNotification(Task task)
   en System.Runtime.CompilerServices.TaskAwaiter`1.GetResult()
   en CapaDatos.Services.EmailQueueProcessor.<ProcessQueueAsync>d__11.MoveNext() en C:\AOCR\AOCR\AOCR05-01-2026\AOCR1\AOCR\CapaDatos\Services\EmailQueueService.cs:línea 315
2026-02-19 08:52:32.829 | INFO  | CID:N/A | Iniciando procesador de cola de correos
2026-02-19 08:52:40.596 | INFO  | CID:7d54231bc82a | Account/Login | Iniciando acción: Account/Login
2026-02-19 08:52:41.069 | INFO  | CID:7d54231bc82a | Account/Login | Acción completada: Account/Login
2026-02-19 09:05:08.670 | INFO  | CID:N/A | Iniciando procesador de cola de correos
2026-02-19 09:05:18.724 | INFO  | CID:9d523d4731fd | Account/Login | Iniciando acción: Account/Login
2026-02-19 09:05:19.040 | INFO  | CID:9d523d4731fd | Account/Login | Acción completada: Account/Login
2026-02-19 09:18:37.595 | INFO  | CID:N/A | Iniciando procesador de cola de correos
2026-02-19 09:18:46.529 | INFO  | CID:6fd2daac1ce3 | Account/Login | Iniciando acción: Account/Login
2026-02-19 09:18:47.126 | INFO  | CID:6fd2daac1ce3 | Account/Login | Acción completada: Account/Login
2026-02-19 09:24:37.911 | INFO  | CID:N/A | Iniciando procesador de cola de correos
2026-02-19 09:24:52.770 | INFO  | CID:40fe61e493c3 | Account/Login | Iniciando acción: Account/Login
2026-02-19 09:24:53.073 | INFO  | CID:40fe61e493c3 | Account/Login | Acción completada: Account/Login
2026-02-19 09:31:58.420 | INFO  | CID:N/A | Iniciando procesador de cola de correos
2026-02-19 09:32:07.369 | INFO  | CID:22a13627216f | Account/Login | Iniciando acción: Account/Login
2026-02-19 09:32:07.668 | INFO  | CID:22a13627216f | Account/Login | Acción completada: Account/Login
2026-02-19 09:32:42.114 | INFO  | CID:f98d34e0f308 | USR:USU_ADMIN | OrdenRecaudacion/Nueva | Iniciando acción: OrdenRecaudacion/Nueva
2026-02-19 09:32:42.416 | INFO  | CID:f98d34e0f308 | USR:USU_ADMIN | OrdenRecaudacion/Nueva | Acción completada: OrdenRecaudacion/Nueva
2026-02-19 09:35:18.874 | INFO  | CID:b2534bf419fe | USR:USU_ADMIN | OrdenRecaudacion/Generar | Iniciando acción: OrdenRecaudacion/Generar
2026-02-19 09:35:22.120 | INFO  | CID:d3a184f7ac02 | Correo con adjunto enviado exitosamente a gercavi82@gmail.com
2026-02-19 09:35:22.123 | INFO  | CID:b2534bf419fe | USR:USU_ADMIN | OrdenRecaudacion/Generar | Acción completada: OrdenRecaudacion/Generar
2026-02-19 09:35:39.552 | INFO  | CID:f1408f53d97e | USR:USU_ADMIN | OrdenRecaudacion/RegistrarPago | Iniciando acción: OrdenRecaudacion/RegistrarPago
2026-02-19 09:35:39.697 | INFO  | CID:f1408f53d97e | USR:USU_ADMIN | OrdenRecaudacion/RegistrarPago | Acción completada: OrdenRecaudacion/RegistrarPago
2026-02-19 09:38:43.192 | INFO  | CID:N/A | Iniciando procesador de cola de correos
2026-02-19 09:38:51.754 | INFO  | CID:0e8f73c05c40 | Account/Login | Iniciando acción: Account/Login
2026-02-19 09:38:52.120 | INFO  | CID:0e8f73c05c40 | Account/Login | Acción completada: Account/Login
2026-02-19 09:39:52.616 | INFO  | CID:b4d07fd0764f | USR:USU_ADMIN | OrdenRecaudacion/Nueva | Iniciando acción: OrdenRecaudacion/Nueva
2026-02-19 09:39:52.701 | INFO  | CID:b4d07fd0764f | USR:USU_ADMIN | OrdenRecaudacion/Nueva | Acción completada: OrdenRecaudacion/Nueva
2026-02-19 09:39:58.129 | INFO  | CID:3419c9917f77 | USR:USU_ADMIN | OrdenRecaudacion/Generar | Iniciando acción: OrdenRecaudacion/Generar
2026-02-19 09:40:00.312 | INFO  | CID:53d5b321920a | Correo con adjunto enviado exitosamente a gercavi82@gmail.com
2026-02-19 09:40:00.313 | INFO  | CID:3419c9917f77 | USR:USU_ADMIN | OrdenRecaudacion/Generar | Acción completada: OrdenRecaudacion/Generar
2026-02-19 09:40:23.011 | INFO  | CID:18918dd689c6 | USR:USU_ADMIN | OrdenRecaudacion/RegistrarPago | Iniciando acción: OrdenRecaudacion/RegistrarPago
2026-02-19 09:40:23.276 | INFO  | CID:18918dd689c6 | USR:USU_ADMIN | OrdenRecaudacion/RegistrarPago | Acción completada: OrdenRecaudacion/RegistrarPago
2026-02-19 09:40:40.723 | INFO  | CID:be8fc2068101 | USR:USU_ADMIN | OrdenRecaudacion/ValidarPago | Iniciando acción: OrdenRecaudacion/ValidarPago
2026-02-19 09:40:40.776 | INFO  | CID:be8fc2068101 | USR:USU_ADMIN | OrdenRecaudacion/ValidarPago | Acción completada: OrdenRecaudacion/ValidarPago
2026-02-19 09:41:18.805 | INFO  | CID:30eb62a7b04e | USR:USU_ADMIN | Financiero/RechazarOrden | Iniciando acción: Financiero/RechazarOrden
2026-02-19 09:41:18.887 | INFO  | CID:30eb62a7b04e | USR:USU_ADMIN | Financiero/RechazarOrden | Acción completada: Financiero/RechazarOrden
2026-02-19 09:51:03.017 | INFO  | CID:N/A | Iniciando procesador de cola de correos
2026-02-19 09:51:11.214 | INFO  | CID:7e8a22105e21 | Account/Login | Iniciando acción: Account/Login
2026-02-19 09:51:11.553 | INFO  | CID:7e8a22105e21 | Account/Login | Acción completada: Account/Login
2026-02-19 09:51:44.566 | INFO  | CID:b8c90ee0c9bb | USR:USU_ADMIN | OrdenRecaudacion/Nueva | Iniciando acción: OrdenRecaudacion/Nueva
2026-02-19 09:51:44.870 | INFO  | CID:b8c90ee0c9bb | USR:USU_ADMIN | OrdenRecaudacion/Nueva | Acción completada: OrdenRecaudacion/Nueva
2026-02-19 09:51:52.295 | INFO  | CID:f297b846a663 | USR:USU_ADMIN | OrdenRecaudacion/Generar | Iniciando acción: OrdenRecaudacion/Generar
2026-02-19 09:51:54.570 | INFO  | CID:215ef466c2b8 | Correo con adjunto enviado exitosamente a gercavi82@gmail.com
2026-02-19 09:51:54.579 | INFO  | CID:f297b846a663 | USR:USU_ADMIN | OrdenRecaudacion/Generar | Acción completada: OrdenRecaudacion/Generar
2026-02-19 09:52:12.394 | INFO  | CID:0ead8c2cf3d0 | USR:USU_ADMIN | OrdenRecaudacion/RegistrarPago | Iniciando acción: OrdenRecaudacion/RegistrarPago
2026-02-19 09:52:12.444 | INFO  | CID:0ead8c2cf3d0 | USR:USU_ADMIN | OrdenRecaudacion/RegistrarPago | Acción completada: OrdenRecaudacion/RegistrarPago
2026-02-19 09:52:21.595 | INFO  | CID:09cb4e2540b0 | USR:USU_ADMIN | OrdenRecaudacion/ValidarPago | Iniciando acción: OrdenRecaudacion/ValidarPago
2026-02-19 09:52:21.596 | INFO  | CID:09cb4e2540b0 | USR:USU_ADMIN | OrdenRecaudacion/ValidarPago | Acción completada: OrdenRecaudacion/ValidarPago
2026-02-19 09:52:42.522 | ERROR | CID:8a130fa60967 | USR:USU_ADMIN | Financiero/Index | ERR:INTERNAL_ERROR | Palabra clave "if" inesperada después del carácter "@". Una vez dentro del código, no es necesario añadir prefijos a las construcciones, como "if" con "@".

    Exception: HttpParseException
    StackTrace:    en System.Web.WebPages.Razor.RazorBuildProvider.EnsureGeneratedCode()
   en System.Web.WebPages.Razor.RazorBuildProvider.get_CodeCompilerType()
   en System.Web.Compilation.BuildProvider.GetCompilerTypeFromBuildProvider(BuildProvider buildProvider)
   en System.Web.Compilation.BuildProvidersCompiler.ProcessBuildProviders()
   en System.Web.Compilation.BuildProvidersCompiler.PerformBuild()
   en System.Web.Compilation.BuildManager.CompileWebFile(VirtualPath virtualPath)
   en System.Web.Compilation.BuildManager.GetVPathBuildResultInternal(VirtualPath virtualPath, Boolean noBuild, Boolean allowCrossApp, Boolean allowBuildInPrecompile, Boolean throwIfNotFound, Boolean ensureIsUpToDate)
   en System.Web.Compilation.BuildManager.GetVPathBuildResultWithNoAssert(HttpContext context, VirtualPath virtualPath, Boolean noBuild, Boolean allowCrossApp, Boolean allowBuildInPrecompile, Boolean throwIfNotFound, Boolean ensureIsUpToDate)
   en System.Web.Compilation.BuildManager.GetVirtualPathObjectFactory(VirtualPath virtualPath, HttpContext context, Boolean allowCrossApp, Boolean throwIfNotFound)
   en System.Web.Compilation.BuildManager.GetCompiledType(VirtualPath virtualPath)
   en System.Web.Mvc.BuildManagerCompiledView.Render(ViewContext viewContext, TextWriter writer)
   en System.Web.Mvc.ViewResultBase.ExecuteResult(ControllerContext context)
   en System.Web.Mvc.ControllerActionInvoker.InvokeActionResultFilterRecursive(IList`1 filters, Int32 filterIndex, ResultExecutingContext preContext, ControllerContext controllerContext, ActionResult actionResult)
   en System.Web.Mvc.ControllerActionInvoker.InvokeActionResultFilterRecursive(IList`1 filters, Int32 filterIndex, ResultExecutingContext preContext, ControllerContext controllerContext, ActionResult actionResult)
   en System.Web.Mvc.ControllerActionInvoker.InvokeActionResultFilterRecursive(IList`1 filters, Int32 filterIndex, ResultExecutingContext preContext, ControllerContext controllerContext, ActionResult actionResult)
   en System.Web.Mvc.ControllerActionInvoker.InvokeActionResultFilterRecursive(IList`1 filters, Int32 filterIndex, ResultExecutingContext preContext, ControllerContext controllerContext, ActionResult actionResult)
   en System.Web.Mvc.ControllerActionInvoker.InvokeActionResultWithFilters(ControllerContext controllerContext, IList`1 filters, ActionResult actionResult)
   en System.Web.Mvc.Async.AsyncControllerActionInvoker.<>c__DisplayClass3_1.<BeginInvokeAction>b__1(IAsyncResult asyncResult)
2026-02-19 09:53:21.335 | INFO  | CID:441454bd19d9 | USR:USU_ADMIN | Financiero/RechazarOrden | Iniciando acción: Financiero/RechazarOrden
2026-02-19 09:53:21.353 | INFO  | CID:N/A | ERR:EMAIL_RECHAZO | EnviarNotificacionRechazo ejecutado
2026-02-19 09:53:21.353 | INFO  | CID:441454bd19d9 | USR:USU_ADMIN | Financiero/RechazarOrden | Acción completada: Financiero/RechazarOrden
2026-02-19 09:53:26.181 | ERROR | CID:350960ff922c | USR:USU_ADMIN | Financiero/Index | ERR:INTERNAL_ERROR | Palabra clave "if" inesperada después del carácter "@". Una vez dentro del código, no es necesario añadir prefijos a las construcciones, como "if" con "@".

    Exception: HttpParseException
    StackTrace:    en System.Web.WebPages.Razor.RazorBuildProvider.EnsureGeneratedCode()
   en System.Web.WebPages.Razor.RazorBuildProvider.get_CodeCompilerType()
   en System.Web.Compilation.BuildProvider.GetCompilerTypeFromBuildProvider(BuildProvider buildProvider)
   en System.Web.Compilation.BuildProvidersCompiler.ProcessBuildProviders()
   en System.Web.Compilation.BuildProvidersCompiler.PerformBuild()
   en System.Web.Compilation.BuildManager.CompileWebFile(VirtualPath virtualPath)
   en System.Web.Compilation.BuildManager.GetVPathBuildResultInternal(VirtualPath virtualPath, Boolean noBuild, Boolean allowCrossApp, Boolean allowBuildInPrecompile, Boolean throwIfNotFound, Boolean ensureIsUpToDate)
   en System.Web.Compilation.BuildManager.GetVPathBuildResultWithNoAssert(HttpContext context, VirtualPath virtualPath, Boolean noBuild, Boolean allowCrossApp, Boolean allowBuildInPrecompile, Boolean throwIfNotFound, Boolean ensureIsUpToDate)
   en System.Web.Compilation.BuildManager.GetVirtualPathObjectFactory(VirtualPath virtualPath, HttpContext context, Boolean allowCrossApp, Boolean throwIfNotFound)
   en System.Web.Compilation.BuildManager.GetCompiledType(VirtualPath virtualPath)
   en System.Web.Mvc.BuildManagerCompiledView.Render(ViewContext viewContext, TextWriter writer)
   en System.Web.Mvc.ViewResultBase.ExecuteResult(ControllerContext context)
   en System.Web.Mvc.ControllerActionInvoker.InvokeActionResultFilterRecursive(IList`1 filters, Int32 filterIndex, ResultExecutingContext preContext, ControllerContext controllerContext, ActionResult actionResult)
   en System.Web.Mvc.ControllerActionInvoker.InvokeActionResultFilterRecursive(IList`1 filters, Int32 filterIndex, ResultExecutingContext preContext, ControllerContext controllerContext, ActionResult actionResult)
   en System.Web.Mvc.ControllerActionInvoker.InvokeActionResultFilterRecursive(IList`1 filters, Int32 filterIndex, ResultExecutingContext preContext, ControllerContext controllerContext, ActionResult actionResult)
   en System.Web.Mvc.ControllerActionInvoker.InvokeActionResultFilterRecursive(IList`1 filters, Int32 filterIndex, ResultExecutingContext preContext, ControllerContext controllerContext, ActionResult actionResult)
   en System.Web.Mvc.ControllerActionInvoker.InvokeActionResultWithFilters(ControllerContext controllerContext, IList`1 filters, ActionResult actionResult)
   en System.Web.Mvc.Async.AsyncControllerActionInvoker.<>c__DisplayClass3_1.<BeginInvokeAction>b__1(IAsyncResult asyncResult)
2026-02-19 09:54:19.714 | INFO  | CID:1cec42322336 | USR:USU_ADMIN | Financiero/RechazarOrden | Iniciando acción: Financiero/RechazarOrden
2026-02-19 09:54:19.725 | INFO  | CID:N/A | ERR:EMAIL_RECHAZO | EnviarNotificacionRechazo ejecutado
2026-02-19 09:54:19.727 | INFO  | CID:1cec42322336 | USR:USU_ADMIN | Financiero/RechazarOrden | Acción completada: Financiero/RechazarOrden
2026-02-19 09:54:24.524 | ERROR | CID:761583e73290 | USR:USU_ADMIN | Financiero/Index | ERR:INTERNAL_ERROR | "class" es una palabra reservada y no se puede usar en las expresiones implícitas. Debe usarse una expresión explícita ("@()").

    Exception: HttpParseException
    StackTrace:    en System.Web.WebPages.Razor.RazorBuildProvider.EnsureGeneratedCode()
   en System.Web.WebPages.Razor.RazorBuildProvider.get_CodeCompilerType()
   en System.Web.Compilation.BuildProvider.GetCompilerTypeFromBuildProvider(BuildProvider buildProvider)
   en System.Web.Compilation.BuildProvidersCompiler.ProcessBuildProviders()
   en System.Web.Compilation.BuildProvidersCompiler.PerformBuild()
   en System.Web.Compilation.BuildManager.CompileWebFile(VirtualPath virtualPath)
   en System.Web.Compilation.BuildManager.GetVPathBuildResultInternal(VirtualPath virtualPath, Boolean noBuild, Boolean allowCrossApp, Boolean allowBuildInPrecompile, Boolean throwIfNotFound, Boolean ensureIsUpToDate)
   en System.Web.Compilation.BuildManager.GetVPathBuildResultWithNoAssert(HttpContext context, VirtualPath virtualPath, Boolean noBuild, Boolean allowCrossApp, Boolean allowBuildInPrecompile, Boolean throwIfNotFound, Boolean ensureIsUpToDate)
   en System.Web.Compilation.BuildManager.GetVirtualPathObjectFactory(VirtualPath virtualPath, HttpContext context, Boolean allowCrossApp, Boolean throwIfNotFound)
   en System.Web.Compilation.BuildManager.GetCompiledType(VirtualPath virtualPath)
   en System.Web.Mvc.BuildManagerCompiledView.Render(ViewContext viewContext, TextWriter writer)
   en System.Web.Mvc.ViewResultBase.ExecuteResult(ControllerContext context)
   en System.Web.Mvc.ControllerActionInvoker.InvokeActionResultFilterRecursive(IList`1 filters, Int32 filterIndex, ResultExecutingContext preContext, ControllerContext controllerContext, ActionResult actionResult)
   en System.Web.Mvc.ControllerActionInvoker.InvokeActionResultFilterRecursive(IList`1 filters, Int32 filterIndex, ResultExecutingContext preContext, ControllerContext controllerContext, ActionResult actionResult)
   en System.Web.Mvc.ControllerActionInvoker.InvokeActionResultFilterRecursive(IList`1 filters, Int32 filterIndex, ResultExecutingContext preContext, ControllerContext controllerContext, ActionResult actionResult)
   en System.Web.Mvc.ControllerActionInvoker.InvokeActionResultFilterRecursive(IList`1 filters, Int32 filterIndex, ResultExecutingContext preContext, ControllerContext controllerContext, ActionResult actionResult)
   en System.Web.Mvc.ControllerActionInvoker.InvokeActionResultWithFilters(ControllerContext controllerContext, IList`1 filters, ActionResult actionResult)
   en System.Web.Mvc.Async.AsyncControllerActionInvoker.<>c__DisplayClass3_1.<BeginInvokeAction>b__1(IAsyncResult asyncResult)
2026-02-19 10:05:31.332 | INFO  | CID:N/A | Iniciando procesador de cola de correos
2026-02-19 10:05:48.383 | INFO  | CID:27743de6f303 | Account/Login | Iniciando acción: Account/Login
2026-02-19 10:05:48.946 | INFO  | CID:27743de6f303 | Account/Login | Acción completada: Account/Login
2026-02-19 10:09:06.362 | INFO  | CID:N/A | Iniciando procesador de cola de correos
2026-02-19 10:09:15.934 | INFO  | CID:8556008666da | Account/Login | Iniciando acción: Account/Login
2026-02-19 10:09:16.477 | INFO  | CID:8556008666da | Account/Login | Acción completada: Account/Login
2026-02-19 10:21:19.498 | INFO  | CID:N/A | Iniciando procesador de cola de correos
2026-02-19 10:21:28.227 | INFO  | CID:969458504ec2 | Account/Login | Iniciando acción: Account/Login
2026-02-19 10:21:28.525 | INFO  | CID:969458504ec2 | Account/Login | Acción completada: Account/Login
2026-02-19 10:23:38.460 | INFO  | CID:N/A | Iniciando procesador de cola de correos
2026-02-19 10:23:49.071 | INFO  | CID:c82c38dca1a6 | Account/Login | Iniciando acción: Account/Login
2026-02-19 10:23:49.621 | INFO  | CID:c82c38dca1a6 | Account/Login | Acción completada: Account/Login
2026-02-19 10:24:08.349 | INFO  | CID:c29f82b82b1f | USR:USU_ADMIN | OrdenRecaudacion/Nueva | Iniciando acción: OrdenRecaudacion/Nueva
2026-02-19 10:24:08.683 | INFO  | CID:c29f82b82b1f | USR:USU_ADMIN | OrdenRecaudacion/Nueva | Acción completada: OrdenRecaudacion/Nueva
2026-02-19 10:24:19.776 | INFO  | CID:9345df323ee5 | USR:USU_ADMIN | OrdenRecaudacion/Generar | Iniciando acción: OrdenRecaudacion/Generar
2026-02-19 10:24:22.616 | INFO  | CID:182e6b7c0037 | Correo con adjunto enviado exitosamente a gercavi82@gmail.com
2026-02-19 10:24:22.616 | INFO  | CID:9345df323ee5 | USR:USU_ADMIN | OrdenRecaudacion/Generar | Acción completada: OrdenRecaudacion/Generar
2026-02-19 10:31:24.532 | INFO  | CID:N/A | Iniciando procesador de cola de correos
2026-02-19 10:31:31.691 | INFO  | CID:7f82d7bfc956 | Account/Login | Iniciando acción: Account/Login
2026-02-19 10:31:32.099 | INFO  | CID:7f82d7bfc956 | Account/Login | Acción completada: Account/Login
2026-02-19 10:32:04.445 | INFO  | CID:23d3157304f2 | USR:USU_ADMIN | OrdenRecaudacion/Nueva | Iniciando acción: OrdenRecaudacion/Nueva
2026-02-19 10:32:04.529 | INFO  | CID:23d3157304f2 | USR:USU_ADMIN | OrdenRecaudacion/Nueva | Acción completada: OrdenRecaudacion/Nueva
2026-02-19 10:32:17.936 | INFO  | CID:14100415ea15 | USR:USU_ADMIN | OrdenRecaudacion/Generar | Iniciando acción: OrdenRecaudacion/Generar
2026-02-19 10:32:20.618 | INFO  | CID:6a95386c4dd6 | Correo con adjunto enviado exitosamente a gercavi82@gmail.com
2026-02-19 10:32:20.623 | INFO  | CID:14100415ea15 | USR:USU_ADMIN | OrdenRecaudacion/Generar | Acción completada: OrdenRecaudacion/Generar
2026-02-19 10:38:23.875 | INFO  | CID:N/A | Iniciando procesador de cola de correos
2026-02-19 10:38:34.230 | INFO  | CID:d2d70d784d28 | Account/Login | Iniciando acción: Account/Login
2026-02-19 10:38:34.531 | INFO  | CID:d2d70d784d28 | Account/Login | Acción completada: Account/Login
2026-02-19 10:39:06.819 | INFO  | CID:03017ed7a744 | USR:USU_ADMIN | OrdenRecaudacion/Nueva | Iniciando acción: OrdenRecaudacion/Nueva
2026-02-19 10:39:07.124 | INFO  | CID:03017ed7a744 | USR:USU_ADMIN | OrdenRecaudacion/Nueva | Acción completada: OrdenRecaudacion/Nueva
2026-02-19 10:39:20.446 | INFO  | CID:16f50ed75000 | USR:USU_ADMIN | OrdenRecaudacion/Generar | Iniciando acción: OrdenRecaudacion/Generar
2026-02-19 10:39:22.823 | INFO  | CID:757a8c9e8f99 | Correo con adjunto enviado exitosamente a gercavi82@gmail.com
2026-02-19 10:39:22.826 | INFO  | CID:16f50ed75000 | USR:USU_ADMIN | OrdenRecaudacion/Generar | Acción completada: OrdenRecaudacion/Generar
2026-02-19 10:52:50.768 | INFO  | CID:N/A | Iniciando procesador de cola de correos
2026-02-19 10:53:00.146 | INFO  | CID:ddc547cc8f32 | Account/Login | Iniciando acción: Account/Login
2026-02-19 10:53:00.494 | INFO  | CID:ddc547cc8f32 | Account/Login | Acción completada: Account/Login
2026-02-19 10:53:18.795 | INFO  | CID:8a88b938298a | USR:USU_ADMIN | OrdenRecaudacion/Nueva | Iniciando acción: OrdenRecaudacion/Nueva
2026-02-19 10:53:19.089 | INFO  | CID:8a88b938298a | USR:USU_ADMIN | OrdenRecaudacion/Nueva | Acción completada: OrdenRecaudacion/Nueva
2026-02-19 10:53:32.916 | INFO  | CID:4ea95647630e | USR:USU_ADMIN | OrdenRecaudacion/Generar | Iniciando acción: OrdenRecaudacion/Generar
2026-02-19 10:53:35.064 | INFO  | CID:fd5d6f35e294 | Correo con adjunto enviado exitosamente a gercavi82@gmail.com
2026-02-19 10:53:35.067 | INFO  | CID:4ea95647630e | USR:USU_ADMIN | OrdenRecaudacion/Generar | Acción completada: OrdenRecaudacion/Generar
2026-02-19 10:58:04.004 | INFO  | CID:N/A | Deteniendo procesador de cola de correos
2026-02-19 10:58:04.046 | INFO  | CID:N/A | Deteniendo procesador de cola de correos
2026-02-19 10:59:02.254 | INFO  | CID:N/A | Iniciando procesador de cola de correos
2026-02-19 10:59:14.543 | INFO  | CID:b8c50d7e93bd | Account/Login | Iniciando acción: Account/Login
2026-02-19 10:59:15.128 | INFO  | CID:b8c50d7e93bd | Account/Login | Acción completada: Account/Login
2026-02-19 10:59:29.530 | INFO  | CID:afb64ef17e5f | USR:USU_ADMIN | OrdenRecaudacion/Nueva | Iniciando acción: OrdenRecaudacion/Nueva
2026-02-19 10:59:29.818 | INFO  | CID:afb64ef17e5f | USR:USU_ADMIN | OrdenRecaudacion/Nueva | Acción completada: OrdenRecaudacion/Nueva
2026-02-19 10:59:34.230 | INFO  | CID:f0af0e6d94f2 | USR:USU_ADMIN | OrdenRecaudacion/Generar | Iniciando acción: OrdenRecaudacion/Generar
2026-02-19 10:59:36.332 | INFO  | CID:8dda45d28529 | Correo con adjunto enviado exitosamente a gercavi82@gmail.com
2026-02-19 10:59:36.335 | INFO  | CID:f0af0e6d94f2 | USR:USU_ADMIN | OrdenRecaudacion/Generar | Acción completada: OrdenRecaudacion/Generar
2026-02-19 11:03:05.223 | INFO  | CID:N/A | Deteniendo procesador de cola de correos
2026-02-19 11:03:05.254 | INFO  | CID:N/A | Deteniendo procesador de cola de correos
2026-02-19 11:04:03.186 | INFO  | CID:N/A | Iniciando procesador de cola de correos
2026-02-19 11:04:57.289 | INFO  | CID:a336acc8b5d5 | Account/Login | Iniciando acción: Account/Login
2026-02-19 11:04:57.586 | INFO  | CID:a336acc8b5d5 | Account/Login | Acción completada: Account/Login
2026-02-19 11:05:12.571 | INFO  | CID:23907dc77fc5 | USR:USU_ADMIN | OrdenRecaudacion/Nueva | Iniciando acción: OrdenRecaudacion/Nueva
2026-02-19 11:05:12.657 | INFO  | CID:23907dc77fc5 | USR:USU_ADMIN | OrdenRecaudacion/Nueva | Acción completada: OrdenRecaudacion/Nueva
2026-02-19 11:05:17.129 | INFO  | CID:5416c794239f | USR:USU_ADMIN | OrdenRecaudacion/Generar | Iniciando acción: OrdenRecaudacion/Generar
2026-02-19 11:05:19.399 | INFO  | CID:e0227225631f | Correo con adjunto enviado exitosamente a gercavi82@gmail.com
2026-02-19 11:05:19.407 | INFO  | CID:5416c794239f | USR:USU_ADMIN | OrdenRecaudacion/Generar | Acción completada: OrdenRecaudacion/Generar
2026-02-19 11:09:48.544 | INFO  | CID:N/A | Iniciando procesador de cola de correos
2026-02-19 11:09:55.670 | INFO  | CID:63cd349c0ada | Account/Login | Iniciando acción: Account/Login
2026-02-19 11:09:56.026 | INFO  | CID:63cd349c0ada | Account/Login | Acción completada: Account/Login
2026-02-19 11:10:52.670 | INFO  | CID:b02da2142428 | USR:USU_ADMIN | OrdenRecaudacion/Nueva | Iniciando acción: OrdenRecaudacion/Nueva
2026-02-19 11:10:52.755 | INFO  | CID:b02da2142428 | USR:USU_ADMIN | OrdenRecaudacion/Nueva | Acción completada: OrdenRecaudacion/Nueva
2026-02-19 11:10:57.077 | INFO  | CID:4ee4ef9deee5 | USR:USU_ADMIN | OrdenRecaudacion/Generar | Iniciando acción: OrdenRecaudacion/Generar
2026-02-19 11:10:59.244 | INFO  | CID:e6032db00d87 | Correo con adjunto enviado exitosamente a gercavi82@gmail.com
2026-02-19 11:10:59.249 | INFO  | CID:4ee4ef9deee5 | USR:USU_ADMIN | OrdenRecaudacion/Generar | Acción completada: OrdenRecaudacion/Generar
2026-02-19 11:11:57.079 | INFO  | CID:618cbc6fc034 | USR:USU_ADMIN | OrdenRecaudacion/RegistrarPago | Iniciando acción: OrdenRecaudacion/RegistrarPago
2026-02-19 11:11:57.193 | INFO  | CID:618cbc6fc034 | USR:USU_ADMIN | OrdenRecaudacion/RegistrarPago | Acción completada: OrdenRecaudacion/RegistrarPago
2026-02-19 11:12:32.799 | ERROR | CID:b34c6a19eee1 | USR:USU_ADMIN | Financiero/Index | ERR:INTERNAL_ERROR | "class" es una palabra reservada y no se puede usar en las expresiones implícitas. Debe usarse una expresión explícita ("@()").

    Exception: HttpParseException
    StackTrace:    en System.Web.WebPages.Razor.RazorBuildProvider.EnsureGeneratedCode()
   en System.Web.WebPages.Razor.RazorBuildProvider.get_CodeCompilerType()
   en System.Web.Compilation.BuildProvider.GetCompilerTypeFromBuildProvider(BuildProvider buildProvider)
   en System.Web.Compilation.BuildProvidersCompiler.ProcessBuildProviders()
   en System.Web.Compilation.BuildProvidersCompiler.PerformBuild()
   en System.Web.Compilation.BuildManager.CompileWebFile(VirtualPath virtualPath)
   en System.Web.Compilation.BuildManager.GetVPathBuildResultInternal(VirtualPath virtualPath, Boolean noBuild, Boolean allowCrossApp, Boolean allowBuildInPrecompile, Boolean throwIfNotFound, Boolean ensureIsUpToDate)
   en System.Web.Compilation.BuildManager.GetVPathBuildResultWithNoAssert(HttpContext context, VirtualPath virtualPath, Boolean noBuild, Boolean allowCrossApp, Boolean allowBuildInPrecompile, Boolean throwIfNotFound, Boolean ensureIsUpToDate)
   en System.Web.Compilation.BuildManager.GetVirtualPathObjectFactory(VirtualPath virtualPath, HttpContext context, Boolean allowCrossApp, Boolean throwIfNotFound)
   en System.Web.Compilation.BuildManager.GetCompiledType(VirtualPath virtualPath)
   en System.Web.Mvc.BuildManagerCompiledView.Render(ViewContext viewContext, TextWriter writer)
   en System.Web.Mvc.ViewResultBase.ExecuteResult(ControllerContext context)
   en System.Web.Mvc.ControllerActionInvoker.InvokeActionResultFilterRecursive(IList`1 filters, Int32 filterIndex, ResultExecutingContext preContext, ControllerContext controllerContext, ActionResult actionResult)
   en System.Web.Mvc.ControllerActionInvoker.InvokeActionResultFilterRecursive(IList`1 filters, Int32 filterIndex, ResultExecutingContext preContext, ControllerContext controllerContext, ActionResult actionResult)
   en System.Web.Mvc.ControllerActionInvoker.InvokeActionResultFilterRecursive(IList`1 filters, Int32 filterIndex, ResultExecutingContext preContext, ControllerContext controllerContext, ActionResult actionResult)
   en System.Web.Mvc.ControllerActionInvoker.InvokeActionResultFilterRecursive(IList`1 filters, Int32 filterIndex, ResultExecutingContext preContext, ControllerContext controllerContext, ActionResult actionResult)
   en System.Web.Mvc.ControllerActionInvoker.InvokeActionResultWithFilters(ControllerContext controllerContext, IList`1 filters, ActionResult actionResult)
   en System.Web.Mvc.Async.AsyncControllerActionInvoker.<>c__DisplayClass3_1.<BeginInvokeAction>b__1(IAsyncResult asyncResult)
2026-02-19 11:15:23.795 | INFO  | CID:N/A | Deteniendo procesador de cola de correos
2026-02-19 11:15:23.836 | INFO  | CID:N/A | Deteniendo procesador de cola de correos
2026-02-19 11:16:42.902 | INFO  | CID:N/A | Iniciando procesador de cola de correos
2026-02-19 11:16:52.496 | INFO  | CID:0d5d6ace7a8e | Account/Login | Iniciando acción: Account/Login
2026-02-19 11:16:52.796 | INFO  | CID:0d5d6ace7a8e | Account/Login | Acción completada: Account/Login
2026-02-19 11:17:20.887 | INFO  | CID:d6971673ed8c | USR:USU_ADMIN | OrdenRecaudacion/Nueva | Iniciando acción: OrdenRecaudacion/Nueva
2026-02-19 11:17:21.243 | INFO  | CID:d6971673ed8c | USR:USU_ADMIN | OrdenRecaudacion/Nueva | Acción completada: OrdenRecaudacion/Nueva
2026-02-19 11:17:28.458 | INFO  | CID:949507e3bb10 | USR:USU_ADMIN | OrdenRecaudacion/Generar | Iniciando acción: OrdenRecaudacion/Generar
2026-02-19 11:17:30.909 | INFO  | CID:8377ae3e1b07 | Correo con adjunto enviado exitosamente a gercavi82@gmail.com
2026-02-19 11:17:30.914 | INFO  | CID:949507e3bb10 | USR:USU_ADMIN | OrdenRecaudacion/Generar | Acción completada: OrdenRecaudacion/Generar
2026-02-19 11:18:25.553 | INFO  | CID:ebfaba2382a9 | USR:USU_ADMIN | OrdenRecaudacion/RegistrarPago | Iniciando acción: OrdenRecaudacion/RegistrarPago
2026-02-19 11:18:25.652 | INFO  | CID:ebfaba2382a9 | USR:USU_ADMIN | OrdenRecaudacion/RegistrarPago | Acción completada: OrdenRecaudacion/RegistrarPago
2026-02-19 11:19:25.695 | ERROR | CID:e7b9deda25f9 | USR:USU_ADMIN | Financiero/Index | ERR:INTERNAL_ERROR | Palabra clave "if" inesperada después del carácter "@". Una vez dentro del código, no es necesario añadir prefijos a las construcciones, como "if" con "@".

    Exception: HttpParseException
    StackTrace:    en System.Web.WebPages.Razor.RazorBuildProvider.EnsureGeneratedCode()
   en System.Web.WebPages.Razor.RazorBuildProvider.get_CodeCompilerType()
   en System.Web.Compilation.BuildProvider.GetCompilerTypeFromBuildProvider(BuildProvider buildProvider)
   en System.Web.Compilation.BuildProvidersCompiler.ProcessBuildProviders()
   en System.Web.Compilation.BuildProvidersCompiler.PerformBuild()
   en System.Web.Compilation.BuildManager.CompileWebFile(VirtualPath virtualPath)
   en System.Web.Compilation.BuildManager.GetVPathBuildResultInternal(VirtualPath virtualPath, Boolean noBuild, Boolean allowCrossApp, Boolean allowBuildInPrecompile, Boolean throwIfNotFound, Boolean ensureIsUpToDate)
   en System.Web.Compilation.BuildManager.GetVPathBuildResultWithNoAssert(HttpContext context, VirtualPath virtualPath, Boolean noBuild, Boolean allowCrossApp, Boolean allowBuildInPrecompile, Boolean throwIfNotFound, Boolean ensureIsUpToDate)
   en System.Web.Compilation.BuildManager.GetVirtualPathObjectFactory(VirtualPath virtualPath, HttpContext context, Boolean allowCrossApp, Boolean throwIfNotFound)
   en System.Web.Compilation.BuildManager.GetCompiledType(VirtualPath virtualPath)
   en System.Web.Mvc.BuildManagerCompiledView.Render(ViewContext viewContext, TextWriter writer)
   en System.Web.Mvc.ViewResultBase.ExecuteResult(ControllerContext context)
   en System.Web.Mvc.ControllerActionInvoker.InvokeActionResultFilterRecursive(IList`1 filters, Int32 filterIndex, ResultExecutingContext preContext, ControllerContext controllerContext, ActionResult actionResult)
   en System.Web.Mvc.ControllerActionInvoker.InvokeActionResultFilterRecursive(IList`1 filters, Int32 filterIndex, ResultExecutingContext preContext, ControllerContext controllerContext, ActionResult actionResult)
   en System.Web.Mvc.ControllerActionInvoker.InvokeActionResultFilterRecursive(IList`1 filters, Int32 filterIndex, ResultExecutingContext preContext, ControllerContext controllerContext, ActionResult actionResult)
   en System.Web.Mvc.ControllerActionInvoker.InvokeActionResultFilterRecursive(IList`1 filters, Int32 filterIndex, ResultExecutingContext preContext, ControllerContext controllerContext, ActionResult actionResult)
   en System.Web.Mvc.ControllerActionInvoker.InvokeActionResultWithFilters(ControllerContext controllerContext, IList`1 filters, ActionResult actionResult)
   en System.Web.Mvc.Async.AsyncControllerActionInvoker.<>c__DisplayClass3_1.<BeginInvokeAction>b__1(IAsyncResult asyncResult)
2026-02-19 11:20:23.832 | ERROR | CID:c7f8b50b1c5f | USR:USU_ADMIN | Financiero/Index | ERR:INTERNAL_ERROR | Palabra clave "if" inesperada después del carácter "@". Una vez dentro del código, no es necesario añadir prefijos a las construcciones, como "if" con "@".

    Exception: HttpParseException
    StackTrace:    en System.Web.WebPages.Razor.RazorBuildProvider.EnsureGeneratedCode()
   en System.Web.WebPages.Razor.RazorBuildProvider.get_CodeCompilerType()
   en System.Web.Compilation.BuildProvider.GetCompilerTypeFromBuildProvider(BuildProvider buildProvider)
   en System.Web.Compilation.BuildProvidersCompiler.ProcessBuildProviders()
   en System.Web.Compilation.BuildProvidersCompiler.PerformBuild()
   en System.Web.Compilation.BuildManager.CompileWebFile(VirtualPath virtualPath)
   en System.Web.Compilation.BuildManager.GetVPathBuildResultInternal(VirtualPath virtualPath, Boolean noBuild, Boolean allowCrossApp, Boolean allowBuildInPrecompile, Boolean throwIfNotFound, Boolean ensureIsUpToDate)
   en System.Web.Compilation.BuildManager.GetVPathBuildResultWithNoAssert(HttpContext context, VirtualPath virtualPath, Boolean noBuild, Boolean allowCrossApp, Boolean allowBuildInPrecompile, Boolean throwIfNotFound, Boolean ensureIsUpToDate)
   en System.Web.Compilation.BuildManager.GetVirtualPathObjectFactory(VirtualPath virtualPath, HttpContext context, Boolean allowCrossApp, Boolean throwIfNotFound)
   en System.Web.Compilation.BuildManager.GetCompiledType(VirtualPath virtualPath)
   en System.Web.Mvc.BuildManagerCompiledView.Render(ViewContext viewContext, TextWriter writer)
   en System.Web.Mvc.ViewResultBase.ExecuteResult(ControllerContext context)
   en System.Web.Mvc.ControllerActionInvoker.InvokeActionResultFilterRecursive(IList`1 filters, Int32 filterIndex, ResultExecutingContext preContext, ControllerContext controllerContext, ActionResult actionResult)
   en System.Web.Mvc.ControllerActionInvoker.InvokeActionResultFilterRecursive(IList`1 filters, Int32 filterIndex, ResultExecutingContext preContext, ControllerContext controllerContext, ActionResult actionResult)
   en System.Web.Mvc.ControllerActionInvoker.InvokeActionResultFilterRecursive(IList`1 filters, Int32 filterIndex, ResultExecutingContext preContext, ControllerContext controllerContext, ActionResult actionResult)
   en System.Web.Mvc.ControllerActionInvoker.InvokeActionResultFilterRecursive(IList`1 filters, Int32 filterIndex, ResultExecutingContext preContext, ControllerContext controllerContext, ActionResult actionResult)
   en System.Web.Mvc.ControllerActionInvoker.InvokeActionResultWithFilters(ControllerContext controllerContext, IList`1 filters, ActionResult actionResult)
   en System.Web.Mvc.Async.AsyncControllerActionInvoker.<>c__DisplayClass3_1.<BeginInvokeAction>b__1(IAsyncResult asyncResult)
2026-02-19 11:29:50.115 | INFO  | CID:N/A | Iniciando procesador de cola de correos
2026-02-19 11:30:25.842 | INFO  | CID:f04628be6067 | Account/Login | Iniciando acción: Account/Login
2026-02-19 11:30:26.433 | INFO  | CID:f04628be6067 | Account/Login | Acción completada: Account/Login
2026-02-19 11:31:00.569 | ERROR | CID:8fe2d32595ad | USR:USU_ADMIN | Financiero/Index | ERR:INTERNAL_ERROR | Palabra clave "if" inesperada después del carácter "@". Una vez dentro del código, no es necesario añadir prefijos a las construcciones, como "if" con "@".

    Exception: HttpParseException
    StackTrace:    en System.Web.WebPages.Razor.RazorBuildProvider.EnsureGeneratedCode()
   en System.Web.WebPages.Razor.RazorBuildProvider.get_CodeCompilerType()
   en System.Web.Compilation.BuildProvider.GetCompilerTypeFromBuildProvider(BuildProvider buildProvider)
   en System.Web.Compilation.BuildProvidersCompiler.ProcessBuildProviders()
   en System.Web.Compilation.BuildProvidersCompiler.PerformBuild()
   en System.Web.Compilation.BuildManager.CompileWebFile(VirtualPath virtualPath)
   en System.Web.Compilation.BuildManager.GetVPathBuildResultInternal(VirtualPath virtualPath, Boolean noBuild, Boolean allowCrossApp, Boolean allowBuildInPrecompile, Boolean throwIfNotFound, Boolean ensureIsUpToDate)
   en System.Web.Compilation.BuildManager.GetVPathBuildResultWithNoAssert(HttpContext context, VirtualPath virtualPath, Boolean noBuild, Boolean allowCrossApp, Boolean allowBuildInPrecompile, Boolean throwIfNotFound, Boolean ensureIsUpToDate)
   en System.Web.Compilation.BuildManager.GetVirtualPathObjectFactory(VirtualPath virtualPath, HttpContext context, Boolean allowCrossApp, Boolean throwIfNotFound)
   en System.Web.Compilation.BuildManager.GetCompiledType(VirtualPath virtualPath)
   en System.Web.Mvc.BuildManagerCompiledView.Render(ViewContext viewContext, TextWriter writer)
   en System.Web.Mvc.ViewResultBase.ExecuteResult(ControllerContext context)
   en System.Web.Mvc.ControllerActionInvoker.InvokeActionResultFilterRecursive(IList`1 filters, Int32 filterIndex, ResultExecutingContext preContext, ControllerContext controllerContext, ActionResult actionResult)
   en System.Web.Mvc.ControllerActionInvoker.InvokeActionResultFilterRecursive(IList`1 filters, Int32 filterIndex, ResultExecutingContext preContext, ControllerContext controllerContext, ActionResult actionResult)
   en System.Web.Mvc.ControllerActionInvoker.InvokeActionResultFilterRecursive(IList`1 filters, Int32 filterIndex, ResultExecutingContext preContext, ControllerContext controllerContext, ActionResult actionResult)
   en System.Web.Mvc.ControllerActionInvoker.InvokeActionResultFilterRecursive(IList`1 filters, Int32 filterIndex, ResultExecutingContext preContext, ControllerContext controllerContext, ActionResult actionResult)
   en System.Web.Mvc.ControllerActionInvoker.InvokeActionResultWithFilters(ControllerContext controllerContext, IList`1 filters, ActionResult actionResult)
   en System.Web.Mvc.Async.AsyncControllerActionInvoker.<>c__DisplayClass3_1.<BeginInvokeAction>b__1(IAsyncResult asyncResult)
2026-02-19 11:32:00.556 | ERROR | CID:8e6f9ca93e81 | USR:USU_ADMIN | Financiero/Index | ERR:INTERNAL_ERROR | Palabra clave "if" inesperada después del carácter "@". Una vez dentro del código, no es necesario añadir prefijos a las construcciones, como "if" con "@".

    Exception: HttpParseException
    StackTrace:    en System.Web.WebPages.Razor.RazorBuildProvider.EnsureGeneratedCode()
   en System.Web.WebPages.Razor.RazorBuildProvider.get_CodeCompilerType()
   en System.Web.Compilation.BuildProvider.GetCompilerTypeFromBuildProvider(BuildProvider buildProvider)
   en System.Web.Compilation.BuildProvidersCompiler.ProcessBuildProviders()
   en System.Web.Compilation.BuildProvidersCompiler.PerformBuild()
   en System.Web.Compilation.BuildManager.CompileWebFile(VirtualPath virtualPath)
   en System.Web.Compilation.BuildManager.GetVPathBuildResultInternal(VirtualPath virtualPath, Boolean noBuild, Boolean allowCrossApp, Boolean allowBuildInPrecompile, Boolean throwIfNotFound, Boolean ensureIsUpToDate)
   en System.Web.Compilation.BuildManager.GetVPathBuildResultWithNoAssert(HttpContext context, VirtualPath virtualPath, Boolean noBuild, Boolean allowCrossApp, Boolean allowBuildInPrecompile, Boolean throwIfNotFound, Boolean ensureIsUpToDate)
   en System.Web.Compilation.BuildManager.GetVirtualPathObjectFactory(VirtualPath virtualPath, HttpContext context, Boolean allowCrossApp, Boolean throwIfNotFound)
   en System.Web.Compilation.BuildManager.GetCompiledType(VirtualPath virtualPath)
   en System.Web.Mvc.BuildManagerCompiledView.Render(ViewContext viewContext, TextWriter writer)
   en System.Web.Mvc.ViewResultBase.ExecuteResult(ControllerContext context)
   en System.Web.Mvc.ControllerActionInvoker.InvokeActionResultFilterRecursive(IList`1 filters, Int32 filterIndex, ResultExecutingContext preContext, ControllerContext controllerContext, ActionResult actionResult)
   en System.Web.Mvc.ControllerActionInvoker.InvokeActionResultFilterRecursive(IList`1 filters, Int32 filterIndex, ResultExecutingContext preContext, ControllerContext controllerContext, ActionResult actionResult)
   en System.Web.Mvc.ControllerActionInvoker.InvokeActionResultFilterRecursive(IList`1 filters, Int32 filterIndex, ResultExecutingContext preContext, ControllerContext controllerContext, ActionResult actionResult)
   en System.Web.Mvc.ControllerActionInvoker.InvokeActionResultFilterRecursive(IList`1 filters, Int32 filterIndex, ResultExecutingContext preContext, ControllerContext controllerContext, ActionResult actionResult)
   en System.Web.Mvc.ControllerActionInvoker.InvokeActionResultWithFilters(ControllerContext controllerContext, IList`1 filters, ActionResult actionResult)
   en System.Web.Mvc.Async.AsyncControllerActionInvoker.<>c__DisplayClass3_1.<BeginInvokeAction>b__1(IAsyncResult asyncResult)
2026-02-19 11:37:16.268 | INFO  | CID:N/A | Iniciando procesador de cola de correos
2026-02-19 11:37:24.523 | INFO  | CID:1c3d39ada688 | Account/Login | Iniciando acción: Account/Login
2026-02-19 11:37:24.874 | INFO  | CID:1c3d39ada688 | Account/Login | Acción completada: Account/Login
2026-02-19 11:40:27.672 | INFO  | CID:N/A | Iniciando procesador de cola de correos
2026-02-19 11:40:33.896 | INFO  | CID:8668a09a805d | Account/Login | Iniciando acción: Account/Login
2026-02-19 11:40:34.357 | INFO  | CID:8668a09a805d | Account/Login | Acción completada: Account/Login
2026-02-19 11:40:56.141 | ERROR | CID:44b6ffddb9ce | USR:USU_ADMIN | Financiero/Index | ERR:INTERNAL_ERROR | "{" inesperado tras el carácter "@". Dentro del cuerpo de un bloque de códigos (@if {}, @{}, etc.) no es necesario utilizar "@{" para cambiar al código.

    Exception: HttpParseException
    StackTrace:    en System.Web.WebPages.Razor.RazorBuildProvider.EnsureGeneratedCode()
   en System.Web.WebPages.Razor.RazorBuildProvider.get_CodeCompilerType()
   en System.Web.Compilation.BuildProvider.GetCompilerTypeFromBuildProvider(BuildProvider buildProvider)
   en System.Web.Compilation.BuildProvidersCompiler.ProcessBuildProviders()
   en System.Web.Compilation.BuildProvidersCompiler.PerformBuild()
   en System.Web.Compilation.BuildManager.CompileWebFile(VirtualPath virtualPath)
   en System.Web.Compilation.BuildManager.GetVPathBuildResultInternal(VirtualPath virtualPath, Boolean noBuild, Boolean allowCrossApp, Boolean allowBuildInPrecompile, Boolean throwIfNotFound, Boolean ensureIsUpToDate)
   en System.Web.Compilation.BuildManager.GetVPathBuildResultWithNoAssert(HttpContext context, VirtualPath virtualPath, Boolean noBuild, Boolean allowCrossApp, Boolean allowBuildInPrecompile, Boolean throwIfNotFound, Boolean ensureIsUpToDate)
   en System.Web.Compilation.BuildManager.GetVirtualPathObjectFactory(VirtualPath virtualPath, HttpContext context, Boolean allowCrossApp, Boolean throwIfNotFound)
   en System.Web.Compilation.BuildManager.GetCompiledType(VirtualPath virtualPath)
   en System.Web.Mvc.BuildManagerCompiledView.Render(ViewContext viewContext, TextWriter writer)
   en System.Web.Mvc.ViewResultBase.ExecuteResult(ControllerContext context)
   en System.Web.Mvc.ControllerActionInvoker.InvokeActionResultFilterRecursive(IList`1 filters, Int32 filterIndex, ResultExecutingContext preContext, ControllerContext controllerContext, ActionResult actionResult)
   en System.Web.Mvc.ControllerActionInvoker.InvokeActionResultFilterRecursive(IList`1 filters, Int32 filterIndex, ResultExecutingContext preContext, ControllerContext controllerContext, ActionResult actionResult)
   en System.Web.Mvc.ControllerActionInvoker.InvokeActionResultFilterRecursive(IList`1 filters, Int32 filterIndex, ResultExecutingContext preContext, ControllerContext controllerContext, ActionResult actionResult)
   en System.Web.Mvc.ControllerActionInvoker.InvokeActionResultFilterRecursive(IList`1 filters, Int32 filterIndex, ResultExecutingContext preContext, ControllerContext controllerContext, ActionResult actionResult)
   en System.Web.Mvc.ControllerActionInvoker.InvokeActionResultWithFilters(ControllerContext controllerContext, IList`1 filters, ActionResult actionResult)
   en System.Web.Mvc.Async.AsyncControllerActionInvoker.<>c__DisplayClass3_1.<BeginInvokeAction>b__1(IAsyncResult asyncResult)
2026-02-19 11:47:43.693 | INFO  | CID:N/A | Iniciando procesador de cola de correos
2026-02-19 11:47:50.050 | INFO  | CID:1ecd7778739f | Account/Login | Iniciando acción: Account/Login
2026-02-19 11:47:50.691 | INFO  | CID:1ecd7778739f | Account/Login | Acción completada: Account/Login
2026-02-19 11:48:12.959 | ERROR | CID:e2e954f09ae3 | USR:USU_ADMIN | Financiero/Index | ERR:INTERNAL_ERROR | Palabra clave "if" inesperada después del carácter "@". Una vez dentro del código, no es necesario añadir prefijos a las construcciones, como "if" con "@".

    Exception: HttpParseException
    StackTrace:    en System.Web.WebPages.Razor.RazorBuildProvider.EnsureGeneratedCode()
   en System.Web.WebPages.Razor.RazorBuildProvider.get_CodeCompilerType()
   en System.Web.Compilation.BuildProvider.GetCompilerTypeFromBuildProvider(BuildProvider buildProvider)
   en System.Web.Compilation.BuildProvidersCompiler.ProcessBuildProviders()
   en System.Web.Compilation.BuildProvidersCompiler.PerformBuild()
   en System.Web.Compilation.BuildManager.CompileWebFile(VirtualPath virtualPath)
   en System.Web.Compilation.BuildManager.GetVPathBuildResultInternal(VirtualPath virtualPath, Boolean noBuild, Boolean allowCrossApp, Boolean allowBuildInPrecompile, Boolean throwIfNotFound, Boolean ensureIsUpToDate)
   en System.Web.Compilation.BuildManager.GetVPathBuildResultWithNoAssert(HttpContext context, VirtualPath virtualPath, Boolean noBuild, Boolean allowCrossApp, Boolean allowBuildInPrecompile, Boolean throwIfNotFound, Boolean ensureIsUpToDate)
   en System.Web.Compilation.BuildManager.GetVirtualPathObjectFactory(VirtualPath virtualPath, HttpContext context, Boolean allowCrossApp, Boolean throwIfNotFound)
   en System.Web.Compilation.BuildManager.GetCompiledType(VirtualPath virtualPath)
   en System.Web.Mvc.BuildManagerCompiledView.Render(ViewContext viewContext, TextWriter writer)
   en System.Web.Mvc.ViewResultBase.ExecuteResult(ControllerContext context)
   en System.Web.Mvc.ControllerActionInvoker.InvokeActionResultFilterRecursive(IList`1 filters, Int32 filterIndex, ResultExecutingContext preContext, ControllerContext controllerContext, ActionResult actionResult)
   en System.Web.Mvc.ControllerActionInvoker.InvokeActionResultFilterRecursive(IList`1 filters, Int32 filterIndex, ResultExecutingContext preContext, ControllerContext controllerContext, ActionResult actionResult)
   en System.Web.Mvc.ControllerActionInvoker.InvokeActionResultFilterRecursive(IList`1 filters, Int32 filterIndex, ResultExecutingContext preContext, ControllerContext controllerContext, ActionResult actionResult)
   en System.Web.Mvc.ControllerActionInvoker.InvokeActionResultFilterRecursive(IList`1 filters, Int32 filterIndex, ResultExecutingContext preContext, ControllerContext controllerContext, ActionResult actionResult)
   en System.Web.Mvc.ControllerActionInvoker.InvokeActionResultWithFilters(ControllerContext controllerContext, IList`1 filters, ActionResult actionResult)
   en System.Web.Mvc.Async.AsyncControllerActionInvoker.<>c__DisplayClass3_1.<BeginInvokeAction>b__1(IAsyncResult asyncResult)
2026-02-19 11:50:09.181 | ERROR | CID:f4fbe015168b | USR:USU_ADMIN | Financiero/Index | ERR:INTERNAL_ERROR | Palabra clave "if" inesperada después del carácter "@". Una vez dentro del código, no es necesario añadir prefijos a las construcciones, como "if" con "@".

    Exception: HttpParseException
    StackTrace:    en System.Web.WebPages.Razor.RazorBuildProvider.EnsureGeneratedCode()
   en System.Web.WebPages.Razor.RazorBuildProvider.get_CodeCompilerType()
   en System.Web.Compilation.BuildProvider.GetCompilerTypeFromBuildProvider(BuildProvider buildProvider)
   en System.Web.Compilation.BuildProvidersCompiler.ProcessBuildProviders()
   en System.Web.Compilation.BuildProvidersCompiler.PerformBuild()
   en System.Web.Compilation.BuildManager.CompileWebFile(VirtualPath virtualPath)
   en System.Web.Compilation.BuildManager.GetVPathBuildResultInternal(VirtualPath virtualPath, Boolean noBuild, Boolean allowCrossApp, Boolean allowBuildInPrecompile, Boolean throwIfNotFound, Boolean ensureIsUpToDate)
   en System.Web.Compilation.BuildManager.GetVPathBuildResultWithNoAssert(HttpContext context, VirtualPath virtualPath, Boolean noBuild, Boolean allowCrossApp, Boolean allowBuildInPrecompile, Boolean throwIfNotFound, Boolean ensureIsUpToDate)
   en System.Web.Compilation.BuildManager.GetVirtualPathObjectFactory(VirtualPath virtualPath, HttpContext context, Boolean allowCrossApp, Boolean throwIfNotFound)
   en System.Web.Compilation.BuildManager.GetCompiledType(VirtualPath virtualPath)
   en System.Web.Mvc.BuildManagerCompiledView.Render(ViewContext viewContext, TextWriter writer)
   en System.Web.Mvc.ViewResultBase.ExecuteResult(ControllerContext context)
   en System.Web.Mvc.ControllerActionInvoker.InvokeActionResultFilterRecursive(IList`1 filters, Int32 filterIndex, ResultExecutingContext preContext, ControllerContext controllerContext, ActionResult actionResult)
   en System.Web.Mvc.ControllerActionInvoker.InvokeActionResultFilterRecursive(IList`1 filters, Int32 filterIndex, ResultExecutingContext preContext, ControllerContext controllerContext, ActionResult actionResult)
   en System.Web.Mvc.ControllerActionInvoker.InvokeActionResultFilterRecursive(IList`1 filters, Int32 filterIndex, ResultExecutingContext preContext, ControllerContext controllerContext, ActionResult actionResult)
   en System.Web.Mvc.ControllerActionInvoker.InvokeActionResultFilterRecursive(IList`1 filters, Int32 filterIndex, ResultExecutingContext preContext, ControllerContext controllerContext, ActionResult actionResult)
   en System.Web.Mvc.ControllerActionInvoker.InvokeActionResultWithFilters(ControllerContext controllerContext, IList`1 filters, ActionResult actionResult)
   en System.Web.Mvc.Async.AsyncControllerActionInvoker.<>c__DisplayClass3_1.<BeginInvokeAction>b__1(IAsyncResult asyncResult)
2026-02-19 11:50:40.137 | ERROR | CID:15cf1789dced | USR:USU_ADMIN | Financiero/Index | ERR:INTERNAL_ERROR | Palabra clave "if" inesperada después del carácter "@". Una vez dentro del código, no es necesario añadir prefijos a las construcciones, como "if" con "@".

    Exception: HttpParseException
    StackTrace:    en System.Web.WebPages.Razor.RazorBuildProvider.EnsureGeneratedCode()
   en System.Web.WebPages.Razor.RazorBuildProvider.get_CodeCompilerType()
   en System.Web.Compilation.BuildProvider.GetCompilerTypeFromBuildProvider(BuildProvider buildProvider)
   en System.Web.Compilation.BuildProvidersCompiler.ProcessBuildProviders()
   en System.Web.Compilation.BuildProvidersCompiler.PerformBuild()
   en System.Web.Compilation.BuildManager.CompileWebFile(VirtualPath virtualPath)
   en System.Web.Compilation.BuildManager.GetVPathBuildResultInternal(VirtualPath virtualPath, Boolean noBuild, Boolean allowCrossApp, Boolean allowBuildInPrecompile, Boolean throwIfNotFound, Boolean ensureIsUpToDate)
   en System.Web.Compilation.BuildManager.GetVPathBuildResultWithNoAssert(HttpContext context, VirtualPath virtualPath, Boolean noBuild, Boolean allowCrossApp, Boolean allowBuildInPrecompile, Boolean throwIfNotFound, Boolean ensureIsUpToDate)
   en System.Web.Compilation.BuildManager.GetVirtualPathObjectFactory(VirtualPath virtualPath, HttpContext context, Boolean allowCrossApp, Boolean throwIfNotFound)
   en System.Web.Compilation.BuildManager.GetCompiledType(VirtualPath virtualPath)
   en System.Web.Mvc.BuildManagerCompiledView.Render(ViewContext viewContext, TextWriter writer)
   en System.Web.Mvc.ViewResultBase.ExecuteResult(ControllerContext context)
   en System.Web.Mvc.ControllerActionInvoker.InvokeActionResultFilterRecursive(IList`1 filters, Int32 filterIndex, ResultExecutingContext preContext, ControllerContext controllerContext, ActionResult actionResult)
   en System.Web.Mvc.ControllerActionInvoker.InvokeActionResultFilterRecursive(IList`1 filters, Int32 filterIndex, ResultExecutingContext preContext, ControllerContext controllerContext, ActionResult actionResult)
   en System.Web.Mvc.ControllerActionInvoker.InvokeActionResultFilterRecursive(IList`1 filters, Int32 filterIndex, ResultExecutingContext preContext, ControllerContext controllerContext, ActionResult actionResult)
   en System.Web.Mvc.ControllerActionInvoker.InvokeActionResultFilterRecursive(IList`1 filters, Int32 filterIndex, ResultExecutingContext preContext, ControllerContext controllerContext, ActionResult actionResult)
   en System.Web.Mvc.ControllerActionInvoker.InvokeActionResultWithFilters(ControllerContext controllerContext, IList`1 filters, ActionResult actionResult)
   en System.Web.Mvc.Async.AsyncControllerActionInvoker.<>c__DisplayClass3_1.<BeginInvokeAction>b__1(IAsyncResult asyncResult)
2026-02-19 12:00:08.331 | INFO  | CID:N/A | Iniciando procesador de cola de correos
2026-02-19 12:00:17.683 | INFO  | CID:d237f909962f | Account/Login | Iniciando acción: Account/Login
2026-02-19 12:00:18.334 | INFO  | CID:d237f909962f | Account/Login | Acción completada: Account/Login
2026-02-19 12:04:42.206 | INFO  | CID:N/A | Iniciando procesador de cola de correos
2026-02-19 12:04:57.341 | INFO  | CID:a672467e54b0 | Account/Login | Iniciando acción: Account/Login
2026-02-19 12:04:57.925 | INFO  | CID:a672467e54b0 | Account/Login | Acción completada: Account/Login
2026-02-19 12:10:42.902 | INFO  | CID:N/A | Iniciando procesador de cola de correos
2026-02-19 12:10:48.901 | INFO  | CID:6fe95a84017b | Account/Login | Iniciando acción: Account/Login
2026-02-19 12:10:49.282 | INFO  | CID:6fe95a84017b | Account/Login | Acción completada: Account/Login
2026-02-19 12:14:51.066 | INFO  | CID:N/A | Deteniendo procesador de cola de correos
2026-02-19 12:14:51.101 | INFO  | CID:N/A | Deteniendo procesador de cola de correos
2026-02-19 12:16:46.564 | INFO  | CID:N/A | Iniciando procesador de cola de correos
2026-02-19 12:16:55.856 | INFO  | CID:96ed9a2e58fb | Account/Login | Iniciando acción: Account/Login
2026-02-19 12:16:56.168 | INFO  | CID:96ed9a2e58fb | Account/Login | Acción completada: Account/Login
2026-02-19 12:18:45.362 | INFO  | CID:78830f3292e4 | USR:USU_ADMIN | Financiero/AprobarPago | Iniciando acción: Financiero/AprobarPago
2026-02-19 12:18:45.396 | INFO  | CID:78830f3292e4 | USR:USU_ADMIN | Financiero/AprobarPago | Acción completada: Financiero/AprobarPago
2026-02-19 12:19:21.383 | INFO  | CID:0d23baf69260 | USR:USU_ADMIN | OrdenRecaudacion/Nueva | Iniciando acción: OrdenRecaudacion/Nueva
2026-02-19 12:19:21.655 | INFO  | CID:0d23baf69260 | USR:USU_ADMIN | OrdenRecaudacion/Nueva | Acción completada: OrdenRecaudacion/Nueva
2026-02-19 12:19:26.566 | INFO  | CID:31b59d94c996 | USR:USU_ADMIN | OrdenRecaudacion/Generar | Iniciando acción: OrdenRecaudacion/Generar
2026-02-19 12:19:28.937 | INFO  | CID:fb41668e4f02 | Correo con adjunto enviado exitosamente a gercavi82@gmail.com
2026-02-19 12:19:28.939 | INFO  | CID:31b59d94c996 | USR:USU_ADMIN | OrdenRecaudacion/Generar | Acción completada: OrdenRecaudacion/Generar
2026-02-19 12:28:39.636 | INFO  | CID:N/A | Deteniendo procesador de cola de correos
2026-02-19 12:28:39.669 | INFO  | CID:N/A | Deteniendo procesador de cola de correos
2026-02-19 12:46:03.549 | INFO  | CID:N/A | Iniciando procesador de cola de correos
2026-02-19 13:45:49.618 | INFO  | CID:N/A | Iniciando procesador de cola de correos
2026-02-19 13:45:55.186 | INFO  | CID:0c2555c7b2a7 | Account/Login | Iniciando acción: Account/Login
2026-02-19 13:45:55.584 | INFO  | CID:0c2555c7b2a7 | Account/Login | Acción completada: Account/Login
2026-02-19 13:46:25.327 | INFO  | CID:599cdd8af48e | USR:USU_ADMIN | Financiero/AprobarPago | Iniciando acción: Financiero/AprobarPago
2026-02-19 13:46:25.365 | INFO  | CID:599cdd8af48e | USR:USU_ADMIN | Financiero/AprobarPago | Acción completada: Financiero/AprobarPago
2026-02-19 13:54:26.534 | INFO  | CID:N/A | Iniciando procesador de cola de correos
2026-02-19 13:54:34.901 | INFO  | CID:44a9f422b083 | Account/Login | Iniciando acción: Account/Login
2026-02-19 13:54:35.480 | INFO  | CID:44a9f422b083 | Account/Login | Acción completada: Account/Login
2026-02-19 13:55:47.600 | INFO  | CID:5f51251032d4 | USR:USU_ADMIN | Financiero/RechazarOrden | Iniciando acción: Financiero/RechazarOrden
2026-02-19 13:55:47.924 | INFO  | CID:5f51251032d4 | USR:USU_ADMIN | Financiero/RechazarOrden | Acción completada: Financiero/RechazarOrden
2026-02-19 14:07:29.591 | INFO  | CID:N/A | Iniciando procesador de cola de correos
2026-02-19 14:07:39.376 | INFO  | CID:0d437726a242 | Account/Login | Iniciando acción: Account/Login
2026-02-19 14:07:39.688 | INFO  | CID:0d437726a242 | Account/Login | Acción completada: Account/Login
2026-02-19 14:08:03.498 | INFO  | CID:3e589b5f402d | USR:USU_ADMIN | Financiero/RechazarOrden | Iniciando acción: Financiero/RechazarOrden
2026-02-19 14:08:03.572 | INFO  | CID:3e589b5f402d | USR:USU_ADMIN | Financiero/RechazarOrden | Acción completada: Financiero/RechazarOrden
2026-02-19 14:09:36.478 | INFO  | CID:0d473e9ab4d0 | USR:USU_ADMIN | OrdenRecaudacion/Nueva | Iniciando acción: OrdenRecaudacion/Nueva
2026-02-19 14:09:36.761 | INFO  | CID:0d473e9ab4d0 | USR:USU_ADMIN | OrdenRecaudacion/Nueva | Acción completada: OrdenRecaudacion/Nueva
2026-02-19 14:09:47.347 | INFO  | CID:f581a61e0cf1 | USR:USU_ADMIN | OrdenRecaudacion/Generar | Iniciando acción: OrdenRecaudacion/Generar
2026-02-19 14:09:50.408 | INFO  | CID:011bc83c18f4 | Correo con adjunto enviado exitosamente a gercavi82@gmail.com
2026-02-19 14:09:50.411 | INFO  | CID:f581a61e0cf1 | USR:USU_ADMIN | OrdenRecaudacion/Generar | Acción completada: OrdenRecaudacion/Generar
2026-02-19 14:15:35.576 | INFO  | CID:0da2766a73a4 | USR:USU_ADMIN | Financiero/RechazarOrden | Iniciando acción: Financiero/RechazarOrden
2026-02-19 14:15:35.587 | INFO  | CID:0da2766a73a4 | USR:USU_ADMIN | Financiero/RechazarOrden | Acción completada: Financiero/RechazarOrden
2026-02-19 14:21:24.963 | INFO  | CID:N/A | Iniciando procesador de cola de correos
2026-02-19 14:21:37.328 | INFO  | CID:c0e83e37b888 | Account/Login | Iniciando acción: Account/Login
2026-02-19 14:21:37.877 | INFO  | CID:c0e83e37b888 | Account/Login | Acción completada: Account/Login
2026-02-19 14:22:06.296 | INFO  | CID:01ce7feee243 | USR:USU_ADMIN | Financiero/RechazarOrden | Iniciando acción: Financiero/RechazarOrden
2026-02-19 14:22:06.424 | ERROR | CID:N/A | ERR:EMAIL_ERROR | Error al enviar correo.
    Exception: SmtpException
    StackTrace:    en System.Net.Mail.SmtpClient.SendAsync(MailMessage message, Object userToken)
   en System.Net.Mail.SmtpClient.SendMailAsync(MailMessage message)
   en CapaDatos.Services.EmailService.<EnviarAsync>d__4.MoveNext() en C:\AOCR\AOCR\AOCR05-01-2026\AOCR1\AOCR\CapaDatos\Services\EmailService.cs:línea 76
2026-02-19 14:22:06.459 | ERROR | CID:N/A | ORD:OR-20260219140936511-13 | ERR:EMAIL_RECHAZO_ERROR | Error enviando notificacion de rechazo: Error al enviar correo.
2026-02-19 14:22:06.461 | INFO  | CID:01ce7feee243 | USR:USU_ADMIN | Financiero/RechazarOrden | Acción completada: Financiero/RechazarOrden
2026-02-19 14:23:13.482 | INFO  | CID:N/A | Deteniendo procesador de cola de correos
2026-02-19 14:23:13.532 | INFO  | CID:N/A | Deteniendo procesador de cola de correos
2026-02-19 14:29:51.832 | INFO  | CID:N/A | Iniciando procesador de cola de correos
2026-02-19 14:30:01.584 | INFO  | CID:2637823c09ff | Account/Login | Iniciando acción: Account/Login
2026-02-19 14:30:02.098 | INFO  | CID:2637823c09ff | Account/Login | Acción completada: Account/Login
2026-02-19 14:30:22.965 | INFO  | CID:e29fd9ca0086 | USR:USU_ADMIN | Financiero/RechazarOrden | Iniciando acción: Financiero/RechazarOrden
2026-02-19 14:30:23.329 | ERROR | CID:N/A | ERR:EMAIL_ERROR | Error al enviar correo.
    Exception: SmtpException
    StackTrace:    en System.Net.Mail.SmtpClient.SendAsync(MailMessage message, Object userToken)
   en System.Net.Mail.SmtpClient.SendMailAsync(MailMessage message)
   en CapaDatos.Services.EmailService.<EnviarAsync>d__4.MoveNext() en C:\AOCR\AOCR\AOCR05-01-2026\AOCR1\AOCR\CapaDatos\Services\EmailService.cs:línea 76
2026-02-19 14:30:23.336 | INFO  | CID:791b00cf2b56 | Enviando correo a gercavi82@gmail.com, Asunto: Notificacion de rechazo - Orden OR-202602191219214...
2026-02-19 14:30:23.481 | INFO  | CID:791b00cf2b56 | Correo enviado exitosamente a gercavi82@gmail.com
2026-02-19 14:30:23.486 | WARN  | CID:N/A | ERR:EMAIL_FALLBACK_OK | Correo enviado por fallback EnviarCorreo.
2026-02-19 14:30:23.488 | INFO  | CID:N/A | ORD:OR-20260219121921406-12 | ERR:EMAIL_RECHAZO_OK | Notificacion de rechazo enviada correctamente
2026-02-19 14:30:23.490 | INFO  | CID:e29fd9ca0086 | USR:USU_ADMIN | Financiero/RechazarOrden | Acción completada: Financiero/RechazarOrden
2026-02-19 14:35:27.098 | INFO  | CID:5355e66a3601 | Usuario/ValidarCorreo | Iniciando acción: Usuario/ValidarCorreo
2026-02-19 14:35:27.145 | INFO  | CID:5355e66a3601 | Usuario/ValidarCorreo | Acción completada: Usuario/ValidarCorreo
2026-02-19 14:35:36.046 | INFO  | CID:25abe9d3ea59 | Account/Login | Iniciando acción: Account/Login
2026-02-19 14:35:36.047 | INFO  | CID:25abe9d3ea59 | Account/Login | Acción completada: Account/Login
2026-02-19 14:44:59.894 | INFO  | CID:N/A | Iniciando procesador de cola de correos
2026-02-19 14:45:09.310 | INFO  | CID:8daf61bb092e | Account/Login | Iniciando acción: Account/Login
2026-02-19 14:45:09.815 | INFO  | CID:8daf61bb092e | Account/Login | Acción completada: Account/Login
2026-02-19 14:45:21.124 | ERROR | CID:0e5c244d85c6 | USR:USU_ADMIN | Usuario/RevisarDesignaciones | ERR:INTERNAL_ERROR | Palabra clave "using" inesperada después del carácter "@". Una vez dentro del código, no es necesario añadir prefijos a las construcciones, como "using" con "@".

    Exception: HttpParseException
    StackTrace:    en System.Web.WebPages.Razor.RazorBuildProvider.EnsureGeneratedCode()
   en System.Web.WebPages.Razor.RazorBuildProvider.get_CodeCompilerType()
   en System.Web.Compilation.BuildProvider.GetCompilerTypeFromBuildProvider(BuildProvider buildProvider)
   en System.Web.Compilation.BuildProvidersCompiler.ProcessBuildProviders()
   en System.Web.Compilation.BuildProvidersCompiler.PerformBuild()
   en System.Web.Compilation.BuildManager.CompileWebFile(VirtualPath virtualPath)
   en System.Web.Compilation.BuildManager.GetVPathBuildResultInternal(VirtualPath virtualPath, Boolean noBuild, Boolean allowCrossApp, Boolean allowBuildInPrecompile, Boolean throwIfNotFound, Boolean ensureIsUpToDate)
   en System.Web.Compilation.BuildManager.GetVPathBuildResultWithNoAssert(HttpContext context, VirtualPath virtualPath, Boolean noBuild, Boolean allowCrossApp, Boolean allowBuildInPrecompile, Boolean throwIfNotFound, Boolean ensureIsUpToDate)
   en System.Web.Compilation.BuildManager.GetVirtualPathObjectFactory(VirtualPath virtualPath, HttpContext context, Boolean allowCrossApp, Boolean throwIfNotFound)
   en System.Web.Compilation.BuildManager.GetCompiledType(VirtualPath virtualPath)
   en System.Web.Mvc.BuildManagerCompiledView.Render(ViewContext viewContext, TextWriter writer)
   en System.Web.Mvc.ViewResultBase.ExecuteResult(ControllerContext context)
   en System.Web.Mvc.ControllerActionInvoker.InvokeActionResultFilterRecursive(IList`1 filters, Int32 filterIndex, ResultExecutingContext preContext, ControllerContext controllerContext, ActionResult actionResult)
   en System.Web.Mvc.ControllerActionInvoker.InvokeActionResultFilterRecursive(IList`1 filters, Int32 filterIndex, ResultExecutingContext preContext, ControllerContext controllerContext, ActionResult actionResult)
   en System.Web.Mvc.ControllerActionInvoker.InvokeActionResultFilterRecursive(IList`1 filters, Int32 filterIndex, ResultExecutingContext preContext, ControllerContext controllerContext, ActionResult actionResult)
   en System.Web.Mvc.ControllerActionInvoker.InvokeActionResultFilterRecursive(IList`1 filters, Int32 filterIndex, ResultExecutingContext preContext, ControllerContext controllerContext, ActionResult actionResult)
   en System.Web.Mvc.ControllerActionInvoker.InvokeActionResultWithFilters(ControllerContext controllerContext, IList`1 filters, ActionResult actionResult)
   en System.Web.Mvc.Async.AsyncControllerActionInvoker.<>c__DisplayClass3_1.<BeginInvokeAction>b__1(IAsyncResult asyncResult)
2026-02-19 14:46:25.351 | ERROR | CID:3594f9678178 | USR:USU_ADMIN | Usuario/RevisarDesignaciones | ERR:INTERNAL_ERROR | Palabra clave "using" inesperada después del carácter "@". Una vez dentro del código, no es necesario añadir prefijos a las construcciones, como "using" con "@".

    Exception: HttpParseException
    StackTrace:    en System.Web.WebPages.Razor.RazorBuildProvider.EnsureGeneratedCode()
   en System.Web.WebPages.Razor.RazorBuildProvider.get_CodeCompilerType()
   en System.Web.Compilation.BuildProvider.GetCompilerTypeFromBuildProvider(BuildProvider buildProvider)
   en System.Web.Compilation.BuildProvidersCompiler.ProcessBuildProviders()
   en System.Web.Compilation.BuildProvidersCompiler.PerformBuild()
   en System.Web.Compilation.BuildManager.CompileWebFile(VirtualPath virtualPath)
   en System.Web.Compilation.BuildManager.GetVPathBuildResultInternal(VirtualPath virtualPath, Boolean noBuild, Boolean allowCrossApp, Boolean allowBuildInPrecompile, Boolean throwIfNotFound, Boolean ensureIsUpToDate)
   en System.Web.Compilation.BuildManager.GetVPathBuildResultWithNoAssert(HttpContext context, VirtualPath virtualPath, Boolean noBuild, Boolean allowCrossApp, Boolean allowBuildInPrecompile, Boolean throwIfNotFound, Boolean ensureIsUpToDate)
   en System.Web.Compilation.BuildManager.GetVirtualPathObjectFactory(VirtualPath virtualPath, HttpContext context, Boolean allowCrossApp, Boolean throwIfNotFound)
   en System.Web.Compilation.BuildManager.GetCompiledType(VirtualPath virtualPath)
   en System.Web.Mvc.BuildManagerCompiledView.Render(ViewContext viewContext, TextWriter writer)
   en System.Web.Mvc.ViewResultBase.ExecuteResult(ControllerContext context)
   en System.Web.Mvc.ControllerActionInvoker.InvokeActionResultFilterRecursive(IList`1 filters, Int32 filterIndex, ResultExecutingContext preContext, ControllerContext controllerContext, ActionResult actionResult)
   en System.Web.Mvc.ControllerActionInvoker.InvokeActionResultFilterRecursive(IList`1 filters, Int32 filterIndex, ResultExecutingContext preContext, ControllerContext controllerContext, ActionResult actionResult)
   en System.Web.Mvc.ControllerActionInvoker.InvokeActionResultFilterRecursive(IList`1 filters, Int32 filterIndex, ResultExecutingContext preContext, ControllerContext controllerContext, ActionResult actionResult)
   en System.Web.Mvc.ControllerActionInvoker.InvokeActionResultFilterRecursive(IList`1 filters, Int32 filterIndex, ResultExecutingContext preContext, ControllerContext controllerContext, ActionResult actionResult)
   en System.Web.Mvc.ControllerActionInvoker.InvokeActionResultWithFilters(ControllerContext controllerContext, IList`1 filters, ActionResult actionResult)
   en System.Web.Mvc.Async.AsyncControllerActionInvoker.<>c__DisplayClass3_1.<BeginInvokeAction>b__1(IAsyncResult asyncResult)
2026-02-19 14:51:13.353 | INFO  | CID:N/A | Iniciando procesador de cola de correos
2026-02-19 14:51:20.183 | INFO  | CID:bf733b5e4092 | Account/Login | Iniciando acción: Account/Login
2026-02-19 14:51:20.585 | INFO  | CID:bf733b5e4092 | Account/Login | Acción completada: Account/Login
2026-02-19 14:52:59.606 | INFO  | CID:1d6d88a12b02 | USR:USU_ADMIN | Usuario/AceptarDesignacion | Iniciando acción: Usuario/AceptarDesignacion
2026-02-19 14:52:59.624 | INFO  | CID:9212f15f9a57 | Enviando correo a gercavi82@gmail.com, Asunto: Su designación RT fue aprobada - Sistema AOCR
2026-02-19 14:52:59.841 | INFO  | CID:9212f15f9a57 | Correo enviado exitosamente a gercavi82@gmail.com
2026-02-19 14:52:59.844 | INFO  | CID:1d6d88a12b02 | USR:USU_ADMIN | Usuario/AceptarDesignacion | Acción completada: Usuario/AceptarDesignacion
2026-02-19 14:53:26.825 | INFO  | CID:7dfadd8c0042 | USR:USU_ADMIN | Usuario/InactivarUsuarioRT | Iniciando acción: Usuario/InactivarUsuarioRT
2026-02-19 14:53:26.836 | INFO  | CID:7dfadd8c0042 | USR:USU_ADMIN | Usuario/InactivarUsuarioRT | Acción completada: Usuario/InactivarUsuarioRT
2026-02-19 14:53:34.053 | INFO  | CID:84200c62a80b | USR:USU_ADMIN | Usuario/ActivarUsuarioRT | Iniciando acción: Usuario/ActivarUsuarioRT
2026-02-19 14:53:34.053 | INFO  | CID:84200c62a80b | USR:USU_ADMIN | Usuario/ActivarUsuarioRT | Acción completada: Usuario/ActivarUsuarioRT
2026-02-19 15:41:51.274 | INFO  | CID:N/A | Iniciando procesador de cola de correos
2026-02-19 15:42:04.040 | INFO  | CID:38b101dfa916 | Account/Login | Iniciando acción: Account/Login
2026-02-19 15:42:04.590 | INFO  | CID:38b101dfa916 | Account/Login | Acción completada: Account/Login
2026-02-19 15:42:20.207 | INFO  | CID:81ca4171baf4 | Account/Login | Iniciando acción: Account/Login
2026-02-19 15:42:20.209 | INFO  | CID:81ca4171baf4 | Account/Login | Acción completada: Account/Login
2026-02-19 15:42:31.005 | INFO  | CID:0324a81b26c1 | Account/Login | Iniciando acción: Account/Login
2026-02-19 15:42:31.008 | INFO  | CID:0324a81b26c1 | Account/Login | Acción completada: Account/Login
2026-02-19 15:42:40.332 | INFO  | CID:aa8ed7551277 | Account/Login | Iniciando acción: Account/Login
2026-02-19 15:42:40.336 | INFO  | CID:aa8ed7551277 | Account/Login | Acción completada: Account/Login
2026-02-19 15:43:02.584 | ERROR | CID:24fd0f798a2942dbbeff6aaa568c90f9 | Account/EnviarRecuperar | ERR:INTERNAL_ERROR | El campo de formulario antifalsificación "__RequestVerificationToken" no está presente.
    Exception: HttpAntiForgeryException
    StackTrace:    en System.Web.Helpers.AntiXsrf.TokenValidator.ValidateTokens(HttpContextBase httpContext, IIdentity identity, AntiForgeryToken sessionToken, AntiForgeryToken fieldToken)
   en System.Web.Helpers.AntiXsrf.AntiForgeryWorker.Validate(HttpContextBase httpContext)
   en System.Web.Mvc.ControllerActionInvoker.InvokeAuthorizationFilters(ControllerContext controllerContext, IList`1 filters, ActionDescriptor actionDescriptor)
   en System.Web.Mvc.Async.AsyncControllerActionInvoker.<>c__DisplayClass3_1.<BeginInvokeAction>b__0(AsyncCallback asyncCallback, Object asyncState)
2026-02-19 15:43:05.435 | ERROR | CID:73e59322e1ac46b589da709ca987376f | Account/EnviarRecuperar | ERR:INTERNAL_ERROR | El campo de formulario antifalsificación "__RequestVerificationToken" no está presente.
    Exception: HttpAntiForgeryException
    StackTrace:    en System.Web.Helpers.AntiXsrf.TokenValidator.ValidateTokens(HttpContextBase httpContext, IIdentity identity, AntiForgeryToken sessionToken, AntiForgeryToken fieldToken)
   en System.Web.Helpers.AntiXsrf.AntiForgeryWorker.Validate(HttpContextBase httpContext)
   en System.Web.Mvc.ControllerActionInvoker.InvokeAuthorizationFilters(ControllerContext controllerContext, IList`1 filters, ActionDescriptor actionDescriptor)
   en System.Web.Mvc.Async.AsyncControllerActionInvoker.<>c__DisplayClass3_1.<BeginInvokeAction>b__0(AsyncCallback asyncCallback, Object asyncState)
2026-02-19 15:43:06.559 | ERROR | CID:57dee8035e0b4de1bcdcfc316624a3de | Account/EnviarRecuperar | ERR:INTERNAL_ERROR | El campo de formulario antifalsificación "__RequestVerificationToken" no está presente.
    Exception: HttpAntiForgeryException
    StackTrace:    en System.Web.Helpers.AntiXsrf.TokenValidator.ValidateTokens(HttpContextBase httpContext, IIdentity identity, AntiForgeryToken sessionToken, AntiForgeryToken fieldToken)
   en System.Web.Helpers.AntiXsrf.AntiForgeryWorker.Validate(HttpContextBase httpContext)
   en System.Web.Mvc.ControllerActionInvoker.InvokeAuthorizationFilters(ControllerContext controllerContext, IList`1 filters, ActionDescriptor actionDescriptor)
   en System.Web.Mvc.Async.AsyncControllerActionInvoker.<>c__DisplayClass3_1.<BeginInvokeAction>b__0(AsyncCallback asyncCallback, Object asyncState)
2026-02-19 15:43:07.642 | ERROR | CID:50c3bfe2c760419497899c8518638494 | Account/EnviarRecuperar | ERR:INTERNAL_ERROR | El campo de formulario antifalsificación "__RequestVerificationToken" no está presente.
    Exception: HttpAntiForgeryException
    StackTrace:    en System.Web.Helpers.AntiXsrf.TokenValidator.ValidateTokens(HttpContextBase httpContext, IIdentity identity, AntiForgeryToken sessionToken, AntiForgeryToken fieldToken)
   en System.Web.Helpers.AntiXsrf.AntiForgeryWorker.Validate(HttpContextBase httpContext)
   en System.Web.Mvc.ControllerActionInvoker.InvokeAuthorizationFilters(ControllerContext controllerContext, IList`1 filters, ActionDescriptor actionDescriptor)
   en System.Web.Mvc.Async.AsyncControllerActionInvoker.<>c__DisplayClass3_1.<BeginInvokeAction>b__0(AsyncCallback asyncCallback, Object asyncState)
2026-02-19 15:43:08.216 | ERROR | CID:aea405a66f144bcc8a91032e1cf05f18 | Account/EnviarRecuperar | ERR:INTERNAL_ERROR | El campo de formulario antifalsificación "__RequestVerificationToken" no está presente.
    Exception: HttpAntiForgeryException
    StackTrace:    en System.Web.Helpers.AntiXsrf.TokenValidator.ValidateTokens(HttpContextBase httpContext, IIdentity identity, AntiForgeryToken sessionToken, AntiForgeryToken fieldToken)
   en System.Web.Helpers.AntiXsrf.AntiForgeryWorker.Validate(HttpContextBase httpContext)
   en System.Web.Mvc.ControllerActionInvoker.InvokeAuthorizationFilters(ControllerContext controllerContext, IList`1 filters, ActionDescriptor actionDescriptor)
   en System.Web.Mvc.Async.AsyncControllerActionInvoker.<>c__DisplayClass3_1.<BeginInvokeAction>b__0(AsyncCallback asyncCallback, Object asyncState)
2026-02-19 15:43:08.729 | ERROR | CID:3ec754b68c5e4b9fa13a6ba5cfdf6cb1 | Account/EnviarRecuperar | ERR:INTERNAL_ERROR | El campo de formulario antifalsificación "__RequestVerificationToken" no está presente.
    Exception: HttpAntiForgeryException
    StackTrace:    en System.Web.Helpers.AntiXsrf.TokenValidator.ValidateTokens(HttpContextBase httpContext, IIdentity identity, AntiForgeryToken sessionToken, AntiForgeryToken fieldToken)
   en System.Web.Helpers.AntiXsrf.AntiForgeryWorker.Validate(HttpContextBase httpContext)
   en System.Web.Mvc.ControllerActionInvoker.InvokeAuthorizationFilters(ControllerContext controllerContext, IList`1 filters, ActionDescriptor actionDescriptor)
   en System.Web.Mvc.Async.AsyncControllerActionInvoker.<>c__DisplayClass3_1.<BeginInvokeAction>b__0(AsyncCallback asyncCallback, Object asyncState)
2026-02-19 15:45:14.536 | INFO  | CID:N/A | Iniciando procesador de cola de correos
2026-02-19 15:45:21.053 | INFO  | CID:153e75609a89 | Account/Login | Iniciando acción: Account/Login
2026-02-19 15:45:21.642 | INFO  | CID:153e75609a89 | Account/Login | Acción completada: Account/Login
2026-02-19 15:48:28.045 | INFO  | CID:N/A | Iniciando procesador de cola de correos
2026-02-19 15:48:39.778 | INFO  | CID:9944badad95a | Account/Login | Iniciando acción: Account/Login
2026-02-19 15:48:40.080 | INFO  | CID:9944badad95a | Account/Login | Acción completada: Account/Login
2026-02-19 15:48:58.969 | INFO  | CID:68494a470e4f | Account/EnviarRecuperar | Iniciando acción: Account/EnviarRecuperar
2026-02-19 15:48:58.993 | INFO  | CID:dae80664c4fa | Enviando correo a gercavi82@gmail.com, Asunto: Recuperación de contraseña - Sistema AOCR
2026-02-19 15:48:59.206 | INFO  | CID:dae80664c4fa | Correo enviado exitosamente a gercavi82@gmail.com
2026-02-19 15:48:59.206 | INFO  | CID:68494a470e4f | Account/EnviarRecuperar | Acción completada: Account/EnviarRecuperar
2026-02-19 15:49:43.730 | INFO  | CID:74f25a524eba | Account/Login | Iniciando acción: Account/Login
2026-02-19 15:49:43.755 | INFO  | CID:74f25a524eba | Account/Login | Acción completada: Account/Login
2026-02-19 15:50:01.137 | INFO  | CID:3fda908e1b24 | USR:USU_ADMIN | Account/CambiarContrasena | Iniciando acción: Account/CambiarContrasena
2026-02-19 15:50:01.414 | INFO  | CID:3fda908e1b24 | USR:USU_ADMIN | Account/CambiarContrasena | Acción completada: Account/CambiarContrasena
2026-02-19 15:50:28.169 | ERROR | CID:92f6fca129fb | USR:USU_ADMIN | ReportesFinancieros/Index | ERR:INTERNAL_ERROR | c:\AOCR\AOCR\AOCR05-01-2026\AOCR1\AOCR\CapaPresentacion\Views\ReportesFinancieros\Index.cshtml(89): error CS1525: El término de la expresión '.' no es válido
    Exception: HttpCompileException
    StackTrace:    en System.Web.Compilation.AssemblyBuilder.Compile()
   en System.Web.Compilation.BuildProvidersCompiler.PerformBuild()
   en System.Web.Compilation.BuildManager.CompileWebFile(VirtualPath virtualPath)
   en System.Web.Compilation.BuildManager.GetVPathBuildResultInternal(VirtualPath virtualPath, Boolean noBuild, Boolean allowCrossApp, Boolean allowBuildInPrecompile, Boolean throwIfNotFound, Boolean ensureIsUpToDate)
   en System.Web.Compilation.BuildManager.GetVPathBuildResultWithNoAssert(HttpContext context, VirtualPath virtualPath, Boolean noBuild, Boolean allowCrossApp, Boolean allowBuildInPrecompile, Boolean throwIfNotFound, Boolean ensureIsUpToDate)
   en System.Web.Compilation.BuildManager.GetVirtualPathObjectFactory(VirtualPath virtualPath, HttpContext context, Boolean allowCrossApp, Boolean throwIfNotFound)
   en System.Web.Compilation.BuildManager.GetCompiledType(VirtualPath virtualPath)
   en System.Web.Mvc.BuildManagerCompiledView.Render(ViewContext viewContext, TextWriter writer)
   en System.Web.Mvc.ViewResultBase.ExecuteResult(ControllerContext context)
   en System.Web.Mvc.ControllerActionInvoker.InvokeActionResultFilterRecursive(IList`1 filters, Int32 filterIndex, ResultExecutingContext preContext, ControllerContext controllerContext, ActionResult actionResult)
   en System.Web.Mvc.ControllerActionInvoker.InvokeActionResultFilterRecursive(IList`1 filters, Int32 filterIndex, ResultExecutingContext preContext, ControllerContext controllerContext, ActionResult actionResult)
   en System.Web.Mvc.ControllerActionInvoker.InvokeActionResultFilterRecursive(IList`1 filters, Int32 filterIndex, ResultExecutingContext preContext, ControllerContext controllerContext, ActionResult actionResult)
   en System.Web.Mvc.ControllerActionInvoker.InvokeActionResultFilterRecursive(IList`1 filters, Int32 filterIndex, ResultExecutingContext preContext, ControllerContext controllerContext, ActionResult actionResult)
   en System.Web.Mvc.ControllerActionInvoker.InvokeActionResultWithFilters(ControllerContext controllerContext, IList`1 filters, ActionResult actionResult)
   en System.Web.Mvc.Async.AsyncControllerActionInvoker.<>c__DisplayClass3_1.<BeginInvokeAction>b__1(IAsyncResult asyncResult)
2026-02-19 15:51:33.529 | ERROR | CID:1e5882476bf6 | USR:USU_ADMIN | ReportesFinancieros/Index | ERR:INTERNAL_ERROR | c:\AOCR\AOCR\AOCR05-01-2026\AOCR1\AOCR\CapaPresentacion\Views\ReportesFinancieros\Index.cshtml(89): error CS1525: El término de la expresión '.' no es válido
    Exception: HttpCompileException
    StackTrace:    en System.Web.Compilation.AssemblyBuilder.Compile()
   en System.Web.Compilation.BuildProvidersCompiler.PerformBuild()
   en System.Web.Compilation.BuildManager.CompileWebFile(VirtualPath virtualPath)
   en System.Web.Compilation.BuildManager.GetVPathBuildResultInternal(VirtualPath virtualPath, Boolean noBuild, Boolean allowCrossApp, Boolean allowBuildInPrecompile, Boolean throwIfNotFound, Boolean ensureIsUpToDate)
   en System.Web.Compilation.BuildManager.GetVPathBuildResultWithNoAssert(HttpContext context, VirtualPath virtualPath, Boolean noBuild, Boolean allowCrossApp, Boolean allowBuildInPrecompile, Boolean throwIfNotFound, Boolean ensureIsUpToDate)
   en System.Web.Compilation.BuildManager.GetVirtualPathObjectFactory(VirtualPath virtualPath, HttpContext context, Boolean allowCrossApp, Boolean throwIfNotFound)
   en System.Web.Compilation.BuildManager.GetCompiledType(VirtualPath virtualPath)
   en System.Web.Mvc.BuildManagerCompiledView.Render(ViewContext viewContext, TextWriter writer)
   en System.Web.Mvc.ViewResultBase.ExecuteResult(ControllerContext context)
   en System.Web.Mvc.ControllerActionInvoker.InvokeActionResultFilterRecursive(IList`1 filters, Int32 filterIndex, ResultExecutingContext preContext, ControllerContext controllerContext, ActionResult actionResult)
   en System.Web.Mvc.ControllerActionInvoker.InvokeActionResultFilterRecursive(IList`1 filters, Int32 filterIndex, ResultExecutingContext preContext, ControllerContext controllerContext, ActionResult actionResult)
   en System.Web.Mvc.ControllerActionInvoker.InvokeActionResultFilterRecursive(IList`1 filters, Int32 filterIndex, ResultExecutingContext preContext, ControllerContext controllerContext, ActionResult actionResult)
   en System.Web.Mvc.ControllerActionInvoker.InvokeActionResultFilterRecursive(IList`1 filters, Int32 filterIndex, ResultExecutingContext preContext, ControllerContext controllerContext, ActionResult actionResult)
   en System.Web.Mvc.ControllerActionInvoker.InvokeActionResultWithFilters(ControllerContext controllerContext, IList`1 filters, ActionResult actionResult)
   en System.Web.Mvc.Async.AsyncControllerActionInvoker.<>c__DisplayClass3_1.<BeginInvokeAction>b__1(IAsyncResult asyncResult)
2026-02-19 15:56:53.261 | INFO  | CID:N/A | Iniciando procesador de cola de correos
2026-02-19 15:57:13.435 | INFO  | CID:870bbafccd81 | Account/Login | Iniciando acción: Account/Login
2026-02-19 15:57:13.775 | INFO  | CID:870bbafccd81 | Account/Login | Acción completada: Account/Login
2026-02-19 16:03:36.358 | INFO  | CID:571677ffdba9 | USR:USU_ADMIN | Usuario/EliminarUsuarioRT | Iniciando acción: Usuario/EliminarUsuarioRT
2026-02-19 16:03:36.589 | INFO  | CID:571677ffdba9 | USR:USU_ADMIN | Usuario/EliminarUsuarioRT | Acción completada: Usuario/EliminarUsuarioRT
2026-02-19 16:13:05.683 | INFO  | CID:N/A | Iniciando procesador de cola de correos
2026-02-19 16:13:16.555 | INFO  | CID:81784f0cf48d | Account/Login | Iniciando acción: Account/Login
2026-02-19 16:13:16.886 | INFO  | CID:81784f0cf48d | Account/Login | Acción completada: Account/Login
2026-02-19 16:17:50.406 | INFO  | CID:N/A | Iniciando procesador de cola de correos
2026-02-19 16:18:01.439 | INFO  | CID:a596f50fbac6 | Account/Login | Iniciando acción: Account/Login
2026-02-19 16:18:01.970 | INFO  | CID:a596f50fbac6 | Account/Login | Acción completada: Account/Login
2026-02-19 16:18:41.824 | INFO  | CID:31d57724e936 | USR:USU_ADMIN | Usuario/EliminarUsuarioRT | Iniciando acción: Usuario/EliminarUsuarioRT
2026-02-19 16:18:41.918 | INFO  | CID:31d57724e936 | USR:USU_ADMIN | Usuario/EliminarUsuarioRT | Acción completada: Usuario/EliminarUsuarioRT
2026-02-19 16:23:47.479 | INFO  | CID:N/A | Iniciando procesador de cola de correos
2026-02-19 16:23:59.630 | INFO  | CID:83176a1fe7f9 | Account/Login | Iniciando acción: Account/Login
2026-02-19 16:23:59.929 | INFO  | CID:83176a1fe7f9 | Account/Login | Acción completada: Account/Login
2026-02-19 16:24:14.652 | INFO  | CID:a3e5df5a0fbe | USR:USU_ADMIN | Usuario/EliminarUsuarioRT | Iniciando acción: Usuario/EliminarUsuarioRT
2026-02-19 16:24:14.910 | INFO  | CID:a3e5df5a0fbe | USR:USU_ADMIN | Usuario/EliminarUsuarioRT | Acción completada: Usuario/EliminarUsuarioRT
2026-02-19 16:24:23.551 | INFO  | CID:77ef006bf66f | USR:USU_ADMIN | Usuario/EliminarUsuarioRT | Iniciando acción: Usuario/EliminarUsuarioRT
2026-02-19 16:24:23.616 | INFO  | CID:77ef006bf66f | USR:USU_ADMIN | Usuario/EliminarUsuarioRT | Acción completada: Usuario/EliminarUsuarioRT
2026-02-19 16:24:31.044 | INFO  | CID:98f60124e168 | USR:USU_ADMIN | Usuario/ActivarUsuarioRT | Iniciando acción: Usuario/ActivarUsuarioRT
2026-02-19 16:24:31.049 | INFO  | CID:98f60124e168 | USR:USU_ADMIN | Usuario/ActivarUsuarioRT | Acción completada: Usuario/ActivarUsuarioRT
2026-02-19 16:24:35.931 | INFO  | CID:e7e4de1e804e | USR:USU_ADMIN | Usuario/EliminarUsuarioRT | Iniciando acción: Usuario/EliminarUsuarioRT
2026-02-19 16:24:35.992 | INFO  | CID:e7e4de1e804e | USR:USU_ADMIN | Usuario/EliminarUsuarioRT | Acción completada: Usuario/EliminarUsuarioRT
2026-02-19 16:30:45.859 | INFO  | CID:N/A | Iniciando procesador de cola de correos
2026-02-19 16:30:54.997 | INFO  | CID:59fae8d846c3 | Account/Login | Iniciando acción: Account/Login
2026-02-19 16:30:55.317 | INFO  | CID:59fae8d846c3 | Account/Login | Acción completada: Account/Login
2026-02-19 16:31:08.195 | INFO  | CID:e10a0ae5783f | USR:USU_ADMIN | Usuario/EliminarUsuarioRT | Iniciando acción: Usuario/EliminarUsuarioRT
2026-02-19 16:31:08.339 | INFO  | CID:e10a0ae5783f | USR:USU_ADMIN | Usuario/EliminarUsuarioRT | Acción completada: Usuario/EliminarUsuarioRT
2026-02-19 16:31:15.294 | INFO  | CID:3a762471647e | USR:USU_ADMIN | Usuario/EliminarUsuarioRT | Iniciando acción: Usuario/EliminarUsuarioRT
2026-02-19 16:31:15.355 | INFO  | CID:3a762471647e | USR:USU_ADMIN | Usuario/EliminarUsuarioRT | Acción completada: Usuario/EliminarUsuarioRT
2026-02-19 16:37:16.612 | INFO  | CID:N/A | Deteniendo procesador de cola de correos
2026-02-19 16:37:16.639 | INFO  | CID:N/A | Deteniendo procesador de cola de correos
2026-02-19 16:38:00.157 | INFO  | CID:N/A | Iniciando procesador de cola de correos
2026-02-19 16:40:11.064 | INFO  | CID:N/A | Iniciando procesador de cola de correos
2026-02-19 16:40:25.547 | INFO  | CID:73b3ca964add | Account/Login | Iniciando acción: Account/Login
2026-02-19 16:40:26.070 | INFO  | CID:73b3ca964add | Account/Login | Acción completada: Account/Login
2026-02-19 16:40:50.614 | INFO  | CID:49e3229d862c | USR:USU_ADMIN | Usuario/EliminarUsuarioRT | Iniciando acción: Usuario/EliminarUsuarioRT
2026-02-19 16:40:51.009 | INFO  | CID:49e3229d862c | USR:USU_ADMIN | Usuario/EliminarUsuarioRT | Acción completada: Usuario/EliminarUsuarioRT
2026-02-19 16:40:56.303 | INFO  | CID:e54dac935057 | USR:USU_ADMIN | Usuario/EliminarUsuarioRT | Iniciando acción: Usuario/EliminarUsuarioRT
2026-02-19 16:40:56.392 | INFO  | CID:e54dac935057 | USR:USU_ADMIN | Usuario/EliminarUsuarioRT | Acción completada: Usuario/EliminarUsuarioRT
