2026-02-12 08:13:28.808 | INFO  | CID:N/A | Iniciando procesador de cola de correos
2026-02-12 08:13:44.286 | INFO  | CID:616f1f0bf959 | Account/Login | Iniciando acción: Account/Login
2026-02-12 08:13:44.702 | INFO  | CID:616f1f0bf959 | Account/Login | Acción completada: Account/Login
2026-02-12 08:14:25.703 | INFO  | CID:29d97939eacd | Account/Login | Iniciando acción: Account/Login
2026-02-12 08:14:25.710 | INFO  | CID:29d97939eacd | Account/Login | Acción completada: Account/Login
2026-02-12 08:16:17.706 | INFO  | CID:N/A | Iniciando procesador de cola de correos
2026-02-12 08:16:27.221 | INFO  | CID:a0ad4e71b9ac | Account/Login | Iniciando acción: Account/Login
2026-02-12 08:16:27.487 | INFO  | CID:a0ad4e71b9ac | Account/Login | Acción completada: Account/Login
2026-02-12 08:21:12.896 | INFO  | CID:N/A | Iniciando procesador de cola de correos
2026-02-12 08:21:23.455 | INFO  | CID:99a01607af65 | Account/Login | Iniciando acción: Account/Login
2026-02-12 08:21:23.981 | INFO  | CID:99a01607af65 | Account/Login | Acción completada: Account/Login
2026-02-12 08:30:55.651 | INFO  | CID:N/A | Iniciando procesador de cola de correos
2026-02-12 08:31:08.226 | INFO  | CID:081ff98db620 | Account/Login | Iniciando acción: Account/Login
2026-02-12 08:31:09.981 | INFO  | CID:081ff98db620 | Account/Login | Acción completada: Account/Login
2026-02-12 08:31:24.528 | ERROR | CID:54c981210ee743c0807fdea4dde38763 | USR:1713091955 | Account/Login | ERR:INTERNAL_ERROR | El token antifalsificación proporcionado se diseñó para el usuario "" pero el usuario actual es "1713091955".
    Exception: HttpAntiForgeryException
    StackTrace:    en System.Web.Helpers.AntiXsrf.TokenValidator.ValidateTokens(HttpContextBase httpContext, IIdentity identity, AntiForgeryToken sessionToken, AntiForgeryToken fieldToken)
   en System.Web.Helpers.AntiXsrf.AntiForgeryWorker.Validate(HttpContextBase httpContext)
   en System.Web.Mvc.ControllerActionInvoker.InvokeAuthorizationFilters(ControllerContext controllerContext, IList`1 filters, ActionDescriptor actionDescriptor)
   en System.Web.Mvc.Async.AsyncControllerActionInvoker.<>c__DisplayClass3_1.<BeginInvokeAction>b__0(AsyncCallback asyncCallback, Object asyncState)
2026-02-12 08:31:29.579 | ERROR | CID:4a0cab3115f04eddbd1df07c1ad8f17e | USR:1713091955 | Account/Login | ERR:INTERNAL_ERROR | El token antifalsificación proporcionado se diseñó para el usuario "" pero el usuario actual es "1713091955".
    Exception: HttpAntiForgeryException
    StackTrace:    en System.Web.Helpers.AntiXsrf.TokenValidator.ValidateTokens(HttpContextBase httpContext, IIdentity identity, AntiForgeryToken sessionToken, AntiForgeryToken fieldToken)
   en System.Web.Helpers.AntiXsrf.AntiForgeryWorker.Validate(HttpContextBase httpContext)
   en System.Web.Mvc.ControllerActionInvoker.InvokeAuthorizationFilters(ControllerContext controllerContext, IList`1 filters, ActionDescriptor actionDescriptor)
   en System.Web.Mvc.Async.AsyncControllerActionInvoker.<>c__DisplayClass3_1.<BeginInvokeAction>b__0(AsyncCallback asyncCallback, Object asyncState)
2026-02-12 08:34:38.957 | INFO  | CID:N/A | Iniciando procesador de cola de correos
2026-02-12 08:34:51.003 | INFO  | CID:c8b5ae6f0e27 | Account/Login | Iniciando acción: Account/Login
2026-02-12 08:34:51.533 | INFO  | CID:c8b5ae6f0e27 | Account/Login | Acción completada: Account/Login
2026-02-12 08:36:12.179 | INFO  | CID:N/A | Iniciando procesador de cola de correos
2026-02-12 08:36:25.017 | INFO  | CID:e7199bbdf563 | Account/Login | Iniciando acción: Account/Login
2026-02-12 08:36:26.975 | INFO  | CID:e7199bbdf563 | Account/Login | Acción completada: Account/Login
2026-02-12 08:42:17.990 | INFO  | CID:N/A | Iniciando procesador de cola de correos
2026-02-12 08:44:02.471 | INFO  | CID:N/A | Iniciando procesador de cola de correos
2026-02-12 08:44:14.148 | INFO  | CID:f22fba331b34 | Account/Login | Iniciando acción: Account/Login
2026-02-12 08:44:14.725 | INFO  | CID:f22fba331b34 | Account/Login | Acción completada: Account/Login
2026-02-12 08:47:39.522 | INFO  | CID:N/A | Iniciando procesador de cola de correos
2026-02-12 08:47:50.272 | INFO  | CID:0810912eb05b | Account/Login | Iniciando acción: Account/Login
2026-02-12 08:47:50.568 | INFO  | CID:0810912eb05b | Account/Login | Acción completada: Account/Login
2026-02-12 08:50:51.426 | INFO  | CID:N/A | Iniciando procesador de cola de correos
2026-02-12 08:51:01.867 | INFO  | CID:851a5e0634d7 | Account/Login | Iniciando acción: Account/Login
2026-02-12 08:51:02.443 | INFO  | CID:851a5e0634d7 | Account/Login | Acción completada: Account/Login
2026-02-12 08:52:04.506 | INFO  | CID:N/A | Iniciando procesador de cola de correos
2026-02-12 08:58:37.596 | INFO  | CID:N/A | Iniciando procesador de cola de correos
2026-02-12 09:52:03.088 | INFO  | CID:N/A | Iniciando procesador de cola de correos
2026-02-12 09:52:16.185 | INFO  | CID:9b12451bee3c | Account/Login | Iniciando acción: Account/Login
2026-02-12 09:52:16.573 | INFO  | CID:9b12451bee3c | Account/Login | Acción completada: Account/Login
2026-02-12 09:52:36.349 | INFO  | CID:345ab699b1b4 | USR:USU_ADMIN | Usuario/AceptarDesignacion | Iniciando acción: Usuario/AceptarDesignacion
2026-02-12 09:52:36.374 | INFO  | CID:031f2270bcbb | Enviando correo a mancho2002@hotmail.com, Asunto: Su designación RT fue aprobada - Sistema AOCR
2026-02-12 09:52:36.735 | INFO  | CID:031f2270bcbb | Correo enviado exitosamente a mancho2002@hotmail.com
2026-02-12 09:52:36.737 | INFO  | CID:345ab699b1b4 | USR:USU_ADMIN | Usuario/AceptarDesignacion | Acción completada: Usuario/AceptarDesignacion
2026-02-12 09:54:14.411 | INFO  | CID:caab07d13f04 | Account/Login | Iniciando acción: Account/Login
2026-02-12 09:54:14.419 | INFO  | CID:caab07d13f04 | Account/Login | Acción completada: Account/Login
2026-02-12 09:55:59.282 | INFO  | CID:N/A | Iniciando procesador de cola de correos
2026-02-12 09:58:23.664 | INFO  | CID:N/A | Iniciando procesador de cola de correos
2026-02-12 10:04:48.082 | INFO  | CID:N/A | Iniciando procesador de cola de correos
2026-02-12 10:16:29.424 | INFO  | CID:N/A | Iniciando procesador de cola de correos
2026-02-12 10:25:36.441 | INFO  | CID:N/A | Iniciando procesador de cola de correos
2026-02-12 10:26:52.943 | INFO  | CID:N/A | Iniciando procesador de cola de correos
2026-02-12 10:29:21.743 | INFO  | CID:N/A | Iniciando procesador de cola de correos
2026-02-12 10:33:18.851 | INFO  | CID:N/A | Iniciando procesador de cola de correos
2026-02-12 10:35:19.360 | INFO  | CID:N/A | Iniciando procesador de cola de correos
2026-02-12 10:37:59.804 | INFO  | CID:N/A | Iniciando procesador de cola de correos
2026-02-12 10:42:16.163 | INFO  | CID:N/A | Iniciando procesador de cola de correos
2026-02-12 10:45:53.221 | INFO  | CID:c394cf648185 | Account/Login | Iniciando acción: Account/Login
2026-02-12 10:45:53.788 | INFO  | CID:c394cf648185 | Account/Login | Acción completada: Account/Login
2026-02-12 10:48:13.476 | INFO  | CID:5959abd35f92 | Usuario/ValidarIdentificacion | Iniciando acción: Usuario/ValidarIdentificacion
2026-02-12 10:48:13.484 | INFO  | CID:5959abd35f92 | Usuario/ValidarIdentificacion | Acción completada: Usuario/ValidarIdentificacion
2026-02-12 10:54:31.863 | INFO  | CID:N/A | Iniciando procesador de cola de correos
2026-02-12 10:55:57.178 | INFO  | CID:N/A | Iniciando procesador de cola de correos
2026-02-12 10:58:57.979 | INFO  | CID:N/A | Iniciando procesador de cola de correos
2026-02-12 11:13:00.448 | INFO  | CID:N/A | Iniciando procesador de cola de correos
2026-02-12 11:15:45.607 | INFO  | CID:N/A | Iniciando procesador de cola de correos
2026-02-12 11:19:48.473 | INFO  | CID:N/A | Iniciando procesador de cola de correos
2026-02-12 11:24:27.466 | INFO  | CID:N/A | Iniciando procesador de cola de correos
2026-02-12 11:25:12.979 | INFO  | CID:18fbeda47ffe | Usuario/ValidarIdentificacion | Iniciando acción: Usuario/ValidarIdentificacion
2026-02-12 11:25:13.441 | INFO  | CID:18fbeda47ffe | Usuario/ValidarIdentificacion | Acción completada: Usuario/ValidarIdentificacion
2026-02-12 11:29:00.766 | INFO  | CID:N/A | Iniciando procesador de cola de correos
2026-02-12 11:29:33.069 | INFO  | CID:fe244a7f550a | Usuario/ValidarRUC | Iniciando acción: Usuario/ValidarRUC
2026-02-12 11:29:33.339 | INFO  | CID:fe244a7f550a | Usuario/ValidarRUC | Acción completada: Usuario/ValidarRUC
2026-02-12 11:29:59.511 | INFO  | CID:409daf4fb446 | Usuario/DescargarDeclaracionResponsabilidad | Iniciando acción: Usuario/DescargarDeclaracionResponsabilidad
2026-02-12 11:30:00.015 | INFO  | CID:409daf4fb446 | Usuario/DescargarDeclaracionResponsabilidad | Acción completada: Usuario/DescargarDeclaracionResponsabilidad
2026-02-12 11:48:12.681 | INFO  | CID:N/A | Iniciando procesador de cola de correos
2026-02-12 11:48:50.161 | INFO  | CID:514785a404d8 | Usuario/ValidarRUC | Iniciando acción: Usuario/ValidarRUC
2026-02-12 11:48:51.166 | INFO  | CID:514785a404d8 | Usuario/ValidarRUC | Acción completada: Usuario/ValidarRUC
2026-02-12 11:49:59.807 | INFO  | CID:N/A | Iniciando procesador de cola de correos
2026-02-12 11:50:29.748 | INFO  | CID:589ce7ac2de4 | Usuario/ValidarCorreo | Iniciando acción: Usuario/ValidarCorreo
2026-02-12 11:50:30.201 | INFO  | CID:589ce7ac2de4 | Usuario/ValidarCorreo | Acción completada: Usuario/ValidarCorreo
2026-02-12 11:50:40.706 | INFO  | CID:1e86903b0675 | Usuario/ValidarCorreo | Iniciando acción: Usuario/ValidarCorreo
2026-02-12 11:50:40.711 | INFO  | CID:1e86903b0675 | Usuario/ValidarCorreo | Acción completada: Usuario/ValidarCorreo
2026-02-12 11:50:46.171 | INFO  | CID:45a6e3b8eba6 | Usuario/ValidarIdentificacion | Iniciando acción: Usuario/ValidarIdentificacion
2026-02-12 11:50:46.177 | INFO  | CID:45a6e3b8eba6 | Usuario/ValidarIdentificacion | Acción completada: Usuario/ValidarIdentificacion
2026-02-12 11:50:51.599 | INFO  | CID:a8dd53297810 | Usuario/ValidarIdentificacion | Iniciando acción: Usuario/ValidarIdentificacion
2026-02-12 11:50:51.602 | INFO  | CID:a8dd53297810 | Usuario/ValidarIdentificacion | Acción completada: Usuario/ValidarIdentificacion
2026-02-12 11:51:41.567 | INFO  | CID:ddd4239aa6c4 | Usuario/DescargarDeclaracionResponsabilidad | Iniciando acción: Usuario/DescargarDeclaracionResponsabilidad
2026-02-12 11:51:42.054 | INFO  | CID:ddd4239aa6c4 | Usuario/DescargarDeclaracionResponsabilidad | Acción completada: Usuario/DescargarDeclaracionResponsabilidad
2026-02-12 11:56:23.456 | INFO  | CID:N/A | Iniciando procesador de cola de correos
2026-02-12 11:57:27.691 | INFO  | CID:48ef201c2962 | Usuario/ValidarCorreo | Iniciando acción: Usuario/ValidarCorreo
2026-02-12 11:57:27.979 | INFO  | CID:48ef201c2962 | Usuario/ValidarCorreo | Acción completada: Usuario/ValidarCorreo
2026-02-12 11:57:34.173 | INFO  | CID:e2d9d5afeae7 | Usuario/ValidarIdentificacion | Iniciando acción: Usuario/ValidarIdentificacion
2026-02-12 11:57:34.180 | INFO  | CID:e2d9d5afeae7 | Usuario/ValidarIdentificacion | Acción completada: Usuario/ValidarIdentificacion
2026-02-12 11:57:57.722 | INFO  | CID:1cae37507b6c | Usuario/DescargarDeclaracionResponsabilidad | Iniciando acción: Usuario/DescargarDeclaracionResponsabilidad
2026-02-12 11:57:58.484 | INFO  | CID:1cae37507b6c | Usuario/DescargarDeclaracionResponsabilidad | Acción completada: Usuario/DescargarDeclaracionResponsabilidad
2026-02-12 12:21:24.782 | INFO  | CID:N/A | Iniciando procesador de cola de correos
2026-02-12 12:22:58.463 | INFO  | CID:42bc964a0eed | Usuario/ValidarCorreo | Iniciando acción: Usuario/ValidarCorreo
2026-02-12 12:22:58.938 | INFO  | CID:42bc964a0eed | Usuario/ValidarCorreo | Acción completada: Usuario/ValidarCorreo
2026-02-12 12:23:31.381 | INFO  | CID:c504a576b1bd | Usuario/ValidarIdentificacion | Iniciando acción: Usuario/ValidarIdentificacion
2026-02-12 12:23:31.386 | INFO  | CID:c504a576b1bd | Usuario/ValidarIdentificacion | Acción completada: Usuario/ValidarIdentificacion
2026-02-12 12:23:54.504 | INFO  | CID:5bbb83562fbd | Usuario/RegistrarDeclaracionTemporal | Iniciando acción: Usuario/RegistrarDeclaracionTemporal
2026-02-12 12:23:54.523 | INFO  | CID:5bbb83562fbd | Usuario/RegistrarDeclaracionTemporal | Acción completada: Usuario/RegistrarDeclaracionTemporal
2026-02-12 12:25:25.024 | INFO  | CID:720eb18fee4a | Usuario/Crear | Iniciando acción: Usuario/Crear
2026-02-12 12:25:25.264 | INFO  | CID:0c903f9cf5aa | Enviando correo a fgdfdf@dfdf.com, Asunto: Registro de usuario - Sistema AOCR
2026-02-12 12:25:25.745 | INFO  | CID:0c903f9cf5aa | Correo enviado exitosamente a fgdfdf@dfdf.com
2026-02-12 12:25:25.750 | INFO  | CID:720eb18fee4a | Usuario/Crear | Acción completada: Usuario/Crear
2026-02-12 13:36:16.817 | INFO  | CID:1d1e0970c587 | Usuario/DescargarDeclaracionResponsabilidad | Iniciando acción: Usuario/DescargarDeclaracionResponsabilidad
2026-02-12 13:36:17.250 | INFO  | CID:1d1e0970c587 | Usuario/DescargarDeclaracionResponsabilidad | Acción completada: Usuario/DescargarDeclaracionResponsabilidad
2026-02-12 13:40:10.908 | INFO  | CID:N/A | Iniciando procesador de cola de correos
2026-02-12 14:06:16.368 | INFO  | CID:N/A | Iniciando procesador de cola de correos
2026-02-12 14:06:29.154 | INFO  | CID:6ed8f0a7ec78 | Account/Login | Iniciando acción: Account/Login
2026-02-12 14:06:29.712 | INFO  | CID:6ed8f0a7ec78 | Account/Login | Acción completada: Account/Login
2026-02-12 14:06:57.464 | ERROR | CID:fc8f8d9a90dc | USR:USU_ADMIN | Usuario/RevisarDesignaciones | ERR:INTERNAL_ERROR | Palabra clave "using" inesperada después del carácter "@". Una vez dentro del código, no es necesario añadir prefijos a las construcciones, como "using" con "@".

    Exception: HttpParseException
    StackTrace:    en System.Web.WebPages.Razor.RazorBuildProvider.EnsureGeneratedCode()
   en System.Web.WebPages.Razor.RazorBuildProvider.get_CodeCompilerType()
   en System.Web.Compilation.BuildProvider.GetCompilerTypeFromBuildProvider(BuildProvider buildProvider)
   en System.Web.Compilation.BuildProvidersCompiler.ProcessBuildProviders()
   en System.Web.Compilation.BuildProvidersCompiler.PerformBuild()
   en System.Web.Compilation.BuildManager.CompileWebFile(VirtualPath virtualPath)
   en System.Web.Compilation.BuildManager.GetVPathBuildResultInternal(VirtualPath virtualPath, Boolean noBuild, Boolean allowCrossApp, Boolean allowBuildInPrecompile, Boolean throwIfNotFound, Boolean ensureIsUpToDate)
   en System.Web.Compilation.BuildManager.GetVPathBuildResultWithNoAssert(HttpContext context, VirtualPath virtualPath, Boolean noBuild, Boolean allowCrossApp, Boolean allowBuildInPrecompile, Boolean throwIfNotFound, Boolean ensureIsUpToDate)
   en System.Web.Compilation.BuildManager.GetVirtualPathObjectFactory(VirtualPath virtualPath, HttpContext context, Boolean allowCrossApp, Boolean throwIfNotFound)
   en System.Web.Compilation.BuildManager.GetCompiledType(VirtualPath virtualPath)
   en System.Web.Mvc.BuildManagerCompiledView.Render(ViewContext viewContext, TextWriter writer)
   en System.Web.Mvc.ViewResultBase.ExecuteResult(ControllerContext context)
   en System.Web.Mvc.ControllerActionInvoker.InvokeActionResultFilterRecursive(IList`1 filters, Int32 filterIndex, ResultExecutingContext preContext, ControllerContext controllerContext, ActionResult actionResult)
   en System.Web.Mvc.ControllerActionInvoker.InvokeActionResultFilterRecursive(IList`1 filters, Int32 filterIndex, ResultExecutingContext preContext, ControllerContext controllerContext, ActionResult actionResult)
   en System.Web.Mvc.ControllerActionInvoker.InvokeActionResultFilterRecursive(IList`1 filters, Int32 filterIndex, ResultExecutingContext preContext, ControllerContext controllerContext, ActionResult actionResult)
   en System.Web.Mvc.ControllerActionInvoker.InvokeActionResultFilterRecursive(IList`1 filters, Int32 filterIndex, ResultExecutingContext preContext, ControllerContext controllerContext, ActionResult actionResult)
   en System.Web.Mvc.ControllerActionInvoker.InvokeActionResultWithFilters(ControllerContext controllerContext, IList`1 filters, ActionResult actionResult)
   en System.Web.Mvc.Async.AsyncControllerActionInvoker.<>c__DisplayClass3_1.<BeginInvokeAction>b__1(IAsyncResult asyncResult)
2026-02-12 14:08:08.585 | INFO  | CID:N/A | Iniciando procesador de cola de correos
2026-02-12 14:08:15.155 | INFO  | CID:617b25a29566 | Account/Login | Iniciando acción: Account/Login
2026-02-12 14:08:15.795 | INFO  | CID:617b25a29566 | Account/Login | Acción completada: Account/Login
2026-02-12 14:08:42.404 | INFO  | CID:c52aeaaafccb | USR:USU_ADMIN | Usuario/Eliminar | Iniciando acción: Usuario/Eliminar
2026-02-12 14:08:42.529 | INFO  | CID:c52aeaaafccb | USR:USU_ADMIN | Usuario/Eliminar | Acción completada: Usuario/Eliminar
2026-02-12 14:12:27.134 | INFO  | CID:ff98b9576b93 | USR:USU_ADMIN | Usuario/Eliminar | Iniciando acción: Usuario/Eliminar
2026-02-12 14:12:27.178 | INFO  | CID:ff98b9576b93 | USR:USU_ADMIN | Usuario/Eliminar | Acción completada: Usuario/Eliminar
2026-02-12 14:12:59.160 | INFO  | CID:N/A | Iniciando procesador de cola de correos
2026-02-12 14:13:13.566 | INFO  | CID:fb6a145bf4aa | Account/Login | Iniciando acción: Account/Login
2026-02-12 14:13:13.886 | INFO  | CID:fb6a145bf4aa | Account/Login | Acción completada: Account/Login
2026-02-12 14:14:00.457 | INFO  | CID:66af5749c9be | USR:USU_ADMIN | Usuario/Eliminar | Iniciando acción: Usuario/Eliminar
2026-02-12 14:14:00.536 | INFO  | CID:66af5749c9be | USR:USU_ADMIN | Usuario/Eliminar | Acción completada: Usuario/Eliminar
2026-02-12 14:14:07.686 | INFO  | CID:d524951a3b70 | USR:USU_ADMIN | Usuario/Eliminar | Iniciando acción: Usuario/Eliminar
2026-02-12 14:14:07.727 | INFO  | CID:d524951a3b70 | USR:USU_ADMIN | Usuario/Eliminar | Acción completada: Usuario/Eliminar
2026-02-12 14:14:31.605 | INFO  | CID:c7cd22bb8f5f | USR:USU_ADMIN | Usuario/Eliminar | Iniciando acción: Usuario/Eliminar
2026-02-12 14:14:31.664 | INFO  | CID:c7cd22bb8f5f | USR:USU_ADMIN | Usuario/Eliminar | Acción completada: Usuario/Eliminar
2026-02-12 14:14:43.014 | INFO  | CID:a51ced5d7c75 | USR:USU_ADMIN | Usuario/AceptarDesignacion | Iniciando acción: Usuario/AceptarDesignacion
2026-02-12 14:14:43.039 | INFO  | CID:85e813a22ecf | Enviando correo a fgdfdf@dfdf.com, Asunto: Su designación RT fue aprobada - Sistema AOCR
2026-02-12 14:14:43.541 | INFO  | CID:85e813a22ecf | Correo enviado exitosamente a fgdfdf@dfdf.com
2026-02-12 14:14:43.544 | INFO  | CID:a51ced5d7c75 | USR:USU_ADMIN | Usuario/AceptarDesignacion | Acción completada: Usuario/AceptarDesignacion
2026-02-12 14:15:05.390 | INFO  | CID:13cf1f7f6992 | USR:USU_ADMIN | Usuario/Eliminar | Iniciando acción: Usuario/Eliminar
2026-02-12 14:15:05.441 | INFO  | CID:13cf1f7f6992 | USR:USU_ADMIN | Usuario/Eliminar | Acción completada: Usuario/Eliminar
2026-02-12 14:15:20.934 | INFO  | CID:272e7020f8aa | USR:USU_ADMIN | Usuario/Eliminar | Iniciando acción: Usuario/Eliminar
2026-02-12 14:15:20.975 | INFO  | CID:272e7020f8aa | USR:USU_ADMIN | Usuario/Eliminar | Acción completada: Usuario/Eliminar
2026-02-12 14:25:36.070 | INFO  | CID:N/A | Iniciando procesador de cola de correos
2026-02-12 14:25:49.216 | INFO  | CID:30abd2538442 | Account/Login | Iniciando acción: Account/Login
2026-02-12 14:25:49.558 | INFO  | CID:30abd2538442 | Account/Login | Acción completada: Account/Login
2026-02-12 14:27:19.997 | INFO  | CID:eb6c99ac3f11 | USR:1713091955 | Usuario/Eliminar | Iniciando acción: Usuario/Eliminar
2026-02-12 14:27:20.161 | INFO  | CID:eb6c99ac3f11 | USR:1713091955 | Usuario/Eliminar | Acción completada: Usuario/Eliminar
2026-02-12 14:31:06.497 | INFO  | CID:N/A | Iniciando procesador de cola de correos
2026-02-12 14:31:18.509 | INFO  | CID:8622afb64af5 | Account/Login | Iniciando acción: Account/Login
2026-02-12 14:31:19.046 | INFO  | CID:8622afb64af5 | Account/Login | Acción completada: Account/Login
2026-02-12 14:31:36.069 | INFO  | CID:bfa2f850693f | USR:USU_ADMIN | Usuario/Eliminar | Iniciando acción: Usuario/Eliminar
2026-02-12 14:31:36.162 | INFO  | CID:bfa2f850693f | USR:USU_ADMIN | Usuario/Eliminar | Acción completada: Usuario/Eliminar
2026-02-12 14:32:02.475 | INFO  | CID:23fdc851ccb5 | USR:USU_ADMIN | Usuario/Eliminar | Iniciando acción: Usuario/Eliminar
2026-02-12 14:32:02.519 | INFO  | CID:23fdc851ccb5 | USR:USU_ADMIN | Usuario/Eliminar | Acción completada: Usuario/Eliminar
2026-02-12 14:33:45.224 | INFO  | CID:N/A | Iniciando procesador de cola de correos
2026-02-12 14:33:59.847 | INFO  | CID:5418362650d9 | Account/Login | Iniciando acción: Account/Login
2026-02-12 14:34:00.141 | INFO  | CID:5418362650d9 | Account/Login | Acción completada: Account/Login
2026-02-12 14:34:27.386 | INFO  | CID:544bbd3174b4 | USR:USU_ADMIN | Usuario/Eliminar | Iniciando acción: Usuario/Eliminar
2026-02-12 14:34:27.487 | INFO  | CID:544bbd3174b4 | USR:USU_ADMIN | Usuario/Eliminar | Acción completada: Usuario/Eliminar
2026-02-12 14:35:56.803 | INFO  | CID:N/A | Iniciando procesador de cola de correos
2026-02-12 14:36:03.042 | INFO  | CID:0bc29094b566 | Account/Login | Iniciando acción: Account/Login
2026-02-12 14:36:03.636 | INFO  | CID:0bc29094b566 | Account/Login | Acción completada: Account/Login
2026-02-12 14:36:24.975 | INFO  | CID:63fd52054f67 | USR:USU_ADMIN | Usuario/Eliminar | Iniciando acción: Usuario/Eliminar
2026-02-12 14:36:25.271 | INFO  | CID:63fd52054f67 | USR:USU_ADMIN | Usuario/Eliminar | Acción completada: Usuario/Eliminar
2026-02-12 14:36:50.946 | INFO  | CID:c35870c8b6ab | USR:USU_ADMIN | Usuario/Eliminar | Iniciando acción: Usuario/Eliminar
2026-02-12 14:36:50.988 | INFO  | CID:c35870c8b6ab | USR:USU_ADMIN | Usuario/Eliminar | Acción completada: Usuario/Eliminar
2026-02-12 14:37:44.908 | INFO  | CID:N/A | Iniciando procesador de cola de correos
2026-02-12 14:37:51.190 | INFO  | CID:da40cbc408cf | Account/Login | Iniciando acción: Account/Login
2026-02-12 14:37:51.548 | INFO  | CID:da40cbc408cf | Account/Login | Acción completada: Account/Login
2026-02-12 14:38:10.385 | INFO  | CID:a7eda605e710 | USR:USU_ADMIN | Usuario/Eliminar | Iniciando acción: Usuario/Eliminar
2026-02-12 14:38:10.465 | INFO  | CID:a7eda605e710 | USR:USU_ADMIN | Usuario/Eliminar | Acción completada: Usuario/Eliminar
2026-02-12 14:42:19.729 | INFO  | CID:N/A | Iniciando procesador de cola de correos
2026-02-12 14:42:29.191 | INFO  | CID:5450f8fb2ac0 | Account/Login | Iniciando acción: Account/Login
2026-02-12 14:42:29.554 | INFO  | CID:5450f8fb2ac0 | Account/Login | Acción completada: Account/Login
2026-02-12 14:42:48.338 | INFO  | CID:b327eac07b9e | USR:USU_ADMIN | Usuario/Eliminar | Iniciando acción: Usuario/Eliminar
2026-02-12 14:42:48.516 | INFO  | CID:b327eac07b9e | USR:USU_ADMIN | Usuario/Eliminar | Acción completada: Usuario/Eliminar
2026-02-12 14:46:17.286 | INFO  | CID:c99abb8b1462 | USR:USU_ADMIN | Usuario/Eliminar | Iniciando acción: Usuario/Eliminar
2026-02-12 14:46:17.372 | INFO  | CID:c99abb8b1462 | USR:USU_ADMIN | Usuario/Eliminar | Acción completada: Usuario/Eliminar
2026-02-12 14:48:22.125 | INFO  | CID:N/A | Iniciando procesador de cola de correos
2026-02-12 14:49:12.854 | INFO  | CID:c36713b5a195 | Account/Login | Iniciando acción: Account/Login
2026-02-12 14:49:13.419 | INFO  | CID:c36713b5a195 | Account/Login | Acción completada: Account/Login
2026-02-12 14:49:28.674 | INFO  | CID:b34907168625 | USR:USU_ADMIN | Usuario/Eliminar | Iniciando acción: Usuario/Eliminar
2026-02-12 14:49:28.923 | INFO  | CID:b34907168625 | USR:USU_ADMIN | Usuario/Eliminar | Acción completada: Usuario/Eliminar
2026-02-12 14:49:58.703 | INFO  | CID:16f4a0e7a8ef | USR:USU_ADMIN | Usuario/Eliminar | Iniciando acción: Usuario/Eliminar
2026-02-12 14:49:58.746 | INFO  | CID:16f4a0e7a8ef | USR:USU_ADMIN | Usuario/Eliminar | Acción completada: Usuario/Eliminar
2026-02-12 14:51:22.949 | INFO  | CID:a6067a665c4f | USR:USU_ADMIN | Usuario/Eliminar | Iniciando acción: Usuario/Eliminar
2026-02-12 14:51:23.213 | INFO  | CID:a6067a665c4f | USR:USU_ADMIN | Usuario/Eliminar | Acción completada: Usuario/Eliminar
2026-02-12 14:52:23.920 | INFO  | CID:N/A | Iniciando procesador de cola de correos
2026-02-12 14:52:35.862 | INFO  | CID:414e60038a29 | Account/Login | Iniciando acción: Account/Login
2026-02-12 14:52:36.353 | INFO  | CID:414e60038a29 | Account/Login | Acción completada: Account/Login
2026-02-12 14:52:53.439 | INFO  | CID:25edf54c691d | USR:USU_ADMIN | Usuario/Eliminar | Iniciando acción: Usuario/Eliminar
2026-02-12 14:52:53.779 | INFO  | CID:25edf54c691d | USR:USU_ADMIN | Usuario/Eliminar | Acción completada: Usuario/Eliminar
2026-02-12 14:55:00.073 | INFO  | CID:N/A | Iniciando procesador de cola de correos
2026-02-12 14:55:09.141 | INFO  | CID:3557235af47d | Account/Login | Iniciando acción: Account/Login
2026-02-12 14:55:09.731 | INFO  | CID:3557235af47d | Account/Login | Acción completada: Account/Login
2026-02-12 14:55:21.739 | INFO  | CID:e356cc8c42ee | USR:USU_ADMIN | Usuario/Eliminar | Iniciando acción: Usuario/Eliminar
2026-02-12 14:55:22.159 | INFO  | CID:e356cc8c42ee | USR:USU_ADMIN | Usuario/Eliminar | Acción completada: Usuario/Eliminar
2026-02-12 14:55:41.075 | INFO  | CID:3b1742731a74 | USR:USU_ADMIN | Usuario/Eliminar | Iniciando acción: Usuario/Eliminar
2026-02-12 14:55:41.346 | INFO  | CID:3b1742731a74 | USR:USU_ADMIN | Usuario/Eliminar | Acción completada: Usuario/Eliminar
2026-02-12 14:57:20.014 | INFO  | CID:d21bbb69b418 | USR:USU_ADMIN | Usuario/Eliminar | Iniciando acción: Usuario/Eliminar
2026-02-12 14:57:20.767 | INFO  | CID:d21bbb69b418 | USR:USU_ADMIN | Usuario/Eliminar | Acción completada: Usuario/Eliminar
2026-02-12 14:58:05.138 | INFO  | CID:N/A | Iniciando procesador de cola de correos
2026-02-12 14:58:14.968 | INFO  | CID:db0dadf7ff33 | Account/Login | Iniciando acción: Account/Login
2026-02-12 14:58:15.273 | INFO  | CID:db0dadf7ff33 | Account/Login | Acción completada: Account/Login
2026-02-12 14:58:27.531 | INFO  | CID:e848c95f3602 | USR:USU_ADMIN | Usuario/Eliminar | Iniciando acción: Usuario/Eliminar
2026-02-12 14:58:27.783 | INFO  | CID:e848c95f3602 | USR:USU_ADMIN | Usuario/Eliminar | Acción completada: Usuario/Eliminar
2026-02-12 14:59:59.884 | INFO  | CID:N/A | Iniciando procesador de cola de correos
2026-02-12 15:00:49.149 | INFO  | CID:83700aecc800 | Account/Login | Iniciando acción: Account/Login
2026-02-12 15:00:50.310 | INFO  | CID:83700aecc800 | Account/Login | Acción completada: Account/Login
2026-02-12 15:01:04.834 | INFO  | CID:c0480339b7ee | USR:USU_ADMIN | Usuario/Eliminar | Iniciando acción: Usuario/Eliminar
2026-02-12 15:01:05.699 | INFO  | CID:c0480339b7ee | USR:USU_ADMIN | Usuario/Eliminar | Acción completada: Usuario/Eliminar
2026-02-12 15:01:22.622 | INFO  | CID:3b2aa4a196f8 | USR:USU_ADMIN | Usuario/Eliminar | Iniciando acción: Usuario/Eliminar
2026-02-12 15:01:23.020 | INFO  | CID:3b2aa4a196f8 | USR:USU_ADMIN | Usuario/Eliminar | Acción completada: Usuario/Eliminar
2026-02-12 15:01:33.054 | INFO  | CID:bd3de2f20701 | USR:USU_ADMIN | Usuario/Eliminar | Iniciando acción: Usuario/Eliminar
2026-02-12 15:01:33.276 | INFO  | CID:bd3de2f20701 | USR:USU_ADMIN | Usuario/Eliminar | Acción completada: Usuario/Eliminar
2026-02-12 15:02:15.487 | INFO  | CID:3890a064c5f6 | Usuario/ValidarCorreo | Iniciando acción: Usuario/ValidarCorreo
2026-02-12 15:02:15.494 | INFO  | CID:3890a064c5f6 | Usuario/ValidarCorreo | Acción completada: Usuario/ValidarCorreo
2026-02-12 15:02:18.865 | INFO  | CID:e7d00f6e70b3 | Usuario/ValidarIdentificacion | Iniciando acción: Usuario/ValidarIdentificacion
2026-02-12 15:02:18.870 | INFO  | CID:e7d00f6e70b3 | Usuario/ValidarIdentificacion | Acción completada: Usuario/ValidarIdentificacion
2026-02-12 15:02:23.552 | INFO  | CID:cda7f707537d | Usuario/ValidarIdentificacion | Iniciando acción: Usuario/ValidarIdentificacion
2026-02-12 15:02:23.556 | INFO  | CID:cda7f707537d | Usuario/ValidarIdentificacion | Acción completada: Usuario/ValidarIdentificacion
2026-02-12 15:02:57.438 | INFO  | CID:a8daf0acf2ce | Usuario/RegistrarDeclaracionTemporal | Iniciando acción: Usuario/RegistrarDeclaracionTemporal
2026-02-12 15:02:57.451 | INFO  | CID:a8daf0acf2ce | Usuario/RegistrarDeclaracionTemporal | Acción completada: Usuario/RegistrarDeclaracionTemporal
2026-02-12 15:03:00.551 | INFO  | CID:69b733eb8e67 | Usuario/DescargarDeclaracionResponsabilidad | Iniciando acción: Usuario/DescargarDeclaracionResponsabilidad
2026-02-12 15:03:01.096 | INFO  | CID:69b733eb8e67 | Usuario/DescargarDeclaracionResponsabilidad | Acción completada: Usuario/DescargarDeclaracionResponsabilidad
2026-02-12 15:03:06.250 | INFO  | CID:7939382c0f9d | Usuario/Crear | Iniciando acción: Usuario/Crear
2026-02-12 15:03:06.368 | INFO  | CID:62afd24211eb | Enviando correo a mancho2002@hotmail.com, Asunto: Registro de usuario - Sistema AOCR
2026-02-12 15:03:06.659 | INFO  | CID:62afd24211eb | Correo enviado exitosamente a mancho2002@hotmail.com
2026-02-12 15:03:06.664 | INFO  | CID:7939382c0f9d | Usuario/Crear | Acción completada: Usuario/Crear
2026-02-12 15:04:15.490 | INFO  | CID:N/A | Iniciando procesador de cola de correos
2026-02-12 15:04:20.724 | INFO  | CID:32627d3acf17 | Account/Login | Iniciando acción: Account/Login
2026-02-12 15:04:21.086 | INFO  | CID:32627d3acf17 | Account/Login | Acción completada: Account/Login
2026-02-12 15:13:34.833 | INFO  | CID:N/A | Iniciando procesador de cola de correos
2026-02-12 15:14:04.177 | INFO  | CID:064442c6d021 | Usuario/ValidarCorreo | Iniciando acción: Usuario/ValidarCorreo
2026-02-12 15:14:04.700 | INFO  | CID:064442c6d021 | Usuario/ValidarCorreo | Acción completada: Usuario/ValidarCorreo
2026-02-12 15:14:09.940 | INFO  | CID:20c0b053e8cd | Account/Login | Iniciando acción: Account/Login
2026-02-12 15:14:10.034 | INFO  | CID:20c0b053e8cd | Account/Login | Acción completada: Account/Login
2026-02-12 15:14:37.500 | INFO  | CID:cd738ad515d0 | USR:USU_ADMIN | Usuario/Eliminar | Iniciando acción: Usuario/Eliminar
2026-02-12 15:14:37.778 | INFO  | CID:cd738ad515d0 | USR:USU_ADMIN | Usuario/Eliminar | Acción completada: Usuario/Eliminar
2026-02-12 15:21:23.347 | INFO  | CID:N/A | Iniciando procesador de cola de correos
2026-02-12 15:21:47.553 | INFO  | CID:54677c95b5eb | Usuario/ValidarCorreo | Iniciando acción: Usuario/ValidarCorreo
2026-02-12 15:21:47.969 | INFO  | CID:54677c95b5eb | Usuario/ValidarCorreo | Acción completada: Usuario/ValidarCorreo
2026-02-12 15:21:51.749 | INFO  | CID:5ab2472d2187 | Usuario/ValidarIdentificacion | Iniciando acción: Usuario/ValidarIdentificacion
2026-02-12 15:21:51.753 | INFO  | CID:5ab2472d2187 | Usuario/ValidarIdentificacion | Acción completada: Usuario/ValidarIdentificacion
2026-02-12 15:21:59.256 | INFO  | CID:e60fdc2c5749 | Usuario/ValidarIdentificacion | Iniciando acción: Usuario/ValidarIdentificacion
2026-02-12 15:21:59.260 | INFO  | CID:e60fdc2c5749 | Usuario/ValidarIdentificacion | Acción completada: Usuario/ValidarIdentificacion
2026-02-12 15:22:39.660 | INFO  | CID:b5323550c84f | Usuario/RegistrarDeclaracionTemporal | Iniciando acción: Usuario/RegistrarDeclaracionTemporal
2026-02-12 15:22:39.694 | INFO  | CID:b5323550c84f | Usuario/RegistrarDeclaracionTemporal | Acción completada: Usuario/RegistrarDeclaracionTemporal
2026-02-12 15:22:46.352 | INFO  | CID:aea25f2e0857 | Usuario/Crear | Iniciando acción: Usuario/Crear
2026-02-12 15:22:46.494 | INFO  | CID:753a8cf6ea0e | Enviando correo a mancho2002@hotmail.com, Asunto: Registro de usuario - Sistema AOCR
2026-02-12 15:22:46.782 | INFO  | CID:753a8cf6ea0e | Correo enviado exitosamente a mancho2002@hotmail.com
2026-02-12 15:22:46.786 | INFO  | CID:aea25f2e0857 | Usuario/Crear | Acción completada: Usuario/Crear
2026-02-12 15:23:32.246 | INFO  | CID:015f0ce94262 | Account/Login | Iniciando acción: Account/Login
2026-02-12 15:23:32.428 | INFO  | CID:015f0ce94262 | Account/Login | Acción completada: Account/Login
2026-02-12 15:25:21.682 | INFO  | CID:N/A | Iniciando procesador de cola de correos
2026-02-12 15:25:31.599 | INFO  | CID:71ca27881596 | Account/Login | Iniciando acción: Account/Login
2026-02-12 15:25:31.904 | INFO  | CID:71ca27881596 | Account/Login | Acción completada: Account/Login
2026-02-12 15:25:44.534 | INFO  | CID:f5e5b5803bcc | USR:USU_ADMIN | Usuario/Eliminar | Iniciando acción: Usuario/Eliminar
2026-02-12 15:25:44.805 | INFO  | CID:f5e5b5803bcc | USR:USU_ADMIN | Usuario/Eliminar | Acción completada: Usuario/Eliminar
2026-02-12 15:28:44.808 | INFO  | CID:N/A | Iniciando procesador de cola de correos
2026-02-12 15:29:07.860 | INFO  | CID:7077fcc0fc2e | Usuario/ValidarCorreo | Iniciando acción: Usuario/ValidarCorreo
2026-02-12 15:29:08.317 | INFO  | CID:7077fcc0fc2e | Usuario/ValidarCorreo | Acción completada: Usuario/ValidarCorreo
2026-02-12 15:29:13.827 | INFO  | CID:d6b8b6c706b6 | Usuario/ValidarIdentificacion | Iniciando acción: Usuario/ValidarIdentificacion
2026-02-12 15:29:13.832 | INFO  | CID:d6b8b6c706b6 | Usuario/ValidarIdentificacion | Acción completada: Usuario/ValidarIdentificacion
2026-02-12 15:29:44.471 | INFO  | CID:5739a14547b9 | Usuario/RegistrarDeclaracionTemporal | Iniciando acción: Usuario/RegistrarDeclaracionTemporal
2026-02-12 15:29:44.494 | INFO  | CID:5739a14547b9 | Usuario/RegistrarDeclaracionTemporal | Acción completada: Usuario/RegistrarDeclaracionTemporal
2026-02-12 15:29:48.531 | INFO  | CID:7b422bbbaa33 | Usuario/Crear | Iniciando acción: Usuario/Crear
2026-02-12 15:29:48.867 | INFO  | CID:7b422bbbaa33 | Usuario/Crear | Acción completada: Usuario/Crear
2026-02-12 15:29:55.189 | INFO  | CID:63db37919ff2 | Account/Login | Iniciando acción: Account/Login
2026-02-12 15:29:55.271 | INFO  | CID:63db37919ff2 | Account/Login | Acción completada: Account/Login
2026-02-12 15:30:19.651 | INFO  | CID:e53b6bf68756 | USR:USU_ADMIN | Usuario/AprobarDesignacionJefatura | Iniciando acción: Usuario/AprobarDesignacionJefatura
2026-02-12 15:30:19.665 | INFO  | CID:59dad7b8a15d | Enviando correo a mancho2002@hotmail.com, Asunto: Designación RT en proceso de validación - Sistema ...
2026-02-12 15:30:20.504 | INFO  | CID:59dad7b8a15d | Correo enviado exitosamente a mancho2002@hotmail.com
2026-02-12 15:30:20.511 | INFO  | CID:e53b6bf68756 | USR:USU_ADMIN | Usuario/AprobarDesignacionJefatura | Acción completada: Usuario/AprobarDesignacionJefatura
2026-02-12 15:30:28.992 | INFO  | CID:8c971761f0e3 | USR:USU_ADMIN | Usuario/AceptarDesignacion | Iniciando acción: Usuario/AceptarDesignacion
2026-02-12 15:30:29.003 | INFO  | CID:2ddf104bc6a7 | Enviando correo a mancho2002@hotmail.com, Asunto: Su designación RT fue aprobada - Sistema AOCR
2026-02-12 15:30:33.145 | INFO  | CID:2ddf104bc6a7 | Correo enviado exitosamente a mancho2002@hotmail.com
2026-02-12 15:30:33.150 | INFO  | CID:8c971761f0e3 | USR:USU_ADMIN | Usuario/AceptarDesignacion | Acción completada: Usuario/AceptarDesignacion
2026-02-12 15:34:32.015 | INFO  | CID:N/A | Iniciando procesador de cola de correos
2026-02-12 15:34:56.437 | INFO  | CID:50dd17a4f657 | Account/Login | Iniciando acción: Account/Login
2026-02-12 15:34:56.986 | INFO  | CID:50dd17a4f657 | Account/Login | Acción completada: Account/Login
2026-02-12 15:35:12.003 | INFO  | CID:7eddfbe574ae | USR:USU_ADMIN | Usuario/Eliminar | Iniciando acción: Usuario/Eliminar
2026-02-12 15:35:12.282 | INFO  | CID:7eddfbe574ae | USR:USU_ADMIN | Usuario/Eliminar | Acción completada: Usuario/Eliminar
2026-02-12 15:35:48.475 | INFO  | CID:f82da3ba89d8 | Usuario/ValidarCorreo | Iniciando acción: Usuario/ValidarCorreo
2026-02-12 15:35:48.486 | INFO  | CID:f82da3ba89d8 | Usuario/ValidarCorreo | Acción completada: Usuario/ValidarCorreo
2026-02-12 15:35:54.679 | INFO  | CID:c8bac310a6f3 | Usuario/ValidarIdentificacion | Iniciando acción: Usuario/ValidarIdentificacion
2026-02-12 15:35:54.683 | INFO  | CID:c8bac310a6f3 | Usuario/ValidarIdentificacion | Acción completada: Usuario/ValidarIdentificacion
2026-02-12 15:36:16.298 | INFO  | CID:8d8b2f863441 | Usuario/RegistrarDeclaracionTemporal | Iniciando acción: Usuario/RegistrarDeclaracionTemporal
2026-02-12 15:36:16.311 | INFO  | CID:8d8b2f863441 | Usuario/RegistrarDeclaracionTemporal | Acción completada: Usuario/RegistrarDeclaracionTemporal
2026-02-12 15:36:26.355 | INFO  | CID:a0d720d13152 | Usuario/Crear | Iniciando acción: Usuario/Crear
2026-02-12 15:36:26.957 | INFO  | CID:a0d720d13152 | Usuario/Crear | Acción completada: Usuario/Crear
2026-02-12 15:36:33.264 | INFO  | CID:ff8206be2956 | Account/Login | Iniciando acción: Account/Login
2026-02-12 15:36:33.273 | INFO  | CID:ff8206be2956 | Account/Login | Acción completada: Account/Login
2026-02-12 15:36:59.520 | INFO  | CID:fc7ad40b29e0 | USR:USU_ADMIN | Usuario/AprobarDesignacionJefatura | Iniciando acción: Usuario/AprobarDesignacionJefatura
2026-02-12 15:36:59.535 | INFO  | CID:455e700759e2 | Enviando correo a mancho2002@hotmail.com, Asunto: Designación RT en proceso de validación - Sistema ...
2026-02-12 15:36:59.760 | INFO  | CID:455e700759e2 | Correo enviado exitosamente a mancho2002@hotmail.com
2026-02-12 15:36:59.763 | INFO  | CID:fc7ad40b29e0 | USR:USU_ADMIN | Usuario/AprobarDesignacionJefatura | Acción completada: Usuario/AprobarDesignacionJefatura
2026-02-12 15:37:19.062 | INFO  | CID:b246898a46a7 | USR:USU_ADMIN | Usuario/AceptarDesignacion | Iniciando acción: Usuario/AceptarDesignacion
2026-02-12 15:37:19.073 | INFO  | CID:5b2b167fb821 | Enviando correo a mancho2002@hotmail.com, Asunto: Su designación RT fue aprobada - Sistema AOCR
2026-02-12 15:37:19.514 | INFO  | CID:5b2b167fb821 | Correo enviado exitosamente a mancho2002@hotmail.com
2026-02-12 15:37:19.517 | INFO  | CID:b246898a46a7 | USR:USU_ADMIN | Usuario/AceptarDesignacion | Acción completada: Usuario/AceptarDesignacion
2026-02-12 15:56:44.518 | INFO  | CID:N/A | Iniciando procesador de cola de correos
2026-02-12 15:57:13.945 | INFO  | CID:7e7dfd213866 | Account/Login | Iniciando acción: Account/Login
2026-02-12 15:57:14.290 | INFO  | CID:7e7dfd213866 | Account/Login | Acción completada: Account/Login
2026-02-12 15:57:28.780 | INFO  | CID:b6c220ef78e6 | USR:USU_ADMIN | Usuario/Eliminar | Iniciando acción: Usuario/Eliminar
2026-02-12 15:57:29.060 | INFO  | CID:b6c220ef78e6 | USR:USU_ADMIN | Usuario/Eliminar | Acción completada: Usuario/Eliminar
2026-02-12 15:59:26.978 | INFO  | CID:9ed005a52394 | Account/Login | Iniciando acción: Account/Login
2026-02-12 15:59:27.404 | INFO  | CID:9ed005a52394 | Account/Login | Acción completada: Account/Login
2026-02-12 16:00:24.663 | INFO  | CID:406b70e80943 | Account/Login | Iniciando acción: Account/Login
2026-02-12 16:00:24.890 | INFO  | CID:406b70e80943 | Account/Login | Acción completada: Account/Login
2026-02-12 16:00:39.808 | INFO  | CID:813a57eed8ad | USR:USU_ADMIN | Usuario/Eliminar | Iniciando acción: Usuario/Eliminar
2026-02-12 16:00:40.191 | INFO  | CID:813a57eed8ad | USR:USU_ADMIN | Usuario/Eliminar | Acción completada: Usuario/Eliminar
2026-02-12 16:04:13.433 | INFO  | CID:N/A | Iniciando procesador de cola de correos
2026-02-12 16:04:23.464 | INFO  | CID:847f4a4a1454 | Account/Login | Iniciando acción: Account/Login
2026-02-12 16:04:24.293 | INFO  | CID:847f4a4a1454 | Account/Login | Acción completada: Account/Login
2026-02-12 16:04:40.480 | INFO  | CID:5a3a2e10b61b | USR:USU_ADMIN | Usuario/Eliminar | Iniciando acción: Usuario/Eliminar
2026-02-12 16:04:41.313 | INFO  | CID:5a3a2e10b61b | USR:USU_ADMIN | Usuario/Eliminar | Acción completada: Usuario/Eliminar
2026-02-12 16:06:48.245 | INFO  | CID:N/A | Iniciando procesador de cola de correos
2026-02-12 16:07:13.255 | INFO  | CID:8dc24e435adc | Usuario/ValidarCorreo | Iniciando acción: Usuario/ValidarCorreo
2026-02-12 16:07:13.690 | INFO  | CID:8dc24e435adc | Usuario/ValidarCorreo | Acción completada: Usuario/ValidarCorreo
2026-02-12 16:07:23.703 | INFO  | CID:d73534e00530 | Account/Login | Iniciando acción: Account/Login
2026-02-12 16:07:23.865 | INFO  | CID:d73534e00530 | Account/Login | Acción completada: Account/Login
2026-02-12 16:07:36.171 | INFO  | CID:02a07bf722eb | USR:USU_ADMIN | Usuario/Eliminar | Iniciando acción: Usuario/Eliminar
2026-02-12 16:07:36.726 | INFO  | CID:02a07bf722eb | USR:USU_ADMIN | Usuario/Eliminar | Acción completada: Usuario/Eliminar
2026-02-12 16:13:44.734 | INFO  | CID:N/A | Iniciando procesador de cola de correos
2026-02-12 16:13:50.917 | INFO  | CID:daa9a4cba3e2 | Account/Login | Iniciando acción: Account/Login
2026-02-12 16:13:51.530 | INFO  | CID:daa9a4cba3e2 | Account/Login | Acción completada: Account/Login
2026-02-12 16:14:03.205 | INFO  | CID:ba523960b75f | USR:USU_ADMIN | Usuario/Eliminar | Iniciando acción: Usuario/Eliminar
2026-02-12 16:14:03.768 | INFO  | CID:ba523960b75f | USR:USU_ADMIN | Usuario/Eliminar | Acción completada: Usuario/Eliminar
2026-02-12 16:15:09.851 | INFO  | CID:0a828fcd3633 | USR:USU_ADMIN | Usuario/Eliminar | Iniciando acción: Usuario/Eliminar
2026-02-12 16:15:10.411 | INFO  | CID:0a828fcd3633 | USR:USU_ADMIN | Usuario/Eliminar | Acción completada: Usuario/Eliminar
2026-02-12 16:17:47.565 | INFO  | CID:N/A | Iniciando procesador de cola de correos
2026-02-12 16:17:59.352 | INFO  | CID:d9dfc4eeb89a | Account/Login | Iniciando acción: Account/Login
2026-02-12 16:17:59.892 | INFO  | CID:d9dfc4eeb89a | Account/Login | Acción completada: Account/Login
2026-02-12 16:18:12.676 | INFO  | CID:f79ee8f0cc56 | USR:USU_ADMIN | Usuario/Eliminar | Iniciando acción: Usuario/Eliminar
2026-02-12 16:18:13.045 | INFO  | CID:f79ee8f0cc56 | USR:USU_ADMIN | Usuario/Eliminar | Acción completada: Usuario/Eliminar
2026-02-12 16:22:49.321 | INFO  | CID:N/A | Iniciando procesador de cola de correos
2026-02-12 16:22:59.862 | INFO  | CID:d7d36f3caf84 | Account/Login | Iniciando acción: Account/Login
2026-02-12 16:23:00.376 | INFO  | CID:d7d36f3caf84 | Account/Login | Acción completada: Account/Login
2026-02-12 16:23:20.967 | INFO  | CID:03ad4195b53b | USR:USU_ADMIN | Usuario/Eliminar | Iniciando acción: Usuario/Eliminar
2026-02-12 16:23:21.510 | INFO  | CID:03ad4195b53b | USR:USU_ADMIN | Usuario/Eliminar | Acción completada: Usuario/Eliminar
2026-02-12 16:25:36.473 | INFO  | CID:d208372eeb42 | Usuario/ValidarCorreo | Iniciando acción: Usuario/ValidarCorreo
2026-02-12 16:25:36.479 | INFO  | CID:d208372eeb42 | Usuario/ValidarCorreo | Acción completada: Usuario/ValidarCorreo
2026-02-12 16:25:40.349 | INFO  | CID:805a96536b7c | Usuario/ValidarIdentificacion | Iniciando acción: Usuario/ValidarIdentificacion
2026-02-12 16:25:40.353 | INFO  | CID:805a96536b7c | Usuario/ValidarIdentificacion | Acción completada: Usuario/ValidarIdentificacion
2026-02-12 16:26:06.230 | INFO  | CID:820983c29a85 | Usuario/RegistrarDeclaracionTemporal | Iniciando acción: Usuario/RegistrarDeclaracionTemporal
2026-02-12 16:26:06.242 | INFO  | CID:820983c29a85 | Usuario/RegistrarDeclaracionTemporal | Acción completada: Usuario/RegistrarDeclaracionTemporal
2026-02-12 16:26:11.589 | INFO  | CID:a5f8516d039e | Usuario/Crear | Iniciando acción: Usuario/Crear
2026-02-12 16:26:11.729 | INFO  | CID:a5f8516d039e | Usuario/Crear | Acción completada: Usuario/Crear
2026-02-12 16:26:25.056 | INFO  | CID:547c4f68e634 | Account/Login | Iniciando acción: Account/Login
2026-02-12 16:26:25.293 | INFO  | CID:547c4f68e634 | Account/Login | Acción completada: Account/Login
2026-02-12 16:26:33.615 | INFO  | CID:3c570ecda73c | USR:USU_ADMIN | Usuario/AprobarDesignacionJefatura | Iniciando acción: Usuario/AprobarDesignacionJefatura
2026-02-12 16:26:33.625 | INFO  | CID:43b39f92aaac | Enviando correo a german.cajas@aviacioncivil.gob.ec, Asunto: Designación RT en proceso de validación - Sistema ...
2026-02-12 16:26:33.888 | INFO  | CID:43b39f92aaac | Correo enviado exitosamente a german.cajas@aviacioncivil.gob.ec
2026-02-12 16:26:33.892 | INFO  | CID:3c570ecda73c | USR:USU_ADMIN | Usuario/AprobarDesignacionJefatura | Acción completada: Usuario/AprobarDesignacionJefatura
2026-02-12 16:26:45.408 | INFO  | CID:a6549fcc4df0 | USR:USU_ADMIN | Usuario/AceptarDesignacion | Iniciando acción: Usuario/AceptarDesignacion
2026-02-12 16:26:45.421 | INFO  | CID:1670445d098d | Enviando correo a german.cajas@aviacioncivil.gob.ec, Asunto: Su designación RT fue aprobada - Sistema AOCR
2026-02-12 16:26:45.785 | INFO  | CID:1670445d098d | Correo enviado exitosamente a german.cajas@aviacioncivil.gob.ec
2026-02-12 16:26:45.787 | INFO  | CID:a6549fcc4df0 | USR:USU_ADMIN | Usuario/AceptarDesignacion | Acción completada: Usuario/AceptarDesignacion
2026-02-12 16:28:02.210 | INFO  | CID:03d57c56f329 | Account/Login | Iniciando acción: Account/Login
2026-02-12 16:28:02.500 | INFO  | CID:03d57c56f329 | Account/Login | Acción completada: Account/Login
2026-02-12 16:28:19.425 | INFO  | CID:919da12cc2bb | USR:1713091955 | Account/CambiarContrasena | Iniciando acción: Account/CambiarContrasena
2026-02-12 16:28:19.437 | INFO  | CID:919da12cc2bb | USR:1713091955 | Account/CambiarContrasena | Acción completada: Account/CambiarContrasena
2026-02-12 16:30:48.688 | INFO  | CID:ebff84aaa23c | USR:1713091955 | OrdenRecaudacion/Nueva | Iniciando acción: OrdenRecaudacion/Nueva
2026-02-12 16:30:48.901 | INFO  | CID:ebff84aaa23c | USR:1713091955 | OrdenRecaudacion/Nueva | Acción completada: OrdenRecaudacion/Nueva
2026-02-12 16:30:59.402 | INFO  | CID:4302f8e07234 | USR:1713091955 | OrdenRecaudacion/Generar | Iniciando acción: OrdenRecaudacion/Generar
2026-02-12 16:31:05.914 | INFO  | CID:9e70a5cc824f | Correo con adjunto enviado exitosamente a german.cajas@aviacioncivil.gob.ec
2026-02-12 16:31:05.917 | INFO  | CID:4302f8e07234 | USR:1713091955 | OrdenRecaudacion/Generar | Acción completada: OrdenRecaudacion/Generar
