2026-03-05 08:31:56.368 | INFO  | CID:N/A | Iniciando procesador de cola de correos
2026-03-05 08:33:46.889 | INFO  | CID:8d16cf8f963a | Account/Login | Iniciando acción: Account/Login
2026-03-05 08:33:47.572 | INFO  | CID:8d16cf8f963a | Account/Login | Acción completada: Account/Login
2026-03-05 08:34:11.425 | INFO  | CID:ab3640e7a7be | Account/Login | Iniciando acción: Account/Login
2026-03-05 08:34:11.852 | INFO  | CID:ab3640e7a7be | Account/Login | Acción completada: Account/Login
2026-03-05 08:51:48.511 | INFO  | CID:N/A | Iniciando procesador de cola de correos
2026-03-05 08:52:17.773 | INFO  | CID:20b4ade8e3d4 | Account/Login | Iniciando acción: Account/Login
2026-03-05 08:52:18.439 | INFO  | CID:20b4ade8e3d4 | Account/Login | Acción completada: Account/Login
2026-03-05 08:58:16.068 | INFO  | CID:N/A | Iniciando procesador de cola de correos
2026-03-05 08:58:37.595 | INFO  | CID:2fd3c0988fb0 | Account/Login | Iniciando acción: Account/Login
2026-03-05 08:58:38.244 | INFO  | CID:2fd3c0988fb0 | Account/Login | Acción completada: Account/Login
2026-03-05 10:57:33.489 | INFO  | CID:N/A | Iniciando procesador de cola de correos
2026-03-05 10:58:49.988 | INFO  | CID:9d4ba619927d | Account/Login | Iniciando acción: Account/Login
2026-03-05 10:58:50.680 | INFO  | CID:9d4ba619927d | Account/Login | Acción completada: Account/Login
2026-03-05 11:05:23.140 | INFO  | CID:N/A | Iniciando procesador de cola de correos
2026-03-05 11:05:41.439 | INFO  | CID:11775cc7f090 | Account/Login | Iniciando acción: Account/Login
2026-03-05 11:05:42.174 | INFO  | CID:11775cc7f090 | Account/Login | Acción completada: Account/Login
2026-03-05 11:05:52.468 | ERROR | CID:7bcfdb041a61 | USR:USU_ADMIN | SolicitudAOCR/FormularioEmisionAOCR | ERR:INTERNAL_ERROR | "]" no es válido al inicio de un bloque de código. Solo son válidos los identificadores, palabras clave, comentarios, "(" y "{".

    Exception: HttpParseException
    StackTrace:    en System.Web.WebPages.Razor.RazorBuildProvider.EnsureGeneratedCode()
   en System.Web.WebPages.Razor.RazorBuildProvider.get_CodeCompilerType()
   en System.Web.Compilation.BuildProvider.GetCompilerTypeFromBuildProvider(BuildProvider buildProvider)
   en System.Web.Compilation.BuildProvidersCompiler.ProcessBuildProviders()
   en System.Web.Compilation.BuildProvidersCompiler.PerformBuild()
   en System.Web.Compilation.BuildManager.CompileWebFile(VirtualPath virtualPath)
   en System.Web.Compilation.BuildManager.GetVPathBuildResultInternal(VirtualPath virtualPath, Boolean noBuild, Boolean allowCrossApp, Boolean allowBuildInPrecompile, Boolean throwIfNotFound, Boolean ensureIsUpToDate)
   en System.Web.Compilation.BuildManager.GetVPathBuildResultWithNoAssert(HttpContext context, VirtualPath virtualPath, Boolean noBuild, Boolean allowCrossApp, Boolean allowBuildInPrecompile, Boolean throwIfNotFound, Boolean ensureIsUpToDate)
   en System.Web.Compilation.BuildManager.GetVirtualPathObjectFactory(VirtualPath virtualPath, HttpContext context, Boolean allowCrossApp, Boolean throwIfNotFound)
   en System.Web.Compilation.BuildManager.GetCompiledType(VirtualPath virtualPath)
   en System.Web.Mvc.BuildManagerCompiledView.Render(ViewContext viewContext, TextWriter writer)
   en System.Web.Mvc.ViewResultBase.ExecuteResult(ControllerContext context)
   en System.Web.Mvc.ControllerActionInvoker.InvokeActionResultFilterRecursive(IList`1 filters, Int32 filterIndex, ResultExecutingContext preContext, ControllerContext controllerContext, ActionResult actionResult)
   en System.Web.Mvc.ControllerActionInvoker.InvokeActionResultFilterRecursive(IList`1 filters, Int32 filterIndex, ResultExecutingContext preContext, ControllerContext controllerContext, ActionResult actionResult)
   en System.Web.Mvc.ControllerActionInvoker.InvokeActionResultFilterRecursive(IList`1 filters, Int32 filterIndex, ResultExecutingContext preContext, ControllerContext controllerContext, ActionResult actionResult)
   en System.Web.Mvc.ControllerActionInvoker.InvokeActionResultFilterRecursive(IList`1 filters, Int32 filterIndex, ResultExecutingContext preContext, ControllerContext controllerContext, ActionResult actionResult)
   en System.Web.Mvc.ControllerActionInvoker.InvokeActionResultWithFilters(ControllerContext controllerContext, IList`1 filters, ActionResult actionResult)
   en System.Web.Mvc.Async.AsyncControllerActionInvoker.<>c__DisplayClass3_1.<BeginInvokeAction>b__1(IAsyncResult asyncResult)
2026-03-05 11:15:09.589 | INFO  | CID:N/A | Iniciando procesador de cola de correos
2026-03-05 11:15:52.600 | INFO  | CID:81f3cdbd05cb | Account/Login | Iniciando acción: Account/Login
2026-03-05 11:15:53.308 | INFO  | CID:81f3cdbd05cb | Account/Login | Acción completada: Account/Login
2026-03-05 11:27:34.707 | INFO  | CID:N/A | Iniciando procesador de cola de correos
2026-03-05 11:28:00.957 | INFO  | CID:ce16675174bb | Account/Login | Iniciando acción: Account/Login
2026-03-05 11:28:01.661 | INFO  | CID:ce16675174bb | Account/Login | Acción completada: Account/Login
2026-03-05 11:51:27.880 | INFO  | CID:N/A | Iniciando procesador de cola de correos
2026-03-05 11:51:50.020 | INFO  | CID:51d23fa42835 | Account/Login | Iniciando acción: Account/Login
2026-03-05 11:51:50.719 | INFO  | CID:51d23fa42835 | Account/Login | Acción completada: Account/Login
2026-03-05 12:05:00.660 | INFO  | CID:N/A | Iniciando procesador de cola de correos
2026-03-05 12:06:11.491 | INFO  | CID:0007da24f179 | Account/Login | Iniciando acción: Account/Login
2026-03-05 12:06:12.814 | INFO  | CID:0007da24f179 | Account/Login | Acción completada: Account/Login
2026-03-05 12:07:09.317 | INFO  | CID:9e453fb35ce4 | USR:USU_ADMIN | AdminUsuarios/Edit | Iniciando acción: AdminUsuarios/Edit
2026-03-05 12:07:10.264 | INFO  | CID:9e453fb35ce4 | USR:USU_ADMIN | AdminUsuarios/Edit | Acción completada: AdminUsuarios/Edit
2026-03-05 12:07:36.852 | INFO  | CID:00533440f014 | Account/Login | Iniciando acción: Account/Login
2026-03-05 12:07:37.279 | INFO  | CID:00533440f014 | Account/Login | Acción completada: Account/Login
2026-03-05 12:07:54.632 | INFO  | CID:a2b6cae078e4 | Account/Login | Iniciando acción: Account/Login
2026-03-05 12:07:55.075 | INFO  | CID:a2b6cae078e4 | Account/Login | Acción completada: Account/Login
2026-03-05 12:15:59.385 | INFO  | CID:N/A | Iniciando procesador de cola de correos
2026-03-05 12:16:18.951 | INFO  | CID:263518c6d4df | Account/Login | Iniciando acción: Account/Login
2026-03-05 12:16:19.649 | INFO  | CID:263518c6d4df | Account/Login | Acción completada: Account/Login
2026-03-05 13:39:38.700 | INFO  | CID:N/A | Iniciando procesador de cola de correos
2026-03-05 13:40:15.640 | INFO  | CID:ecf985c92843 | Account/Login | Iniciando acción: Account/Login
2026-03-05 13:40:16.339 | INFO  | CID:ecf985c92843 | Account/Login | Acción completada: Account/Login
2026-03-05 13:43:20.097 | INFO  | CID:N/A | Iniciando procesador de cola de correos
2026-03-05 13:43:35.712 | INFO  | CID:8bcd24a5924d | Account/Login | Iniciando acción: Account/Login
2026-03-05 13:43:36.787 | INFO  | CID:8bcd24a5924d | Account/Login | Acción completada: Account/Login
2026-03-05 13:47:45.673 | INFO  | CID:N/A | Iniciando procesador de cola de correos
2026-03-05 13:48:03.730 | INFO  | CID:d9315cb50a1b | Account/Login | Iniciando acción: Account/Login
2026-03-05 13:48:04.679 | INFO  | CID:d9315cb50a1b | Account/Login | Acción completada: Account/Login
2026-03-05 13:51:12.177 | INFO  | CID:N/A | Iniciando procesador de cola de correos
2026-03-05 13:52:14.849 | INFO  | CID:0f4c6ae2bf33 | Account/Login | Iniciando acción: Account/Login
2026-03-05 13:52:15.799 | INFO  | CID:0f4c6ae2bf33 | Account/Login | Acción completada: Account/Login
2026-03-05 13:58:41.668 | INFO  | CID:N/A | Deteniendo procesador de cola de correos
2026-03-05 13:58:41.739 | INFO  | CID:N/A | Deteniendo procesador de cola de correos
2026-03-05 13:59:50.907 | INFO  | CID:N/A | Iniciando procesador de cola de correos
2026-03-05 14:03:51.563 | INFO  | CID:N/A | Deteniendo procesador de cola de correos
2026-03-05 14:03:51.606 | INFO  | CID:N/A | Deteniendo procesador de cola de correos
2026-03-05 14:17:36.664 | INFO  | CID:N/A | Iniciando procesador de cola de correos
2026-03-05 14:46:42.683 | INFO  | CID:N/A | Iniciando procesador de cola de correos
2026-03-05 14:47:04.059 | INFO  | CID:fa8cfe36c33a | Account/Login | Iniciando acción: Account/Login
2026-03-05 14:47:04.803 | INFO  | CID:fa8cfe36c33a | Account/Login | Acción completada: Account/Login
2026-03-05 15:03:11.393 | INFO  | CID:N/A | Iniciando procesador de cola de correos
2026-03-05 15:03:58.316 | INFO  | CID:f95973d64fa7 | Account/Login | Iniciando acción: Account/Login
2026-03-05 15:03:58.987 | INFO  | CID:f95973d64fa7 | Account/Login | Acción completada: Account/Login
2026-03-05 15:15:47.836 | INFO  | CID:N/A | Iniciando procesador de cola de correos
2026-03-05 15:16:11.100 | INFO  | CID:c7fbc62cd19c | Account/Login | Iniciando acción: Account/Login
2026-03-05 15:16:11.794 | INFO  | CID:c7fbc62cd19c | Account/Login | Acción completada: Account/Login
2026-03-05 15:28:00.977 | INFO  | CID:N/A | Deteniendo procesador de cola de correos
2026-03-05 15:28:01.082 | INFO  | CID:N/A | Deteniendo procesador de cola de correos
2026-03-05 15:34:59.893 | INFO  | CID:N/A | Iniciando procesador de cola de correos
2026-03-05 15:35:20.989 | INFO  | CID:da865ff39599 | Account/Login | Iniciando acción: Account/Login
2026-03-05 15:35:22.180 | INFO  | CID:da865ff39599 | Account/Login | Acción completada: Account/Login
2026-03-05 15:41:06.500 | INFO  | CID:26d7a3b47533 | Account/Login | Iniciando acción: Account/Login
2026-03-05 15:41:07.336 | INFO  | CID:26d7a3b47533 | Account/Login | Acción completada: Account/Login
2026-03-05 15:41:57.282 | INFO  | CID:f29b17d39f99 | Account/Login | Iniciando acción: Account/Login
2026-03-05 15:41:57.957 | INFO  | CID:f29b17d39f99 | Account/Login | Acción completada: Account/Login
2026-03-05 15:47:32.013 | INFO  | CID:N/A | Iniciando procesador de cola de correos
2026-03-05 15:48:09.240 | INFO  | CID:a25d9da816a7 | Account/Login | Iniciando acción: Account/Login
2026-03-05 15:48:10.223 | INFO  | CID:a25d9da816a7 | Account/Login | Acción completada: Account/Login
2026-03-05 15:52:25.010 | INFO  | CID:N/A | Iniciando procesador de cola de correos
2026-03-05 15:52:42.409 | INFO  | CID:c1514dc00b45 | Account/Login | Iniciando acción: Account/Login
2026-03-05 15:52:43.073 | INFO  | CID:c1514dc00b45 | Account/Login | Acción completada: Account/Login
2026-03-05 15:57:11.874 | INFO  | CID:N/A | Iniciando procesador de cola de correos
2026-03-05 15:58:27.367 | INFO  | CID:faa57b196d15 | Account/Login | Iniciando acción: Account/Login
2026-03-05 15:58:28.084 | INFO  | CID:faa57b196d15 | Account/Login | Acción completada: Account/Login
2026-03-05 16:06:41.039 | INFO  | CID:N/A | Iniciando procesador de cola de correos
2026-03-05 16:07:16.538 | INFO  | CID:ea701c750f5f | Account/Login | Iniciando acción: Account/Login
2026-03-05 16:07:17.188 | INFO  | CID:ea701c750f5f | Account/Login | Acción completada: Account/Login
