2026-03-04 08:19:53.780 | INFO  | CID:N/A | Iniciando procesador de cola de correos
2026-03-04 08:20:43.056 | INFO  | CID:704aae7b3bf4 | Account/Login | Iniciando acción: Account/Login
2026-03-04 08:20:43.710 | INFO  | CID:704aae7b3bf4 | Account/Login | Acción completada: Account/Login
2026-03-04 08:21:08.303 | INFO  | CID:54f30d750665 | USR:USU_ADMIN | Financiero/AprobarYEnviarAS400 | Iniciando acción: Financiero/AprobarYEnviarAS400
2026-03-04 08:21:08.658 | INFO  | CID:54f30d750665 | USR:USU_ADMIN | Financiero/AprobarYEnviarAS400 | Acción completada: Financiero/AprobarYEnviarAS400
2026-03-04 08:21:12.290 | INFO  | CID:b6a4d32b2285 | USR:USU_ADMIN | Financiero/AprobarYEnviarAS400 | Iniciando acción: Financiero/AprobarYEnviarAS400
2026-03-04 08:21:12.519 | INFO  | CID:b6a4d32b2285 | USR:USU_ADMIN | Financiero/AprobarYEnviarAS400 | Acción completada: Financiero/AprobarYEnviarAS400
2026-03-04 08:21:14.236 | INFO  | CID:3028fa2924c2 | USR:USU_ADMIN | Financiero/AprobarYEnviarAS400 | Iniciando acción: Financiero/AprobarYEnviarAS400
2026-03-04 08:21:14.477 | INFO  | CID:3028fa2924c2 | USR:USU_ADMIN | Financiero/AprobarYEnviarAS400 | Acción completada: Financiero/AprobarYEnviarAS400
2026-03-04 08:21:56.834 | INFO  | CID:42f933e37c22 | USR:USU_ADMIN | Financiero/AprobarYEnviarAS400 | Iniciando acción: Financiero/AprobarYEnviarAS400
2026-03-04 08:21:57.075 | INFO  | CID:42f933e37c22 | USR:USU_ADMIN | Financiero/AprobarYEnviarAS400 | Acción completada: Financiero/AprobarYEnviarAS400
2026-03-04 08:21:58.272 | INFO  | CID:04e20bbecbc3 | USR:USU_ADMIN | Financiero/AprobarYEnviarAS400 | Iniciando acción: Financiero/AprobarYEnviarAS400
2026-03-04 08:21:58.502 | INFO  | CID:04e20bbecbc3 | USR:USU_ADMIN | Financiero/AprobarYEnviarAS400 | Acción completada: Financiero/AprobarYEnviarAS400
2026-03-04 08:22:42.841 | INFO  | CID:afa73c5fc7c5 | USR:USU_ADMIN | Financiero/AprobarYEnviarAS400 | Iniciando acción: Financiero/AprobarYEnviarAS400
2026-03-04 08:22:43.313 | INFO  | CID:afa73c5fc7c5 | USR:USU_ADMIN | Financiero/AprobarYEnviarAS400 | Acción completada: Financiero/AprobarYEnviarAS400
2026-03-04 08:22:43.880 | INFO  | CID:3cd2e9dd5fdf | USR:USU_ADMIN | Financiero/AprobarYEnviarAS400 | Iniciando acción: Financiero/AprobarYEnviarAS400
2026-03-04 08:22:44.332 | INFO  | CID:3cd2e9dd5fdf | USR:USU_ADMIN | Financiero/AprobarYEnviarAS400 | Acción completada: Financiero/AprobarYEnviarAS400
2026-03-04 08:22:44.792 | INFO  | CID:3e042b146587 | USR:USU_ADMIN | Financiero/AprobarYEnviarAS400 | Iniciando acción: Financiero/AprobarYEnviarAS400
2026-03-04 08:22:45.059 | INFO  | CID:3e042b146587 | USR:USU_ADMIN | Financiero/AprobarYEnviarAS400 | Acción completada: Financiero/AprobarYEnviarAS400
2026-03-04 08:22:45.584 | INFO  | CID:5afa4b3a7b9b | USR:USU_ADMIN | Financiero/AprobarYEnviarAS400 | Iniciando acción: Financiero/AprobarYEnviarAS400
2026-03-04 08:22:45.827 | INFO  | CID:5afa4b3a7b9b | USR:USU_ADMIN | Financiero/AprobarYEnviarAS400 | Acción completada: Financiero/AprobarYEnviarAS400
2026-03-04 08:22:46.343 | INFO  | CID:0179c8bd901f | USR:USU_ADMIN | Financiero/AprobarYEnviarAS400 | Iniciando acción: Financiero/AprobarYEnviarAS400
2026-03-04 08:22:46.678 | INFO  | CID:0179c8bd901f | USR:USU_ADMIN | Financiero/AprobarYEnviarAS400 | Acción completada: Financiero/AprobarYEnviarAS400
2026-03-04 08:22:47.200 | INFO  | CID:41074209e898 | USR:USU_ADMIN | Financiero/AprobarYEnviarAS400 | Iniciando acción: Financiero/AprobarYEnviarAS400
2026-03-04 08:22:47.430 | INFO  | CID:41074209e898 | USR:USU_ADMIN | Financiero/AprobarYEnviarAS400 | Acción completada: Financiero/AprobarYEnviarAS400
2026-03-04 08:22:47.895 | INFO  | CID:9e486f6a9cc9 | USR:USU_ADMIN | Financiero/AprobarYEnviarAS400 | Iniciando acción: Financiero/AprobarYEnviarAS400
2026-03-04 08:22:48.124 | INFO  | CID:9e486f6a9cc9 | USR:USU_ADMIN | Financiero/AprobarYEnviarAS400 | Acción completada: Financiero/AprobarYEnviarAS400
2026-03-04 08:22:48.568 | INFO  | CID:2ad58ec3d095 | USR:USU_ADMIN | Financiero/AprobarYEnviarAS400 | Iniciando acción: Financiero/AprobarYEnviarAS400
2026-03-04 08:22:48.790 | INFO  | CID:2ad58ec3d095 | USR:USU_ADMIN | Financiero/AprobarYEnviarAS400 | Acción completada: Financiero/AprobarYEnviarAS400
2026-03-04 08:22:49.215 | INFO  | CID:e192f8eee438 | USR:USU_ADMIN | Financiero/AprobarYEnviarAS400 | Iniciando acción: Financiero/AprobarYEnviarAS400
2026-03-04 08:22:49.446 | INFO  | CID:e192f8eee438 | USR:USU_ADMIN | Financiero/AprobarYEnviarAS400 | Acción completada: Financiero/AprobarYEnviarAS400
2026-03-04 08:22:49.871 | INFO  | CID:27be9e07e186 | USR:USU_ADMIN | Financiero/AprobarYEnviarAS400 | Iniciando acción: Financiero/AprobarYEnviarAS400
2026-03-04 08:22:50.100 | INFO  | CID:27be9e07e186 | USR:USU_ADMIN | Financiero/AprobarYEnviarAS400 | Acción completada: Financiero/AprobarYEnviarAS400
2026-03-04 08:23:59.978 | INFO  | CID:ec9b2ea5b218 | USR:USU_ADMIN | Financiero/AprobarYEnviarAS400 | Iniciando acción: Financiero/AprobarYEnviarAS400
2026-03-04 08:24:00.250 | INFO  | CID:ec9b2ea5b218 | USR:USU_ADMIN | Financiero/AprobarYEnviarAS400 | Acción completada: Financiero/AprobarYEnviarAS400
2026-03-04 08:24:00.896 | INFO  | CID:f24827cd4b10 | USR:USU_ADMIN | Financiero/AprobarYEnviarAS400 | Iniciando acción: Financiero/AprobarYEnviarAS400
2026-03-04 08:24:01.140 | INFO  | CID:f24827cd4b10 | USR:USU_ADMIN | Financiero/AprobarYEnviarAS400 | Acción completada: Financiero/AprobarYEnviarAS400
2026-03-04 08:24:01.589 | INFO  | CID:60d8d6b62f79 | USR:USU_ADMIN | Financiero/AprobarYEnviarAS400 | Iniciando acción: Financiero/AprobarYEnviarAS400
2026-03-04 08:24:01.815 | INFO  | CID:60d8d6b62f79 | USR:USU_ADMIN | Financiero/AprobarYEnviarAS400 | Acción completada: Financiero/AprobarYEnviarAS400
2026-03-04 08:25:16.200 | INFO  | CID:c214bd30150e | USR:USU_ADMIN | Financiero/AprobarYEnviarAS400 | Iniciando acción: Financiero/AprobarYEnviarAS400
2026-03-04 08:25:16.656 | INFO  | CID:c214bd30150e | USR:USU_ADMIN | Financiero/AprobarYEnviarAS400 | Acción completada: Financiero/AprobarYEnviarAS400
2026-03-04 08:25:24.320 | INFO  | CID:e8a69c5e4f8c | USR:USU_ADMIN | Financiero/AprobarYEnviarAS400 | Iniciando acción: Financiero/AprobarYEnviarAS400
2026-03-04 08:25:24.555 | INFO  | CID:e8a69c5e4f8c | USR:USU_ADMIN | Financiero/AprobarYEnviarAS400 | Acción completada: Financiero/AprobarYEnviarAS400
2026-03-04 08:25:25.151 | INFO  | CID:c2f468ca9161 | USR:USU_ADMIN | Financiero/AprobarYEnviarAS400 | Iniciando acción: Financiero/AprobarYEnviarAS400
2026-03-04 08:25:25.372 | INFO  | CID:c2f468ca9161 | USR:USU_ADMIN | Financiero/AprobarYEnviarAS400 | Acción completada: Financiero/AprobarYEnviarAS400
2026-03-04 08:25:38.720 | INFO  | CID:N/A | Iniciando procesador de cola de correos
2026-03-04 08:25:58.468 | INFO  | CID:8a6e56c1b589 | Account/Login | Iniciando acción: Account/Login
2026-03-04 08:25:59.187 | INFO  | CID:8a6e56c1b589 | Account/Login | Acción completada: Account/Login
2026-03-04 08:26:35.430 | INFO  | CID:ef15da1bfb2f | USR:USU_ADMIN | Financiero/AprobarYEnviarAS400 | Iniciando acción: Financiero/AprobarYEnviarAS400
2026-03-04 08:26:35.730 | INFO  | CID:ef15da1bfb2f | USR:USU_ADMIN | Financiero/AprobarYEnviarAS400 | Acción completada: Financiero/AprobarYEnviarAS400
2026-03-04 08:27:39.611 | INFO  | CID:ec82bb4de0a0 | USR:USU_ADMIN | Financiero/AprobarYEnviarAS400 | Iniciando acción: Financiero/AprobarYEnviarAS400
2026-03-04 08:27:39.873 | INFO  | CID:ec82bb4de0a0 | USR:USU_ADMIN | Financiero/AprobarYEnviarAS400 | Acción completada: Financiero/AprobarYEnviarAS400
2026-03-04 08:27:41.600 | INFO  | CID:061645e4ae5d | USR:USU_ADMIN | Financiero/AprobarYEnviarAS400 | Iniciando acción: Financiero/AprobarYEnviarAS400
2026-03-04 08:27:41.823 | INFO  | CID:061645e4ae5d | USR:USU_ADMIN | Financiero/AprobarYEnviarAS400 | Acción completada: Financiero/AprobarYEnviarAS400
2026-03-04 08:27:42.470 | INFO  | CID:65f8dff92350 | USR:USU_ADMIN | Financiero/AprobarYEnviarAS400 | Iniciando acción: Financiero/AprobarYEnviarAS400
2026-03-04 08:27:42.689 | INFO  | CID:65f8dff92350 | USR:USU_ADMIN | Financiero/AprobarYEnviarAS400 | Acción completada: Financiero/AprobarYEnviarAS400
2026-03-04 08:29:42.944 | INFO  | CID:N/A | Iniciando procesador de cola de correos
2026-03-04 08:30:05.123 | INFO  | CID:72f95081cd30 | Account/Login | Iniciando acción: Account/Login
2026-03-04 08:30:05.778 | INFO  | CID:72f95081cd30 | Account/Login | Acción completada: Account/Login
2026-03-04 08:30:43.983 | INFO  | CID:c82ca3b0091a | USR:USU_ADMIN | Financiero/AprobarYEnviarAS400 | Iniciando acción: Financiero/AprobarYEnviarAS400
2026-03-04 08:30:44.327 | INFO  | CID:c82ca3b0091a | USR:USU_ADMIN | Financiero/AprobarYEnviarAS400 | Acción completada: Financiero/AprobarYEnviarAS400
2026-03-04 08:30:47.216 | INFO  | CID:607992e6b540 | USR:USU_ADMIN | Financiero/AprobarYEnviarAS400 | Iniciando acción: Financiero/AprobarYEnviarAS400
2026-03-04 08:30:47.669 | INFO  | CID:607992e6b540 | USR:USU_ADMIN | Financiero/AprobarYEnviarAS400 | Acción completada: Financiero/AprobarYEnviarAS400
2026-03-04 08:30:48.450 | INFO  | CID:919455847f2a | USR:USU_ADMIN | Financiero/AprobarYEnviarAS400 | Iniciando acción: Financiero/AprobarYEnviarAS400
2026-03-04 08:30:48.779 | INFO  | CID:919455847f2a | USR:USU_ADMIN | Financiero/AprobarYEnviarAS400 | Acción completada: Financiero/AprobarYEnviarAS400
2026-03-04 08:30:49.452 | INFO  | CID:72b017da5a0a | USR:USU_ADMIN | Financiero/AprobarYEnviarAS400 | Iniciando acción: Financiero/AprobarYEnviarAS400
2026-03-04 08:30:49.700 | INFO  | CID:72b017da5a0a | USR:USU_ADMIN | Financiero/AprobarYEnviarAS400 | Acción completada: Financiero/AprobarYEnviarAS400
2026-03-04 08:30:50.469 | INFO  | CID:cef9b5918ed1 | USR:USU_ADMIN | Financiero/AprobarYEnviarAS400 | Iniciando acción: Financiero/AprobarYEnviarAS400
2026-03-04 08:30:50.727 | INFO  | CID:cef9b5918ed1 | USR:USU_ADMIN | Financiero/AprobarYEnviarAS400 | Acción completada: Financiero/AprobarYEnviarAS400
2026-03-04 08:30:51.304 | INFO  | CID:e86a2fd14362 | USR:USU_ADMIN | Financiero/AprobarYEnviarAS400 | Iniciando acción: Financiero/AprobarYEnviarAS400
2026-03-04 08:30:51.550 | INFO  | CID:e86a2fd14362 | USR:USU_ADMIN | Financiero/AprobarYEnviarAS400 | Acción completada: Financiero/AprobarYEnviarAS400
2026-03-04 08:30:52.118 | INFO  | CID:e2d4b46cc55a | USR:USU_ADMIN | Financiero/AprobarYEnviarAS400 | Iniciando acción: Financiero/AprobarYEnviarAS400
2026-03-04 08:30:52.361 | INFO  | CID:e2d4b46cc55a | USR:USU_ADMIN | Financiero/AprobarYEnviarAS400 | Acción completada: Financiero/AprobarYEnviarAS400
2026-03-04 08:30:52.862 | INFO  | CID:fca34635a054 | USR:USU_ADMIN | Financiero/AprobarYEnviarAS400 | Iniciando acción: Financiero/AprobarYEnviarAS400
2026-03-04 08:30:53.309 | INFO  | CID:fca34635a054 | USR:USU_ADMIN | Financiero/AprobarYEnviarAS400 | Acción completada: Financiero/AprobarYEnviarAS400
2026-03-04 08:36:14.629 | INFO  | CID:N/A | Iniciando procesador de cola de correos
2026-03-04 08:36:32.143 | INFO  | CID:9d449ce55488 | Account/Login | Iniciando acción: Account/Login
2026-03-04 08:36:32.780 | INFO  | CID:9d449ce55488 | Account/Login | Acción completada: Account/Login
2026-03-04 08:36:59.384 | INFO  | CID:d131e126981d | USR:USU_ADMIN | Financiero/AprobarYEnviarAS400 | Iniciando acción: Financiero/AprobarYEnviarAS400
2026-03-04 08:36:59.704 | INFO  | CID:d131e126981d | USR:USU_ADMIN | Financiero/AprobarYEnviarAS400 | Acción completada: Financiero/AprobarYEnviarAS400
2026-03-04 08:39:00.186 | INFO  | CID:a20e6508a399 | USR:USU_ADMIN | Financiero/AprobarYEnviarAS400 | Iniciando acción: Financiero/AprobarYEnviarAS400
2026-03-04 08:39:00.431 | INFO  | CID:a20e6508a399 | USR:USU_ADMIN | Financiero/AprobarYEnviarAS400 | Acción completada: Financiero/AprobarYEnviarAS400
2026-03-04 08:43:46.767 | INFO  | CID:N/A | Deteniendo procesador de cola de correos
2026-03-04 08:43:46.896 | INFO  | CID:N/A | Deteniendo procesador de cola de correos
2026-03-04 08:45:05.068 | INFO  | CID:N/A | Iniciando procesador de cola de correos
2026-03-04 08:45:24.463 | INFO  | CID:2a9d8ef4accb | Account/Login | Iniciando acción: Account/Login
2026-03-04 08:45:25.096 | INFO  | CID:2a9d8ef4accb | Account/Login | Acción completada: Account/Login
2026-03-04 08:45:46.340 | INFO  | CID:6a625b4b2a09 | USR:USU_ADMIN | Financiero/AprobarYEnviarAS400 | Iniciando acción: Financiero/AprobarYEnviarAS400
2026-03-04 08:45:46.867 | ERROR | CID:N/A | ERR:EMAIL_ERROR | Error al enviar correo.
    Exception: SmtpException
    StackTrace:    en System.Net.Mail.SmtpClient.SendAsync(MailMessage message, Object userToken)
   en System.Net.Mail.SmtpClient.SendMailAsync(MailMessage message)
   en CapaDatos.Services.EmailService.<EnviarAsync>d__4.MoveNext() en C:\AOCR\AOCR\AOCR05-01-2026\AOCR1\AOCR\CapaDatos\Services\EmailService.cs:línea 76
2026-03-04 08:45:47.934 | INFO  | CID:93e42d226353 | Correo con adjunto enviado exitosamente a german.cajas@aviacioncivil.gob.ec
2026-03-04 08:45:47.934 | WARN  | CID:N/A | ERR:EMAIL_FALLBACK_OK | Correo enviado por fallback EnviarCorreo.
2026-03-04 08:45:47.934 | INFO  | CID:N/A | ORD:OR-20260302155412122-2 | ERR:EMAIL_FACTURA_OK | Notificacion de factura enviada correctamente
2026-03-04 08:45:48.175 | INFO  | CID:N/A | SyncLogService: Tabla aocr_sync_log verificada/creada.
2026-03-04 08:45:48.181 | INFO  | CID:N/A | IdempotencyService: Tabla aocr_idempotency_key verificada/creada.
2026-03-04 08:45:48.392 | INFO  | CID:N/A | AuditTrailService: Tabla aocr_audit_trail verificada/creada.
2026-03-04 08:45:48.409 | WARN  | CID:N/A | FR3 normalizacion numero_factura: 'OR-20260302155412122-2' => '202603021554121222' (orden 91).
2026-03-04 08:45:48.582 | WARN  | CID:N/A | FR3 normalizacion deposito: 'OR-20260302155412122-2' => '202603021554121222' (orden 91).
2026-03-04 08:45:49.068 | INFO  | CID:N/A | FR3 DB2 inicio: OrdenId=91, Factura=202603021554121222, Aeropuerto=SEQU, Anio=2026
2026-03-04 08:45:49.159 | INFO  | CID:N/A | GetColumnas: 80 columnas encontradas en DGACDAT.OPCAR5
2026-03-04 08:45:49.176 | INFO  | CID:N/A | GetColumnas: 25 columnas encontradas en DGACDAT.OPCAR6
2026-03-04 08:45:49.359 | WARN  | CID:N/A | FR3 detalle error AS400: OrdenId=91, Factura=202603021554121222, Aeropuerto=SEQU, Anio=2026, Subtotal=3300.00, Iva=0, Total=3300.00, ObsLen=99, AutLen=0, Deposito=202603021554121222
2026-03-04 08:45:49.359 | ERROR | CID:N/A | ERR:FR3_DB2_ERROR | Error al consultar el sistema AS400. Contacte al administrador.
    Exception: DataAccessException
    StackTrace:    en CapaDatos.Infrastructure.AS400BaseDAO.<>c__DisplayClass13_0.<ExecuteWithConnection>b__0() en C:\AOCR\AOCR\AOCR05-01-2026\AOCR1\AOCR\CapaDatos\Infrastructure\AS400BaseDAO.cs:línea 198
   en CapaDatos.Infrastructure.CircuitBreaker.Execute[T](Func`1 action) en C:\AOCR\AOCR\AOCR05-01-2026\AOCR1\AOCR\CapaDatos\Infrastructure\CircuitBreaker.cs:línea 132
   en CapaDatos.Infrastructure.AS400BaseDAO.ExecuteWithConnection(Action`1 action) en C:\AOCR\AOCR\AOCR05-01-2026\AOCR1\AOCR\CapaDatos\Infrastructure\AS400BaseDAO.cs:línea 187
   en CapaDatos.DAOs.FacturacionAS400DAO.RegistrarFactura(FacturaAs400Record record, FacturacionAS400Result& result, String& error) en C:\AOCR\AOCR\AOCR05-01-2026\AOCR1\AOCR\CapaDatos\DAOs\FacturacionAS400DAO.cs:línea 101
2026-03-04 08:45:49.526 | WARN  | CID:N/A | FR3 error registrado sin persistencia completa en PG: No existe registro de factura asociado para actualizar estado FR3. column "iva" does not exist
2026-03-04 08:45:49.856 | INFO  | CID:6a625b4b2a09 | USR:USU_ADMIN | Financiero/AprobarYEnviarAS400 | Acción completada: Financiero/AprobarYEnviarAS400
2026-03-04 08:46:12.801 | INFO  | CID:b175c0587ad4 | USR:USU_ADMIN | Financiero/AprobarYEnviarAS400 | Iniciando acción: Financiero/AprobarYEnviarAS400
2026-03-04 08:46:13.064 | WARN  | CID:N/A | FR3 normalizacion numero_factura: 'OR-20260302155412122-2' => '202603021554121222' (orden 91).
2026-03-04 08:46:13.289 | WARN  | CID:N/A | FR3 normalizacion deposito: 'OR-20260302155412122-2' => '202603021554121222' (orden 91).
2026-03-04 08:46:13.306 | INFO  | CID:N/A | FR3 DB2 inicio: OrdenId=91, Factura=202603021554121222, Aeropuerto=SEQU, Anio=2026
2026-03-04 08:46:13.323 | INFO  | CID:N/A | GetColumnas: 80 columnas encontradas en DGACDAT.OPCAR5
2026-03-04 08:46:13.324 | INFO  | CID:N/A | GetColumnas: 25 columnas encontradas en DGACDAT.OPCAR6
2026-03-04 08:46:13.457 | WARN  | CID:N/A | FR3 detalle error AS400: OrdenId=91, Factura=202603021554121222, Aeropuerto=SEQU, Anio=2026, Subtotal=3300.00, Iva=0, Total=3300.00, ObsLen=99, AutLen=0, Deposito=202603021554121222
2026-03-04 08:46:13.457 | ERROR | CID:N/A | ERR:FR3_DB2_ERROR | Error al consultar el sistema AS400. Contacte al administrador.
    Exception: DataAccessException
    StackTrace:    en CapaDatos.Infrastructure.AS400BaseDAO.<>c__DisplayClass13_0.<ExecuteWithConnection>b__0() en C:\AOCR\AOCR\AOCR05-01-2026\AOCR1\AOCR\CapaDatos\Infrastructure\AS400BaseDAO.cs:línea 198
   en CapaDatos.Infrastructure.CircuitBreaker.Execute[T](Func`1 action) en C:\AOCR\AOCR\AOCR05-01-2026\AOCR1\AOCR\CapaDatos\Infrastructure\CircuitBreaker.cs:línea 132
   en CapaDatos.Infrastructure.AS400BaseDAO.ExecuteWithConnection(Action`1 action) en C:\AOCR\AOCR\AOCR05-01-2026\AOCR1\AOCR\CapaDatos\Infrastructure\AS400BaseDAO.cs:línea 187
   en CapaDatos.DAOs.FacturacionAS400DAO.RegistrarFactura(FacturaAs400Record record, FacturacionAS400Result& result, String& error) en C:\AOCR\AOCR\AOCR05-01-2026\AOCR1\AOCR\CapaDatos\DAOs\FacturacionAS400DAO.cs:línea 101
2026-03-04 08:46:13.723 | WARN  | CID:N/A | FR3 error registrado sin persistencia completa en PG: No existe registro de factura asociado para actualizar estado FR3. column "iva" does not exist
2026-03-04 08:46:13.812 | INFO  | CID:b175c0587ad4 | USR:USU_ADMIN | Financiero/AprobarYEnviarAS400 | Acción completada: Financiero/AprobarYEnviarAS400
2026-03-04 09:01:30.659 | INFO  | CID:N/A | Iniciando procesador de cola de correos
2026-03-04 09:01:49.812 | INFO  | CID:50224464b39b | Account/Login | Iniciando acción: Account/Login
2026-03-04 09:01:50.599 | INFO  | CID:50224464b39b | Account/Login | Acción completada: Account/Login
2026-03-04 09:02:40.589 | INFO  | CID:7b147312af7e | USR:USU_ADMIN | Financiero/AprobarYEnviarAS400 | Iniciando acción: Financiero/AprobarYEnviarAS400
2026-03-04 09:02:41.022 | WARN  | CID:N/A | ERR:EMAIL_FACTURA_SIN_DESTINO | No se envió correo de factura: la orden no tiene correo de destinatario.
2026-03-04 09:02:41.246 | INFO  | CID:N/A | SyncLogService: Tabla aocr_sync_log verificada/creada.
2026-03-04 09:02:41.251 | INFO  | CID:N/A | IdempotencyService: Tabla aocr_idempotency_key verificada/creada.
2026-03-04 09:02:41.267 | INFO  | CID:N/A | AuditTrailService: Tabla aocr_audit_trail verificada/creada.
2026-03-04 09:02:41.273 | WARN  | CID:N/A | FR3 normalizacion numero_factura: 'OR-20260218160649339-6' => '202602181606493396' (orden 62).
2026-03-04 09:02:41.624 | WARN  | CID:N/A | FR3 normalizacion deposito: 'OR-20260218160649339-6' => '202602181606493396' (orden 62).
2026-03-04 09:02:42.039 | INFO  | CID:N/A | FR3 DB2 inicio: OrdenId=62, Factura=202602181606493396, Aeropuerto=SEQU, Anio=2026
2026-03-04 09:02:42.121 | INFO  | CID:N/A | GetColumnas: 80 columnas encontradas en DGACDAT.OPCAR5
2026-03-04 09:02:42.126 | INFO  | CID:N/A | GetColumnas: 25 columnas encontradas en DGACDAT.OPCAR6
2026-03-04 09:02:42.164 | WARN  | CID:N/A | FR3 truncamiento numerico preventivo en DGACDAT.OPCAR5.OPCNUM: digits=18, max=10.
2026-03-04 09:02:42.204 | INFO  | CID:N/A | GetColumnas: 6 columnas encontradas en DGACDAT.OPSARC
2026-03-04 09:02:42.222 | WARN  | CID:N/A | FR3 truncamiento preventivo en DGACDAT.OPCAR5.OPCOBS: len=98, max=60.
2026-03-04 09:02:42.222 | WARN  | CID:N/A | FR3 truncamiento preventivo en DGACDAT.OPCAR5.OPCCHE: len=18, max=15.
2026-03-04 09:02:42.238 | WARN  | CID:N/A | FR3 truncamiento numerico preventivo en DGACDAT.OPCAR5.OPCNUM: digits=18, max=10.
2026-03-04 09:02:42.311 | WARN  | CID:N/A | FR3 detectó SQL7008 en modo transaccional; se reintenta sin transacción para compatibilidad.
2026-03-04 09:02:42.313 | INFO  | CID:N/A | FR3 DB2 inicio: OrdenId=62, Factura=202602181606493396, Aeropuerto=SEQU, Anio=2026
2026-03-04 09:02:42.321 | INFO  | CID:N/A | GetColumnas: 80 columnas encontradas en DGACDAT.OPCAR5
2026-03-04 09:02:42.323 | INFO  | CID:N/A | GetColumnas: 25 columnas encontradas en DGACDAT.OPCAR6
2026-03-04 09:02:42.323 | WARN  | CID:N/A | FR3 truncamiento numerico preventivo en DGACDAT.OPCAR5.OPCNUM: digits=18, max=10.
2026-03-04 09:02:42.339 | INFO  | CID:N/A | GetColumnas: 6 columnas encontradas en DGACDAT.OPSARC
2026-03-04 09:02:42.339 | WARN  | CID:N/A | FR3 truncamiento preventivo en DGACDAT.OPCAR5.OPCOBS: len=98, max=60.
2026-03-04 09:02:42.356 | WARN  | CID:N/A | FR3 truncamiento preventivo en DGACDAT.OPCAR5.OPCCHE: len=18, max=15.
2026-03-04 09:02:42.358 | WARN  | CID:N/A | FR3 truncamiento numerico preventivo en DGACDAT.OPCAR5.OPCNUM: digits=18, max=10.
2026-03-04 09:02:42.363 | INFO  | CID:N/A | FR3 cabecera insertada: Factura=202602181606493396, Sec=8
2026-03-04 09:02:42.385 | INFO  | CID:N/A | GetColumnas: 6 columnas encontradas en DGACDAT.OPSARC
2026-03-04 09:02:42.390 | INFO  | CID:N/A | FR3 secuencial actualizado: Aeropuerto=SEQU, Anio=2026, Sec=8
2026-03-04 09:02:42.390 | INFO  | CID:N/A | FR3 DB2 OK: OrdenId=62, Factura=202602181606493396, FR3=8-SEQU-2026
2026-03-04 09:02:42.689 | WARN  | CID:N/A | FR3 generado, pero no se pudo persistir trazabilidad en PG: No existe registro de factura asociado para actualizar estado FR3. column "iva" does not exist
2026-03-04 09:02:42.925 | INFO  | CID:7b147312af7e | USR:USU_ADMIN | Financiero/AprobarYEnviarAS400 | Acción completada: Financiero/AprobarYEnviarAS400
2026-03-04 09:03:17.168 | INFO  | CID:919c7efa9d63 | USR:USU_ADMIN | Financiero/AprobarYEnviarAS400 | Iniciando acción: Financiero/AprobarYEnviarAS400
2026-03-04 09:03:17.440 | WARN  | CID:N/A | ERR:EMAIL_FACTURA_SIN_DESTINO | No se envió correo de factura: la orden no tiene correo de destinatario.
2026-03-04 09:03:17.456 | WARN  | CID:N/A | FR3 normalizacion numero_factura: 'OR-20260218155127598-5' => '202602181551275985' (orden 61).
2026-03-04 09:03:17.718 | WARN  | CID:N/A | FR3 normalizacion deposito: 'OR-20260218155127598-5' => '202602181551275985' (orden 61).
2026-03-04 09:03:17.882 | INFO  | CID:N/A | FR3 DB2 inicio: OrdenId=61, Factura=202602181551275985, Aeropuerto=SEQU, Anio=2026
2026-03-04 09:03:17.965 | INFO  | CID:N/A | GetColumnas: 80 columnas encontradas en DGACDAT.OPCAR5
2026-03-04 09:03:17.968 | INFO  | CID:N/A | GetColumnas: 25 columnas encontradas en DGACDAT.OPCAR6
2026-03-04 09:03:18.000 | WARN  | CID:N/A | FR3 truncamiento numerico preventivo en DGACDAT.OPCAR5.OPCNUM: digits=18, max=10.
2026-03-04 09:03:18.167 | WARN  | CID:N/A | FR3 detalle error AS400: OrdenId=61, Factura=202602181551275985, Aeropuerto=SEQU, Anio=2026, Subtotal=80.00, Iva=0, Total=80.00, ObsLen=98, AutLen=0, Deposito=202602181551275985
2026-03-04 09:03:18.168 | ERROR | CID:N/A | ERR:FR3_DB2_ERROR | Error al consultar el sistema AS400. Contacte al administrador.
    Exception: DataAccessException
    StackTrace:    en CapaDatos.Infrastructure.AS400BaseDAO.<>c__DisplayClass13_0.<ExecuteWithConnection>b__0() en C:\AOCR\AOCR\AOCR05-01-2026\AOCR1\AOCR\CapaDatos\Infrastructure\AS400BaseDAO.cs:línea 198
   en CapaDatos.Infrastructure.CircuitBreaker.Execute[T](Func`1 action) en C:\AOCR\AOCR\AOCR05-01-2026\AOCR1\AOCR\CapaDatos\Infrastructure\CircuitBreaker.cs:línea 132
   en CapaDatos.Infrastructure.AS400BaseDAO.ExecuteWithConnection(Action`1 action) en C:\AOCR\AOCR\AOCR05-01-2026\AOCR1\AOCR\CapaDatos\Infrastructure\AS400BaseDAO.cs:línea 187
   en CapaDatos.DAOs.FacturacionAS400DAO.RegistrarFactura(FacturaAs400Record record, FacturacionAS400Result& result, String& error) en C:\AOCR\AOCR\AOCR05-01-2026\AOCR1\AOCR\CapaDatos\DAOs\FacturacionAS400DAO.cs:línea 105
2026-03-04 09:03:18.513 | WARN  | CID:N/A | FR3 error registrado sin persistencia completa en PG: No existe registro de factura asociado para actualizar estado FR3. column "iva" does not exist
2026-03-04 09:03:18.785 | INFO  | CID:919c7efa9d63 | USR:USU_ADMIN | Financiero/AprobarYEnviarAS400 | Acción completada: Financiero/AprobarYEnviarAS400
2026-03-04 09:03:23.208 | INFO  | CID:b39f6b00b797 | USR:USU_ADMIN | Financiero/AprobarYEnviarAS400 | Iniciando acción: Financiero/AprobarYEnviarAS400
2026-03-04 09:03:23.454 | WARN  | CID:N/A | FR3 normalizacion numero_factura: 'OR-20260218155127598-5' => '202602181551275985' (orden 61).
2026-03-04 09:03:23.683 | WARN  | CID:N/A | FR3 normalizacion deposito: 'OR-20260218155127598-5' => '202602181551275985' (orden 61).
2026-03-04 09:03:23.693 | INFO  | CID:N/A | FR3 DB2 inicio: OrdenId=61, Factura=202602181551275985, Aeropuerto=SEQU, Anio=2026
2026-03-04 09:03:23.698 | INFO  | CID:N/A | GetColumnas: 80 columnas encontradas en DGACDAT.OPCAR5
2026-03-04 09:03:23.702 | INFO  | CID:N/A | GetColumnas: 25 columnas encontradas en DGACDAT.OPCAR6
2026-03-04 09:03:23.717 | WARN  | CID:N/A | FR3 truncamiento numerico preventivo en DGACDAT.OPCAR5.OPCNUM: digits=18, max=10.
2026-03-04 09:03:23.852 | WARN  | CID:N/A | FR3 detalle error AS400: OrdenId=61, Factura=202602181551275985, Aeropuerto=SEQU, Anio=2026, Subtotal=80.00, Iva=0, Total=80.00, ObsLen=98, AutLen=0, Deposito=202602181551275985
2026-03-04 09:03:23.854 | ERROR | CID:N/A | ERR:FR3_DB2_ERROR | Error al consultar el sistema AS400. Contacte al administrador.
    Exception: DataAccessException
    StackTrace:    en CapaDatos.Infrastructure.AS400BaseDAO.<>c__DisplayClass13_0.<ExecuteWithConnection>b__0() en C:\AOCR\AOCR\AOCR05-01-2026\AOCR1\AOCR\CapaDatos\Infrastructure\AS400BaseDAO.cs:línea 198
   en CapaDatos.Infrastructure.CircuitBreaker.Execute[T](Func`1 action) en C:\AOCR\AOCR\AOCR05-01-2026\AOCR1\AOCR\CapaDatos\Infrastructure\CircuitBreaker.cs:línea 132
   en CapaDatos.Infrastructure.AS400BaseDAO.ExecuteWithConnection(Action`1 action) en C:\AOCR\AOCR\AOCR05-01-2026\AOCR1\AOCR\CapaDatos\Infrastructure\AS400BaseDAO.cs:línea 187
   en CapaDatos.DAOs.FacturacionAS400DAO.RegistrarFactura(FacturaAs400Record record, FacturacionAS400Result& result, String& error) en C:\AOCR\AOCR\AOCR05-01-2026\AOCR1\AOCR\CapaDatos\DAOs\FacturacionAS400DAO.cs:línea 105
2026-03-04 09:03:24.151 | WARN  | CID:N/A | FR3 error registrado sin persistencia completa en PG: No existe registro de factura asociado para actualizar estado FR3. column "iva" does not exist
2026-03-04 09:03:24.401 | INFO  | CID:b39f6b00b797 | USR:USU_ADMIN | Financiero/AprobarYEnviarAS400 | Acción completada: Financiero/AprobarYEnviarAS400
2026-03-04 09:04:53.249 | INFO  | CID:f3734ad31e5c | USR:USU_ADMIN | Financiero/AprobarYEnviarAS400 | Iniciando acción: Financiero/AprobarYEnviarAS400
2026-03-04 09:04:53.490 | WARN  | CID:N/A | FR3 normalizacion numero_factura: 'OR-20260218155127598-5' => '202602181551275985' (orden 61).
2026-03-04 09:04:53.725 | WARN  | CID:N/A | FR3 normalizacion deposito: 'OR-20260218155127598-5' => '202602181551275985' (orden 61).
2026-03-04 09:04:53.857 | INFO  | CID:N/A | FR3 DB2 inicio: OrdenId=61, Factura=202602181551275985, Aeropuerto=SEQU, Anio=2026
2026-03-04 09:04:53.905 | INFO  | CID:N/A | GetColumnas: 80 columnas encontradas en DGACDAT.OPCAR5
2026-03-04 09:04:53.917 | INFO  | CID:N/A | GetColumnas: 25 columnas encontradas en DGACDAT.OPCAR6
2026-03-04 09:04:53.940 | WARN  | CID:N/A | FR3 truncamiento numerico preventivo en DGACDAT.OPCAR5.OPCNUM: digits=18, max=10.
2026-03-04 09:04:53.968 | INFO  | CID:N/A | GetColumnas: 6 columnas encontradas en DGACDAT.OPSARC
2026-03-04 09:04:53.990 | WARN  | CID:N/A | FR3 truncamiento preventivo en DGACDAT.OPCAR5.OPCOBS: len=98, max=60.
2026-03-04 09:04:53.990 | WARN  | CID:N/A | FR3 truncamiento preventivo en DGACDAT.OPCAR5.OPCCHE: len=18, max=15.
2026-03-04 09:04:53.990 | WARN  | CID:N/A | FR3 truncamiento numerico preventivo en DGACDAT.OPCAR5.OPCNUM: digits=18, max=10.
2026-03-04 09:04:54.051 | WARN  | CID:N/A | FR3 detectó SQL7008 en modo transaccional; se reintenta sin transacción para compatibilidad.
2026-03-04 09:04:54.053 | INFO  | CID:N/A | FR3 DB2 inicio: OrdenId=61, Factura=202602181551275985, Aeropuerto=SEQU, Anio=2026
2026-03-04 09:04:54.057 | INFO  | CID:N/A | GetColumnas: 80 columnas encontradas en DGACDAT.OPCAR5
2026-03-04 09:04:54.057 | INFO  | CID:N/A | GetColumnas: 25 columnas encontradas en DGACDAT.OPCAR6
2026-03-04 09:04:54.074 | WARN  | CID:N/A | FR3 truncamiento numerico preventivo en DGACDAT.OPCAR5.OPCNUM: digits=18, max=10.
2026-03-04 09:04:54.090 | INFO  | CID:N/A | GetColumnas: 6 columnas encontradas en DGACDAT.OPSARC
2026-03-04 09:04:54.107 | WARN  | CID:N/A | FR3 truncamiento preventivo en DGACDAT.OPCAR5.OPCOBS: len=98, max=60.
2026-03-04 09:04:54.112 | WARN  | CID:N/A | FR3 truncamiento preventivo en DGACDAT.OPCAR5.OPCCHE: len=18, max=15.
2026-03-04 09:04:54.112 | WARN  | CID:N/A | FR3 truncamiento numerico preventivo en DGACDAT.OPCAR5.OPCNUM: digits=18, max=10.
2026-03-04 09:04:54.118 | INFO  | CID:N/A | FR3 cabecera insertada: Factura=202602181551275985, Sec=9
2026-03-04 09:04:54.141 | INFO  | CID:N/A | GetColumnas: 6 columnas encontradas en DGACDAT.OPSARC
2026-03-04 09:04:54.141 | INFO  | CID:N/A | FR3 secuencial actualizado: Aeropuerto=SEQU, Anio=2026, Sec=9
2026-03-04 09:04:54.141 | INFO  | CID:N/A | FR3 DB2 OK: OrdenId=61, Factura=202602181551275985, FR3=9-SEQU-2026
2026-03-04 09:04:54.443 | WARN  | CID:N/A | FR3 generado, pero no se pudo persistir trazabilidad en PG: No existe registro de factura asociado para actualizar estado FR3. column "iva" does not exist
2026-03-04 09:04:54.667 | INFO  | CID:f3734ad31e5c | USR:USU_ADMIN | Financiero/AprobarYEnviarAS400 | Acción completada: Financiero/AprobarYEnviarAS400
2026-03-04 09:05:10.727 | INFO  | CID:6fdbb6921e3e | USR:USU_ADMIN | Financiero/AprobarYEnviarAS400 | Iniciando acción: Financiero/AprobarYEnviarAS400
2026-03-04 09:05:11.029 | WARN  | CID:N/A | ERR:EMAIL_FACTURA_SIN_DESTINO | No se envió correo de factura: la orden no tiene correo de destinatario.
2026-03-04 09:05:11.038 | WARN  | CID:N/A | FR3 normalizacion numero_factura: 'OR-20260218154730875-4' => '202602181547308754' (orden 60).
2026-03-04 09:05:11.255 | WARN  | CID:N/A | FR3 normalizacion deposito: 'OR-20260218154730875-4' => '202602181547308754' (orden 60).
2026-03-04 09:05:11.272 | INFO  | CID:N/A | FR3 DB2 inicio: OrdenId=60, Factura=202602181547308754, Aeropuerto=SEQU, Anio=2026
2026-03-04 09:05:11.272 | INFO  | CID:N/A | GetColumnas: 80 columnas encontradas en DGACDAT.OPCAR5
2026-03-04 09:05:11.290 | INFO  | CID:N/A | GetColumnas: 25 columnas encontradas en DGACDAT.OPCAR6
2026-03-04 09:05:11.290 | WARN  | CID:N/A | FR3 truncamiento numerico preventivo en DGACDAT.OPCAR5.OPCNUM: digits=18, max=10.
2026-03-04 09:05:11.324 | INFO  | CID:N/A | GetColumnas: 6 columnas encontradas en DGACDAT.OPSARC
2026-03-04 09:05:11.338 | WARN  | CID:N/A | FR3 truncamiento preventivo en DGACDAT.OPCAR5.OPCOBS: len=98, max=60.
2026-03-04 09:05:11.338 | WARN  | CID:N/A | FR3 truncamiento preventivo en DGACDAT.OPCAR5.OPCCHE: len=18, max=15.
2026-03-04 09:05:11.338 | WARN  | CID:N/A | FR3 truncamiento numerico preventivo en DGACDAT.OPCAR5.OPCNUM: digits=18, max=10.
2026-03-04 09:05:11.388 | WARN  | CID:N/A | FR3 detectó SQL7008 en modo transaccional; se reintenta sin transacción para compatibilidad.
2026-03-04 09:05:11.388 | INFO  | CID:N/A | FR3 DB2 inicio: OrdenId=60, Factura=202602181547308754, Aeropuerto=SEQU, Anio=2026
2026-03-04 09:05:11.388 | INFO  | CID:N/A | GetColumnas: 80 columnas encontradas en DGACDAT.OPCAR5
2026-03-04 09:05:11.405 | INFO  | CID:N/A | GetColumnas: 25 columnas encontradas en DGACDAT.OPCAR6
2026-03-04 09:05:11.405 | WARN  | CID:N/A | FR3 truncamiento numerico preventivo en DGACDAT.OPCAR5.OPCNUM: digits=18, max=10.
2026-03-04 09:05:11.422 | INFO  | CID:N/A | GetColumnas: 6 columnas encontradas en DGACDAT.OPSARC
2026-03-04 09:05:11.422 | WARN  | CID:N/A | FR3 truncamiento preventivo en DGACDAT.OPCAR5.OPCOBS: len=98, max=60.
2026-03-04 09:05:11.422 | WARN  | CID:N/A | FR3 truncamiento preventivo en DGACDAT.OPCAR5.OPCCHE: len=18, max=15.
2026-03-04 09:05:11.422 | WARN  | CID:N/A | FR3 truncamiento numerico preventivo en DGACDAT.OPCAR5.OPCNUM: digits=18, max=10.
2026-03-04 09:05:11.437 | INFO  | CID:N/A | FR3 cabecera insertada: Factura=202602181547308754, Sec=10
2026-03-04 09:05:11.438 | INFO  | CID:N/A | GetColumnas: 6 columnas encontradas en DGACDAT.OPSARC
2026-03-04 09:05:11.455 | INFO  | CID:N/A | FR3 secuencial actualizado: Aeropuerto=SEQU, Anio=2026, Sec=10
2026-03-04 09:05:11.455 | INFO  | CID:N/A | FR3 DB2 OK: OrdenId=60, Factura=202602181547308754, FR3=10-SEQU-2026
2026-03-04 09:05:11.770 | WARN  | CID:N/A | FR3 generado, pero no se pudo persistir trazabilidad en PG: No existe registro de factura asociado para actualizar estado FR3. column "iva" does not exist
2026-03-04 09:05:11.972 | INFO  | CID:6fdbb6921e3e | USR:USU_ADMIN | Financiero/AprobarYEnviarAS400 | Acción completada: Financiero/AprobarYEnviarAS400
2026-03-04 09:14:32.322 | INFO  | CID:ac956e2e44be | USR:USU_ADMIN | Financiero/AprobarYEnviarAS400 | Iniciando acción: Financiero/AprobarYEnviarAS400
2026-03-04 09:14:32.755 | WARN  | CID:N/A | ERR:EMAIL_FACTURA_SIN_DESTINO | No se envió correo de factura: la orden no tiene correo de destinatario.
2026-03-04 09:14:32.774 | WARN  | CID:N/A | FR3 normalizacion numero_factura: 'OR-20260218153607146-3' => '202602181536071463' (orden 59).
2026-03-04 09:14:33.005 | WARN  | CID:N/A | FR3 normalizacion deposito: 'OR-20260218153607146-3' => '202602181536071463' (orden 59).
2026-03-04 09:14:33.161 | INFO  | CID:N/A | FR3 DB2 inicio: OrdenId=59, Factura=202602181536071463, Aeropuerto=SEQU, Anio=2026
2026-03-04 09:14:33.202 | INFO  | CID:N/A | GetColumnas: 80 columnas encontradas en DGACDAT.OPCAR5
2026-03-04 09:14:33.205 | INFO  | CID:N/A | GetColumnas: 25 columnas encontradas en DGACDAT.OPCAR6
2026-03-04 09:14:33.237 | WARN  | CID:N/A | FR3 truncamiento numerico preventivo en DGACDAT.OPCAR5.OPCNUM: digits=18, max=10.
2026-03-04 09:14:33.263 | INFO  | CID:N/A | GetColumnas: 6 columnas encontradas en DGACDAT.OPSARC
2026-03-04 09:14:33.292 | WARN  | CID:N/A | FR3 truncamiento preventivo en DGACDAT.OPCAR5.OPCOBS: len=98, max=60.
2026-03-04 09:14:33.294 | WARN  | CID:N/A | FR3 truncamiento preventivo en DGACDAT.OPCAR5.OPCCHE: len=18, max=15.
2026-03-04 09:14:33.296 | WARN  | CID:N/A | FR3 truncamiento numerico preventivo en DGACDAT.OPCAR5.OPCNUM: digits=18, max=10.
2026-03-04 09:14:33.338 | WARN  | CID:N/A | FR3 detectó SQL7008 en modo transaccional; se reintenta sin transacción para compatibilidad.
2026-03-04 09:14:33.338 | INFO  | CID:N/A | FR3 DB2 inicio: OrdenId=59, Factura=202602181536071463, Aeropuerto=SEQU, Anio=2026
2026-03-04 09:14:33.355 | INFO  | CID:N/A | GetColumnas: 80 columnas encontradas en DGACDAT.OPCAR5
2026-03-04 09:14:33.371 | INFO  | CID:N/A | GetColumnas: 25 columnas encontradas en DGACDAT.OPCAR6
2026-03-04 09:14:33.373 | WARN  | CID:N/A | FR3 truncamiento numerico preventivo en DGACDAT.OPCAR5.OPCNUM: digits=18, max=10.
2026-03-04 09:14:33.389 | INFO  | CID:N/A | GetColumnas: 6 columnas encontradas en DGACDAT.OPSARC
2026-03-04 09:14:33.405 | WARN  | CID:N/A | FR3 truncamiento preventivo en DGACDAT.OPCAR5.OPCOBS: len=98, max=60.
2026-03-04 09:14:33.405 | WARN  | CID:N/A | FR3 truncamiento preventivo en DGACDAT.OPCAR5.OPCCHE: len=18, max=15.
2026-03-04 09:14:33.405 | WARN  | CID:N/A | FR3 truncamiento numerico preventivo en DGACDAT.OPCAR5.OPCNUM: digits=18, max=10.
2026-03-04 09:14:33.405 | INFO  | CID:N/A | FR3 cabecera insertada: Factura=202602181536071463, Sec=11
2026-03-04 09:14:33.439 | INFO  | CID:N/A | GetColumnas: 6 columnas encontradas en DGACDAT.OPSARC
2026-03-04 09:14:33.445 | INFO  | CID:N/A | FR3 secuencial actualizado: Aeropuerto=SEQU, Anio=2026, Sec=11
2026-03-04 09:14:33.447 | INFO  | CID:N/A | FR3 DB2 OK: OrdenId=59, Factura=202602181536071463, FR3=11-SEQU-2026
2026-03-04 09:14:33.755 | WARN  | CID:N/A | FR3 generado, pero no se pudo persistir trazabilidad en PG: No existe registro de factura asociado para actualizar estado FR3. column "iva" does not exist
2026-03-04 09:14:33.986 | INFO  | CID:ac956e2e44be | USR:USU_ADMIN | Financiero/AprobarYEnviarAS400 | Acción completada: Financiero/AprobarYEnviarAS400
2026-03-04 09:28:18.990 | INFO  | CID:8f801fc28f0f | USR:USU_ADMIN | Financiero/AprobarYEnviarAS400 | Iniciando acción: Financiero/AprobarYEnviarAS400
2026-03-04 09:28:20.208 | ERROR | CID:N/A | ERR:EMAIL_ERROR | Error al enviar correo.
    Exception: SmtpException
    StackTrace:    en System.Net.Mail.SmtpClient.SendAsync(MailMessage message, Object userToken)
   en System.Net.Mail.SmtpClient.SendMailAsync(MailMessage message)
   en CapaDatos.Services.EmailService.<EnviarAsync>d__4.MoveNext() en C:\AOCR\AOCR\AOCR05-01-2026\AOCR1\AOCR\CapaDatos\Services\EmailService.cs:línea 76
2026-03-04 09:28:20.874 | INFO  | CID:ce177123a236 | Correo con adjunto enviado exitosamente a gercavi82@gmail.com
2026-03-04 09:28:20.877 | WARN  | CID:N/A | ERR:EMAIL_FALLBACK_OK | Correo enviado por fallback EnviarCorreo.
2026-03-04 09:28:20.879 | INFO  | CID:N/A | ORD:OR-20260218093948597-1 | ERR:EMAIL_FACTURA_OK | Notificacion de factura enviada correctamente
2026-03-04 09:28:20.890 | WARN  | CID:N/A | FR3 normalizacion numero_factura: 'rerewre' => '56' (orden 56).
2026-03-04 09:28:21.276 | WARN  | CID:N/A | FR3 normalizacion deposito: 'rerewre' => '56' (orden 56).
2026-03-04 09:28:21.424 | INFO  | CID:N/A | FR3 DB2 inicio: OrdenId=56, Factura=56, Aeropuerto=SEQU, Anio=2026
2026-03-04 09:28:21.473 | INFO  | CID:N/A | GetColumnas: 80 columnas encontradas en DGACDAT.OPCAR5
2026-03-04 09:28:21.473 | INFO  | CID:N/A | GetColumnas: 25 columnas encontradas en DGACDAT.OPCAR6
2026-03-04 09:28:21.526 | INFO  | CID:N/A | GetColumnas: 6 columnas encontradas en DGACDAT.OPSARC
2026-03-04 09:28:21.555 | WARN  | CID:N/A | FR3 truncamiento preventivo en DGACDAT.OPCAR5.OPCOBS: len=67, max=60.
2026-03-04 09:28:21.606 | WARN  | CID:N/A | FR3 detectó SQL7008 en modo transaccional; se reintenta sin transacción para compatibilidad.
2026-03-04 09:28:21.606 | INFO  | CID:N/A | FR3 DB2 inicio: OrdenId=56, Factura=56, Aeropuerto=SEQU, Anio=2026
2026-03-04 09:28:21.623 | INFO  | CID:N/A | GetColumnas: 80 columnas encontradas en DGACDAT.OPCAR5
2026-03-04 09:28:21.623 | INFO  | CID:N/A | GetColumnas: 25 columnas encontradas en DGACDAT.OPCAR6
2026-03-04 09:28:21.640 | INFO  | CID:N/A | GetColumnas: 6 columnas encontradas en DGACDAT.OPSARC
2026-03-04 09:28:21.661 | WARN  | CID:N/A | FR3 truncamiento preventivo en DGACDAT.OPCAR5.OPCOBS: len=67, max=60.
2026-03-04 09:28:21.667 | INFO  | CID:N/A | FR3 cabecera insertada: Factura=56, Sec=12
2026-03-04 09:28:21.688 | INFO  | CID:N/A | GetColumnas: 6 columnas encontradas en DGACDAT.OPSARC
2026-03-04 09:28:21.690 | INFO  | CID:N/A | FR3 secuencial actualizado: Aeropuerto=SEQU, Anio=2026, Sec=12
2026-03-04 09:28:21.690 | INFO  | CID:N/A | FR3 DB2 OK: OrdenId=56, Factura=56, FR3=12-SEQU-2026
2026-03-04 09:28:22.006 | WARN  | CID:N/A | FR3 generado, pero no se pudo persistir trazabilidad en PG: No existe registro de factura asociado para actualizar estado FR3. column "iva" does not exist
2026-03-04 09:28:22.083 | INFO  | CID:8f801fc28f0f | USR:USU_ADMIN | Financiero/AprobarYEnviarAS400 | Acción completada: Financiero/AprobarYEnviarAS400
2026-03-04 09:35:42.519 | INFO  | CID:N/A | Iniciando procesador de cola de correos
2026-03-04 09:36:08.497 | INFO  | CID:5b5b32aaa549 | Account/Login | Iniciando acción: Account/Login
2026-03-04 09:36:09.866 | INFO  | CID:5b5b32aaa549 | Account/Login | Acción completada: Account/Login
2026-03-04 09:36:41.697 | INFO  | CID:fb5a250da4a7 | USR:USU_ADMIN | Financiero/AprobarYEnviarAS400 | Iniciando acción: Financiero/AprobarYEnviarAS400
2026-03-04 09:36:42.879 | ERROR | CID:N/A | ERR:EMAIL_ERROR | Error al enviar correo.
    Exception: SmtpException
    StackTrace:    en System.Net.Mail.SmtpClient.SendAsync(MailMessage message, Object userToken)
   en System.Net.Mail.SmtpClient.SendMailAsync(MailMessage message)
   en CapaDatos.Services.EmailService.<EnviarAsync>d__4.MoveNext() en C:\AOCR\AOCR\AOCR05-01-2026\AOCR1\AOCR\CapaDatos\Services\EmailService.cs:línea 76
2026-03-04 09:36:43.180 | INFO  | CID:17dd06ddb700 | Correo con adjunto enviado exitosamente a german.cajas@aviacioncivil.gob.ec
2026-03-04 09:36:43.180 | WARN  | CID:N/A | ERR:EMAIL_FALLBACK_OK | Correo enviado por fallback EnviarCorreo.
2026-03-04 09:36:43.180 | INFO  | CID:N/A | ORD:OR-20260210100408876-13 | ERR:EMAIL_FACTURA_OK | Notificacion de factura enviada correctamente
2026-03-04 09:36:43.762 | INFO  | CID:N/A | SyncLogService: Tabla aocr_sync_log verificada/creada.
2026-03-04 09:36:43.786 | INFO  | CID:N/A | IdempotencyService: Tabla aocr_idempotency_key verificada/creada.
2026-03-04 09:36:43.813 | INFO  | CID:N/A | AuditTrailService: Tabla aocr_audit_trail verificada/creada.
2026-03-04 09:36:43.829 | WARN  | CID:N/A | FR3 normalizacion numero_factura: 'OR-20260210100408876-13' => '0040887613' (orden 46).
2026-03-04 09:36:44.177 | WARN  | CID:N/A | FR3 normalizacion deposito: 'OR-20260210100408876-13' => '021010040887613' (orden 46).
2026-03-04 09:36:44.496 | INFO  | CID:N/A | FR3 DB2 inicio: OrdenId=46, Factura=0040887613, Aeropuerto=SEQU, Anio=2026
2026-03-04 09:36:44.563 | INFO  | CID:N/A | GetColumnas: 80 columnas encontradas en DGACDAT.OPCAR5
2026-03-04 09:36:44.563 | INFO  | CID:N/A | GetColumnas: 25 columnas encontradas en DGACDAT.OPCAR6
2026-03-04 09:36:44.613 | INFO  | CID:N/A | GetColumnas: 6 columnas encontradas en DGACDAT.OPSARC
2026-03-04 09:36:44.664 | WARN  | CID:N/A | FR3 truncamiento preventivo en DGACDAT.OPCAR5.OPCOBS: len=92, max=60.
2026-03-04 09:36:44.734 | WARN  | CID:N/A | FR3 detectó SQL7008 en modo transaccional; se reintenta sin transacción para compatibilidad.
2026-03-04 09:36:44.734 | INFO  | CID:N/A | FR3 DB2 inicio: OrdenId=46, Factura=0040887613, Aeropuerto=SEQU, Anio=2026
2026-03-04 09:36:44.753 | INFO  | CID:N/A | GetColumnas: 80 columnas encontradas en DGACDAT.OPCAR5
2026-03-04 09:36:44.758 | INFO  | CID:N/A | GetColumnas: 25 columnas encontradas en DGACDAT.OPCAR6
2026-03-04 09:36:44.779 | INFO  | CID:N/A | GetColumnas: 6 columnas encontradas en DGACDAT.OPSARC
2026-03-04 09:36:44.782 | WARN  | CID:N/A | FR3 truncamiento preventivo en DGACDAT.OPCAR5.OPCOBS: len=92, max=60.
2026-03-04 09:36:44.798 | INFO  | CID:N/A | FR3 cabecera insertada: Factura=0040887613, Sec=13
2026-03-04 09:36:44.822 | INFO  | CID:N/A | GetColumnas: 6 columnas encontradas en DGACDAT.OPSARC
2026-03-04 09:36:44.829 | INFO  | CID:N/A | FR3 secuencial actualizado: Aeropuerto=SEQU, Anio=2026, Sec=13
2026-03-04 09:36:44.830 | INFO  | CID:N/A | FR3 DB2 OK: OrdenId=46, Factura=0040887613, FR3=13-SEQU-2026
2026-03-04 09:36:45.130 | WARN  | CID:N/A | FR3 generado, pero no se pudo persistir trazabilidad en PG: No existe registro de factura asociado para actualizar estado FR3. column "iva" does not exist
2026-03-04 09:36:45.401 | INFO  | CID:fb5a250da4a7 | USR:USU_ADMIN | Financiero/AprobarYEnviarAS400 | Acción completada: Financiero/AprobarYEnviarAS400
2026-03-04 09:37:25.075 | INFO  | CID:3efb81ee8adb | USR:USU_ADMIN | Financiero/AprobarYEnviarAS400 | Iniciando acción: Financiero/AprobarYEnviarAS400
2026-03-04 09:37:25.608 | ERROR | CID:N/A | ERR:EMAIL_ERROR | Error al enviar correo.
    Exception: SmtpException
    StackTrace:    en System.Net.Mail.SmtpClient.SendAsync(MailMessage message, Object userToken)
   en System.Net.Mail.SmtpClient.SendMailAsync(MailMessage message)
   en CapaDatos.Services.EmailService.<EnviarAsync>d__4.MoveNext() en C:\AOCR\AOCR\AOCR05-01-2026\AOCR1\AOCR\CapaDatos\Services\EmailService.cs:línea 76
2026-03-04 09:37:33.657 | INFO  | CID:26cc6c0bf7aa | Correo con adjunto enviado exitosamente a german.cajas@aviacioncivil.gob.ec
2026-03-04 09:37:33.657 | WARN  | CID:N/A | ERR:EMAIL_FALLBACK_OK | Correo enviado por fallback EnviarCorreo.
2026-03-04 09:37:33.657 | INFO  | CID:N/A | ORD:OR-20260210095910460-12 | ERR:EMAIL_FACTURA_OK | Notificacion de factura enviada correctamente
2026-03-04 09:37:33.674 | WARN  | CID:N/A | FR3 normalizacion numero_factura: 'OR-20260210095910460-12' => '9591046012' (orden 45).
2026-03-04 09:37:33.918 | WARN  | CID:N/A | FR3 normalizacion deposito: 'OR-20260210095910460-12' => '021009591046012' (orden 45).
2026-03-04 09:37:33.933 | INFO  | CID:N/A | FR3 DB2 inicio: OrdenId=45, Factura=9591046012, Aeropuerto=SEQU, Anio=2026
2026-03-04 09:37:33.941 | INFO  | CID:N/A | GetColumnas: 80 columnas encontradas en DGACDAT.OPCAR5
2026-03-04 09:37:33.941 | INFO  | CID:N/A | GetColumnas: 25 columnas encontradas en DGACDAT.OPCAR6
2026-03-04 09:37:33.984 | INFO  | CID:N/A | GetColumnas: 6 columnas encontradas en DGACDAT.OPSARC
2026-03-04 09:37:34.007 | WARN  | CID:N/A | FR3 truncamiento preventivo en DGACDAT.OPCAR5.OPCOBS: len=92, max=60.
2026-03-04 09:37:34.057 | WARN  | CID:N/A | FR3 detectó SQL7008 en modo transaccional; se reintenta sin transacción para compatibilidad.
2026-03-04 09:37:34.057 | INFO  | CID:N/A | FR3 DB2 inicio: OrdenId=45, Factura=9591046012, Aeropuerto=SEQU, Anio=2026
2026-03-04 09:37:34.057 | INFO  | CID:N/A | GetColumnas: 80 columnas encontradas en DGACDAT.OPCAR5
2026-03-04 09:37:34.075 | INFO  | CID:N/A | GetColumnas: 25 columnas encontradas en DGACDAT.OPCAR6
2026-03-04 09:37:34.083 | INFO  | CID:N/A | GetColumnas: 6 columnas encontradas en DGACDAT.OPSARC
2026-03-04 09:37:34.088 | WARN  | CID:N/A | FR3 truncamiento preventivo en DGACDAT.OPCAR5.OPCOBS: len=92, max=60.
2026-03-04 09:37:34.094 | INFO  | CID:N/A | FR3 cabecera insertada: Factura=9591046012, Sec=14
2026-03-04 09:37:34.107 | INFO  | CID:N/A | GetColumnas: 6 columnas encontradas en DGACDAT.OPSARC
2026-03-04 09:37:34.117 | INFO  | CID:N/A | FR3 secuencial actualizado: Aeropuerto=SEQU, Anio=2026, Sec=14
2026-03-04 09:37:34.117 | INFO  | CID:N/A | FR3 DB2 OK: OrdenId=45, Factura=9591046012, FR3=14-SEQU-2026
2026-03-04 09:37:35.045 | WARN  | CID:N/A | FR3 generado, pero no se pudo persistir trazabilidad en PG: No existe registro de factura asociado para actualizar estado FR3. column "iva" does not exist
2026-03-04 09:37:35.045 | INFO  | CID:3efb81ee8adb | USR:USU_ADMIN | Financiero/AprobarYEnviarAS400 | Acción completada: Financiero/AprobarYEnviarAS400
2026-03-04 09:49:51.664 | INFO  | CID:N/A | Iniciando procesador de cola de correos
2026-03-04 09:59:24.567 | INFO  | CID:99ffe6559d93 | Account/Login | Iniciando acción: Account/Login
2026-03-04 09:59:25.255 | INFO  | CID:99ffe6559d93 | Account/Login | Acción completada: Account/Login
2026-03-04 10:01:22.609 | INFO  | CID:5b2d0050814e | Account/Login | Iniciando acción: Account/Login
2026-03-04 10:01:22.994 | INFO  | CID:5b2d0050814e | Account/Login | Acción completada: Account/Login
2026-03-04 10:02:38.806 | INFO  | CID:dec34bcb82a7 | Account/Login | Iniciando acción: Account/Login
2026-03-04 10:02:39.203 | INFO  | CID:dec34bcb82a7 | Account/Login | Acción completada: Account/Login
2026-03-04 10:02:58.210 | INFO  | CID:e0e9393e2924 | Account/Login | Iniciando acción: Account/Login
2026-03-04 10:02:58.610 | INFO  | CID:e0e9393e2924 | Account/Login | Acción completada: Account/Login
2026-03-04 10:03:11.196 | INFO  | CID:c2b42a3f037e | USR:USU_ADMIN | AdminUsuarios/ResetPassword | Iniciando acción: AdminUsuarios/ResetPassword
2026-03-04 10:03:12.121 | INFO  | CID:55a2193743fe | Correo encolado: ID=30, Para=mancho2002@hotmail.com
2026-03-04 10:03:12.124 | INFO  | CID:c2b42a3f037e | USR:USU_ADMIN | AdminUsuarios/ResetPassword | Acción completada: AdminUsuarios/ResetPassword
2026-03-04 10:03:14.926 | INFO  | CID:N/A | Procesando email 30 para mancho2002@hotmail.com
2026-03-04 10:03:15.427 | INFO  | CID:N/A | Email 30 enviado exitosamente
2026-03-04 10:03:15.429 | INFO  | CID:N/A | Email 30 enviado exitosamente
2026-03-04 10:03:47.729 | INFO  | CID:99135125312e | Account/Login | Iniciando acción: Account/Login
2026-03-04 10:03:48.195 | INFO  | CID:99135125312e | Account/Login | Acción completada: Account/Login
2026-03-04 10:04:04.774 | INFO  | CID:d6b2766716d5 | USR:AMVITERI | Account/CambiarContrasena | Iniciando acción: Account/CambiarContrasena
2026-03-04 10:04:05.621 | INFO  | CID:d6b2766716d5 | USR:AMVITERI | Account/CambiarContrasena | Acción completada: Account/CambiarContrasena
2026-03-04 10:16:40.158 | INFO  | CID:N/A | Iniciando procesador de cola de correos
2026-03-04 10:17:03.644 | INFO  | CID:f38cfbb48924 | Account/Login | Iniciando acción: Account/Login
2026-03-04 10:17:04.323 | INFO  | CID:f38cfbb48924 | Account/Login | Acción completada: Account/Login
2026-03-04 10:27:43.235 | INFO  | CID:N/A | Iniciando procesador de cola de correos
2026-03-04 10:28:11.463 | INFO  | CID:5c4169281a2f | Account/Login | Iniciando acción: Account/Login
2026-03-04 10:28:12.166 | INFO  | CID:5c4169281a2f | Account/Login | Acción completada: Account/Login
2026-03-04 10:28:59.907 | INFO  | CID:ddfa2bc9206e | Account/Login | Iniciando acción: Account/Login
2026-03-04 10:29:00.340 | INFO  | CID:ddfa2bc9206e | Account/Login | Acción completada: Account/Login
2026-03-04 10:29:34.649 | INFO  | CID:bac878b9b174 | USR:USU_ADMIN | AdminUsuarios/Edit | Iniciando acción: AdminUsuarios/Edit
2026-03-04 10:29:34.658 | INFO  | CID:bac878b9b174 | USR:USU_ADMIN | AdminUsuarios/Edit | Acción completada: AdminUsuarios/Edit
2026-03-04 10:29:39.711 | INFO  | CID:a72321ce3c96 | USR:USU_ADMIN | AdminUsuarios/Edit | Iniciando acción: AdminUsuarios/Edit
2026-03-04 10:29:39.715 | INFO  | CID:a72321ce3c96 | USR:USU_ADMIN | AdminUsuarios/Edit | Acción completada: AdminUsuarios/Edit
2026-03-04 10:30:01.966 | INFO  | CID:c6a35e5e629d | USR:USU_ADMIN | Usuario/EliminarUsuarioRT | Iniciando acción: Usuario/EliminarUsuarioRT
2026-03-04 10:30:02.230 | INFO  | CID:c6a35e5e629d | USR:USU_ADMIN | Usuario/EliminarUsuarioRT | Acción completada: Usuario/EliminarUsuarioRT
2026-03-04 10:30:47.585 | INFO  | CID:e6e89d11df69 | Usuario/ValidarCorreo | Iniciando acción: Usuario/ValidarCorreo
2026-03-04 10:30:47.594 | INFO  | CID:e6e89d11df69 | Usuario/ValidarCorreo | Acción completada: Usuario/ValidarCorreo
2026-03-04 10:30:52.608 | INFO  | CID:6de2a6c9dc7a | Usuario/ValidarIdentificacion | Iniciando acción: Usuario/ValidarIdentificacion
2026-03-04 10:30:52.612 | INFO  | CID:6de2a6c9dc7a | Usuario/ValidarIdentificacion | Acción completada: Usuario/ValidarIdentificacion
2026-03-04 10:31:40.022 | INFO  | CID:243c70103a4c | Usuario/RegistrarDeclaracionTemporal | Iniciando acción: Usuario/RegistrarDeclaracionTemporal
2026-03-04 10:31:40.217 | INFO  | CID:243c70103a4c | Usuario/RegistrarDeclaracionTemporal | Acción completada: Usuario/RegistrarDeclaracionTemporal
2026-03-04 10:31:42.570 | INFO  | CID:3f0a55e6c7cc | Usuario/Crear | Iniciando acción: Usuario/Crear
2026-03-04 10:31:42.594 | INFO  | CID:3f0a55e6c7cc | Usuario/Crear | Acción completada: Usuario/Crear
2026-03-04 10:32:01.870 | INFO  | CID:b7dcadc0c51a | Usuario/Crear | Iniciando acción: Usuario/Crear
2026-03-04 10:32:02.735 | INFO  | CID:ddb6ef674fd6 | Enviando correo a mancho2002@hotmail.com, Asunto: Cuenta creada - Sistema AOCR (pendiente de aprobac...
2026-03-04 10:32:04.171 | INFO  | CID:ddb6ef674fd6 | Correo enviado exitosamente a mancho2002@hotmail.com
2026-03-04 10:32:04.171 | INFO  | CID:b7dcadc0c51a | Usuario/Crear | Acción completada: Usuario/Crear
2026-03-04 10:37:16.106 | INFO  | CID:N/A | Iniciando procesador de cola de correos
2026-03-04 10:37:35.311 | INFO  | CID:254a6404d09c | Account/Login | Iniciando acción: Account/Login
2026-03-04 10:37:36.035 | INFO  | CID:254a6404d09c | Account/Login | Acción completada: Account/Login
2026-03-04 10:37:47.853 | INFO  | CID:4c5910739fa5 | USR:USU_ADMIN | Usuario/AceptarDesignacion | Iniciando acción: Usuario/AceptarDesignacion
2026-03-04 10:37:48.297 | INFO  | CID:4ab4e2a825c6 | Enviando correo a mancho2002@hotmail.com, Asunto: Designación RT aprobada - Sus credenciales de acce...
2026-03-04 10:37:48.719 | INFO  | CID:4ab4e2a825c6 | Correo enviado exitosamente a mancho2002@hotmail.com
2026-03-04 10:37:48.723 | INFO  | CID:4c5910739fa5 | USR:USU_ADMIN | Usuario/AceptarDesignacion | Acción completada: Usuario/AceptarDesignacion
2026-03-04 10:45:05.065 | INFO  | CID:6c8d424baddb | Account/Login | Iniciando acción: Account/Login
2026-03-04 10:45:05.495 | INFO  | CID:6c8d424baddb | Account/Login | Acción completada: Account/Login
2026-03-04 10:45:28.995 | INFO  | CID:16eaffe14acd | USR:JACAJAS | Account/CambiarContrasena | Iniciando acción: Account/CambiarContrasena
2026-03-04 10:45:29.764 | INFO  | CID:16eaffe14acd | USR:JACAJAS | Account/CambiarContrasena | Acción completada: Account/CambiarContrasena
2026-03-04 10:54:20.200 | INFO  | CID:N/A | Deteniendo procesador de cola de correos
2026-03-04 10:54:20.257 | INFO  | CID:N/A | Deteniendo procesador de cola de correos
2026-03-04 11:04:35.820 | INFO  | CID:N/A | Iniciando procesador de cola de correos
2026-03-04 11:04:59.632 | INFO  | CID:126e57a0301a | Account/Login | Iniciando acción: Account/Login
2026-03-04 11:04:59.894 | INFO  | CID:126e57a0301a | Account/Login | Acción completada: Account/Login
2026-03-04 11:05:24.213 | INFO  | CID:207363f16d10 | Account/Login | Iniciando acción: Account/Login
2026-03-04 11:05:24.780 | INFO  | CID:207363f16d10 | Account/Login | Acción completada: Account/Login
2026-03-04 11:07:39.628 | INFO  | CID:03ba1415ae04 | USR:JACAJAS | OrdenRecaudacion/Nueva | Iniciando acción: OrdenRecaudacion/Nueva
2026-03-04 11:07:40.731 | INFO  | CID:03ba1415ae04 | USR:JACAJAS | OrdenRecaudacion/Nueva | Acción completada: OrdenRecaudacion/Nueva
2026-03-04 11:07:47.004 | INFO  | CID:84ca74186b11 | USR:JACAJAS | OrdenRecaudacion/Generar | Iniciando acción: OrdenRecaudacion/Generar
2026-03-04 11:07:53.150 | INFO  | CID:7c09e309e4be | Correo con adjunto enviado exitosamente a mancho2002@hotmail.com
2026-03-04 11:07:53.154 | INFO  | CID:84ca74186b11 | USR:JACAJAS | OrdenRecaudacion/Generar | Acción completada: OrdenRecaudacion/Generar
2026-03-04 11:08:41.098 | INFO  | CID:7db67a50c73e | Account/Login | Iniciando acción: Account/Login
2026-03-04 11:08:41.521 | INFO  | CID:7db67a50c73e | Account/Login | Acción completada: Account/Login
2026-03-04 11:09:49.449 | INFO  | CID:804abb4db6af | Account/Login | Iniciando acción: Account/Login
2026-03-04 11:09:49.898 | INFO  | CID:804abb4db6af | Account/Login | Acción completada: Account/Login
2026-03-04 11:10:52.567 | INFO  | CID:c3b6e98e24b4 | Account/Login | Iniciando acción: Account/Login
2026-03-04 11:10:52.970 | INFO  | CID:c3b6e98e24b4 | Account/Login | Acción completada: Account/Login
2026-03-04 11:11:23.855 | INFO  | CID:3a38e15e9988 | USR:USU_ADMIN | Financiero/AprobarYEnviarAS400 | Iniciando acción: Financiero/AprobarYEnviarAS400
2026-03-04 11:11:24.195 | ERROR | CID:N/A | ERR:EMAIL_ERROR | Error al enviar correo.
    Exception: SmtpException
    StackTrace:    en System.Net.Mail.SmtpClient.SendAsync(MailMessage message, Object userToken)
   en System.Net.Mail.SmtpClient.SendMailAsync(MailMessage message)
   en CapaDatos.Services.EmailService.<EnviarAsync>d__4.MoveNext() en C:\AOCR\AOCR\AOCR05-01-2026\AOCR1\AOCR\CapaDatos\Services\EmailService.cs:línea 76
2026-03-04 11:11:24.422 | INFO  | CID:d951f0ebdc28 | Correo con adjunto enviado exitosamente a mancho2002@hotmail.com
2026-03-04 11:11:24.438 | WARN  | CID:N/A | ERR:EMAIL_FALLBACK_OK | Correo enviado por fallback EnviarCorreo.
2026-03-04 11:11:24.441 | INFO  | CID:N/A | ORD:OR-20260304110740192-1 | ERR:EMAIL_FACTURA_OK | Notificacion de factura enviada correctamente
2026-03-04 11:11:24.673 | INFO  | CID:N/A | SyncLogService: Tabla aocr_sync_log verificada/creada.
2026-03-04 11:11:24.679 | INFO  | CID:N/A | IdempotencyService: Tabla aocr_idempotency_key verificada/creada.
2026-03-04 11:11:24.694 | INFO  | CID:N/A | AuditTrailService: Tabla aocr_audit_trail verificada/creada.
2026-03-04 11:11:25.154 | INFO  | CID:N/A | FR3 DB2 inicio: OrdenId=92, Factura=423423, Aeropuerto=SEQU, Anio=2026
2026-03-04 11:11:25.187 | INFO  | CID:N/A | GetColumnas: 80 columnas encontradas en DGACDAT.OPCAR5
2026-03-04 11:11:25.187 | INFO  | CID:N/A | GetColumnas: 25 columnas encontradas en DGACDAT.OPCAR6
2026-03-04 11:11:25.237 | INFO  | CID:N/A | GetColumnas: 6 columnas encontradas en DGACDAT.OPSARC
2026-03-04 11:11:25.268 | WARN  | CID:N/A | FR3 truncamiento preventivo en DGACDAT.OPCAR5.OPCOBS: len=71, max=60.
2026-03-04 11:11:25.337 | WARN  | CID:N/A | FR3 detectó SQL7008 en modo transaccional; se reintenta sin transacción para compatibilidad.
2026-03-04 11:11:25.339 | INFO  | CID:N/A | FR3 DB2 inicio: OrdenId=92, Factura=423423, Aeropuerto=SEQU, Anio=2026
2026-03-04 11:11:25.347 | INFO  | CID:N/A | GetColumnas: 80 columnas encontradas en DGACDAT.OPCAR5
2026-03-04 11:11:25.352 | INFO  | CID:N/A | GetColumnas: 25 columnas encontradas en DGACDAT.OPCAR6
2026-03-04 11:11:25.371 | INFO  | CID:N/A | GetColumnas: 6 columnas encontradas en DGACDAT.OPSARC
2026-03-04 11:11:25.371 | WARN  | CID:N/A | FR3 truncamiento preventivo en DGACDAT.OPCAR5.OPCOBS: len=71, max=60.
2026-03-04 11:11:25.387 | INFO  | CID:N/A | FR3 cabecera insertada: Factura=423423, Sec=15
2026-03-04 11:11:25.404 | INFO  | CID:N/A | GetColumnas: 6 columnas encontradas en DGACDAT.OPSARC
2026-03-04 11:11:25.404 | INFO  | CID:N/A | FR3 secuencial actualizado: Aeropuerto=SEQU, Anio=2026, Sec=15
2026-03-04 11:11:25.419 | INFO  | CID:N/A | FR3 DB2 OK: OrdenId=92, Factura=423423, FR3=15-SEQU-2026
2026-03-04 11:11:25.654 | WARN  | CID:N/A | FR3 generado, pero no se pudo persistir trazabilidad en PG: No existe registro de factura asociado para actualizar estado FR3.
2026-03-04 11:11:25.888 | INFO  | CID:3a38e15e9988 | USR:USU_ADMIN | Financiero/AprobarYEnviarAS400 | Acción completada: Financiero/AprobarYEnviarAS400
2026-03-04 11:53:48.907 | INFO  | CID:N/A | Iniciando procesador de cola de correos
2026-03-04 11:54:18.714 | INFO  | CID:d14ba7e17863 | Account/Login | Iniciando acción: Account/Login
2026-03-04 11:54:18.915 | INFO  | CID:d14ba7e17863 | Account/Login | Acción completada: Account/Login
2026-03-04 11:54:46.093 | INFO  | CID:4e2e7cec788e | Account/Login | Iniciando acción: Account/Login
2026-03-04 11:54:46.632 | INFO  | CID:4e2e7cec788e | Account/Login | Acción completada: Account/Login
2026-03-04 11:55:30.206 | INFO  | CID:07bcb991ff5e | USR:JACAJAS | OrdenRecaudacion/Nueva | Iniciando acción: OrdenRecaudacion/Nueva
2026-03-04 11:55:31.458 | INFO  | CID:07bcb991ff5e | USR:JACAJAS | OrdenRecaudacion/Nueva | Acción completada: OrdenRecaudacion/Nueva
2026-03-04 11:55:35.560 | INFO  | CID:3ea4fd18c9c5 | USR:JACAJAS | OrdenRecaudacion/Generar | Iniciando acción: OrdenRecaudacion/Generar
2026-03-04 11:55:41.591 | INFO  | CID:8855d2e0936c | Correo con adjunto enviado exitosamente a mancho2002@hotmail.com
2026-03-04 11:55:41.594 | INFO  | CID:3ea4fd18c9c5 | USR:JACAJAS | OrdenRecaudacion/Generar | Acción completada: OrdenRecaudacion/Generar
2026-03-04 11:56:09.336 | INFO  | CID:a116961b5316 | USR:JACAJAS | OrdenRecaudacion/RegistrarPago | Iniciando acción: OrdenRecaudacion/RegistrarPago
2026-03-04 11:56:09.436 | INFO  | CID:a116961b5316 | USR:JACAJAS | OrdenRecaudacion/RegistrarPago | Acción completada: OrdenRecaudacion/RegistrarPago
2026-03-04 11:57:11.335 | INFO  | CID:4474b293dde7 | Account/Login | Iniciando acción: Account/Login
2026-03-04 11:57:11.749 | INFO  | CID:4474b293dde7 | Account/Login | Acción completada: Account/Login
2026-03-04 11:57:35.608 | INFO  | CID:66d0cfe35141 | USR:USU_ADMIN | Financiero/AprobarYEnviarAS400 | Iniciando acción: Financiero/AprobarYEnviarAS400
2026-03-04 11:57:35.960 | ERROR | CID:N/A | ERR:EMAIL_ERROR | Error al enviar correo.
    Exception: SmtpException
    StackTrace:    en System.Net.Mail.SmtpClient.SendAsync(MailMessage message, Object userToken)
   en System.Net.Mail.SmtpClient.SendMailAsync(MailMessage message)
   en CapaDatos.Services.EmailService.<EnviarAsync>d__4.MoveNext() en C:\AOCR\AOCR\AOCR05-01-2026\AOCR1\AOCR\CapaDatos\Services\EmailService.cs:línea 76
2026-03-04 11:57:36.508 | INFO  | CID:44a453cc986f | Correo con adjunto enviado exitosamente a mancho2002@hotmail.com
2026-03-04 11:57:36.508 | WARN  | CID:N/A | ERR:EMAIL_FALLBACK_OK | Correo enviado por fallback EnviarCorreo.
2026-03-04 11:57:36.508 | INFO  | CID:N/A | ORD:OR-20260304115530955-2 | ERR:EMAIL_FACTURA_OK | Notificacion de factura enviada correctamente
2026-03-04 11:57:36.745 | INFO  | CID:N/A | SyncLogService: Tabla aocr_sync_log verificada/creada.
2026-03-04 11:57:36.750 | INFO  | CID:N/A | IdempotencyService: Tabla aocr_idempotency_key verificada/creada.
2026-03-04 11:57:36.977 | INFO  | CID:N/A | AuditTrailService: Tabla aocr_audit_trail verificada/creada.
2026-03-04 11:57:37.821 | INFO  | CID:N/A | FR3 DB2 inicio: OrdenId=93, Factura=213132313, Aeropuerto=SEQU, Anio=2026
2026-03-04 11:57:37.842 | INFO  | CID:N/A | GetColumnas: 80 columnas encontradas en DGACDAT.OPCAR5
2026-03-04 11:57:37.842 | INFO  | CID:N/A | GetColumnas: 25 columnas encontradas en DGACDAT.OPCAR6
2026-03-04 11:57:37.912 | INFO  | CID:N/A | GetColumnas: 6 columnas encontradas en DGACDAT.OPSARC
2026-03-04 11:57:37.937 | WARN  | CID:N/A | FR3 truncamiento preventivo en DGACDAT.OPCAR5.OPCOBS: len=77, max=60.
2026-03-04 11:57:38.007 | WARN  | CID:N/A | FR3 detectó SQL7008 en modo transaccional; se reintenta sin transacción para compatibilidad.
2026-03-04 11:57:38.008 | INFO  | CID:N/A | FR3 DB2 inicio: OrdenId=93, Factura=213132313, Aeropuerto=SEQU, Anio=2026
2026-03-04 11:57:38.008 | INFO  | CID:N/A | GetColumnas: 80 columnas encontradas en DGACDAT.OPCAR5
2026-03-04 11:57:38.021 | INFO  | CID:N/A | GetColumnas: 25 columnas encontradas en DGACDAT.OPCAR6
2026-03-04 11:57:38.041 | INFO  | CID:N/A | GetColumnas: 6 columnas encontradas en DGACDAT.OPSARC
2026-03-04 11:57:38.041 | WARN  | CID:N/A | FR3 truncamiento preventivo en DGACDAT.OPCAR5.OPCOBS: len=77, max=60.
2026-03-04 11:57:38.059 | INFO  | CID:N/A | FR3 cabecera insertada: Factura=213132313, Sec=16
2026-03-04 11:57:38.079 | INFO  | CID:N/A | GetColumnas: 6 columnas encontradas en DGACDAT.OPSARC
2026-03-04 11:57:38.094 | INFO  | CID:N/A | FR3 secuencial actualizado: Aeropuerto=SEQU, Anio=2026, Sec=16
2026-03-04 11:57:38.098 | INFO  | CID:N/A | FR3 DB2 OK: OrdenId=93, Factura=213132313, FR3=16-SEQU-2026
2026-03-04 11:57:38.558 | INFO  | CID:66d0cfe35141 | USR:USU_ADMIN | Financiero/AprobarYEnviarAS400 | Acción completada: Financiero/AprobarYEnviarAS400
2026-03-04 11:57:40.107 | INFO  | CID:N/A | Procesando email 31 para mancho2002@hotmail.com
2026-03-04 11:57:40.396 | INFO  | CID:N/A | Email 31 enviado exitosamente
2026-03-04 11:57:40.399 | INFO  | CID:N/A | Email 31 enviado exitosamente
2026-03-04 11:57:40.424 | INFO  | CID:N/A | Procesando email 32 para admin1@dgac.gob.ec
2026-03-04 11:57:40.612 | INFO  | CID:N/A | Email 32 enviado exitosamente
2026-03-04 11:57:40.614 | INFO  | CID:N/A | Email 32 enviado exitosamente
2026-03-04 11:57:40.659 | INFO  | CID:N/A | Procesando email 33 para admin2@dgac.gob.ec
2026-03-04 11:57:40.897 | INFO  | CID:N/A | Email 33 enviado exitosamente
2026-03-04 11:57:40.899 | INFO  | CID:N/A | Email 33 enviado exitosamente
2026-03-04 12:16:44.982 | INFO  | CID:N/A | Iniciando procesador de cola de correos
2026-03-04 12:18:00.013 | INFO  | CID:7784317848ac | Account/Login | Iniciando acción: Account/Login
2026-03-04 12:18:00.876 | INFO  | CID:7784317848ac | Account/Login | Acción completada: Account/Login
2026-03-04 12:18:14.788 | INFO  | CID:8b316c1af19f | Account/Login | Iniciando acción: Account/Login
2026-03-04 12:18:15.244 | INFO  | CID:8b316c1af19f | Account/Login | Acción completada: Account/Login
2026-03-04 12:18:48.040 | INFO  | CID:14aaf319079d | USR:JACAJAS | OrdenRecaudacion/Nueva | Iniciando acción: OrdenRecaudacion/Nueva
2026-03-04 12:18:49.085 | INFO  | CID:14aaf319079d | USR:JACAJAS | OrdenRecaudacion/Nueva | Acción completada: OrdenRecaudacion/Nueva
2026-03-04 12:18:52.829 | INFO  | CID:055593e37fd5 | USR:JACAJAS | OrdenRecaudacion/Generar | Iniciando acción: OrdenRecaudacion/Generar
2026-03-04 12:18:58.260 | INFO  | CID:32e5ae436056 | Correo con adjunto enviado exitosamente a mancho2002@hotmail.com
2026-03-04 12:18:58.264 | INFO  | CID:055593e37fd5 | USR:JACAJAS | OrdenRecaudacion/Generar | Acción completada: OrdenRecaudacion/Generar
2026-03-04 12:19:20.652 | INFO  | CID:aaf7bd84ee78 | USR:JACAJAS | OrdenRecaudacion/RegistrarPago | Iniciando acción: OrdenRecaudacion/RegistrarPago
2026-03-04 12:19:20.677 | INFO  | CID:aaf7bd84ee78 | USR:JACAJAS | OrdenRecaudacion/RegistrarPago | Acción completada: OrdenRecaudacion/RegistrarPago
2026-03-04 12:20:02.682 | INFO  | CID:ad5f86f5b889 | USR:JACAJAS | OrdenRecaudacion/RegistrarPago | Iniciando acción: OrdenRecaudacion/RegistrarPago
2026-03-04 12:20:02.731 | INFO  | CID:ad5f86f5b889 | USR:JACAJAS | OrdenRecaudacion/RegistrarPago | Acción completada: OrdenRecaudacion/RegistrarPago
2026-03-04 12:20:29.073 | INFO  | CID:4b0a78935e5e | Account/Login | Iniciando acción: Account/Login
2026-03-04 12:20:29.487 | INFO  | CID:4b0a78935e5e | Account/Login | Acción completada: Account/Login
2026-03-04 12:20:55.542 | INFO  | CID:ec37a368adbc | USR:USU_ADMIN | Financiero/AprobarYEnviarAS400 | Iniciando acción: Financiero/AprobarYEnviarAS400
2026-03-04 12:20:55.910 | ERROR | CID:N/A | ERR:EMAIL_ERROR | Error al enviar correo.
    Exception: SmtpException
    StackTrace:    en System.Net.Mail.SmtpClient.SendAsync(MailMessage message, Object userToken)
   en System.Net.Mail.SmtpClient.SendMailAsync(MailMessage message)
   en CapaDatos.Services.EmailService.<EnviarAsync>d__4.MoveNext() en C:\AOCR\AOCR\AOCR05-01-2026\AOCR1\AOCR\CapaDatos\Services\EmailService.cs:línea 76
2026-03-04 12:20:56.441 | INFO  | CID:7a4959a5f59f | Correo con adjunto enviado exitosamente a mancho2002@hotmail.com
2026-03-04 12:20:56.441 | WARN  | CID:N/A | ERR:EMAIL_FALLBACK_OK | Correo enviado por fallback EnviarCorreo.
2026-03-04 12:20:56.441 | INFO  | CID:N/A | ORD:OR-20260304121848690-3 | ERR:EMAIL_FACTURA_OK | Notificacion de factura enviada correctamente
2026-03-04 12:20:56.691 | INFO  | CID:N/A | SyncLogService: Tabla aocr_sync_log verificada/creada.
2026-03-04 12:20:56.691 | INFO  | CID:N/A | IdempotencyService: Tabla aocr_idempotency_key verificada/creada.
2026-03-04 12:20:56.923 | INFO  | CID:N/A | AuditTrailService: Tabla aocr_audit_trail verificada/creada.
2026-03-04 12:20:57.707 | INFO  | CID:N/A | FR3 DB2 inicio: OrdenId=94, Factura=098089, Aeropuerto=SEQU, Anio=2026
2026-03-04 12:20:57.725 | INFO  | CID:N/A | GetColumnas: 80 columnas encontradas en DGACDAT.OPCAR5
2026-03-04 12:20:57.725 | INFO  | CID:N/A | GetColumnas: 25 columnas encontradas en DGACDAT.OPCAR6
2026-03-04 12:20:57.791 | INFO  | CID:N/A | GetColumnas: 6 columnas encontradas en DGACDAT.OPSARC
2026-03-04 12:20:57.824 | WARN  | CID:N/A | FR3 truncamiento preventivo en DGACDAT.OPCAR5.OPCOBS: len=71, max=60.
2026-03-04 12:20:57.914 | WARN  | CID:N/A | FR3 detectó SQL7008 en modo transaccional; se reintenta sin transacción para compatibilidad.
2026-03-04 12:20:57.917 | INFO  | CID:N/A | FR3 DB2 inicio: OrdenId=94, Factura=098089, Aeropuerto=SEQU, Anio=2026
2026-03-04 12:20:57.922 | INFO  | CID:N/A | GetColumnas: 80 columnas encontradas en DGACDAT.OPCAR5
2026-03-04 12:20:57.926 | INFO  | CID:N/A | GetColumnas: 25 columnas encontradas en DGACDAT.OPCAR6
2026-03-04 12:20:57.941 | INFO  | CID:N/A | GetColumnas: 6 columnas encontradas en DGACDAT.OPSARC
2026-03-04 12:20:57.958 | WARN  | CID:N/A | FR3 truncamiento preventivo en DGACDAT.OPCAR5.OPCOBS: len=71, max=60.
2026-03-04 12:20:57.967 | INFO  | CID:N/A | FR3 cabecera insertada: Factura=098089, Sec=17
2026-03-04 12:20:57.991 | INFO  | CID:N/A | GetColumnas: 6 columnas encontradas en DGACDAT.OPSARC
2026-03-04 12:20:58.001 | INFO  | CID:N/A | FR3 secuencial actualizado: Aeropuerto=SEQU, Anio=2026, Sec=17
2026-03-04 12:20:58.007 | INFO  | CID:N/A | FR3 DB2 OK: OrdenId=94, Factura=098089, FR3=17-SEQU-2026
2026-03-04 12:20:58.561 | INFO  | CID:ec37a368adbc | USR:USU_ADMIN | Financiero/AprobarYEnviarAS400 | Acción completada: Financiero/AprobarYEnviarAS400
2026-03-04 12:21:06.229 | INFO  | CID:N/A | Procesando email 34 para mancho2002@hotmail.com
2026-03-04 12:21:06.436 | INFO  | CID:N/A | Email 34 enviado exitosamente
2026-03-04 12:21:06.438 | INFO  | CID:N/A | Email 34 enviado exitosamente
2026-03-04 12:21:06.480 | INFO  | CID:N/A | Procesando email 35 para admin1@dgac.gob.ec
2026-03-04 12:21:06.632 | INFO  | CID:N/A | Email 35 enviado exitosamente
2026-03-04 12:21:06.634 | INFO  | CID:N/A | Email 35 enviado exitosamente
2026-03-04 12:21:06.660 | INFO  | CID:N/A | Procesando email 36 para admin2@dgac.gob.ec
2026-03-04 12:21:06.774 | INFO  | CID:N/A | Email 36 enviado exitosamente
2026-03-04 12:21:06.774 | INFO  | CID:N/A | Email 36 enviado exitosamente
2026-03-04 14:28:26.622 | INFO  | CID:N/A | Iniciando procesador de cola de correos
2026-03-04 14:28:47.979 | INFO  | CID:98574b702b6e | Account/Login | Iniciando acción: Account/Login
2026-03-04 14:28:48.723 | INFO  | CID:98574b702b6e | Account/Login | Acción completada: Account/Login
2026-03-04 15:03:58.768 | INFO  | CID:d34ea2f0bb74 | Account/Login | Iniciando acción: Account/Login
2026-03-04 15:03:59.213 | INFO  | CID:d34ea2f0bb74 | Account/Login | Acción completada: Account/Login
2026-03-04 15:04:11.601 | INFO  | CID:008eab25cd31 | Account/Login | Iniciando acción: Account/Login
2026-03-04 15:04:12.032 | INFO  | CID:008eab25cd31 | Account/Login | Acción completada: Account/Login
2026-03-04 15:04:28.682 | INFO  | CID:f7596b5049df | USR:USU_ADMIN | AdminUsuarios/ResetPassword | Iniciando acción: AdminUsuarios/ResetPassword
2026-03-04 15:04:29.316 | INFO  | CID:747ce0270198 | Correo encolado: ID=37, Para=mistercato973@gmail.com
2026-03-04 15:04:29.319 | INFO  | CID:f7596b5049df | USR:USU_ADMIN | AdminUsuarios/ResetPassword | Acción completada: AdminUsuarios/ResetPassword
2026-03-04 15:04:31.965 | INFO  | CID:N/A | Procesando email 37 para mistercato973@gmail.com
2026-03-04 15:04:32.788 | INFO  | CID:N/A | Email 37 enviado exitosamente
2026-03-04 15:04:32.790 | INFO  | CID:N/A | Email 37 enviado exitosamente
2026-03-04 15:05:59.538 | INFO  | CID:179850631603 | Account/Login | Iniciando acción: Account/Login
2026-03-04 15:05:59.991 | INFO  | CID:179850631603 | Account/Login | Acción completada: Account/Login
2026-03-04 15:06:12.506 | INFO  | CID:42d07b849816 | USR:1709565459 | Account/CambiarContrasena | Iniciando acción: Account/CambiarContrasena
2026-03-04 15:06:12.941 | INFO  | CID:42d07b849816 | USR:1709565459 | Account/CambiarContrasena | Acción completada: Account/CambiarContrasena
2026-03-04 15:06:35.065 | INFO  | CID:5f851aabae15 | USR:1709565459 | Account/CambiarContrasena | Iniciando acción: Account/CambiarContrasena
2026-03-04 15:06:35.464 | INFO  | CID:5f851aabae15 | USR:1709565459 | Account/CambiarContrasena | Acción completada: Account/CambiarContrasena
2026-03-04 15:07:07.014 | INFO  | CID:2aa8f1602ed5 | USR:1709565459 | Account/CambiarContrasena | Iniciando acción: Account/CambiarContrasena
2026-03-04 15:07:07.807 | INFO  | CID:2aa8f1602ed5 | USR:1709565459 | Account/CambiarContrasena | Acción completada: Account/CambiarContrasena
2026-03-04 15:08:07.310 | INFO  | CID:3dc4631258de | USR:1709565459 | OrdenRecaudacion/Nueva | Iniciando acción: OrdenRecaudacion/Nueva
2026-03-04 15:08:08.538 | INFO  | CID:3dc4631258de | USR:1709565459 | OrdenRecaudacion/Nueva | Acción completada: OrdenRecaudacion/Nueva
2026-03-04 15:08:15.965 | INFO  | CID:0d8dc3a89801 | USR:1709565459 | OrdenRecaudacion/Generar | Iniciando acción: OrdenRecaudacion/Generar
2026-03-04 15:08:22.318 | INFO  | CID:09551930db26 | Correo con adjunto enviado exitosamente a mistercato973@gmail.com
2026-03-04 15:08:22.322 | INFO  | CID:0d8dc3a89801 | USR:1709565459 | OrdenRecaudacion/Generar | Acción completada: OrdenRecaudacion/Generar
2026-03-04 15:10:00.689 | INFO  | CID:09956dbf7794 | USR:1709565459 | OrdenRecaudacion/RegistrarPago | Iniciando acción: OrdenRecaudacion/RegistrarPago
2026-03-04 15:10:00.999 | INFO  | CID:09956dbf7794 | USR:1709565459 | OrdenRecaudacion/RegistrarPago | Acción completada: OrdenRecaudacion/RegistrarPago
2026-03-04 15:10:36.261 | INFO  | CID:74f253a241b2 | Account/Login | Iniciando acción: Account/Login
2026-03-04 15:10:36.675 | INFO  | CID:74f253a241b2 | Account/Login | Acción completada: Account/Login
2026-03-04 15:11:19.892 | INFO  | CID:b2e4a04e577c | USR:USU_ADMIN | Financiero/AprobarYEnviarAS400 | Iniciando acción: Financiero/AprobarYEnviarAS400
2026-03-04 15:11:20.236 | ERROR | CID:N/A | ERR:EMAIL_ERROR | Error al enviar correo.
    Exception: SmtpException
    StackTrace:    en System.Net.Mail.SmtpClient.SendAsync(MailMessage message, Object userToken)
   en System.Net.Mail.SmtpClient.SendMailAsync(MailMessage message)
   en CapaDatos.Services.EmailService.<EnviarAsync>d__4.MoveNext() en C:\AOCR\AOCR\AOCR05-01-2026\AOCR1\AOCR\CapaDatos\Services\EmailService.cs:línea 76
2026-03-04 15:11:20.542 | INFO  | CID:8cd5c9cd6592 | Correo con adjunto enviado exitosamente a mistercato973@gmail.com
2026-03-04 15:11:20.557 | WARN  | CID:N/A | ERR:EMAIL_FALLBACK_OK | Correo enviado por fallback EnviarCorreo.
2026-03-04 15:11:20.559 | INFO  | CID:N/A | ORD:OR-20260304150808152-4 | ERR:EMAIL_FACTURA_OK | Notificacion de factura enviada correctamente
2026-03-04 15:11:20.787 | INFO  | CID:N/A | SyncLogService: Tabla aocr_sync_log verificada/creada.
2026-03-04 15:11:20.794 | INFO  | CID:N/A | IdempotencyService: Tabla aocr_idempotency_key verificada/creada.
2026-03-04 15:11:21.011 | INFO  | CID:N/A | AuditTrailService: Tabla aocr_audit_trail verificada/creada.
2026-03-04 15:11:21.927 | INFO  | CID:N/A | FR3 DB2 inicio: OrdenId=95, Factura=6678768, Aeropuerto=SEQU, Anio=2026
2026-03-04 15:11:21.960 | INFO  | CID:N/A | GetColumnas: 80 columnas encontradas en DGACDAT.OPCAR5
2026-03-04 15:11:21.971 | INFO  | CID:N/A | GetColumnas: 25 columnas encontradas en DGACDAT.OPCAR6
2026-03-04 15:11:22.037 | INFO  | CID:N/A | GetColumnas: 6 columnas encontradas en DGACDAT.OPSARC
2026-03-04 15:11:22.069 | WARN  | CID:N/A | FR3 truncamiento preventivo en DGACDAT.OPCAR5.OPCOBS: len=73, max=60.
2026-03-04 15:11:22.147 | WARN  | CID:N/A | FR3 detectó SQL7008 en modo transaccional; se reintenta sin transacción para compatibilidad.
2026-03-04 15:11:22.150 | INFO  | CID:N/A | FR3 DB2 inicio: OrdenId=95, Factura=6678768, Aeropuerto=SEQU, Anio=2026
2026-03-04 15:11:22.163 | INFO  | CID:N/A | GetColumnas: 80 columnas encontradas en DGACDAT.OPCAR5
2026-03-04 15:11:22.168 | INFO  | CID:N/A | GetColumnas: 25 columnas encontradas en DGACDAT.OPCAR6
2026-03-04 15:11:22.176 | INFO  | CID:N/A | GetColumnas: 6 columnas encontradas en DGACDAT.OPSARC
2026-03-04 15:11:22.195 | WARN  | CID:N/A | FR3 truncamiento preventivo en DGACDAT.OPCAR5.OPCOBS: len=73, max=60.
2026-03-04 15:11:22.202 | INFO  | CID:N/A | FR3 cabecera insertada: Factura=6678768, Sec=18
2026-03-04 15:11:22.225 | INFO  | CID:N/A | GetColumnas: 6 columnas encontradas en DGACDAT.OPSARC
2026-03-04 15:11:22.230 | INFO  | CID:N/A | FR3 secuencial actualizado: Aeropuerto=SEQU, Anio=2026, Sec=18
2026-03-04 15:11:22.235 | INFO  | CID:N/A | FR3 DB2 OK: OrdenId=95, Factura=6678768, FR3=18-SEQU-2026
2026-03-04 15:11:22.724 | INFO  | CID:b2e4a04e577c | USR:USU_ADMIN | Financiero/AprobarYEnviarAS400 | Acción completada: Financiero/AprobarYEnviarAS400
2026-03-04 15:11:23.425 | INFO  | CID:N/A | Procesando email 38 para mistercato973@gmail.com
2026-03-04 15:11:23.617 | INFO  | CID:N/A | Email 38 enviado exitosamente
2026-03-04 15:11:23.619 | INFO  | CID:N/A | Email 38 enviado exitosamente
2026-03-04 15:11:23.659 | INFO  | CID:N/A | Procesando email 39 para admin1@dgac.gob.ec
2026-03-04 15:11:23.910 | INFO  | CID:N/A | Email 39 enviado exitosamente
2026-03-04 15:11:23.912 | INFO  | CID:N/A | Email 39 enviado exitosamente
2026-03-04 15:11:23.926 | INFO  | CID:N/A | Procesando email 40 para admin2@dgac.gob.ec
2026-03-04 15:11:24.326 | INFO  | CID:N/A | Email 40 enviado exitosamente
2026-03-04 15:11:24.328 | INFO  | CID:N/A | Email 40 enviado exitosamente
2026-03-04 15:15:10.320 | INFO  | CID:4ca46b66c0ee | USR:1709565459 | OrdenRecaudacion/Nueva | Iniciando acción: OrdenRecaudacion/Nueva
2026-03-04 15:15:11.842 | INFO  | CID:4ca46b66c0ee | USR:1709565459 | OrdenRecaudacion/Nueva | Acción completada: OrdenRecaudacion/Nueva
2026-03-04 15:51:18.153 | INFO  | CID:4134018d6d94 | Account/Login | Iniciando acción: Account/Login
2026-03-04 15:51:18.618 | INFO  | CID:4134018d6d94 | Account/Login | Acción completada: Account/Login
2026-03-04 16:41:29.884 | INFO  | CID:N/A | Iniciando procesador de cola de correos
2026-03-04 16:42:05.179 | INFO  | CID:5bebdd72d38e | Account/Login | Iniciando acción: Account/Login
2026-03-04 16:42:05.824 | INFO  | CID:5bebdd72d38e | Account/Login | Acción completada: Account/Login
2026-03-04 16:42:23.576 | INFO  | CID:eb0c55dc2dba | Account/Login | Iniciando acción: Account/Login
2026-03-04 16:42:24.085 | INFO  | CID:eb0c55dc2dba | Account/Login | Acción completada: Account/Login
