<?xml version="1.0" encoding="utf-8"?>
<TestRun id="7ca74338-6aee-4b79-a535-69ec5062283a" name="german.cajas@DESKTOP-S4GE44J 2026-07-14 14:32:16" runUser="DGAC\german.cajas" xmlns="http://microsoft.com/schemas/VisualStudio/TeamTest/2010">
  <Times creation="2026-07-14T14:32:16.8574010-05:00" queuing="2026-07-14T14:32:16.8574010-05:00" start="2026-07-14T14:32:15.7358950-05:00" finish="2026-07-14T14:32:16.8714813-05:00" />
  <TestSettings name="default" id="f9f2b4df-9d1b-4d69-a749-bef8e348981e">
    <Deployment runDeploymentRoot="german.cajas_DESKTOP-S4GE44J_2026-07-14_14_32_16" />
  </TestSettings>
  <Results>
    <UnitTestResult executionId="d2b3a635-8b6c-4214-b629-4d7590680210" testId="5c545f63-516c-6264-c3ca-fd7eb20ad0f0" testName="Gate4_IndiceUnico_SeAplicaSoloASolicitudesActivas" computerName="DESKTOP-S4GE44J" duration="00:00:00.0051411" startTime="2026-07-14T14:32:16.8004759-05:00" endTime="2026-07-14T14:32:16.8075124-05:00" testType="13cdc9d9-ddb5-4fa4-a97d-d965ccfc6d4b" outcome="Passed" testListId="8c84fa94-04c1-424b-9868-57a2d4851a1d" relativeResultsDirectory="d2b3a635-8b6c-4214-b629-4d7590680210" />
    <UnitTestResult executionId="a20e05d5-1c55-4ec8-946d-41ee0528c1b6" testId="13e2041c-bd70-968f-9e79-5771d070c913" testName="Gate4_EsquemaReal_TieneRelacionesOrigenEIdempotencia" computerName="DESKTOP-S4GE44J" duration="00:00:00.5475824" startTime="2026-07-14T14:32:15.8404483-05:00" endTime="2026-07-14T14:32:16.4401817-05:00" testType="13cdc9d9-ddb5-4fa4-a97d-d965ccfc6d4b" outcome="Passed" testListId="8c84fa94-04c1-424b-9868-57a2d4851a1d" relativeResultsDirectory="a20e05d5-1c55-4ec8-946d-41ee0528c1b6" />
    <UnitTestResult executionId="4ca0eb6a-9471-49c8-9bae-4d47b278ee36" testId="39eb4b34-0f53-b4f1-6cdb-764fb67667f8" testName="Gate4_Servicio_EntradaSinNcNoCreaSolicitudParalela" computerName="DESKTOP-S4GE44J" duration="00:00:00.3456271" startTime="2026-07-14T14:32:16.4545275-05:00" endTime="2026-07-14T14:32:16.8004759-05:00" testType="13cdc9d9-ddb5-4fa4-a97d-d965ccfc6d4b" outcome="Passed" testListId="8c84fa94-04c1-424b-9868-57a2d4851a1d" relativeResultsDirectory="4ca0eb6a-9471-49c8-9bae-4d47b278ee36" />
  </Results>
  <TestDefinitions>
    <UnitTest name="Gate4_IndiceUnico_SeAplicaSoloASolicitudesActivas" storage="c:\proyectos\aocr\aocr.tests\bin\debug\aocr.tests.dll" id="5c545f63-516c-6264-c3ca-fd7eb20ad0f0">
      <TestCategory>
        <TestCategoryItem TestCategory="Integration" />
      </TestCategory>
      <Execution id="d2b3a635-8b6c-4214-b629-4d7590680210" />
      <TestMethod codeBase="C:\proyectos\AOCR\AOCR.Tests\bin\Debug\AOCR.Tests.dll" adapterTypeName="executor://mstestadapter/v2" className="AOCR.Tests.Integration.Gate4NuevaSolicitudPorNcIntegrationTests" name="Gate4_IndiceUnico_SeAplicaSoloASolicitudesActivas" />
    </UnitTest>
    <UnitTest name="Gate4_Servicio_EntradaSinNcNoCreaSolicitudParalela" storage="c:\proyectos\aocr\aocr.tests\bin\debug\aocr.tests.dll" id="39eb4b34-0f53-b4f1-6cdb-764fb67667f8">
      <TestCategory>
        <TestCategoryItem TestCategory="Integration" />
      </TestCategory>
      <Execution id="4ca0eb6a-9471-49c8-9bae-4d47b278ee36" />
      <TestMethod codeBase="C:\proyectos\AOCR\AOCR.Tests\bin\Debug\AOCR.Tests.dll" adapterTypeName="executor://mstestadapter/v2" className="AOCR.Tests.Integration.Gate4NuevaSolicitudPorNcIntegrationTests" name="Gate4_Servicio_EntradaSinNcNoCreaSolicitudParalela" />
    </UnitTest>
    <UnitTest name="Gate4_EsquemaReal_TieneRelacionesOrigenEIdempotencia" storage="c:\proyectos\aocr\aocr.tests\bin\debug\aocr.tests.dll" id="13e2041c-bd70-968f-9e79-5771d070c913">
      <TestCategory>
        <TestCategoryItem TestCategory="Integration" />
      </TestCategory>
      <Execution id="a20e05d5-1c55-4ec8-946d-41ee0528c1b6" />
      <TestMethod codeBase="C:\proyectos\AOCR\AOCR.Tests\bin\Debug\AOCR.Tests.dll" adapterTypeName="executor://mstestadapter/v2" className="AOCR.Tests.Integration.Gate4NuevaSolicitudPorNcIntegrationTests" name="Gate4_EsquemaReal_TieneRelacionesOrigenEIdempotencia" />
    </UnitTest>
  </TestDefinitions>
  <TestEntries>
    <TestEntry testId="5c545f63-516c-6264-c3ca-fd7eb20ad0f0" executionId="d2b3a635-8b6c-4214-b629-4d7590680210" testListId="8c84fa94-04c1-424b-9868-57a2d4851a1d" />
    <TestEntry testId="13e2041c-bd70-968f-9e79-5771d070c913" executionId="a20e05d5-1c55-4ec8-946d-41ee0528c1b6" testListId="8c84fa94-04c1-424b-9868-57a2d4851a1d" />
    <TestEntry testId="39eb4b34-0f53-b4f1-6cdb-764fb67667f8" executionId="4ca0eb6a-9471-49c8-9bae-4d47b278ee36" testListId="8c84fa94-04c1-424b-9868-57a2d4851a1d" />
  </TestEntries>
  <TestLists>
    <TestList name="Resultados sin formato de lista" id="8c84fa94-04c1-424b-9868-57a2d4851a1d" />
    <TestList name="Todos los resultados cargados" id="19431567-8539-422a-85d7-44ee4e166bda" />
  </TestLists>
  <ResultSummary outcome="Completed">
    <Counters total="3" executed="3" passed="3" failed="0" error="0" timeout="0" aborted="0" inconclusive="0" passedButRunAborted="0" notRunnable="0" notExecuted="0" disconnected="0" warning="0" completed="0" inProgress="0" pending="0" />
  </ResultSummary>
</TestRun>