<?xml version="1.0" encoding="utf-8"?>
<TestRun id="59c3ee3a-2682-4f3d-bff6-84391dfe18f3" name="german.cajas@DESKTOP-S4GE44J 2026-07-14 12:24:39" runUser="DGAC\german.cajas" xmlns="http://microsoft.com/schemas/VisualStudio/TeamTest/2010">
  <Times creation="2026-07-14T12:24:39.7128838-05:00" queuing="2026-07-14T12:24:39.7128838-05:00" start="2026-07-14T12:24:38.5607278-05:00" finish="2026-07-14T12:24:40.1098962-05:00" />
  <TestSettings name="default" id="3b16346f-b00c-4163-a0da-feba95f14acd">
    <Deployment runDeploymentRoot="german.cajas_DESKTOP-S4GE44J_2026-07-14_12_24_39" />
  </TestSettings>
  <Results>
    <UnitTestResult executionId="5cacb247-d8f4-433f-ac6b-54792c7b3d6a" testId="e9ef9185-b157-384b-98ea-ca073bd9d557" testName="TransicionesNc_SonOptimistasYDevolucionCreaVersionSiguiente" computerName="DESKTOP-S4GE44J" duration="00:00:00.0009266" startTime="2026-07-14T12:24:39.7088753-05:00" endTime="2026-07-14T12:24:39.7108842-05:00" testType="13cdc9d9-ddb5-4fa4-a97d-d965ccfc6d4b" outcome="Passed" testListId="8c84fa94-04c1-424b-9868-57a2d4851a1d" relativeResultsDirectory="5cacb247-d8f4-433f-ac6b-54792c7b3d6a" />
    <UnitTestResult executionId="6e789f86-645e-42b4-9879-ee8cc443a327" testId="181aab31-b3c8-b35d-da1e-50c233600bad" testName="EstadoCentralDcav_EstaDefinido" computerName="DESKTOP-S4GE44J" duration="00:00:00.0012659" startTime="2026-07-14T12:24:39.6676872-05:00" endTime="2026-07-14T12:24:39.6696947-05:00" testType="13cdc9d9-ddb5-4fa4-a97d-d965ccfc6d4b" outcome="Passed" testListId="8c84fa94-04c1-424b-9868-57a2d4851a1d" relativeResultsDirectory="6e789f86-645e-42b4-9879-ee8cc443a327" />
    <UnitTestResult executionId="ce9f3329-312c-4980-b4fa-7a0ca5c108f5" testId="5d0859bc-e372-11df-2ea5-1c321c2c0870" testName="EstadosInspeccion_ResultadoNoSatisfactorio_NoDebePermitirCargaRt" computerName="DESKTOP-S4GE44J" duration="00:00:00.0071190" startTime="2026-07-14T12:24:39.6437384-05:00" endTime="2026-07-14T12:24:39.6509420-05:00" testType="13cdc9d9-ddb5-4fa4-a97d-d965ccfc6d4b" outcome="Passed" testListId="8c84fa94-04c1-424b-9868-57a2d4851a1d" relativeResultsDirectory="ce9f3329-312c-4980-b4fa-7a0ca5c108f5" />
    <UnitTestResult executionId="b8a5be1b-0767-41f7-99dc-c98c1545667f" testId="d4119b48-80ae-83ca-af0e-a71a9388213e" testName="GateE_MatrizDebeIncluirDescargasYAccionesPostCriticas" computerName="DESKTOP-S4GE44J" duration="00:00:00.0016274" startTime="2026-07-14T12:24:39.9663588-05:00" endTime="2026-07-14T12:24:39.9683586-05:00" testType="13cdc9d9-ddb5-4fa4-a97d-d965ccfc6d4b" outcome="Failed" testListId="8c84fa94-04c1-424b-9868-57a2d4851a1d" relativeResultsDirectory="b8a5be1b-0767-41f7-99dc-c98c1545667f">
      <Output>
        <ErrorInfo>
          <Message>Excepción método de prueba AOCR.Tests.Unit.GateEAuthorizationTests.GateE_MatrizDebeIncluirDescargasYAccionesPostCriticas: &#xD;
System.InvalidOperationException: Servidor AS400 no configurado.</Message>
          <StackTrace>    en CapaDatos.Infrastructure.AS400BaseDAO.BuildConnectionString(AS400Credentials creds) en C:\proyectos\AOCR\CapaDatos\Infrastructure\AS400BaseDAO.cs:línea 76&#xD;
   en CapaDatos.Infrastructure.AS400BaseDAO..ctor(ISecureConfigurationService configService, Int32 commandTimeout) en C:\proyectos\AOCR\CapaDatos\Infrastructure\AS400BaseDAO.cs:línea 47&#xD;
   en CapaDatos.DAOs.UsuarioAS400DAO..ctor(ISecureConfigurationService configService) en C:\proyectos\AOCR\CapaDatos\DAOs\UsuarioAS400DAO.cs:línea 19&#xD;
   en CapaNegocio.SolicitudAocrInfraBL..ctor() en C:\proyectos\AOCR\CapaNegocio\SolicitudAocrInfraBL.cs:línea 27&#xD;
   en CapaNegocio.Services.RevisionDocumentalService..ctor() en C:\proyectos\AOCR\CapaNegocio\Services\RevisionDocumentalService.cs:línea 65&#xD;
   en CapaNegocio.Services.AocrAuthorizationService..ctor() en C:\proyectos\AOCR\CapaNegocio\Services\AocrAuthorizationService.cs:línea 187&#xD;
   en AOCR.Tests.Unit.GateEAuthorizationTests.CrearServicio() en C:\proyectos\AOCR\AOCR.Tests\Unit\GateEAuthorizationTests.cs:línea 13&#xD;
   en AOCR.Tests.Unit.GateEAuthorizationTests.GateE_MatrizDebeIncluirDescargasYAccionesPostCriticas() en C:\proyectos\AOCR\AOCR.Tests\Unit\GateEAuthorizationTests.cs:línea 137&#xD;
</StackTrace>
        </ErrorInfo>
      </Output>
    </UnitTestResult>
    <UnitTestResult executionId="82c07664-0997-4092-9cb7-84145a3b6763" testId="6696147d-a247-3b09-95ce-3c19468426b2" testName="Adm1_Rt_InformeTecnicoInspector_DebeDenegar" computerName="DESKTOP-S4GE44J" duration="00:00:00.2421308" startTime="2026-07-14T12:24:39.7138757-05:00" endTime="2026-07-14T12:24:39.9440571-05:00" testType="13cdc9d9-ddb5-4fa4-a97d-d965ccfc6d4b" outcome="Failed" testListId="8c84fa94-04c1-424b-9868-57a2d4851a1d" relativeResultsDirectory="82c07664-0997-4092-9cb7-84145a3b6763">
      <Output>
        <ErrorInfo>
          <Message>Excepción método de prueba AOCR.Tests.Unit.GateEAuthorizationTests.Adm1_Rt_InformeTecnicoInspector_DebeDenegar: &#xD;
System.InvalidOperationException: Servidor AS400 no configurado.</Message>
          <StackTrace>    en CapaDatos.Infrastructure.AS400BaseDAO.BuildConnectionString(AS400Credentials creds) en C:\proyectos\AOCR\CapaDatos\Infrastructure\AS400BaseDAO.cs:línea 76&#xD;
   en CapaDatos.Infrastructure.AS400BaseDAO..ctor(ISecureConfigurationService configService, Int32 commandTimeout) en C:\proyectos\AOCR\CapaDatos\Infrastructure\AS400BaseDAO.cs:línea 47&#xD;
   en CapaDatos.DAOs.UsuarioAS400DAO..ctor(ISecureConfigurationService configService) en C:\proyectos\AOCR\CapaDatos\DAOs\UsuarioAS400DAO.cs:línea 19&#xD;
   en CapaNegocio.SolicitudAocrInfraBL..ctor() en C:\proyectos\AOCR\CapaNegocio\SolicitudAocrInfraBL.cs:línea 27&#xD;
   en CapaNegocio.Services.RevisionDocumentalService..ctor() en C:\proyectos\AOCR\CapaNegocio\Services\RevisionDocumentalService.cs:línea 65&#xD;
   en CapaNegocio.Services.AocrAuthorizationService..ctor() en C:\proyectos\AOCR\CapaNegocio\Services\AocrAuthorizationService.cs:línea 187&#xD;
   en AOCR.Tests.Unit.GateEAuthorizationTests.CrearServicio() en C:\proyectos\AOCR\AOCR.Tests\Unit\GateEAuthorizationTests.cs:línea 13&#xD;
   en AOCR.Tests.Unit.GateEAuthorizationTests.Adm1_Rt_InformeTecnicoInspector_DebeDenegar() en C:\proyectos\AOCR\AOCR.Tests\Unit\GateEAuthorizationTests.cs:línea 65&#xD;
</StackTrace>
        </ErrorInfo>
      </Output>
    </UnitTestResult>
    <UnitTestResult executionId="1ad422c4-d55c-4f48-8221-7b6e300da8c9" testId="2686d838-491d-508e-8cbd-c7ea00afc91c" testName="DirectorDcav_PuedeEntrarYFirmarCondiciones" computerName="DESKTOP-S4GE44J" duration="00:00:00.0044896" startTime="2026-07-14T12:24:39.6846975-05:00" endTime="2026-07-14T12:24:39.6887042-05:00" testType="13cdc9d9-ddb5-4fa4-a97d-d965ccfc6d4b" outcome="Passed" testListId="8c84fa94-04c1-424b-9868-57a2d4851a1d" relativeResultsDirectory="1ad422c4-d55c-4f48-8221-7b6e300da8c9" />
    <UnitTestResult executionId="947e718c-2e5d-4e0a-908c-154c69b95bc4" testId="8d1ed261-4f87-53ea-2379-988266618ae1" testName="GateE_Rt_CambiarEstadoInspeccion_DebeDenegar" computerName="DESKTOP-S4GE44J" duration="00:00:00.0009121" startTime="2026-07-14T12:24:39.9683586-05:00" endTime="2026-07-14T12:24:39.9693579-05:00" testType="13cdc9d9-ddb5-4fa4-a97d-d965ccfc6d4b" outcome="Failed" testListId="8c84fa94-04c1-424b-9868-57a2d4851a1d" relativeResultsDirectory="947e718c-2e5d-4e0a-908c-154c69b95bc4">
      <Output>
        <ErrorInfo>
          <Message>Excepción método de prueba AOCR.Tests.Unit.GateEAuthorizationTests.GateE_Rt_CambiarEstadoInspeccion_DebeDenegar: &#xD;
System.InvalidOperationException: Servidor AS400 no configurado.</Message>
          <StackTrace>    en CapaDatos.Infrastructure.AS400BaseDAO.BuildConnectionString(AS400Credentials creds) en C:\proyectos\AOCR\CapaDatos\Infrastructure\AS400BaseDAO.cs:línea 76&#xD;
   en CapaDatos.Infrastructure.AS400BaseDAO..ctor(ISecureConfigurationService configService, Int32 commandTimeout) en C:\proyectos\AOCR\CapaDatos\Infrastructure\AS400BaseDAO.cs:línea 47&#xD;
   en CapaDatos.DAOs.UsuarioAS400DAO..ctor(ISecureConfigurationService configService) en C:\proyectos\AOCR\CapaDatos\DAOs\UsuarioAS400DAO.cs:línea 19&#xD;
   en CapaNegocio.SolicitudAocrInfraBL..ctor() en C:\proyectos\AOCR\CapaNegocio\SolicitudAocrInfraBL.cs:línea 27&#xD;
   en CapaNegocio.Services.RevisionDocumentalService..ctor() en C:\proyectos\AOCR\CapaNegocio\Services\RevisionDocumentalService.cs:línea 65&#xD;
   en CapaNegocio.Services.AocrAuthorizationService..ctor() en C:\proyectos\AOCR\CapaNegocio\Services\AocrAuthorizationService.cs:línea 187&#xD;
   en AOCR.Tests.Unit.GateEAuthorizationTests.CrearServicio() en C:\proyectos\AOCR\AOCR.Tests\Unit\GateEAuthorizationTests.cs:línea 13&#xD;
   en AOCR.Tests.Unit.GateEAuthorizationTests.GateE_Rt_CambiarEstadoInspeccion_DebeDenegar() en C:\proyectos\AOCR\AOCR.Tests\Unit\GateEAuthorizationTests.cs:línea 168&#xD;
</StackTrace>
        </ErrorInfo>
      </Output>
    </UnitTestResult>
    <UnitTestResult executionId="f61ff5eb-63e0-46e9-b045-05adc9d45e73" testId="e7969bba-7a35-c275-bcef-fc8723027760" testName="Adm1_Rt_FirmarLv_DebeDenegar" computerName="DESKTOP-S4GE44J" duration="00:00:00.0019134" startTime="2026-07-14T12:24:39.9440571-05:00" endTime="2026-07-14T12:24:39.9440571-05:00" testType="13cdc9d9-ddb5-4fa4-a97d-d965ccfc6d4b" outcome="Failed" testListId="8c84fa94-04c1-424b-9868-57a2d4851a1d" relativeResultsDirectory="f61ff5eb-63e0-46e9-b045-05adc9d45e73">
      <Output>
        <ErrorInfo>
          <Message>Excepción método de prueba AOCR.Tests.Unit.GateEAuthorizationTests.Adm1_Rt_FirmarLv_DebeDenegar: &#xD;
System.InvalidOperationException: Servidor AS400 no configurado.</Message>
          <StackTrace>    en CapaDatos.Infrastructure.AS400BaseDAO.BuildConnectionString(AS400Credentials creds) en C:\proyectos\AOCR\CapaDatos\Infrastructure\AS400BaseDAO.cs:línea 76&#xD;
   en CapaDatos.Infrastructure.AS400BaseDAO..ctor(ISecureConfigurationService configService, Int32 commandTimeout) en C:\proyectos\AOCR\CapaDatos\Infrastructure\AS400BaseDAO.cs:línea 47&#xD;
   en CapaDatos.DAOs.UsuarioAS400DAO..ctor(ISecureConfigurationService configService) en C:\proyectos\AOCR\CapaDatos\DAOs\UsuarioAS400DAO.cs:línea 19&#xD;
   en CapaNegocio.SolicitudAocrInfraBL..ctor() en C:\proyectos\AOCR\CapaNegocio\SolicitudAocrInfraBL.cs:línea 27&#xD;
   en CapaNegocio.Services.RevisionDocumentalService..ctor() en C:\proyectos\AOCR\CapaNegocio\Services\RevisionDocumentalService.cs:línea 65&#xD;
   en CapaNegocio.Services.AocrAuthorizationService..ctor() en C:\proyectos\AOCR\CapaNegocio\Services\AocrAuthorizationService.cs:línea 187&#xD;
   en AOCR.Tests.Unit.GateEAuthorizationTests.CrearServicio() en C:\proyectos\AOCR\AOCR.Tests\Unit\GateEAuthorizationTests.cs:línea 13&#xD;
   en AOCR.Tests.Unit.GateEAuthorizationTests.Adm1_Rt_FirmarLv_DebeDenegar() en C:\proyectos\AOCR\AOCR.Tests\Unit\GateEAuthorizationTests.cs:línea 77&#xD;
</StackTrace>
        </ErrorInfo>
      </Output>
    </UnitTestResult>
    <UnitTestResult executionId="825b43d3-96c2-4917-b275-f677cb7f498b" testId="b02747ac-7883-b513-da97-7990880c6d26" testName="GateE_LegacyEstadoService_DebeMapearCatalogoHistorico" computerName="DESKTOP-S4GE44J" duration="00:00:00.0017116" startTime="2026-07-14T12:24:39.9693579-05:00" endTime="2026-07-14T12:24:39.9733601-05:00" testType="13cdc9d9-ddb5-4fa4-a97d-d965ccfc6d4b" outcome="Passed" testListId="8c84fa94-04c1-424b-9868-57a2d4851a1d" relativeResultsDirectory="825b43d3-96c2-4917-b275-f677cb7f498b" />
    <UnitTestResult executionId="9272768a-75dd-4f4b-a970-10a2db00739f" testId="2bb8e568-0ad5-039f-021c-fa5b556cba09" testName="DescargarCondiciones_NoFinalizaComoEfectoSecundario" computerName="DESKTOP-S4GE44J" duration="00:00:00.0037205" startTime="2026-07-14T12:24:39.7021207-05:00" endTime="2026-07-14T12:24:39.7066316-05:00" testType="13cdc9d9-ddb5-4fa4-a97d-d965ccfc6d4b" outcome="Passed" testListId="8c84fa94-04c1-424b-9868-57a2d4851a1d" relativeResultsDirectory="9272768a-75dd-4f4b-a970-10a2db00739f" />
    <UnitTestResult executionId="44d2697a-cb0d-4fb4-b0cb-0c0b91fdec96" testId="db213c60-6b7e-4c72-9edf-fe315232de98" testName="Adm1_Inspector_GenerarAocrFinal_DebeDenegar" computerName="DESKTOP-S4GE44J" duration="00:00:00.0009550" startTime="2026-07-14T12:24:39.9440571-05:00" endTime="2026-07-14T12:24:39.9601051-05:00" testType="13cdc9d9-ddb5-4fa4-a97d-d965ccfc6d4b" outcome="Failed" testListId="8c84fa94-04c1-424b-9868-57a2d4851a1d" relativeResultsDirectory="44d2697a-cb0d-4fb4-b0cb-0c0b91fdec96">
      <Output>
        <ErrorInfo>
          <Message>Excepción método de prueba AOCR.Tests.Unit.GateEAuthorizationTests.Adm1_Inspector_GenerarAocrFinal_DebeDenegar: &#xD;
System.InvalidOperationException: Servidor AS400 no configurado.</Message>
          <StackTrace>    en CapaDatos.Infrastructure.AS400BaseDAO.BuildConnectionString(AS400Credentials creds) en C:\proyectos\AOCR\CapaDatos\Infrastructure\AS400BaseDAO.cs:línea 76&#xD;
   en CapaDatos.Infrastructure.AS400BaseDAO..ctor(ISecureConfigurationService configService, Int32 commandTimeout) en C:\proyectos\AOCR\CapaDatos\Infrastructure\AS400BaseDAO.cs:línea 47&#xD;
   en CapaDatos.DAOs.UsuarioAS400DAO..ctor(ISecureConfigurationService configService) en C:\proyectos\AOCR\CapaDatos\DAOs\UsuarioAS400DAO.cs:línea 19&#xD;
   en CapaNegocio.SolicitudAocrInfraBL..ctor() en C:\proyectos\AOCR\CapaNegocio\SolicitudAocrInfraBL.cs:línea 27&#xD;
   en CapaNegocio.Services.RevisionDocumentalService..ctor() en C:\proyectos\AOCR\CapaNegocio\Services\RevisionDocumentalService.cs:línea 65&#xD;
   en CapaNegocio.Services.AocrAuthorizationService..ctor() en C:\proyectos\AOCR\CapaNegocio\Services\AocrAuthorizationService.cs:línea 187&#xD;
   en AOCR.Tests.Unit.GateEAuthorizationTests.CrearServicio() en C:\proyectos\AOCR\AOCR.Tests\Unit\GateEAuthorizationTests.cs:línea 13&#xD;
   en AOCR.Tests.Unit.GateEAuthorizationTests.Adm1_Inspector_GenerarAocrFinal_DebeDenegar() en C:\proyectos\AOCR\AOCR.Tests\Unit\GateEAuthorizationTests.cs:línea 89&#xD;
</StackTrace>
        </ErrorInfo>
      </Output>
    </UnitTestResult>
    <UnitTestResult executionId="20d2ea3c-bdbc-4fb1-ac7c-cfcfc8c68fc1" testId="eaf3fc54-d5b8-45e4-050f-781d005fddef" testName="TransicionInspector_AsignaResponsableDcav" computerName="DESKTOP-S4GE44J" duration="00:00:00.0059465" startTime="2026-07-14T12:24:39.6737261-05:00" endTime="2026-07-14T12:24:39.6806986-05:00" testType="13cdc9d9-ddb5-4fa4-a97d-d965ccfc6d4b" outcome="Passed" testListId="8c84fa94-04c1-424b-9868-57a2d4851a1d" relativeResultsDirectory="20d2ea3c-bdbc-4fb1-ac7c-cfcfc8c68fc1" />
    <UnitTestResult executionId="321ab16e-1901-4e57-8019-68108d206d24" testId="8ade99e1-9c67-55a8-03c4-111bbf42bf53" testName="Adm1_InspectorNoAsignado_DetalleInspeccion_DebeDenegar" computerName="DESKTOP-S4GE44J" duration="00:00:00.0014510" startTime="2026-07-14T12:24:39.9653595-05:00" endTime="2026-07-14T12:24:39.9663588-05:00" testType="13cdc9d9-ddb5-4fa4-a97d-d965ccfc6d4b" outcome="Failed" testListId="8c84fa94-04c1-424b-9868-57a2d4851a1d" relativeResultsDirectory="321ab16e-1901-4e57-8019-68108d206d24">
      <Output>
        <ErrorInfo>
          <Message>Excepción método de prueba AOCR.Tests.Unit.GateEAuthorizationTests.Adm1_InspectorNoAsignado_DetalleInspeccion_DebeDenegar: &#xD;
System.InvalidOperationException: Servidor AS400 no configurado.</Message>
          <StackTrace>    en CapaDatos.Infrastructure.AS400BaseDAO.BuildConnectionString(AS400Credentials creds) en C:\proyectos\AOCR\CapaDatos\Infrastructure\AS400BaseDAO.cs:línea 76&#xD;
   en CapaDatos.Infrastructure.AS400BaseDAO..ctor(ISecureConfigurationService configService, Int32 commandTimeout) en C:\proyectos\AOCR\CapaDatos\Infrastructure\AS400BaseDAO.cs:línea 47&#xD;
   en CapaDatos.DAOs.UsuarioAS400DAO..ctor(ISecureConfigurationService configService) en C:\proyectos\AOCR\CapaDatos\DAOs\UsuarioAS400DAO.cs:línea 19&#xD;
   en CapaNegocio.SolicitudAocrInfraBL..ctor() en C:\proyectos\AOCR\CapaNegocio\SolicitudAocrInfraBL.cs:línea 27&#xD;
   en CapaNegocio.Services.RevisionDocumentalService..ctor() en C:\proyectos\AOCR\CapaNegocio\Services\RevisionDocumentalService.cs:línea 65&#xD;
   en CapaNegocio.Services.AocrAuthorizationService..ctor() en C:\proyectos\AOCR\CapaNegocio\Services\AocrAuthorizationService.cs:línea 187&#xD;
   en AOCR.Tests.Unit.GateEAuthorizationTests.CrearServicio() en C:\proyectos\AOCR\AOCR.Tests\Unit\GateEAuthorizationTests.cs:línea 13&#xD;
   en AOCR.Tests.Unit.GateEAuthorizationTests.Adm1_InspectorNoAsignado_DetalleInspeccion_DebeDenegar() en C:\proyectos\AOCR\AOCR.Tests\Unit\GateEAuthorizationTests.cs:línea 125&#xD;
</StackTrace>
        </ErrorInfo>
      </Output>
    </UnitTestResult>
    <UnitTestResult executionId="7173377c-8f34-4580-8528-8c76c2ede53b" testId="1ac50a39-1c83-9157-d1bb-3b00d3520252" testName="CierreExigeDosFirmasHashTamanoFirmanteYArchivo" computerName="DESKTOP-S4GE44J" duration="00:00:00.0008885" startTime="2026-07-14T12:24:39.6968575-05:00" endTime="2026-07-14T12:24:39.6978550-05:00" testType="13cdc9d9-ddb5-4fa4-a97d-d965ccfc6d4b" outcome="Passed" testListId="8c84fa94-04c1-424b-9868-57a2d4851a1d" relativeResultsDirectory="7173377c-8f34-4580-8528-8c76c2ede53b" />
    <UnitTestResult executionId="1720a27a-3696-4bd7-a8b2-e5eb3f6db494" testId="a854b757-039c-411e-198e-38bb13e993f3" testName="MigracionExistenteEsIdempotenteYTieneRollback" computerName="DESKTOP-S4GE44J" duration="00:00:00.0007021" startTime="2026-07-14T12:24:39.7128838-05:00" endTime="2026-07-14T12:24:39.7138757-05:00" testType="13cdc9d9-ddb5-4fa4-a97d-d965ccfc6d4b" outcome="Passed" testListId="8c84fa94-04c1-424b-9868-57a2d4851a1d" relativeResultsDirectory="1720a27a-3696-4bd7-a8b2-e5eb3f6db494" />
    <UnitTestResult executionId="72c1a0ee-8b60-45f4-8c1b-894ecfbcf54e" testId="b24bcd80-7089-5dbf-c4c9-fe5f42818384" testName="NotificacionFinalVerificaSha256YDestinatarioDcav" computerName="DESKTOP-S4GE44J" duration="00:00:00.0016022" startTime="2026-07-14T12:24:39.7008551-05:00" endTime="2026-07-14T12:24:39.7021207-05:00" testType="13cdc9d9-ddb5-4fa4-a97d-d965ccfc6d4b" outcome="Passed" testListId="8c84fa94-04c1-424b-9868-57a2d4851a1d" relativeResultsDirectory="72c1a0ee-8b60-45f4-8c1b-894ecfbcf54e" />
    <UnitTestResult executionId="8828747a-4792-4cf5-b25b-bb6917e0fe18" testId="cbd1b235-38a2-98c6-98bb-833d77404c80" testName="BandejaDcav_UsaEstadoCentral_NoConsultaLegacy" computerName="DESKTOP-S4GE44J" duration="00:00:00.0023875" startTime="2026-07-14T12:24:39.6696947-05:00" endTime="2026-07-14T12:24:39.6737261-05:00" testType="13cdc9d9-ddb5-4fa4-a97d-d965ccfc6d4b" outcome="Passed" testListId="8c84fa94-04c1-424b-9868-57a2d4851a1d" relativeResultsDirectory="8828747a-4792-4cf5-b25b-bb6917e0fe18" />
    <UnitTestResult executionId="ce448e67-896d-4cdf-bf5b-5c59c1bd53fb" testId="5594b01b-2826-02e9-f688-f323455d2a53" testName="AocrFlujoService_EnInspeccion_A_Observada_DebePermitir" computerName="DESKTOP-S4GE44J" duration="00:00:00.0158000" startTime="2026-07-14T12:24:39.6509420-05:00" endTime="2026-07-14T12:24:39.6676872-05:00" testType="13cdc9d9-ddb5-4fa4-a97d-d965ccfc6d4b" outcome="Passed" testListId="8c84fa94-04c1-424b-9868-57a2d4851a1d" relativeResultsDirectory="ce448e67-896d-4cdf-bf5b-5c59c1bd53fb" />
    <UnitTestResult executionId="234be5f5-383f-48bc-91cb-734c971e7a56" testId="e3935b22-dbc5-7bf4-99d7-65154507c1d8" testName="Adm1_Direccion_CargarDocumentosComoRt_DebeDenegar" computerName="DESKTOP-S4GE44J" duration="00:00:00.0016093" startTime="2026-07-14T12:24:39.9633641-05:00" endTime="2026-07-14T12:24:39.9653595-05:00" testType="13cdc9d9-ddb5-4fa4-a97d-d965ccfc6d4b" outcome="Failed" testListId="8c84fa94-04c1-424b-9868-57a2d4851a1d" relativeResultsDirectory="234be5f5-383f-48bc-91cb-734c971e7a56">
      <Output>
        <ErrorInfo>
          <Message>Excepción método de prueba AOCR.Tests.Unit.GateEAuthorizationTests.Adm1_Direccion_CargarDocumentosComoRt_DebeDenegar: &#xD;
System.InvalidOperationException: Servidor AS400 no configurado.</Message>
          <StackTrace>    en CapaDatos.Infrastructure.AS400BaseDAO.BuildConnectionString(AS400Credentials creds) en C:\proyectos\AOCR\CapaDatos\Infrastructure\AS400BaseDAO.cs:línea 76&#xD;
   en CapaDatos.Infrastructure.AS400BaseDAO..ctor(ISecureConfigurationService configService, Int32 commandTimeout) en C:\proyectos\AOCR\CapaDatos\Infrastructure\AS400BaseDAO.cs:línea 47&#xD;
   en CapaDatos.DAOs.UsuarioAS400DAO..ctor(ISecureConfigurationService configService) en C:\proyectos\AOCR\CapaDatos\DAOs\UsuarioAS400DAO.cs:línea 19&#xD;
   en CapaNegocio.SolicitudAocrInfraBL..ctor() en C:\proyectos\AOCR\CapaNegocio\SolicitudAocrInfraBL.cs:línea 27&#xD;
   en CapaNegocio.Services.RevisionDocumentalService..ctor() en C:\proyectos\AOCR\CapaNegocio\Services\RevisionDocumentalService.cs:línea 65&#xD;
   en CapaNegocio.Services.AocrAuthorizationService..ctor() en C:\proyectos\AOCR\CapaNegocio\Services\AocrAuthorizationService.cs:línea 187&#xD;
   en AOCR.Tests.Unit.GateEAuthorizationTests.CrearServicio() en C:\proyectos\AOCR\AOCR.Tests\Unit\GateEAuthorizationTests.cs:línea 13&#xD;
   en AOCR.Tests.Unit.GateEAuthorizationTests.Adm1_Direccion_CargarDocumentosComoRt_DebeDenegar() en C:\proyectos\AOCR\AOCR.Tests\Unit\GateEAuthorizationTests.cs:línea 113&#xD;
</StackTrace>
        </ErrorInfo>
      </Output>
    </UnitTestResult>
    <UnitTestResult executionId="c5287fbd-6066-45a0-923f-b78a52f9e790" testId="0ae678ea-3708-648b-6745-29621793d248" testName="BuildAocrEventKey_InspectorAsignado_DebeGenerarClaveUnica" computerName="DESKTOP-S4GE44J" duration="00:00:00.0159842" startTime="2026-07-14T12:24:39.3236720-05:00" endTime="2026-07-14T12:24:39.6293764-05:00" testType="13cdc9d9-ddb5-4fa4-a97d-d965ccfc6d4b" outcome="Passed" testListId="8c84fa94-04c1-424b-9868-57a2d4851a1d" relativeResultsDirectory="c5287fbd-6066-45a0-923f-b78a52f9e790" />
    <UnitTestResult executionId="4ff62958-25fb-4b9e-9555-0a89063ee000" testId="84fc64fa-bc10-9d15-f934-3e4856c7d3ea" testName="Rt_ValidaPropiedadEstadoTamanoFirmaPdfYAlmacenaFueraDePublico" computerName="DESKTOP-S4GE44J" duration="00:00:00.0009708" startTime="2026-07-14T12:24:39.7078685-05:00" endTime="2026-07-14T12:24:39.7088753-05:00" testType="13cdc9d9-ddb5-4fa4-a97d-d965ccfc6d4b" outcome="Passed" testListId="8c84fa94-04c1-424b-9868-57a2d4851a1d" relativeResultsDirectory="4ff62958-25fb-4b9e-9555-0a89063ee000" />
    <UnitTestResult executionId="d36df11a-cc5a-4f1b-b638-984883ca2dd2" testId="6929b532-3455-7dbe-aaee-0ae04ed24374" testName="AprobacionDcav_HabilitaModulosSieteYOcho" computerName="DESKTOP-S4GE44J" duration="00:00:00.0031561" startTime="2026-07-14T12:24:39.6806986-05:00" endTime="2026-07-14T12:24:39.6836972-05:00" testType="13cdc9d9-ddb5-4fa4-a97d-d965ccfc6d4b" outcome="Passed" testListId="8c84fa94-04c1-424b-9868-57a2d4851a1d" relativeResultsDirectory="d36df11a-cc5a-4f1b-b638-984883ca2dd2" />
    <UnitTestResult executionId="54547194-b6b6-4421-9732-0f2341611118" testId="95e10363-758b-b0ba-8ce9-3bf975d1ba94" testName="CierreEsBloqueadoPorNoConformidadesVigentes" computerName="DESKTOP-S4GE44J" duration="00:00:00.0002583" startTime="2026-07-14T12:24:39.6978550-05:00" endTime="2026-07-14T12:24:39.7008551-05:00" testType="13cdc9d9-ddb5-4fa4-a97d-d965ccfc6d4b" outcome="Passed" testListId="8c84fa94-04c1-424b-9868-57a2d4851a1d" relativeResultsDirectory="54547194-b6b6-4421-9732-0f2341611118" />
    <UnitTestResult executionId="2f41c13a-5b30-44b7-8936-349f7989444c" testId="d3481fb1-a6d5-f6f6-9745-a4c4ee9902b1" testName="FirmaActualizaEstadoCentralDeModulosSieteYOcho" computerName="DESKTOP-S4GE44J" duration="00:00:00.0009848" startTime="2026-07-14T12:24:39.7066316-05:00" endTime="2026-07-14T12:24:39.7078685-05:00" testType="13cdc9d9-ddb5-4fa4-a97d-d965ccfc6d4b" outcome="Passed" testListId="8c84fa94-04c1-424b-9868-57a2d4851a1d" relativeResultsDirectory="2f41c13a-5b30-44b7-8936-349f7989444c" />
    <UnitTestResult executionId="6dd7a6b6-8c4b-4b0a-93d1-6c56f2aae88d" testId="e879048b-4b1a-d748-2927-388fab1c0671" testName="CierreGateH_TieneMigracionIdempotenteYRollback" computerName="DESKTOP-S4GE44J" duration="00:00:00.0003160" startTime="2026-07-14T12:24:39.7078685-05:00" endTime="2026-07-14T12:24:39.7078685-05:00" testType="13cdc9d9-ddb5-4fa4-a97d-d965ccfc6d4b" outcome="Passed" testListId="8c84fa94-04c1-424b-9868-57a2d4851a1d" relativeResultsDirectory="6dd7a6b6-8c4b-4b0a-93d1-6c56f2aae88d" />
    <UnitTestResult executionId="91a82fbb-a083-408a-b638-68d88c667186" testId="6a764846-cce6-3a3c-cd99-0e21086a6d1e" testName="MigracionIncluyeRollback" computerName="DESKTOP-S4GE44J" duration="00:00:00.0003075" startTime="2026-07-14T12:24:39.6958582-05:00" endTime="2026-07-14T12:24:39.6968575-05:00" testType="13cdc9d9-ddb5-4fa4-a97d-d965ccfc6d4b" outcome="Passed" testListId="8c84fa94-04c1-424b-9868-57a2d4851a1d" relativeResultsDirectory="91a82fbb-a083-408a-b638-68d88c667186" />
    <UnitTestResult executionId="e9986d55-d37a-45e4-a932-30e003ce200d" testId="a882b038-5977-8018-e193-35907df902ed" testName="Adm1_Coordinador_ModificarInformeTecnico_DebeDenegar" computerName="DESKTOP-S4GE44J" duration="00:00:00.0023612" startTime="2026-07-14T12:24:39.9601051-05:00" endTime="2026-07-14T12:24:39.9623621-05:00" testType="13cdc9d9-ddb5-4fa4-a97d-d965ccfc6d4b" outcome="Failed" testListId="8c84fa94-04c1-424b-9868-57a2d4851a1d" relativeResultsDirectory="e9986d55-d37a-45e4-a932-30e003ce200d">
      <Output>
        <ErrorInfo>
          <Message>Excepción método de prueba AOCR.Tests.Unit.GateEAuthorizationTests.Adm1_Coordinador_ModificarInformeTecnico_DebeDenegar: &#xD;
System.InvalidOperationException: Servidor AS400 no configurado.</Message>
          <StackTrace>    en CapaDatos.Infrastructure.AS400BaseDAO.BuildConnectionString(AS400Credentials creds) en C:\proyectos\AOCR\CapaDatos\Infrastructure\AS400BaseDAO.cs:línea 76&#xD;
   en CapaDatos.Infrastructure.AS400BaseDAO..ctor(ISecureConfigurationService configService, Int32 commandTimeout) en C:\proyectos\AOCR\CapaDatos\Infrastructure\AS400BaseDAO.cs:línea 47&#xD;
   en CapaDatos.DAOs.UsuarioAS400DAO..ctor(ISecureConfigurationService configService) en C:\proyectos\AOCR\CapaDatos\DAOs\UsuarioAS400DAO.cs:línea 19&#xD;
   en CapaNegocio.SolicitudAocrInfraBL..ctor() en C:\proyectos\AOCR\CapaNegocio\SolicitudAocrInfraBL.cs:línea 27&#xD;
   en CapaNegocio.Services.RevisionDocumentalService..ctor() en C:\proyectos\AOCR\CapaNegocio\Services\RevisionDocumentalService.cs:línea 65&#xD;
   en CapaNegocio.Services.AocrAuthorizationService..ctor() en C:\proyectos\AOCR\CapaNegocio\Services\AocrAuthorizationService.cs:línea 187&#xD;
   en AOCR.Tests.Unit.GateEAuthorizationTests.CrearServicio() en C:\proyectos\AOCR\AOCR.Tests\Unit\GateEAuthorizationTests.cs:línea 13&#xD;
   en AOCR.Tests.Unit.GateEAuthorizationTests.Adm1_Coordinador_ModificarInformeTecnico_DebeDenegar() en C:\proyectos\AOCR\AOCR.Tests\Unit\GateEAuthorizationTests.cs:línea 101&#xD;
</StackTrace>
        </ErrorInfo>
      </Output>
    </UnitTestResult>
    <UnitTestResult executionId="3cfea8d6-7e93-4610-8de2-74268bd67e5a" testId="01997a9f-3a23-e5e9-deb9-864e87379393" testName="Inspector_ValidaRelacionAsignacionYDescargaProtegida" computerName="DESKTOP-S4GE44J" duration="00:00:00.0019801" startTime="2026-07-14T12:24:39.7108842-05:00" endTime="2026-07-14T12:24:39.7128838-05:00" testType="13cdc9d9-ddb5-4fa4-a97d-d965ccfc6d4b" outcome="Passed" testListId="8c84fa94-04c1-424b-9868-57a2d4851a1d" relativeResultsDirectory="3cfea8d6-7e93-4610-8de2-74268bd67e5a" />
    <UnitTestResult executionId="77ea9e4c-d9e4-4798-a074-a666081d0cad" testId="439f1f33-43b1-c5a2-ee03-b3875ae3cef0" testName="BuildAocrEventKey_MismaClave_DebeSerDeterministica" computerName="DESKTOP-S4GE44J" duration="00:00:00.0015937" startTime="2026-07-14T12:24:39.6414698-05:00" endTime="2026-07-14T12:24:39.6437384-05:00" testType="13cdc9d9-ddb5-4fa4-a97d-d965ccfc6d4b" outcome="Passed" testListId="8c84fa94-04c1-424b-9868-57a2d4851a1d" relativeResultsDirectory="77ea9e4c-d9e4-4798-a074-a666081d0cad" />
  </Results>
  <TestDefinitions>
    <UnitTest name="Rt_ValidaPropiedadEstadoTamanoFirmaPdfYAlmacenaFueraDePublico" storage="c:\proyectos\aocr\aocr.tests\bin\debug\aocr.tests.dll" id="84fc64fa-bc10-9d15-f934-3e4856c7d3ea">
      <Execution id="4ff62958-25fb-4b9e-9555-0a89063ee000" />
      <TestMethod codeBase="C:\proyectos\AOCR\AOCR.Tests\bin\Debug\AOCR.Tests.dll" adapterTypeName="executor://mstestadapter/v2" className="AOCR.Tests.Unit.GateFSubsanacionDocumentalTests" name="Rt_ValidaPropiedadEstadoTamanoFirmaPdfYAlmacenaFueraDePublico" />
    </UnitTest>
    <UnitTest name="NotificacionFinalVerificaSha256YDestinatarioDcav" storage="c:\proyectos\aocr\aocr.tests\bin\debug\aocr.tests.dll" id="b24bcd80-7089-5dbf-c4c9-fe5f42818384">
      <Execution id="72c1a0ee-8b60-45f4-8c1b-894ecfbcf54e" />
      <TestMethod codeBase="C:\proyectos\AOCR\AOCR.Tests\bin\Debug\AOCR.Tests.dll" adapterTypeName="executor://mstestadapter/v2" className="AOCR.Tests.Unit.GateHDcavFlowTests" name="NotificacionFinalVerificaSha256YDestinatarioDcav" />
    </UnitTest>
    <UnitTest name="BuildAocrEventKey_InspectorAsignado_DebeGenerarClaveUnica" storage="c:\proyectos\aocr\aocr.tests\bin\debug\aocr.tests.dll" id="0ae678ea-3708-648b-6745-29621793d248">
      <Execution id="c5287fbd-6066-45a0-923f-b78a52f9e790" />
      <TestMethod codeBase="C:\proyectos\AOCR\AOCR.Tests\bin\Debug\AOCR.Tests.dll" adapterTypeName="executor://mstestadapter/v2" className="AOCR.Tests.Unit.GateDNoConformidadTests" name="BuildAocrEventKey_InspectorAsignado_DebeGenerarClaveUnica" />
    </UnitTest>
    <UnitTest name="DirectorDcav_PuedeEntrarYFirmarCondiciones" storage="c:\proyectos\aocr\aocr.tests\bin\debug\aocr.tests.dll" id="2686d838-491d-508e-8cbd-c7ea00afc91c">
      <Execution id="1ad422c4-d55c-4f48-8221-7b6e300da8c9" />
      <TestMethod codeBase="C:\proyectos\AOCR\AOCR.Tests\bin\Debug\AOCR.Tests.dll" adapterTypeName="executor://mstestadapter/v2" className="AOCR.Tests.Unit.GateHDcavFlowTests" name="DirectorDcav_PuedeEntrarYFirmarCondiciones" />
    </UnitTest>
    <UnitTest name="MigracionExistenteEsIdempotenteYTieneRollback" storage="c:\proyectos\aocr\aocr.tests\bin\debug\aocr.tests.dll" id="a854b757-039c-411e-198e-38bb13e993f3">
      <Execution id="1720a27a-3696-4bd7-a8b2-e5eb3f6db494" />
      <TestMethod codeBase="C:\proyectos\AOCR\AOCR.Tests\bin\Debug\AOCR.Tests.dll" adapterTypeName="executor://mstestadapter/v2" className="AOCR.Tests.Unit.GateFSubsanacionDocumentalTests" name="MigracionExistenteEsIdempotenteYTieneRollback" />
    </UnitTest>
    <UnitTest name="Adm1_Rt_InformeTecnicoInspector_DebeDenegar" storage="c:\proyectos\aocr\aocr.tests\bin\debug\aocr.tests.dll" id="6696147d-a247-3b09-95ce-3c19468426b2">
      <Execution id="82c07664-0997-4092-9cb7-84145a3b6763" />
      <TestMethod codeBase="C:\proyectos\AOCR\AOCR.Tests\bin\Debug\AOCR.Tests.dll" adapterTypeName="executor://mstestadapter/v2" className="AOCR.Tests.Unit.GateEAuthorizationTests" name="Adm1_Rt_InformeTecnicoInspector_DebeDenegar" />
    </UnitTest>
    <UnitTest name="AprobacionDcav_HabilitaModulosSieteYOcho" storage="c:\proyectos\aocr\aocr.tests\bin\debug\aocr.tests.dll" id="6929b532-3455-7dbe-aaee-0ae04ed24374">
      <Execution id="d36df11a-cc5a-4f1b-b638-984883ca2dd2" />
      <TestMethod codeBase="C:\proyectos\AOCR\AOCR.Tests\bin\Debug\AOCR.Tests.dll" adapterTypeName="executor://mstestadapter/v2" className="AOCR.Tests.Unit.GateHDcavFlowTests" name="AprobacionDcav_HabilitaModulosSieteYOcho" />
    </UnitTest>
    <UnitTest name="GateE_LegacyEstadoService_DebeMapearCatalogoHistorico" storage="c:\proyectos\aocr\aocr.tests\bin\debug\aocr.tests.dll" id="b02747ac-7883-b513-da97-7990880c6d26">
      <Execution id="825b43d3-96c2-4917-b275-f677cb7f498b" />
      <TestMethod codeBase="C:\proyectos\AOCR\AOCR.Tests\bin\Debug\AOCR.Tests.dll" adapterTypeName="executor://mstestadapter/v2" className="AOCR.Tests.Unit.GateEAuthorizationTests" name="GateE_LegacyEstadoService_DebeMapearCatalogoHistorico" />
    </UnitTest>
    <UnitTest name="Adm1_Direccion_CargarDocumentosComoRt_DebeDenegar" storage="c:\proyectos\aocr\aocr.tests\bin\debug\aocr.tests.dll" id="e3935b22-dbc5-7bf4-99d7-65154507c1d8">
      <Execution id="234be5f5-383f-48bc-91cb-734c971e7a56" />
      <TestMethod codeBase="C:\proyectos\AOCR\AOCR.Tests\bin\Debug\AOCR.Tests.dll" adapterTypeName="executor://mstestadapter/v2" className="AOCR.Tests.Unit.GateEAuthorizationTests" name="Adm1_Direccion_CargarDocumentosComoRt_DebeDenegar" />
    </UnitTest>
    <UnitTest name="TransicionInspector_AsignaResponsableDcav" storage="c:\proyectos\aocr\aocr.tests\bin\debug\aocr.tests.dll" id="eaf3fc54-d5b8-45e4-050f-781d005fddef">
      <Execution id="20d2ea3c-bdbc-4fb1-ac7c-cfcfc8c68fc1" />
      <TestMethod codeBase="C:\proyectos\AOCR\AOCR.Tests\bin\Debug\AOCR.Tests.dll" adapterTypeName="executor://mstestadapter/v2" className="AOCR.Tests.Unit.GateHDcavFlowTests" name="TransicionInspector_AsignaResponsableDcav" />
    </UnitTest>
    <UnitTest name="CierreGateH_TieneMigracionIdempotenteYRollback" storage="c:\proyectos\aocr\aocr.tests\bin\debug\aocr.tests.dll" id="e879048b-4b1a-d748-2927-388fab1c0671">
      <Execution id="6dd7a6b6-8c4b-4b0a-93d1-6c56f2aae88d" />
      <TestMethod codeBase="C:\proyectos\AOCR\AOCR.Tests\bin\Debug\AOCR.Tests.dll" adapterTypeName="executor://mstestadapter/v2" className="AOCR.Tests.Unit.GateHDcavFlowTests" name="CierreGateH_TieneMigracionIdempotenteYRollback" />
    </UnitTest>
    <UnitTest name="FirmaActualizaEstadoCentralDeModulosSieteYOcho" storage="c:\proyectos\aocr\aocr.tests\bin\debug\aocr.tests.dll" id="d3481fb1-a6d5-f6f6-9745-a4c4ee9902b1">
      <Execution id="2f41c13a-5b30-44b7-8936-349f7989444c" />
      <TestMethod codeBase="C:\proyectos\AOCR\AOCR.Tests\bin\Debug\AOCR.Tests.dll" adapterTypeName="executor://mstestadapter/v2" className="AOCR.Tests.Unit.GateHDcavFlowTests" name="FirmaActualizaEstadoCentralDeModulosSieteYOcho" />
    </UnitTest>
    <UnitTest name="GateE_Rt_CambiarEstadoInspeccion_DebeDenegar" storage="c:\proyectos\aocr\aocr.tests\bin\debug\aocr.tests.dll" id="8d1ed261-4f87-53ea-2379-988266618ae1">
      <Execution id="947e718c-2e5d-4e0a-908c-154c69b95bc4" />
      <TestMethod codeBase="C:\proyectos\AOCR\AOCR.Tests\bin\Debug\AOCR.Tests.dll" adapterTypeName="executor://mstestadapter/v2" className="AOCR.Tests.Unit.GateEAuthorizationTests" name="GateE_Rt_CambiarEstadoInspeccion_DebeDenegar" />
    </UnitTest>
    <UnitTest name="GateE_MatrizDebeIncluirDescargasYAccionesPostCriticas" storage="c:\proyectos\aocr\aocr.tests\bin\debug\aocr.tests.dll" id="d4119b48-80ae-83ca-af0e-a71a9388213e">
      <Execution id="b8a5be1b-0767-41f7-99dc-c98c1545667f" />
      <TestMethod codeBase="C:\proyectos\AOCR\AOCR.Tests\bin\Debug\AOCR.Tests.dll" adapterTypeName="executor://mstestadapter/v2" className="AOCR.Tests.Unit.GateEAuthorizationTests" name="GateE_MatrizDebeIncluirDescargasYAccionesPostCriticas" />
    </UnitTest>
    <UnitTest name="BandejaDcav_UsaEstadoCentral_NoConsultaLegacy" storage="c:\proyectos\aocr\aocr.tests\bin\debug\aocr.tests.dll" id="cbd1b235-38a2-98c6-98bb-833d77404c80">
      <Execution id="8828747a-4792-4cf5-b25b-bb6917e0fe18" />
      <TestMethod codeBase="C:\proyectos\AOCR\AOCR.Tests\bin\Debug\AOCR.Tests.dll" adapterTypeName="executor://mstestadapter/v2" className="AOCR.Tests.Unit.GateHDcavFlowTests" name="BandejaDcav_UsaEstadoCentral_NoConsultaLegacy" />
    </UnitTest>
    <UnitTest name="MigracionIncluyeRollback" storage="c:\proyectos\aocr\aocr.tests\bin\debug\aocr.tests.dll" id="6a764846-cce6-3a3c-cd99-0e21086a6d1e">
      <Execution id="91a82fbb-a083-408a-b638-68d88c667186" />
      <TestMethod codeBase="C:\proyectos\AOCR\AOCR.Tests\bin\Debug\AOCR.Tests.dll" adapterTypeName="executor://mstestadapter/v2" className="AOCR.Tests.Unit.GateHDcavFlowTests" name="MigracionIncluyeRollback" />
    </UnitTest>
    <UnitTest name="Adm1_Inspector_GenerarAocrFinal_DebeDenegar" storage="c:\proyectos\aocr\aocr.tests\bin\debug\aocr.tests.dll" id="db213c60-6b7e-4c72-9edf-fe315232de98">
      <Execution id="44d2697a-cb0d-4fb4-b0cb-0c0b91fdec96" />
      <TestMethod codeBase="C:\proyectos\AOCR\AOCR.Tests\bin\Debug\AOCR.Tests.dll" adapterTypeName="executor://mstestadapter/v2" className="AOCR.Tests.Unit.GateEAuthorizationTests" name="Adm1_Inspector_GenerarAocrFinal_DebeDenegar" />
    </UnitTest>
    <UnitTest name="DescargarCondiciones_NoFinalizaComoEfectoSecundario" storage="c:\proyectos\aocr\aocr.tests\bin\debug\aocr.tests.dll" id="2bb8e568-0ad5-039f-021c-fa5b556cba09">
      <Execution id="9272768a-75dd-4f4b-a970-10a2db00739f" />
      <TestMethod codeBase="C:\proyectos\AOCR\AOCR.Tests\bin\Debug\AOCR.Tests.dll" adapterTypeName="executor://mstestadapter/v2" className="AOCR.Tests.Unit.GateHDcavFlowTests" name="DescargarCondiciones_NoFinalizaComoEfectoSecundario" />
    </UnitTest>
    <UnitTest name="AocrFlujoService_EnInspeccion_A_Observada_DebePermitir" storage="c:\proyectos\aocr\aocr.tests\bin\debug\aocr.tests.dll" id="5594b01b-2826-02e9-f688-f323455d2a53">
      <Execution id="ce448e67-896d-4cdf-bf5b-5c59c1bd53fb" />
      <TestMethod codeBase="C:\proyectos\AOCR\AOCR.Tests\bin\Debug\AOCR.Tests.dll" adapterTypeName="executor://mstestadapter/v2" className="AOCR.Tests.Unit.GateDNoConformidadTests" name="AocrFlujoService_EnInspeccion_A_Observada_DebePermitir" />
    </UnitTest>
    <UnitTest name="BuildAocrEventKey_MismaClave_DebeSerDeterministica" storage="c:\proyectos\aocr\aocr.tests\bin\debug\aocr.tests.dll" id="439f1f33-43b1-c5a2-ee03-b3875ae3cef0">
      <Execution id="77ea9e4c-d9e4-4798-a074-a666081d0cad" />
      <TestMethod codeBase="C:\proyectos\AOCR\AOCR.Tests\bin\Debug\AOCR.Tests.dll" adapterTypeName="executor://mstestadapter/v2" className="AOCR.Tests.Unit.GateDNoConformidadTests" name="BuildAocrEventKey_MismaClave_DebeSerDeterministica" />
    </UnitTest>
    <UnitTest name="TransicionesNc_SonOptimistasYDevolucionCreaVersionSiguiente" storage="c:\proyectos\aocr\aocr.tests\bin\debug\aocr.tests.dll" id="e9ef9185-b157-384b-98ea-ca073bd9d557">
      <Execution id="5cacb247-d8f4-433f-ac6b-54792c7b3d6a" />
      <TestMethod codeBase="C:\proyectos\AOCR\AOCR.Tests\bin\Debug\AOCR.Tests.dll" adapterTypeName="executor://mstestadapter/v2" className="AOCR.Tests.Unit.GateFSubsanacionDocumentalTests" name="TransicionesNc_SonOptimistasYDevolucionCreaVersionSiguiente" />
    </UnitTest>
    <UnitTest name="EstadosInspeccion_ResultadoNoSatisfactorio_NoDebePermitirCargaRt" storage="c:\proyectos\aocr\aocr.tests\bin\debug\aocr.tests.dll" id="5d0859bc-e372-11df-2ea5-1c321c2c0870">
      <Execution id="ce9f3329-312c-4980-b4fa-7a0ca5c108f5" />
      <TestMethod codeBase="C:\proyectos\AOCR\AOCR.Tests\bin\Debug\AOCR.Tests.dll" adapterTypeName="executor://mstestadapter/v2" className="AOCR.Tests.Unit.GateDNoConformidadTests" name="EstadosInspeccion_ResultadoNoSatisfactorio_NoDebePermitirCargaRt" />
    </UnitTest>
    <UnitTest name="Adm1_Rt_FirmarLv_DebeDenegar" storage="c:\proyectos\aocr\aocr.tests\bin\debug\aocr.tests.dll" id="e7969bba-7a35-c275-bcef-fc8723027760">
      <Execution id="f61ff5eb-63e0-46e9-b045-05adc9d45e73" />
      <TestMethod codeBase="C:\proyectos\AOCR\AOCR.Tests\bin\Debug\AOCR.Tests.dll" adapterTypeName="executor://mstestadapter/v2" className="AOCR.Tests.Unit.GateEAuthorizationTests" name="Adm1_Rt_FirmarLv_DebeDenegar" />
    </UnitTest>
    <UnitTest name="EstadoCentralDcav_EstaDefinido" storage="c:\proyectos\aocr\aocr.tests\bin\debug\aocr.tests.dll" id="181aab31-b3c8-b35d-da1e-50c233600bad">
      <Execution id="6e789f86-645e-42b4-9879-ee8cc443a327" />
      <TestMethod codeBase="C:\proyectos\AOCR\AOCR.Tests\bin\Debug\AOCR.Tests.dll" adapterTypeName="executor://mstestadapter/v2" className="AOCR.Tests.Unit.GateHDcavFlowTests" name="EstadoCentralDcav_EstaDefinido" />
    </UnitTest>
    <UnitTest name="CierreExigeDosFirmasHashTamanoFirmanteYArchivo" storage="c:\proyectos\aocr\aocr.tests\bin\debug\aocr.tests.dll" id="1ac50a39-1c83-9157-d1bb-3b00d3520252">
      <Execution id="7173377c-8f34-4580-8528-8c76c2ede53b" />
      <TestMethod codeBase="C:\proyectos\AOCR\AOCR.Tests\bin\Debug\AOCR.Tests.dll" adapterTypeName="executor://mstestadapter/v2" className="AOCR.Tests.Unit.GateHDcavFlowTests" name="CierreExigeDosFirmasHashTamanoFirmanteYArchivo" />
    </UnitTest>
    <UnitTest name="Adm1_Coordinador_ModificarInformeTecnico_DebeDenegar" storage="c:\proyectos\aocr\aocr.tests\bin\debug\aocr.tests.dll" id="a882b038-5977-8018-e193-35907df902ed">
      <Execution id="e9986d55-d37a-45e4-a932-30e003ce200d" />
      <TestMethod codeBase="C:\proyectos\AOCR\AOCR.Tests\bin\Debug\AOCR.Tests.dll" adapterTypeName="executor://mstestadapter/v2" className="AOCR.Tests.Unit.GateEAuthorizationTests" name="Adm1_Coordinador_ModificarInformeTecnico_DebeDenegar" />
    </UnitTest>
    <UnitTest name="CierreEsBloqueadoPorNoConformidadesVigentes" storage="c:\proyectos\aocr\aocr.tests\bin\debug\aocr.tests.dll" id="95e10363-758b-b0ba-8ce9-3bf975d1ba94">
      <Execution id="54547194-b6b6-4421-9732-0f2341611118" />
      <TestMethod codeBase="C:\proyectos\AOCR\AOCR.Tests\bin\Debug\AOCR.Tests.dll" adapterTypeName="executor://mstestadapter/v2" className="AOCR.Tests.Unit.GateHDcavFlowTests" name="CierreEsBloqueadoPorNoConformidadesVigentes" />
    </UnitTest>
    <UnitTest name="Adm1_InspectorNoAsignado_DetalleInspeccion_DebeDenegar" storage="c:\proyectos\aocr\aocr.tests\bin\debug\aocr.tests.dll" id="8ade99e1-9c67-55a8-03c4-111bbf42bf53">
      <Execution id="321ab16e-1901-4e57-8019-68108d206d24" />
      <TestMethod codeBase="C:\proyectos\AOCR\AOCR.Tests\bin\Debug\AOCR.Tests.dll" adapterTypeName="executor://mstestadapter/v2" className="AOCR.Tests.Unit.GateEAuthorizationTests" name="Adm1_InspectorNoAsignado_DetalleInspeccion_DebeDenegar" />
    </UnitTest>
    <UnitTest name="Inspector_ValidaRelacionAsignacionYDescargaProtegida" storage="c:\proyectos\aocr\aocr.tests\bin\debug\aocr.tests.dll" id="01997a9f-3a23-e5e9-deb9-864e87379393">
      <Execution id="3cfea8d6-7e93-4610-8de2-74268bd67e5a" />
      <TestMethod codeBase="C:\proyectos\AOCR\AOCR.Tests\bin\Debug\AOCR.Tests.dll" adapterTypeName="executor://mstestadapter/v2" className="AOCR.Tests.Unit.GateFSubsanacionDocumentalTests" name="Inspector_ValidaRelacionAsignacionYDescargaProtegida" />
    </UnitTest>
  </TestDefinitions>
  <TestEntries>
    <TestEntry testId="e9ef9185-b157-384b-98ea-ca073bd9d557" executionId="5cacb247-d8f4-433f-ac6b-54792c7b3d6a" testListId="8c84fa94-04c1-424b-9868-57a2d4851a1d" />
    <TestEntry testId="181aab31-b3c8-b35d-da1e-50c233600bad" executionId="6e789f86-645e-42b4-9879-ee8cc443a327" testListId="8c84fa94-04c1-424b-9868-57a2d4851a1d" />
    <TestEntry testId="5d0859bc-e372-11df-2ea5-1c321c2c0870" executionId="ce9f3329-312c-4980-b4fa-7a0ca5c108f5" testListId="8c84fa94-04c1-424b-9868-57a2d4851a1d" />
    <TestEntry testId="d4119b48-80ae-83ca-af0e-a71a9388213e" executionId="b8a5be1b-0767-41f7-99dc-c98c1545667f" testListId="8c84fa94-04c1-424b-9868-57a2d4851a1d" />
    <TestEntry testId="6696147d-a247-3b09-95ce-3c19468426b2" executionId="82c07664-0997-4092-9cb7-84145a3b6763" testListId="8c84fa94-04c1-424b-9868-57a2d4851a1d" />
    <TestEntry testId="2686d838-491d-508e-8cbd-c7ea00afc91c" executionId="1ad422c4-d55c-4f48-8221-7b6e300da8c9" testListId="8c84fa94-04c1-424b-9868-57a2d4851a1d" />
    <TestEntry testId="8d1ed261-4f87-53ea-2379-988266618ae1" executionId="947e718c-2e5d-4e0a-908c-154c69b95bc4" testListId="8c84fa94-04c1-424b-9868-57a2d4851a1d" />
    <TestEntry testId="e7969bba-7a35-c275-bcef-fc8723027760" executionId="f61ff5eb-63e0-46e9-b045-05adc9d45e73" testListId="8c84fa94-04c1-424b-9868-57a2d4851a1d" />
    <TestEntry testId="b02747ac-7883-b513-da97-7990880c6d26" executionId="825b43d3-96c2-4917-b275-f677cb7f498b" testListId="8c84fa94-04c1-424b-9868-57a2d4851a1d" />
    <TestEntry testId="2bb8e568-0ad5-039f-021c-fa5b556cba09" executionId="9272768a-75dd-4f4b-a970-10a2db00739f" testListId="8c84fa94-04c1-424b-9868-57a2d4851a1d" />
    <TestEntry testId="db213c60-6b7e-4c72-9edf-fe315232de98" executionId="44d2697a-cb0d-4fb4-b0cb-0c0b91fdec96" testListId="8c84fa94-04c1-424b-9868-57a2d4851a1d" />
    <TestEntry testId="eaf3fc54-d5b8-45e4-050f-781d005fddef" executionId="20d2ea3c-bdbc-4fb1-ac7c-cfcfc8c68fc1" testListId="8c84fa94-04c1-424b-9868-57a2d4851a1d" />
    <TestEntry testId="8ade99e1-9c67-55a8-03c4-111bbf42bf53" executionId="321ab16e-1901-4e57-8019-68108d206d24" testListId="8c84fa94-04c1-424b-9868-57a2d4851a1d" />
    <TestEntry testId="1ac50a39-1c83-9157-d1bb-3b00d3520252" executionId="7173377c-8f34-4580-8528-8c76c2ede53b" testListId="8c84fa94-04c1-424b-9868-57a2d4851a1d" />
    <TestEntry testId="a854b757-039c-411e-198e-38bb13e993f3" executionId="1720a27a-3696-4bd7-a8b2-e5eb3f6db494" testListId="8c84fa94-04c1-424b-9868-57a2d4851a1d" />
    <TestEntry testId="b24bcd80-7089-5dbf-c4c9-fe5f42818384" executionId="72c1a0ee-8b60-45f4-8c1b-894ecfbcf54e" testListId="8c84fa94-04c1-424b-9868-57a2d4851a1d" />
    <TestEntry testId="cbd1b235-38a2-98c6-98bb-833d77404c80" executionId="8828747a-4792-4cf5-b25b-bb6917e0fe18" testListId="8c84fa94-04c1-424b-9868-57a2d4851a1d" />
    <TestEntry testId="5594b01b-2826-02e9-f688-f323455d2a53" executionId="ce448e67-896d-4cdf-bf5b-5c59c1bd53fb" testListId="8c84fa94-04c1-424b-9868-57a2d4851a1d" />
    <TestEntry testId="e3935b22-dbc5-7bf4-99d7-65154507c1d8" executionId="234be5f5-383f-48bc-91cb-734c971e7a56" testListId="8c84fa94-04c1-424b-9868-57a2d4851a1d" />
    <TestEntry testId="0ae678ea-3708-648b-6745-29621793d248" executionId="c5287fbd-6066-45a0-923f-b78a52f9e790" testListId="8c84fa94-04c1-424b-9868-57a2d4851a1d" />
    <TestEntry testId="84fc64fa-bc10-9d15-f934-3e4856c7d3ea" executionId="4ff62958-25fb-4b9e-9555-0a89063ee000" testListId="8c84fa94-04c1-424b-9868-57a2d4851a1d" />
    <TestEntry testId="6929b532-3455-7dbe-aaee-0ae04ed24374" executionId="d36df11a-cc5a-4f1b-b638-984883ca2dd2" testListId="8c84fa94-04c1-424b-9868-57a2d4851a1d" />
    <TestEntry testId="95e10363-758b-b0ba-8ce9-3bf975d1ba94" executionId="54547194-b6b6-4421-9732-0f2341611118" testListId="8c84fa94-04c1-424b-9868-57a2d4851a1d" />
    <TestEntry testId="d3481fb1-a6d5-f6f6-9745-a4c4ee9902b1" executionId="2f41c13a-5b30-44b7-8936-349f7989444c" testListId="8c84fa94-04c1-424b-9868-57a2d4851a1d" />
    <TestEntry testId="e879048b-4b1a-d748-2927-388fab1c0671" executionId="6dd7a6b6-8c4b-4b0a-93d1-6c56f2aae88d" testListId="8c84fa94-04c1-424b-9868-57a2d4851a1d" />
    <TestEntry testId="6a764846-cce6-3a3c-cd99-0e21086a6d1e" executionId="91a82fbb-a083-408a-b638-68d88c667186" testListId="8c84fa94-04c1-424b-9868-57a2d4851a1d" />
    <TestEntry testId="a882b038-5977-8018-e193-35907df902ed" executionId="e9986d55-d37a-45e4-a932-30e003ce200d" testListId="8c84fa94-04c1-424b-9868-57a2d4851a1d" />
    <TestEntry testId="01997a9f-3a23-e5e9-deb9-864e87379393" executionId="3cfea8d6-7e93-4610-8de2-74268bd67e5a" testListId="8c84fa94-04c1-424b-9868-57a2d4851a1d" />
    <TestEntry testId="439f1f33-43b1-c5a2-ee03-b3875ae3cef0" executionId="77ea9e4c-d9e4-4798-a074-a666081d0cad" testListId="8c84fa94-04c1-424b-9868-57a2d4851a1d" />
  </TestEntries>
  <TestLists>
    <TestList name="Resultados sin formato de lista" id="8c84fa94-04c1-424b-9868-57a2d4851a1d" />
    <TestList name="Todos los resultados cargados" id="19431567-8539-422a-85d7-44ee4e166bda" />
  </TestLists>
  <ResultSummary outcome="Failed">
    <Counters total="29" executed="29" passed="21" failed="8" error="0" timeout="0" aborted="0" inconclusive="0" passedButRunAborted="0" notRunnable="0" notExecuted="0" disconnected="0" warning="0" completed="0" inProgress="0" pending="0" />
  </ResultSummary>
</TestRun>