<?xml version="1.0" encoding="utf-8"?>
<TestRun id="6cf9039a-72d9-473e-916c-eb160faf6308" name="german.cajas@DESKTOP-S4GE44J 2026-07-14 14:04:19" runUser="DGAC\german.cajas" xmlns="http://microsoft.com/schemas/VisualStudio/TeamTest/2010">
  <Times creation="2026-07-14T14:04:19.2035134-05:00" queuing="2026-07-14T14:04:19.2035134-05:00" start="2026-07-14T14:04:16.9202029-05:00" finish="2026-07-14T14:04:19.2201833-05:00" />
  <TestSettings name="default" id="0a396ea5-d0a7-4331-a467-d5ca59188153">
    <Deployment runDeploymentRoot="german.cajas_DESKTOP-S4GE44J_2026-07-14_14_04_19" />
  </TestSettings>
  <Results>
    <UnitTestResult executionId="f997fa95-0a5c-4c61-a31e-84ef268ce745" testId="9cfe1572-4966-1db1-7fe5-aa138c51b8ec" testName="Insertar_DebeGenerarIdYGuardarCorrectamente" computerName="DESKTOP-S4GE44J" duration="00:00:00.9358009" startTime="2026-07-14T14:04:17.6531768-05:00" endTime="2026-07-14T14:04:18.7901087-05:00" testType="13cdc9d9-ddb5-4fa4-a97d-d965ccfc6d4b" outcome="Passed" testListId="8c84fa94-04c1-424b-9868-57a2d4851a1d" relativeResultsDirectory="f997fa95-0a5c-4c61-a31e-84ef268ce745" />
    <UnitTestResult executionId="5c508c97-9816-4ad8-83b8-7af84f2b11a0" testId="e848da9d-3550-5144-919b-ed267fea28ae" testName="Gate1_RestriccionTipoRuta_RechazaValorInvalidoSinPersistir" computerName="DESKTOP-S4GE44J" duration="00:00:00.0098350" startTime="2026-07-14T14:04:19.0742936-05:00" endTime="2026-07-14T14:04:19.0870190-05:00" testType="13cdc9d9-ddb5-4fa4-a97d-d965ccfc6d4b" outcome="Passed" testListId="8c84fa94-04c1-424b-9868-57a2d4851a1d" relativeResultsDirectory="5c508c97-9816-4ad8-83b8-7af84f2b11a0" />
    <UnitTestResult executionId="cefd23c2-72a5-4b26-9128-048722fe6e58" testId="35fc8718-fd18-ca2c-4063-434c82ef342c" testName="ObtenerPorInspeccion_DebeRetornarLista" computerName="DESKTOP-S4GE44J" duration="00:00:00.0196326" startTime="2026-07-14T14:04:18.7997952-05:00" endTime="2026-07-14T14:04:18.8201831-05:00" testType="13cdc9d9-ddb5-4fa4-a97d-d965ccfc6d4b" outcome="Passed" testListId="8c84fa94-04c1-424b-9868-57a2d4851a1d" relativeResultsDirectory="cefd23c2-72a5-4b26-9128-048722fe6e58" />
    <UnitTestResult executionId="696061d3-a4ff-444d-ab7b-44c029eedbff" testId="10fe6006-2ece-b512-4c69-1105b1f66714" testName="Gate1_EsquemaReal_TieneRelacionesRestriccionesEIndices" computerName="DESKTOP-S4GE44J" duration="00:00:00.0275559" startTime="2026-07-14T14:04:18.8201831-05:00" endTime="2026-07-14T14:04:18.8387492-05:00" testType="13cdc9d9-ddb5-4fa4-a97d-d965ccfc6d4b" outcome="Passed" testListId="8c84fa94-04c1-424b-9868-57a2d4851a1d" relativeResultsDirectory="696061d3-a4ff-444d-ab7b-44c029eedbff" />
    <UnitTestResult executionId="be033f50-b7a0-4d09-9d32-2622c4dc6c48" testId="9b1515cc-132f-d239-a6e7-32a708caf004" testName="Gate1_VinculoNuevaEvaluacion_EsTransaccionalEIdempotente" computerName="DESKTOP-S4GE44J" duration="00:00:00.2259375" startTime="2026-07-14T14:04:18.8387492-05:00" endTime="2026-07-14T14:04:19.0742936-05:00" testType="13cdc9d9-ddb5-4fa4-a97d-d965ccfc6d4b" outcome="Passed" testListId="8c84fa94-04c1-424b-9868-57a2d4851a1d" relativeResultsDirectory="be033f50-b7a0-4d09-9d32-2622c4dc6c48" />
  </Results>
  <TestDefinitions>
    <UnitTest name="Gate1_RestriccionTipoRuta_RechazaValorInvalidoSinPersistir" storage="c:\proyectos\aocr\aocr.tests\bin\debug\aocr.tests.dll" id="e848da9d-3550-5144-919b-ed267fea28ae">
      <TestCategory>
        <TestCategoryItem TestCategory="Integration" />
      </TestCategory>
      <Execution id="5c508c97-9816-4ad8-83b8-7af84f2b11a0" />
      <TestMethod codeBase="C:\proyectos\AOCR\AOCR.Tests\bin\Debug\AOCR.Tests.dll" adapterTypeName="executor://mstestadapter/v2" className="AOCR.Tests.Integration.Gate1NoConformidadRelacionesIntegrationTests" name="Gate1_RestriccionTipoRuta_RechazaValorInvalidoSinPersistir" />
    </UnitTest>
    <UnitTest name="ObtenerPorInspeccion_DebeRetornarLista" storage="c:\proyectos\aocr\aocr.tests\bin\debug\aocr.tests.dll" id="35fc8718-fd18-ca2c-4063-434c82ef342c">
      <Execution id="cefd23c2-72a5-4b26-9128-048722fe6e58" />
      <TestMethod codeBase="C:\proyectos\AOCR\AOCR.Tests\bin\Debug\AOCR.Tests.dll" adapterTypeName="executor://mstestadapter/v2" className="AOCR.Tests.Integration.NoConformidadDAOTests" name="ObtenerPorInspeccion_DebeRetornarLista" />
    </UnitTest>
    <UnitTest name="Gate1_EsquemaReal_TieneRelacionesRestriccionesEIndices" storage="c:\proyectos\aocr\aocr.tests\bin\debug\aocr.tests.dll" id="10fe6006-2ece-b512-4c69-1105b1f66714">
      <TestCategory>
        <TestCategoryItem TestCategory="Integration" />
      </TestCategory>
      <Execution id="696061d3-a4ff-444d-ab7b-44c029eedbff" />
      <TestMethod codeBase="C:\proyectos\AOCR\AOCR.Tests\bin\Debug\AOCR.Tests.dll" adapterTypeName="executor://mstestadapter/v2" className="AOCR.Tests.Integration.Gate1NoConformidadRelacionesIntegrationTests" name="Gate1_EsquemaReal_TieneRelacionesRestriccionesEIndices" />
    </UnitTest>
    <UnitTest name="Gate1_VinculoNuevaEvaluacion_EsTransaccionalEIdempotente" storage="c:\proyectos\aocr\aocr.tests\bin\debug\aocr.tests.dll" id="9b1515cc-132f-d239-a6e7-32a708caf004">
      <TestCategory>
        <TestCategoryItem TestCategory="Integration" />
      </TestCategory>
      <Execution id="be033f50-b7a0-4d09-9d32-2622c4dc6c48" />
      <TestMethod codeBase="C:\proyectos\AOCR\AOCR.Tests\bin\Debug\AOCR.Tests.dll" adapterTypeName="executor://mstestadapter/v2" className="AOCR.Tests.Integration.Gate1NoConformidadRelacionesIntegrationTests" name="Gate1_VinculoNuevaEvaluacion_EsTransaccionalEIdempotente" />
    </UnitTest>
    <UnitTest name="Insertar_DebeGenerarIdYGuardarCorrectamente" storage="c:\proyectos\aocr\aocr.tests\bin\debug\aocr.tests.dll" id="9cfe1572-4966-1db1-7fe5-aa138c51b8ec">
      <Execution id="f997fa95-0a5c-4c61-a31e-84ef268ce745" />
      <TestMethod codeBase="C:\proyectos\AOCR\AOCR.Tests\bin\Debug\AOCR.Tests.dll" adapterTypeName="executor://mstestadapter/v2" className="AOCR.Tests.Integration.NoConformidadDAOTests" name="Insertar_DebeGenerarIdYGuardarCorrectamente" />
    </UnitTest>
  </TestDefinitions>
  <TestEntries>
    <TestEntry testId="9cfe1572-4966-1db1-7fe5-aa138c51b8ec" executionId="f997fa95-0a5c-4c61-a31e-84ef268ce745" testListId="8c84fa94-04c1-424b-9868-57a2d4851a1d" />
    <TestEntry testId="e848da9d-3550-5144-919b-ed267fea28ae" executionId="5c508c97-9816-4ad8-83b8-7af84f2b11a0" testListId="8c84fa94-04c1-424b-9868-57a2d4851a1d" />
    <TestEntry testId="35fc8718-fd18-ca2c-4063-434c82ef342c" executionId="cefd23c2-72a5-4b26-9128-048722fe6e58" testListId="8c84fa94-04c1-424b-9868-57a2d4851a1d" />
    <TestEntry testId="10fe6006-2ece-b512-4c69-1105b1f66714" executionId="696061d3-a4ff-444d-ab7b-44c029eedbff" testListId="8c84fa94-04c1-424b-9868-57a2d4851a1d" />
    <TestEntry testId="9b1515cc-132f-d239-a6e7-32a708caf004" executionId="be033f50-b7a0-4d09-9d32-2622c4dc6c48" testListId="8c84fa94-04c1-424b-9868-57a2d4851a1d" />
  </TestEntries>
  <TestLists>
    <TestList name="Resultados sin formato de lista" id="8c84fa94-04c1-424b-9868-57a2d4851a1d" />
    <TestList name="Todos los resultados cargados" id="19431567-8539-422a-85d7-44ee4e166bda" />
  </TestLists>
  <ResultSummary outcome="Completed">
    <Counters total="5" executed="5" passed="5" failed="0" error="0" timeout="0" aborted="0" inconclusive="0" passedButRunAborted="0" notRunnable="0" notExecuted="0" disconnected="0" warning="0" completed="0" inProgress="0" pending="0" />
  </ResultSummary>
</TestRun>