<?xml version="1.0" encoding="utf-8"?>
<TestRun id="2ac6b974-c4b0-4ce7-9eaa-1febc7c1fcb7" name="german.cajas@DESKTOP-S4GE44J 2026-04-24 13:07:33" runUser="DGAC\german.cajas" xmlns="http://microsoft.com/schemas/VisualStudio/TeamTest/2010">
  <Times creation="2026-04-24T13:07:33.3157564-05:00" queuing="2026-04-24T13:07:33.3157564-05:00" start="2026-04-24T13:07:32.2991338-05:00" finish="2026-04-24T13:07:33.5170845-05:00" />
  <TestSettings name="default" id="a41609a5-0a9b-47f8-85b8-0c8e14616006">
    <Deployment runDeploymentRoot="german.cajas_DESKTOP-S4GE44J_2026-04-24_13_07_33" />
  </TestSettings>
  <Results>
    <UnitTestResult executionId="fb1956ad-cd2a-446f-8021-6b3541ed9d34" testId="85ab1dac-d7cf-9cf5-c392-49272ac40b1a" testName="ObtenerOrden_IdInexistente_RetornaNull" computerName="DESKTOP-S4GE44J" duration="00:00:00.0004518" startTime="2026-04-24T13:07:33.2990861-05:00" endTime="2026-04-24T13:07:33.2990861-05:00" testType="13cdc9d9-ddb5-4fa4-a97d-d965ccfc6d4b" outcome="Passed" testListId="8c84fa94-04c1-424b-9868-57a2d4851a1d" relativeResultsDirectory="fb1956ad-cd2a-446f-8021-6b3541ed9d34" />
    <UnitTestResult executionId="d188cfef-c032-4c8c-8236-3271b69d28d9" testId="d925989e-ccfb-699e-945b-1068d4a9d076" testName="Matriz_TransicionesInvalidas_DebeBloquear (Documentacion Pendiente,AOCR En Revision)" computerName="DESKTOP-S4GE44J" duration="00:00:00.0000071" startTime="2026-04-24T13:07:33.3971772-05:00" endTime="2026-04-24T13:07:33.3971772-05:00" testType="13cdc9d9-ddb5-4fa4-a97d-d965ccfc6d4b" outcome="Passed" testListId="8c84fa94-04c1-424b-9868-57a2d4851a1d" relativeResultsDirectory="d188cfef-c032-4c8c-8236-3271b69d28d9" />
    <UnitTestResult executionId="e310601e-6db6-4aa4-9c3a-be2288075e89" testId="bddd4904-c6a0-388b-5775-56ee2a0af1ec" testName="Matriz_TransicionesValidas_DebePermitir (Aceptacion Documental,Pendiente Asignacion RT)" computerName="DESKTOP-S4GE44J" duration="00:00:00.0000046" startTime="2026-04-24T13:07:33.3821783-05:00" endTime="2026-04-24T13:07:33.3821783-05:00" testType="13cdc9d9-ddb5-4fa4-a97d-d965ccfc6d4b" outcome="Passed" testListId="8c84fa94-04c1-424b-9868-57a2d4851a1d" relativeResultsDirectory="e310601e-6db6-4aa4-9c3a-be2288075e89" />
    <UnitTestResult executionId="282cfebf-c329-49a1-949f-e929b1ad5a56" testId="931616ce-b494-8596-41ef-25a325d1a42a" testName="GenerarPdf_OrdenNula_LanzaExcepcion" computerName="DESKTOP-S4GE44J" duration="00:00:00.0000787" startTime="2026-04-24T13:07:33.4009425-05:00" endTime="2026-04-24T13:07:33.4009425-05:00" testType="13cdc9d9-ddb5-4fa4-a97d-d965ccfc6d4b" outcome="Passed" testListId="8c84fa94-04c1-424b-9868-57a2d4851a1d" relativeResultsDirectory="282cfebf-c329-49a1-949f-e929b1ad5a56" />
    <UnitTestResult executionId="3d7cb50b-214b-4578-bdff-683e88a46296" testId="ac3f7675-4029-0865-00a0-3f2e8bcbbf75" testName="Matriz_TransicionesValidas_DebePermitir (AOCR Legalizado,AOCR Emitido/Recibido)" computerName="DESKTOP-S4GE44J" duration="00:00:00.0000069" startTime="2026-04-24T13:07:33.3821783-05:00" endTime="2026-04-24T13:07:33.3971772-05:00" testType="13cdc9d9-ddb5-4fa4-a97d-d965ccfc6d4b" outcome="Passed" testListId="8c84fa94-04c1-424b-9868-57a2d4851a1d" relativeResultsDirectory="3d7cb50b-214b-4578-bdff-683e88a46296" />
    <UnitTestResult executionId="30baa932-5fba-4da0-bb01-037ff19f1572" testId="98af0476-00fc-2b2e-5e94-efb32518d639" testName="Matriz_TransicionesInvalidas_DebeBloquear (AOCR Emitido/Recibido,AOCR En Revision)" computerName="DESKTOP-S4GE44J" duration="00:00:00.0000066" startTime="2026-04-24T13:07:33.3980655-05:00" endTime="2026-04-24T13:07:33.3980655-05:00" testType="13cdc9d9-ddb5-4fa4-a97d-d965ccfc6d4b" outcome="Passed" testListId="8c84fa94-04c1-424b-9868-57a2d4851a1d" relativeResultsDirectory="30baa932-5fba-4da0-bb01-037ff19f1572" />
    <UnitTestResult executionId="8d7316dd-7138-402b-9954-e578ef15ffc6" testId="3cd830cc-999b-0acb-ff86-a1918f340789" testName="CrearOrden_DatosValidos_RetornaExito" computerName="DESKTOP-S4GE44J" duration="00:00:00.0048664" startTime="2026-04-24T13:07:33.2824311-05:00" endTime="2026-04-24T13:07:33.2990861-05:00" testType="13cdc9d9-ddb5-4fa4-a97d-d965ccfc6d4b" outcome="Passed" testListId="8c84fa94-04c1-424b-9868-57a2d4851a1d" relativeResultsDirectory="8d7316dd-7138-402b-9954-e578ef15ffc6" />
    <UnitTestResult executionId="828bc1bc-c2aa-44a1-a950-e76780aa24e3" testId="e0199b15-fa31-f0be-64b9-0a763b398054" testName="Matriz_TransicionesValidas_DebePermitir (AOCR Validado,AOCR Legalizado)" computerName="DESKTOP-S4GE44J" duration="00:00:00.0000044" startTime="2026-04-24T13:07:33.3821783-05:00" endTime="2026-04-24T13:07:33.3821783-05:00" testType="13cdc9d9-ddb5-4fa4-a97d-d965ccfc6d4b" outcome="Passed" testListId="8c84fa94-04c1-424b-9868-57a2d4851a1d" relativeResultsDirectory="828bc1bc-c2aa-44a1-a950-e76780aa24e3" />
    <UnitTestResult executionId="825018d4-6711-431e-8946-eaf57cbe20ca" testId="e7c2c311-456b-9100-d2b8-2c29a30333e5" testName="EsTransicionPermitida_TransicionesInvalidas_DebeRetornarFalse (Rechazada,AOCR Emitido/Recibido)" computerName="DESKTOP-S4GE44J" duration="00:00:00.0000111" startTime="2026-04-24T13:07:33.4009425-05:00" endTime="2026-04-24T13:07:33.4009425-05:00" testType="13cdc9d9-ddb5-4fa4-a97d-d965ccfc6d4b" outcome="Passed" testListId="8c84fa94-04c1-424b-9868-57a2d4851a1d" relativeResultsDirectory="825018d4-6711-431e-8946-eaf57cbe20ca" />
    <UnitTestResult executionId="547d9d10-5aa8-4a24-ab29-f763778c916c" testId="7efac4e5-0d4a-c79b-3fe6-9f8215db521e" testName="ValidarArchivo_PathTraversal_Sanitizado" computerName="DESKTOP-S4GE44J" duration="00:00:00.0001197" startTime="2026-04-24T13:07:33.4009425-05:00" endTime="2026-04-24T13:07:33.4009425-05:00" testType="13cdc9d9-ddb5-4fa4-a97d-d965ccfc6d4b" outcome="Passed" testListId="8c84fa94-04c1-424b-9868-57a2d4851a1d" relativeResultsDirectory="547d9d10-5aa8-4a24-ab29-f763778c916c" />
    <UnitTestResult executionId="dad6eb1d-38b7-42ff-9592-03225102c6ca" testId="a7db5e90-ba70-eb9f-924f-0c598e8e2950" testName="Matriz_TransicionesInvalidas_DebeBloquear (AOCR Validado,En Inspeccion)" computerName="DESKTOP-S4GE44J" duration="00:00:00.0000046" startTime="2026-04-24T13:07:33.3980655-05:00" endTime="2026-04-24T13:07:33.3980655-05:00" testType="13cdc9d9-ddb5-4fa4-a97d-d965ccfc6d4b" outcome="Passed" testListId="8c84fa94-04c1-424b-9868-57a2d4851a1d" relativeResultsDirectory="dad6eb1d-38b7-42ff-9592-03225102c6ca" />
    <UnitTestResult executionId="b10b5bee-7b96-4229-9761-3d92aa25d24d" testId="e4cb36bd-f93d-c4a9-fda2-5aeada9eecd9" testName="ValidarFecha_Futura_Invalida" computerName="DESKTOP-S4GE44J" duration="00:00:00.0001324" startTime="2026-04-24T13:07:33.2990861-05:00" endTime="2026-04-24T13:07:33.2990861-05:00" testType="13cdc9d9-ddb5-4fa4-a97d-d965ccfc6d4b" outcome="Passed" testListId="8c84fa94-04c1-424b-9868-57a2d4851a1d" relativeResultsDirectory="b10b5bee-7b96-4229-9761-3d92aa25d24d" />
    <UnitTestResult executionId="926e01ea-66d8-4c29-86c5-3e54d3fc1ed1" testId="0f8d89cc-3c25-0b90-bf6b-463ae237c8d9" testName="EsTransicionPermitida_TransicionesInvalidas_DebeRetornarFalse (AOCR Emitido/Recibido,AOCR En Revision)" computerName="DESKTOP-S4GE44J" duration="00:00:00.0000119" startTime="2026-04-24T13:07:33.4009425-05:00" endTime="2026-04-24T13:07:33.4009425-05:00" testType="13cdc9d9-ddb5-4fa4-a97d-d965ccfc6d4b" outcome="Passed" testListId="8c84fa94-04c1-424b-9868-57a2d4851a1d" relativeResultsDirectory="926e01ea-66d8-4c29-86c5-3e54d3fc1ed1" />
    <UnitTestResult executionId="bca8ea05-3404-43a6-8308-f473539fb293" testId="9e6da589-d1d4-2673-576f-395e7a104363" testName="EsTransicionPermitida_TransicionesValidas_DebeRetornarTrue (AOCR Validado,AOCR Legalizado)" computerName="DESKTOP-S4GE44J" duration="00:00:00.0000048" startTime="2026-04-24T13:07:33.4009425-05:00" endTime="2026-04-24T13:07:33.4009425-05:00" testType="13cdc9d9-ddb5-4fa4-a97d-d965ccfc6d4b" outcome="Passed" testListId="8c84fa94-04c1-424b-9868-57a2d4851a1d" relativeResultsDirectory="bca8ea05-3404-43a6-8308-f473539fb293" />
    <UnitTestResult executionId="a940711e-9534-4b1a-8172-7adfd6827444" testId="e05d4a0d-05df-4d45-46db-c44a4bab4935" testName="EsTransicionPermitida_TransicionesValidas_DebeRetornarTrue (Documentacion Completa,En Inspeccion)" computerName="DESKTOP-S4GE44J" duration="00:00:00.0000063" startTime="2026-04-24T13:07:33.4009425-05:00" endTime="2026-04-24T13:07:33.4009425-05:00" testType="13cdc9d9-ddb5-4fa4-a97d-d965ccfc6d4b" outcome="Passed" testListId="8c84fa94-04c1-424b-9868-57a2d4851a1d" relativeResultsDirectory="a940711e-9534-4b1a-8172-7adfd6827444" />
    <UnitTestResult executionId="38c3d3db-d2e4-45dd-b329-4e8668b9e4b5" testId="7a15ec3f-551f-205c-000c-e0c3860d58fa" testName="Matriz_TransicionesValidas_DebePermitir (Observada,Subsanada)" computerName="DESKTOP-S4GE44J" duration="00:00:00.0000047" startTime="2026-04-24T13:07:33.3821783-05:00" endTime="2026-04-24T13:07:33.3821783-05:00" testType="13cdc9d9-ddb5-4fa4-a97d-d965ccfc6d4b" outcome="Passed" testListId="8c84fa94-04c1-424b-9868-57a2d4851a1d" relativeResultsDirectory="38c3d3db-d2e4-45dd-b329-4e8668b9e4b5" />
    <UnitTestResult executionId="76cdf093-160d-4b1f-895d-8df748e9dff0" testId="87153650-0b4b-e7dd-edb3-d7d29f8f1e7e" testName="EncolarCorreo_SinDestinatario_Falla" computerName="DESKTOP-S4GE44J" duration="00:00:00.0000988" startTime="2026-04-24T13:07:33.2990861-05:00" endTime="2026-04-24T13:07:33.2990861-05:00" testType="13cdc9d9-ddb5-4fa4-a97d-d965ccfc6d4b" outcome="Passed" testListId="8c84fa94-04c1-424b-9868-57a2d4851a1d" relativeResultsDirectory="76cdf093-160d-4b1f-895d-8df748e9dff0" />
    <UnitTestResult executionId="668bed7b-0c7b-4e9a-aa70-614810031cde" testId="6f81574e-136a-66d4-6a01-38ca2c6dd3bc" testName="Matriz_TransicionesValidas_DebePermitir (Pendiente Asignacion RT,En Inspeccion)" computerName="DESKTOP-S4GE44J" duration="00:00:00.0000044" startTime="2026-04-24T13:07:33.3821783-05:00" endTime="2026-04-24T13:07:33.3821783-05:00" testType="13cdc9d9-ddb5-4fa4-a97d-d965ccfc6d4b" outcome="Passed" testListId="8c84fa94-04c1-424b-9868-57a2d4851a1d" relativeResultsDirectory="668bed7b-0c7b-4e9a-aa70-614810031cde" />
    <UnitTestResult executionId="bcab7d8e-1d20-43c0-8e40-43e061e6a61e" testId="670bb6d9-a4f1-135c-c7dd-f0ccc69b993e" testName="ValidarArchivo_ExtensionPdf_Valido" computerName="DESKTOP-S4GE44J" duration="00:00:00.0002949" startTime="2026-04-24T13:07:33.2990861-05:00" endTime="2026-04-24T13:07:33.2990861-05:00" testType="13cdc9d9-ddb5-4fa4-a97d-d965ccfc6d4b" outcome="Passed" testListId="8c84fa94-04c1-424b-9868-57a2d4851a1d" relativeResultsDirectory="bcab7d8e-1d20-43c0-8e40-43e061e6a61e" />
    <UnitTestResult executionId="2caf03b7-1fc3-496d-9381-6168f6cc3665" testId="6d0b85d9-49c7-d679-5b96-d17a0df938d1" testName="EsTransicionPermitida_EstadosLegacyNormalizados_DebeRetornarTrue (ENVIADO_A_JEFATURA,AOCR_Validado)" computerName="DESKTOP-S4GE44J" duration="00:00:00.0001260" startTime="2026-04-24T13:07:33.4009425-05:00" endTime="2026-04-24T13:07:33.4009425-05:00" testType="13cdc9d9-ddb5-4fa4-a97d-d965ccfc6d4b" outcome="Passed" testListId="8c84fa94-04c1-424b-9868-57a2d4851a1d" relativeResultsDirectory="2caf03b7-1fc3-496d-9381-6168f6cc3665" />
    <UnitTestResult executionId="7f056daf-f5d2-48a7-a463-34d8dc800295" testId="6162ed3c-60f9-ca87-f0b1-14954518e2b2" testName="GenerarPdf_SinNumeroOrden_Falla" computerName="DESKTOP-S4GE44J" duration="00:00:00.0000527" startTime="2026-04-24T13:07:33.4009425-05:00" endTime="2026-04-24T13:07:33.4009425-05:00" testType="13cdc9d9-ddb5-4fa4-a97d-d965ccfc6d4b" outcome="Passed" testListId="8c84fa94-04c1-424b-9868-57a2d4851a1d" relativeResultsDirectory="7f056daf-f5d2-48a7-a463-34d8dc800295" />
    <UnitTestResult executionId="d392c216-0ea0-4fc5-8654-39e369ff6f8f" testId="b2764189-3653-005f-53bb-8993f83d050d" testName="Matriz_TransicionesValidas_DebePermitir (Solicitud Creada,Documentacion Pendiente)" computerName="DESKTOP-S4GE44J" duration="00:00:00.0022506" startTime="2026-04-24T13:07:33.2990861-05:00" endTime="2026-04-24T13:07:33.3821783-05:00" testType="13cdc9d9-ddb5-4fa4-a97d-d965ccfc6d4b" outcome="Passed" testListId="8c84fa94-04c1-424b-9868-57a2d4851a1d" relativeResultsDirectory="d392c216-0ea0-4fc5-8654-39e369ff6f8f" />
    <UnitTestResult executionId="4ab5d868-13c1-41ad-9112-4a6ebe2bdd55" testId="5bb6a88d-92cf-ad24-4246-eb79316e0c63" testName="Matriz_TransicionesInvalidas_DebeBloquear (AOCR En Revision,AOCR Emitido/Recibido)" computerName="DESKTOP-S4GE44J" duration="00:00:00.0000048" startTime="2026-04-24T13:07:33.3980655-05:00" endTime="2026-04-24T13:07:33.3980655-05:00" testType="13cdc9d9-ddb5-4fa4-a97d-d965ccfc6d4b" outcome="Passed" testListId="8c84fa94-04c1-424b-9868-57a2d4851a1d" relativeResultsDirectory="4ab5d868-13c1-41ad-9112-4a6ebe2bdd55" />
    <UnitTestResult executionId="267792eb-5a1e-4a33-b1dd-7fd3202c63fa" testId="84f0f9fc-fd71-c2d4-a3c2-44dce01adef7" testName="EsTransicionPermitida_TransicionesValidas_DebeRetornarTrue (Aceptacion Documental,Pendiente Asignacion RT)" computerName="DESKTOP-S4GE44J" duration="00:00:00.0000051" startTime="2026-04-24T13:07:33.4009425-05:00" endTime="2026-04-24T13:07:33.4009425-05:00" testType="13cdc9d9-ddb5-4fa4-a97d-d965ccfc6d4b" outcome="Passed" testListId="8c84fa94-04c1-424b-9868-57a2d4851a1d" relativeResultsDirectory="267792eb-5a1e-4a33-b1dd-7fd3202c63fa" />
    <UnitTestResult executionId="a04ab954-d638-439f-99cd-20714b870e21" testId="084b2f8b-72e1-b973-5a12-41e9ee505641" testName="EsTransicionPermitida_EstadosLegacyNormalizados_DebeRetornarTrue (APROBADO_POR_DIRECCION,LEGALIZADO)" computerName="DESKTOP-S4GE44J" duration="00:00:00.0000061" startTime="2026-04-24T13:07:33.4009425-05:00" endTime="2026-04-24T13:07:33.4009425-05:00" testType="13cdc9d9-ddb5-4fa4-a97d-d965ccfc6d4b" outcome="Passed" testListId="8c84fa94-04c1-424b-9868-57a2d4851a1d" relativeResultsDirectory="a04ab954-d638-439f-99cd-20714b870e21" />
    <UnitTestResult executionId="d9b1ec28-c2d2-49d3-8739-82786db4db48" testId="061be749-4608-9c9e-beec-eb09973ea57b" testName="CrearOrden_SinContribuyente_EsCero" computerName="DESKTOP-S4GE44J" duration="00:00:00.0018077" startTime="2026-04-24T13:07:33.2990861-05:00" endTime="2026-04-24T13:07:33.2990861-05:00" testType="13cdc9d9-ddb5-4fa4-a97d-d965ccfc6d4b" outcome="Passed" testListId="8c84fa94-04c1-424b-9868-57a2d4851a1d" relativeResultsDirectory="d9b1ec28-c2d2-49d3-8739-82786db4db48" />
    <UnitTestResult executionId="a870e84b-63ad-4d79-bfbf-e7dc9ec60d64" testId="e5a43bfc-f34b-653c-c011-ccdffb4b60be" testName="Matriz_TransicionesInvalidas_DebeBloquear (AOCR En Elaboracion,AOCR Emitido/Recibido)" computerName="DESKTOP-S4GE44J" duration="00:00:00.0000050" startTime="2026-04-24T13:07:33.3980655-05:00" endTime="2026-04-24T13:07:33.3980655-05:00" testType="13cdc9d9-ddb5-4fa4-a97d-d965ccfc6d4b" outcome="Passed" testListId="8c84fa94-04c1-424b-9868-57a2d4851a1d" relativeResultsDirectory="a870e84b-63ad-4d79-bfbf-e7dc9ec60d64" />
    <UnitTestResult executionId="1960f558-88db-4d2c-8e24-a02c083b2540" testId="3d058df1-d70c-be0b-f690-2dc4115ce34f" testName="Matriz_TransicionesInvalidas_DebeBloquear (Pendiente Asignacion RT,AOCR En Revision)" computerName="DESKTOP-S4GE44J" duration="00:00:00.0000110" startTime="2026-04-24T13:07:33.3971772-05:00" endTime="2026-04-24T13:07:33.3980655-05:00" testType="13cdc9d9-ddb5-4fa4-a97d-d965ccfc6d4b" outcome="Passed" testListId="8c84fa94-04c1-424b-9868-57a2d4851a1d" relativeResultsDirectory="1960f558-88db-4d2c-8e24-a02c083b2540" />
    <UnitTestResult executionId="78cf6c0c-d7bf-49df-8290-2a338c3f0417" testId="030b14fb-3b14-4960-f94b-83394855ae9d" testName="EsTransicionPermitida_TransicionesInvalidas_DebeRetornarFalse (Observada,AOCR Validado)" computerName="DESKTOP-S4GE44J" duration="00:00:00.0000082" startTime="2026-04-24T13:07:33.4009425-05:00" endTime="2026-04-24T13:07:33.4009425-05:00" testType="13cdc9d9-ddb5-4fa4-a97d-d965ccfc6d4b" outcome="Passed" testListId="8c84fa94-04c1-424b-9868-57a2d4851a1d" relativeResultsDirectory="78cf6c0c-d7bf-49df-8290-2a338c3f0417" />
    <UnitTestResult executionId="d3070aa4-a106-450f-a154-c47ab944439a" testId="8bd54b3b-52ea-b441-3df4-26f5f61ddae6" testName="Matriz_TransicionesInvalidas_DebeBloquear (En Inspeccion,AOCR Legalizado)" computerName="DESKTOP-S4GE44J" duration="00:00:00.0000053" startTime="2026-04-24T13:07:33.3980655-05:00" endTime="2026-04-24T13:07:33.3980655-05:00" testType="13cdc9d9-ddb5-4fa4-a97d-d965ccfc6d4b" outcome="Passed" testListId="8c84fa94-04c1-424b-9868-57a2d4851a1d" relativeResultsDirectory="d3070aa4-a106-450f-a154-c47ab944439a" />
    <UnitTestResult executionId="82399c55-3110-48c6-bb47-7ac724e7f002" testId="9a257d47-c25c-4046-6ece-592514569a27" testName="EsTransicionPermitida_TransicionesValidas_DebeRetornarTrue (Pendiente Asignacion RT,En Inspeccion)" computerName="DESKTOP-S4GE44J" duration="00:00:00.0000047" startTime="2026-04-24T13:07:33.4009425-05:00" endTime="2026-04-24T13:07:33.4009425-05:00" testType="13cdc9d9-ddb5-4fa4-a97d-d965ccfc6d4b" outcome="Passed" testListId="8c84fa94-04c1-424b-9868-57a2d4851a1d" relativeResultsDirectory="82399c55-3110-48c6-bb47-7ac724e7f002" />
    <UnitTestResult executionId="04e77149-8ba2-4263-8f93-a5157ada2a23" testId="f4db67e1-4556-8e73-1ed7-178372bc52c5" testName="EsTransicionPermitida_TransicionesValidas_DebeRetornarTrue (En Revision,Aceptacion Documental)" computerName="DESKTOP-S4GE44J" duration="00:00:00.0000171" startTime="2026-04-24T13:07:33.4009425-05:00" endTime="2026-04-24T13:07:33.4009425-05:00" testType="13cdc9d9-ddb5-4fa4-a97d-d965ccfc6d4b" outcome="Passed" testListId="8c84fa94-04c1-424b-9868-57a2d4851a1d" relativeResultsDirectory="04e77149-8ba2-4263-8f93-a5157ada2a23" />
    <UnitTestResult executionId="4cde1348-7a66-421b-8040-82a878ed89be" testId="1c9c850f-e9cc-6746-d57b-f8101af5b0ba" testName="Matriz_TransicionesValidas_DebePermitir (AOCR En Elaboracion,AOCR En Revision)" computerName="DESKTOP-S4GE44J" duration="00:00:00.0000047" startTime="2026-04-24T13:07:33.3821783-05:00" endTime="2026-04-24T13:07:33.3821783-05:00" testType="13cdc9d9-ddb5-4fa4-a97d-d965ccfc6d4b" outcome="Passed" testListId="8c84fa94-04c1-424b-9868-57a2d4851a1d" relativeResultsDirectory="4cde1348-7a66-421b-8040-82a878ed89be" />
    <UnitTestResult executionId="b6234db8-c2c3-4422-b817-d7f88cc7e899" testId="fd3121a5-0467-9c14-1917-e0e774685500" testName="EsTransicionPermitida_TransicionesValidas_DebeRetornarTrue (AOCR En Revision,AOCR Validado)" computerName="DESKTOP-S4GE44J" duration="00:00:00.0000050" startTime="2026-04-24T13:07:33.4009425-05:00" endTime="2026-04-24T13:07:33.4009425-05:00" testType="13cdc9d9-ddb5-4fa4-a97d-d965ccfc6d4b" outcome="Passed" testListId="8c84fa94-04c1-424b-9868-57a2d4851a1d" relativeResultsDirectory="b6234db8-c2c3-4422-b817-d7f88cc7e899" />
    <UnitTestResult executionId="6b69efd0-2c41-4053-baa1-2851d1dcc22d" testId="4239db07-f4af-9762-5d58-0070fb510b67" testName="OrdenRecaudacion_DefaultContribuyenteId_NoDebeSerNull" computerName="DESKTOP-S4GE44J" duration="00:00:00.0009273" startTime="2026-04-24T13:07:33.4009425-05:00" endTime="2026-04-24T13:07:33.4009425-05:00" testType="13cdc9d9-ddb5-4fa4-a97d-d965ccfc6d4b" outcome="Passed" testListId="8c84fa94-04c1-424b-9868-57a2d4851a1d" relativeResultsDirectory="6b69efd0-2c41-4053-baa1-2851d1dcc22d" />
    <UnitTestResult executionId="2266fa3d-13d9-49cf-a70a-4cc083d48111" testId="11d557d1-7edc-cfe1-4cae-1b1e55518806" testName="EsTransicionPermitida_TransicionesValidas_DebeRetornarTrue (Pendiente,Observada)" computerName="DESKTOP-S4GE44J" duration="00:00:00.0025629" startTime="2026-04-24T13:07:33.3990798-05:00" endTime="2026-04-24T13:07:33.4009425-05:00" testType="13cdc9d9-ddb5-4fa4-a97d-d965ccfc6d4b" outcome="Passed" testListId="8c84fa94-04c1-424b-9868-57a2d4851a1d" relativeResultsDirectory="2266fa3d-13d9-49cf-a70a-4cc083d48111" />
    <UnitTestResult executionId="4960e9f2-59b5-43d4-96b3-00732b3f22e3" testId="3571b916-2103-d541-e0fd-a0f64ee224a6" testName="EsTransicionPermitida_TransicionesValidas_DebeRetornarTrue (AOCR Legalizado,AOCR Emitido/Recibido)" computerName="DESKTOP-S4GE44J" duration="00:00:00.0000051" startTime="2026-04-24T13:07:33.4009425-05:00" endTime="2026-04-24T13:07:33.4009425-05:00" testType="13cdc9d9-ddb5-4fa4-a97d-d965ccfc6d4b" outcome="Passed" testListId="8c84fa94-04c1-424b-9868-57a2d4851a1d" relativeResultsDirectory="4960e9f2-59b5-43d4-96b3-00732b3f22e3" />
    <UnitTestResult executionId="a0084653-a3bc-4988-abbb-c7eacd3e1ebe" testId="6610b768-d115-7a2d-859e-2a476dac1781" testName="EsTransicionPermitida_TransicionesInvalidas_DebeRetornarFalse (Pendiente Asignacion RT,AOCR Legalizado)" computerName="DESKTOP-S4GE44J" duration="00:00:00.0000100" startTime="2026-04-24T13:07:33.4009425-05:00" endTime="2026-04-24T13:07:33.4009425-05:00" testType="13cdc9d9-ddb5-4fa4-a97d-d965ccfc6d4b" outcome="Passed" testListId="8c84fa94-04c1-424b-9868-57a2d4851a1d" relativeResultsDirectory="a0084653-a3bc-4988-abbb-c7eacd3e1ebe" />
    <UnitTestResult executionId="2074ab94-1c28-4fe6-9694-989bc04cdd24" testId="18e234b8-2d7b-b4d0-344c-5811693677a2" testName="EsTransicionPermitida_EstadosLegacyNormalizados_DebeRetornarTrue (CERTIFICADO_EMITIDO,AOCR_EMITIDO_RECIBIDO)" computerName="DESKTOP-S4GE44J" duration="00:00:00.0000098" startTime="2026-04-24T13:07:33.4009425-05:00" endTime="2026-04-24T13:07:33.4009425-05:00" testType="13cdc9d9-ddb5-4fa4-a97d-d965ccfc6d4b" outcome="Passed" testListId="8c84fa94-04c1-424b-9868-57a2d4851a1d" relativeResultsDirectory="2074ab94-1c28-4fe6-9694-989bc04cdd24" />
    <UnitTestResult executionId="526b0d8d-3cf9-4068-9869-a1cfbed89233" testId="65669073-f6cb-b796-f369-61f20dec513b" testName="Matriz_TransicionesValidas_DebePermitir (AOCR En Revision,AOCR Validado)" computerName="DESKTOP-S4GE44J" duration="00:00:00.0000045" startTime="2026-04-24T13:07:33.3821783-05:00" endTime="2026-04-24T13:07:33.3821783-05:00" testType="13cdc9d9-ddb5-4fa4-a97d-d965ccfc6d4b" outcome="Passed" testListId="8c84fa94-04c1-424b-9868-57a2d4851a1d" relativeResultsDirectory="526b0d8d-3cf9-4068-9869-a1cfbed89233" />
    <UnitTestResult executionId="cade2d47-5730-4268-a02f-159bb924c5a2" testId="55f3a4f2-6020-440a-ef9f-f35d7b91779a" testName="Matriz_TransicionesValidas_DebePermitir (Subsanada,Documentacion Pendiente)" computerName="DESKTOP-S4GE44J" duration="00:00:00.0000045" startTime="2026-04-24T13:07:33.3821783-05:00" endTime="2026-04-24T13:07:33.3821783-05:00" testType="13cdc9d9-ddb5-4fa4-a97d-d965ccfc6d4b" outcome="Passed" testListId="8c84fa94-04c1-424b-9868-57a2d4851a1d" relativeResultsDirectory="cade2d47-5730-4268-a02f-159bb924c5a2" />
    <UnitTestResult executionId="400d8801-a8bd-4bf9-ba94-05ad042380e5" testId="5d4bfedd-0225-eef3-2127-50d8f8dff382" testName="ValidarMonto_Negativo_Invalido" computerName="DESKTOP-S4GE44J" duration="00:00:00.0002146" startTime="2026-04-24T13:07:33.2990861-05:00" endTime="2026-04-24T13:07:33.2990861-05:00" testType="13cdc9d9-ddb5-4fa4-a97d-d965ccfc6d4b" outcome="Passed" testListId="8c84fa94-04c1-424b-9868-57a2d4851a1d" relativeResultsDirectory="400d8801-a8bd-4bf9-ba94-05ad042380e5" />
    <UnitTestResult executionId="f96f3b59-b4ef-46d0-ab55-66446425e40e" testId="011f4e7d-42a6-7237-eb5c-a4f4604928ef" testName="Matriz_TransicionesInvalidas_DebeBloquear (Observada,AOCR En Elaboracion)" computerName="DESKTOP-S4GE44J" duration="00:00:00.0000052" startTime="2026-04-24T13:07:33.3971772-05:00" endTime="2026-04-24T13:07:33.3971772-05:00" testType="13cdc9d9-ddb5-4fa4-a97d-d965ccfc6d4b" outcome="Passed" testListId="8c84fa94-04c1-424b-9868-57a2d4851a1d" relativeResultsDirectory="f96f3b59-b4ef-46d0-ab55-66446425e40e" />
    <UnitTestResult executionId="b90d5e08-7c4d-4d6f-b0a4-4b4acf02c51b" testId="bec301a9-3f89-743f-3e03-3a3c24a4683a" testName="ActualizarEstado_OrdenExistente_Exitoso" computerName="DESKTOP-S4GE44J" duration="00:00:00.0011738" startTime="2026-04-24T13:07:33.2990861-05:00" endTime="2026-04-24T13:07:33.2990861-05:00" testType="13cdc9d9-ddb5-4fa4-a97d-d965ccfc6d4b" outcome="Passed" testListId="8c84fa94-04c1-424b-9868-57a2d4851a1d" relativeResultsDirectory="b90d5e08-7c4d-4d6f-b0a4-4b4acf02c51b" />
    <UnitTestResult executionId="cea0c36b-e1e1-4fa5-a17e-9af7a76d0a92" testId="fb712e4c-a09a-a4b4-e631-d7f7301c144b" testName="ObtenerOrden_IdValido_RetornaOrden" computerName="DESKTOP-S4GE44J" duration="00:00:00.0018944" startTime="2026-04-24T13:07:33.2990861-05:00" endTime="2026-04-24T13:07:33.2990861-05:00" testType="13cdc9d9-ddb5-4fa4-a97d-d965ccfc6d4b" outcome="Passed" testListId="8c84fa94-04c1-424b-9868-57a2d4851a1d" relativeResultsDirectory="cea0c36b-e1e1-4fa5-a17e-9af7a76d0a92" />
    <UnitTestResult executionId="243ea372-7413-492c-9cd6-e609c2b18c21" testId="d82655b2-40df-3a77-4406-62f9c05f4586" testName="SolicitudEstadoTransition_EstadoFinalIdempotente_DebePermitir" computerName="DESKTOP-S4GE44J" duration="00:00:00.0000852" startTime="2026-04-24T13:07:33.4009425-05:00" endTime="2026-04-24T13:07:33.4009425-05:00" testType="13cdc9d9-ddb5-4fa4-a97d-d965ccfc6d4b" outcome="Passed" testListId="8c84fa94-04c1-424b-9868-57a2d4851a1d" relativeResultsDirectory="243ea372-7413-492c-9cd6-e609c2b18c21" />
    <UnitTestResult executionId="2b1472fd-8c7b-4756-a8ca-b22a40bee305" testId="e47674b4-3125-881c-8b67-bcc4e26d823f" testName="EsTransicionPermitida_TransicionesInvalidas_DebeRetornarFalse (AOCR Validado,En Inspeccion)" computerName="DESKTOP-S4GE44J" duration="00:00:00.0000063" startTime="2026-04-24T13:07:33.4009425-05:00" endTime="2026-04-24T13:07:33.4009425-05:00" testType="13cdc9d9-ddb5-4fa4-a97d-d965ccfc6d4b" outcome="Passed" testListId="8c84fa94-04c1-424b-9868-57a2d4851a1d" relativeResultsDirectory="2b1472fd-8c7b-4756-a8ca-b22a40bee305" />
    <UnitTestResult executionId="326a93dc-f55c-4ff2-8677-2f3b6600e508" testId="635f5c69-2052-56ac-66a5-5151569efbb8" testName="Matriz_TransicionesInvalidas_DebeBloquear (Solicitud Creada,AOCR Legalizado)" computerName="DESKTOP-S4GE44J" duration="00:00:00.0001575" startTime="2026-04-24T13:07:33.3971772-05:00" endTime="2026-04-24T13:07:33.3971772-05:00" testType="13cdc9d9-ddb5-4fa4-a97d-d965ccfc6d4b" outcome="Passed" testListId="8c84fa94-04c1-424b-9868-57a2d4851a1d" relativeResultsDirectory="326a93dc-f55c-4ff2-8677-2f3b6600e508" />
    <UnitTestResult executionId="2c950d2c-b3aa-48b6-bb47-4268efb37be6" testId="d4753ea5-7a73-da42-2b09-1b2e24fe28d3" testName="Matriz_TransicionesValidas_DebePermitir (Documentacion Pendiente,Observada)" computerName="DESKTOP-S4GE44J" duration="00:00:00.0000061" startTime="2026-04-24T13:07:33.3821783-05:00" endTime="2026-04-24T13:07:33.3821783-05:00" testType="13cdc9d9-ddb5-4fa4-a97d-d965ccfc6d4b" outcome="Passed" testListId="8c84fa94-04c1-424b-9868-57a2d4851a1d" relativeResultsDirectory="2c950d2c-b3aa-48b6-bb47-4268efb37be6" />
    <UnitTestResult executionId="12b91207-2f94-4392-abf4-ee865b85342e" testId="a0d8548d-c447-a5f1-8f7f-c0f1cc016639" testName="ValidarArchivo_ExtensionExe_Invalido" computerName="DESKTOP-S4GE44J" duration="00:00:00.0003039" startTime="2026-04-24T13:07:33.2990861-05:00" endTime="2026-04-24T13:07:33.2990861-05:00" testType="13cdc9d9-ddb5-4fa4-a97d-d965ccfc6d4b" outcome="Passed" testListId="8c84fa94-04c1-424b-9868-57a2d4851a1d" relativeResultsDirectory="12b91207-2f94-4392-abf4-ee865b85342e" />
    <UnitTestResult executionId="9fd43ea8-58ac-4f12-a2b0-2710b5e277ef" testId="8621eede-c3e5-5e1d-65c1-f772369c5c9d" testName="NombreArchivo_CaracteresPeligrosos_Removidos" computerName="DESKTOP-S4GE44J" duration="00:00:00.0001245" startTime="2026-04-24T13:07:33.4009425-05:00" endTime="2026-04-24T13:07:33.4009425-05:00" testType="13cdc9d9-ddb5-4fa4-a97d-d965ccfc6d4b" outcome="Passed" testListId="8c84fa94-04c1-424b-9868-57a2d4851a1d" relativeResultsDirectory="9fd43ea8-58ac-4f12-a2b0-2710b5e277ef" />
    <UnitTestResult executionId="c1c9841e-248c-438b-9afc-ced2e60f7728" testId="7ba9af93-e836-cee5-2d32-1f38b166c3bf" testName="EncolarCorreo_DatosValidos_RetornaId" computerName="DESKTOP-S4GE44J" duration="00:00:00.0001351" startTime="2026-04-24T13:07:33.2990861-05:00" endTime="2026-04-24T13:07:33.2990861-05:00" testType="13cdc9d9-ddb5-4fa4-a97d-d965ccfc6d4b" outcome="Passed" testListId="8c84fa94-04c1-424b-9868-57a2d4851a1d" relativeResultsDirectory="c1c9841e-248c-438b-9afc-ced2e60f7728" />
    <UnitTestResult executionId="3c1992b5-64a4-4db3-b4b7-2aea62286ca5" testId="8b2f8c39-66aa-9a67-5b44-b3416762c893" testName="FlujoCompleto_CrearOrdenHastaPago_Exitoso" computerName="DESKTOP-S4GE44J" duration="00:00:00.1589614" startTime="2026-04-24T13:07:32.9156007-05:00" endTime="2026-04-24T13:07:33.2824311-05:00" testType="13cdc9d9-ddb5-4fa4-a97d-d965ccfc6d4b" outcome="NotExecuted" testListId="8c84fa94-04c1-424b-9868-57a2d4851a1d" relativeResultsDirectory="3c1992b5-64a4-4db3-b4b7-2aea62286ca5">
      <Output>
        <ErrorInfo>
          <Message>Error de Assert.Inconclusive. Test de integración - requiere BD</Message>
          <StackTrace>   en AOCR.Tests.Integration.FlujoCompletoTests.FlujoCompleto_CrearOrdenHastaPago_Exitoso() en C:\AOCR\AOCR\AOCR05-01-2026\AOCR1\AOCR\AOCR.Tests\Integration\FlujoCompletoTests.cs:línea 18&#xD;
</StackTrace>
        </ErrorInfo>
      </Output>
    </UnitTestResult>
    <UnitTestResult executionId="0aa453e9-9408-4625-9aff-d8b56ff88f3b" testId="8524fd19-a0a7-cd7c-e3ef-a83e05ec6059" testName="Matriz_TransicionesValidas_DebePermitir (En Inspeccion,AOCR En Elaboracion)" computerName="DESKTOP-S4GE44J" duration="00:00:00.0000046" startTime="2026-04-24T13:07:33.3821783-05:00" endTime="2026-04-24T13:07:33.3821783-05:00" testType="13cdc9d9-ddb5-4fa4-a97d-d965ccfc6d4b" outcome="Passed" testListId="8c84fa94-04c1-424b-9868-57a2d4851a1d" relativeResultsDirectory="0aa453e9-9408-4625-9aff-d8b56ff88f3b" />
    <UnitTestResult executionId="f10f305b-0941-4d31-8123-1b64567b6641" testId="8b8f40c0-0f9f-4a7f-709b-5f419eda5cf3" testName="EsTransicionPermitida_TransicionesInvalidas_DebeRetornarFalse (Pendiente,AOCR Legalizado)" computerName="DESKTOP-S4GE44J" duration="00:00:00.0001317" startTime="2026-04-24T13:07:33.4009425-05:00" endTime="2026-04-24T13:07:33.4009425-05:00" testType="13cdc9d9-ddb5-4fa4-a97d-d965ccfc6d4b" outcome="Passed" testListId="8c84fa94-04c1-424b-9868-57a2d4851a1d" relativeResultsDirectory="f10f305b-0941-4d31-8123-1b64567b6641" />
    <UnitTestResult executionId="33f5840d-4193-4580-98c5-13f106868bbd" testId="4d2a2ae8-d53e-60ea-b008-7f0dcdef2e7e" testName="Matriz_NormalizacionLegacy_DebeMapearYValidar" computerName="DESKTOP-S4GE44J" duration="00:00:00.0001517" startTime="2026-04-24T13:07:33.3980655-05:00" endTime="2026-04-24T13:07:33.3990798-05:00" testType="13cdc9d9-ddb5-4fa4-a97d-d965ccfc6d4b" outcome="Passed" testListId="8c84fa94-04c1-424b-9868-57a2d4851a1d" relativeResultsDirectory="33f5840d-4193-4580-98c5-13f106868bbd" />
  </Results>
  <TestDefinitions>
    <UnitTest name="ActualizarEstado_OrdenExistente_Exitoso" storage="c:\aocr\aocr\aocr05-01-2026\aocr1\aocr\aocr.tests\bin\debug\aocr.tests.dll" id="bec301a9-3f89-743f-3e03-3a3c24a4683a">
      <Execution id="b90d5e08-7c4d-4d6f-b0a4-4b4acf02c51b" />
      <TestMethod codeBase="C:\AOCR\AOCR\AOCR05-01-2026\AOCR1\AOCR\AOCR.Tests\bin\Debug\AOCR.Tests.dll" adapterTypeName="executor://mstestadapter/v2" className="AOCR.Tests.Unit.OrdenRecaudacionOrchestratorTests" name="ActualizarEstado_OrdenExistente_Exitoso" />
    </UnitTest>
    <UnitTest name="EsTransicionPermitida_TransicionesValidas_DebeRetornarTrue (AOCR Validado,AOCR Legalizado)" storage="c:\aocr\aocr\aocr05-01-2026\aocr1\aocr\aocr.tests\bin\debug\aocr.tests.dll" id="9e6da589-d1d4-2673-576f-395e7a104363">
      <Execution id="bca8ea05-3404-43a6-8308-f473539fb293" />
      <TestMethod codeBase="C:\AOCR\AOCR\AOCR05-01-2026\AOCR1\AOCR\AOCR.Tests\bin\Debug\AOCR.Tests.dll" adapterTypeName="executor://mstestadapter/v2" className="AOCR.Tests.Unit.SolicitudEstadoTransitionBLTests" name="EsTransicionPermitida_TransicionesValidas_DebeRetornarTrue" />
    </UnitTest>
    <UnitTest name="ValidarMonto_Negativo_Invalido" storage="c:\aocr\aocr\aocr05-01-2026\aocr1\aocr\aocr.tests\bin\debug\aocr.tests.dll" id="5d4bfedd-0225-eef3-2127-50d8f8dff382">
      <Execution id="400d8801-a8bd-4bf9-ba94-05ad042380e5" />
      <TestMethod codeBase="C:\AOCR\AOCR\AOCR05-01-2026\AOCR1\AOCR\AOCR.Tests\bin\Debug\AOCR.Tests.dll" adapterTypeName="executor://mstestadapter/v2" className="AOCR.Tests.Unit.ValidacionesTests" name="ValidarMonto_Negativo_Invalido" />
    </UnitTest>
    <UnitTest name="CrearOrden_DatosValidos_RetornaExito" storage="c:\aocr\aocr\aocr05-01-2026\aocr1\aocr\aocr.tests\bin\debug\aocr.tests.dll" id="3cd830cc-999b-0acb-ff86-a1918f340789">
      <Execution id="8d7316dd-7138-402b-9954-e578ef15ffc6" />
      <TestMethod codeBase="C:\AOCR\AOCR\AOCR05-01-2026\AOCR1\AOCR\AOCR.Tests\bin\Debug\AOCR.Tests.dll" adapterTypeName="executor://mstestadapter/v2" className="AOCR.Tests.Unit.OrdenRecaudacionOrchestratorTests" name="CrearOrden_DatosValidos_RetornaExito" />
    </UnitTest>
    <UnitTest name="Matriz_NormalizacionLegacy_DebeMapearYValidar" storage="c:\aocr\aocr\aocr05-01-2026\aocr1\aocr\aocr.tests\bin\debug\aocr.tests.dll" id="4d2a2ae8-d53e-60ea-b008-7f0dcdef2e7e">
      <Execution id="33f5840d-4193-4580-98c5-13f106868bbd" />
      <TestMethod codeBase="C:\AOCR\AOCR\AOCR05-01-2026\AOCR1\AOCR\AOCR.Tests\bin\Debug\AOCR.Tests.dll" adapterTypeName="executor://mstestadapter/v2" className="AOCR.Tests.Unit.EstadoSolicitudTransitionMatrixTests" name="Matriz_NormalizacionLegacy_DebeMapearYValidar" />
    </UnitTest>
    <UnitTest name="ValidarArchivo_ExtensionPdf_Valido" storage="c:\aocr\aocr\aocr05-01-2026\aocr1\aocr\aocr.tests\bin\debug\aocr.tests.dll" id="670bb6d9-a4f1-135c-c7dd-f0ccc69b993e">
      <Execution id="bcab7d8e-1d20-43c0-8e40-43e061e6a61e" />
      <TestMethod codeBase="C:\AOCR\AOCR\AOCR05-01-2026\AOCR1\AOCR\AOCR.Tests\bin\Debug\AOCR.Tests.dll" adapterTypeName="executor://mstestadapter/v2" className="AOCR.Tests.Unit.ValidacionesTests" name="ValidarArchivo_ExtensionPdf_Valido" />
    </UnitTest>
    <UnitTest name="EsTransicionPermitida_TransicionesInvalidas_DebeRetornarFalse (AOCR Validado,En Inspeccion)" storage="c:\aocr\aocr\aocr05-01-2026\aocr1\aocr\aocr.tests\bin\debug\aocr.tests.dll" id="e47674b4-3125-881c-8b67-bcc4e26d823f">
      <Execution id="2b1472fd-8c7b-4756-a8ca-b22a40bee305" />
      <TestMethod codeBase="C:\AOCR\AOCR\AOCR05-01-2026\AOCR1\AOCR\AOCR.Tests\bin\Debug\AOCR.Tests.dll" adapterTypeName="executor://mstestadapter/v2" className="AOCR.Tests.Unit.SolicitudEstadoTransitionBLTests" name="EsTransicionPermitida_TransicionesInvalidas_DebeRetornarFalse" />
    </UnitTest>
    <UnitTest name="FlujoCompleto_CrearOrdenHastaPago_Exitoso" storage="c:\aocr\aocr\aocr05-01-2026\aocr1\aocr\aocr.tests\bin\debug\aocr.tests.dll" id="8b2f8c39-66aa-9a67-5b44-b3416762c893">
      <TestCategory>
        <TestCategoryItem TestCategory="Integration" />
      </TestCategory>
      <Execution id="3c1992b5-64a4-4db3-b4b7-2aea62286ca5" />
      <TestMethod codeBase="C:\AOCR\AOCR\AOCR05-01-2026\AOCR1\AOCR\AOCR.Tests\bin\Debug\AOCR.Tests.dll" adapterTypeName="executor://mstestadapter/v2" className="AOCR.Tests.Integration.FlujoCompletoTests" name="FlujoCompleto_CrearOrdenHastaPago_Exitoso" />
    </UnitTest>
    <UnitTest name="Matriz_TransicionesValidas_DebePermitir (Pendiente Asignacion RT,En Inspeccion)" storage="c:\aocr\aocr\aocr05-01-2026\aocr1\aocr\aocr.tests\bin\debug\aocr.tests.dll" id="6f81574e-136a-66d4-6a01-38ca2c6dd3bc">
      <Execution id="668bed7b-0c7b-4e9a-aa70-614810031cde" />
      <TestMethod codeBase="C:\AOCR\AOCR\AOCR05-01-2026\AOCR1\AOCR\AOCR.Tests\bin\Debug\AOCR.Tests.dll" adapterTypeName="executor://mstestadapter/v2" className="AOCR.Tests.Unit.EstadoSolicitudTransitionMatrixTests" name="Matriz_TransicionesValidas_DebePermitir" />
    </UnitTest>
    <UnitTest name="ObtenerOrden_IdValido_RetornaOrden" storage="c:\aocr\aocr\aocr05-01-2026\aocr1\aocr\aocr.tests\bin\debug\aocr.tests.dll" id="fb712e4c-a09a-a4b4-e631-d7f7301c144b">
      <Execution id="cea0c36b-e1e1-4fa5-a17e-9af7a76d0a92" />
      <TestMethod codeBase="C:\AOCR\AOCR\AOCR05-01-2026\AOCR1\AOCR\AOCR.Tests\bin\Debug\AOCR.Tests.dll" adapterTypeName="executor://mstestadapter/v2" className="AOCR.Tests.Unit.OrdenRecaudacionOrchestratorTests" name="ObtenerOrden_IdValido_RetornaOrden" />
    </UnitTest>
    <UnitTest name="Matriz_TransicionesValidas_DebePermitir (Solicitud Creada,Documentacion Pendiente)" storage="c:\aocr\aocr\aocr05-01-2026\aocr1\aocr\aocr.tests\bin\debug\aocr.tests.dll" id="b2764189-3653-005f-53bb-8993f83d050d">
      <Execution id="d392c216-0ea0-4fc5-8654-39e369ff6f8f" />
      <TestMethod codeBase="C:\AOCR\AOCR\AOCR05-01-2026\AOCR1\AOCR\AOCR.Tests\bin\Debug\AOCR.Tests.dll" adapterTypeName="executor://mstestadapter/v2" className="AOCR.Tests.Unit.EstadoSolicitudTransitionMatrixTests" name="Matriz_TransicionesValidas_DebePermitir" />
    </UnitTest>
    <UnitTest name="EsTransicionPermitida_EstadosLegacyNormalizados_DebeRetornarTrue (ENVIADO_A_JEFATURA,AOCR_Validado)" storage="c:\aocr\aocr\aocr05-01-2026\aocr1\aocr\aocr.tests\bin\debug\aocr.tests.dll" id="6d0b85d9-49c7-d679-5b96-d17a0df938d1">
      <Execution id="2caf03b7-1fc3-496d-9381-6168f6cc3665" />
      <TestMethod codeBase="C:\AOCR\AOCR\AOCR05-01-2026\AOCR1\AOCR\AOCR.Tests\bin\Debug\AOCR.Tests.dll" adapterTypeName="executor://mstestadapter/v2" className="AOCR.Tests.Unit.SolicitudEstadoTransitionBLTests" name="EsTransicionPermitida_EstadosLegacyNormalizados_DebeRetornarTrue" />
    </UnitTest>
    <UnitTest name="Matriz_TransicionesInvalidas_DebeBloquear (AOCR En Revision,AOCR Emitido/Recibido)" storage="c:\aocr\aocr\aocr05-01-2026\aocr1\aocr\aocr.tests\bin\debug\aocr.tests.dll" id="5bb6a88d-92cf-ad24-4246-eb79316e0c63">
      <Execution id="4ab5d868-13c1-41ad-9112-4a6ebe2bdd55" />
      <TestMethod codeBase="C:\AOCR\AOCR\AOCR05-01-2026\AOCR1\AOCR\AOCR.Tests\bin\Debug\AOCR.Tests.dll" adapterTypeName="executor://mstestadapter/v2" className="AOCR.Tests.Unit.EstadoSolicitudTransitionMatrixTests" name="Matriz_TransicionesInvalidas_DebeBloquear" />
    </UnitTest>
    <UnitTest name="EncolarCorreo_SinDestinatario_Falla" storage="c:\aocr\aocr\aocr05-01-2026\aocr1\aocr\aocr.tests\bin\debug\aocr.tests.dll" id="87153650-0b4b-e7dd-edb3-d7d29f8f1e7e">
      <Execution id="76cdf093-160d-4b1f-895d-8df748e9dff0" />
      <TestMethod codeBase="C:\AOCR\AOCR\AOCR05-01-2026\AOCR1\AOCR\AOCR.Tests\bin\Debug\AOCR.Tests.dll" adapterTypeName="executor://mstestadapter/v2" className="AOCR.Tests.Unit.EmailQueueTests" name="EncolarCorreo_SinDestinatario_Falla" />
    </UnitTest>
    <UnitTest name="EsTransicionPermitida_TransicionesValidas_DebeRetornarTrue (Aceptacion Documental,Pendiente Asignacion RT)" storage="c:\aocr\aocr\aocr05-01-2026\aocr1\aocr\aocr.tests\bin\debug\aocr.tests.dll" id="84f0f9fc-fd71-c2d4-a3c2-44dce01adef7">
      <Execution id="267792eb-5a1e-4a33-b1dd-7fd3202c63fa" />
      <TestMethod codeBase="C:\AOCR\AOCR\AOCR05-01-2026\AOCR1\AOCR\AOCR.Tests\bin\Debug\AOCR.Tests.dll" adapterTypeName="executor://mstestadapter/v2" className="AOCR.Tests.Unit.SolicitudEstadoTransitionBLTests" name="EsTransicionPermitida_TransicionesValidas_DebeRetornarTrue" />
    </UnitTest>
    <UnitTest name="ValidarFecha_Futura_Invalida" storage="c:\aocr\aocr\aocr05-01-2026\aocr1\aocr\aocr.tests\bin\debug\aocr.tests.dll" id="e4cb36bd-f93d-c4a9-fda2-5aeada9eecd9">
      <Execution id="b10b5bee-7b96-4229-9761-3d92aa25d24d" />
      <TestMethod codeBase="C:\AOCR\AOCR\AOCR05-01-2026\AOCR1\AOCR\AOCR.Tests\bin\Debug\AOCR.Tests.dll" adapterTypeName="executor://mstestadapter/v2" className="AOCR.Tests.Unit.ValidacionesTests" name="ValidarFecha_Futura_Invalida" />
    </UnitTest>
    <UnitTest name="Matriz_TransicionesValidas_DebePermitir (Aceptacion Documental,Pendiente Asignacion RT)" storage="c:\aocr\aocr\aocr05-01-2026\aocr1\aocr\aocr.tests\bin\debug\aocr.tests.dll" id="bddd4904-c6a0-388b-5775-56ee2a0af1ec">
      <Execution id="e310601e-6db6-4aa4-9c3a-be2288075e89" />
      <TestMethod codeBase="C:\AOCR\AOCR\AOCR05-01-2026\AOCR1\AOCR\AOCR.Tests\bin\Debug\AOCR.Tests.dll" adapterTypeName="executor://mstestadapter/v2" className="AOCR.Tests.Unit.EstadoSolicitudTransitionMatrixTests" name="Matriz_TransicionesValidas_DebePermitir" />
    </UnitTest>
    <UnitTest name="EncolarCorreo_DatosValidos_RetornaId" storage="c:\aocr\aocr\aocr05-01-2026\aocr1\aocr\aocr.tests\bin\debug\aocr.tests.dll" id="7ba9af93-e836-cee5-2d32-1f38b166c3bf">
      <Execution id="c1c9841e-248c-438b-9afc-ced2e60f7728" />
      <TestMethod codeBase="C:\AOCR\AOCR\AOCR05-01-2026\AOCR1\AOCR\AOCR.Tests\bin\Debug\AOCR.Tests.dll" adapterTypeName="executor://mstestadapter/v2" className="AOCR.Tests.Unit.EmailQueueTests" name="EncolarCorreo_DatosValidos_RetornaId" />
    </UnitTest>
    <UnitTest name="Matriz_TransicionesInvalidas_DebeBloquear (Pendiente Asignacion RT,AOCR En Revision)" storage="c:\aocr\aocr\aocr05-01-2026\aocr1\aocr\aocr.tests\bin\debug\aocr.tests.dll" id="3d058df1-d70c-be0b-f690-2dc4115ce34f">
      <Execution id="1960f558-88db-4d2c-8e24-a02c083b2540" />
      <TestMethod codeBase="C:\AOCR\AOCR\AOCR05-01-2026\AOCR1\AOCR\AOCR.Tests\bin\Debug\AOCR.Tests.dll" adapterTypeName="executor://mstestadapter/v2" className="AOCR.Tests.Unit.EstadoSolicitudTransitionMatrixTests" name="Matriz_TransicionesInvalidas_DebeBloquear" />
    </UnitTest>
    <UnitTest name="GenerarPdf_OrdenNula_LanzaExcepcion" storage="c:\aocr\aocr\aocr05-01-2026\aocr1\aocr\aocr.tests\bin\debug\aocr.tests.dll" id="931616ce-b494-8596-41ef-25a325d1a42a">
      <Execution id="282cfebf-c329-49a1-949f-e929b1ad5a56" />
      <TestMethod codeBase="C:\AOCR\AOCR\AOCR05-01-2026\AOCR1\AOCR\AOCR.Tests\bin\Debug\AOCR.Tests.dll" adapterTypeName="executor://mstestadapter/v2" className="AOCR.Tests.Unit.PdfGeneratorTests" name="GenerarPdf_OrdenNula_LanzaExcepcion" />
    </UnitTest>
    <UnitTest name="Matriz_TransicionesInvalidas_DebeBloquear (AOCR Emitido/Recibido,AOCR En Revision)" storage="c:\aocr\aocr\aocr05-01-2026\aocr1\aocr\aocr.tests\bin\debug\aocr.tests.dll" id="98af0476-00fc-2b2e-5e94-efb32518d639">
      <Execution id="30baa932-5fba-4da0-bb01-037ff19f1572" />
      <TestMethod codeBase="C:\AOCR\AOCR\AOCR05-01-2026\AOCR1\AOCR\AOCR.Tests\bin\Debug\AOCR.Tests.dll" adapterTypeName="executor://mstestadapter/v2" className="AOCR.Tests.Unit.EstadoSolicitudTransitionMatrixTests" name="Matriz_TransicionesInvalidas_DebeBloquear" />
    </UnitTest>
    <UnitTest name="NombreArchivo_CaracteresPeligrosos_Removidos" storage="c:\aocr\aocr\aocr05-01-2026\aocr1\aocr\aocr.tests\bin\debug\aocr.tests.dll" id="8621eede-c3e5-5e1d-65c1-f772369c5c9d">
      <Execution id="9fd43ea8-58ac-4f12-a2b0-2710b5e277ef" />
      <TestMethod codeBase="C:\AOCR\AOCR\AOCR05-01-2026\AOCR1\AOCR\AOCR.Tests\bin\Debug\AOCR.Tests.dll" adapterTypeName="executor://mstestadapter/v2" className="AOCR.Tests.Unit.SecurityTests" name="NombreArchivo_CaracteresPeligrosos_Removidos" />
    </UnitTest>
    <UnitTest name="EsTransicionPermitida_EstadosLegacyNormalizados_DebeRetornarTrue (APROBADO_POR_DIRECCION,LEGALIZADO)" storage="c:\aocr\aocr\aocr05-01-2026\aocr1\aocr\aocr.tests\bin\debug\aocr.tests.dll" id="084b2f8b-72e1-b973-5a12-41e9ee505641">
      <Execution id="a04ab954-d638-439f-99cd-20714b870e21" />
      <TestMethod codeBase="C:\AOCR\AOCR\AOCR05-01-2026\AOCR1\AOCR\AOCR.Tests\bin\Debug\AOCR.Tests.dll" adapterTypeName="executor://mstestadapter/v2" className="AOCR.Tests.Unit.SolicitudEstadoTransitionBLTests" name="EsTransicionPermitida_EstadosLegacyNormalizados_DebeRetornarTrue" />
    </UnitTest>
    <UnitTest name="EsTransicionPermitida_EstadosLegacyNormalizados_DebeRetornarTrue (CERTIFICADO_EMITIDO,AOCR_EMITIDO_RECIBIDO)" storage="c:\aocr\aocr\aocr05-01-2026\aocr1\aocr\aocr.tests\bin\debug\aocr.tests.dll" id="18e234b8-2d7b-b4d0-344c-5811693677a2">
      <Execution id="2074ab94-1c28-4fe6-9694-989bc04cdd24" />
      <TestMethod codeBase="C:\AOCR\AOCR\AOCR05-01-2026\AOCR1\AOCR\AOCR.Tests\bin\Debug\AOCR.Tests.dll" adapterTypeName="executor://mstestadapter/v2" className="AOCR.Tests.Unit.SolicitudEstadoTransitionBLTests" name="EsTransicionPermitida_EstadosLegacyNormalizados_DebeRetornarTrue" />
    </UnitTest>
    <UnitTest name="SolicitudEstadoTransition_EstadoFinalIdempotente_DebePermitir" storage="c:\aocr\aocr\aocr05-01-2026\aocr1\aocr\aocr.tests\bin\debug\aocr.tests.dll" id="d82655b2-40df-3a77-4406-62f9c05f4586">
      <Execution id="243ea372-7413-492c-9cd6-e609c2b18c21" />
      <TestMethod codeBase="C:\AOCR\AOCR\AOCR05-01-2026\AOCR1\AOCR\AOCR.Tests\bin\Debug\AOCR.Tests.dll" adapterTypeName="executor://mstestadapter/v2" className="AOCR.Tests.Unit.NullSafetyRegressionTests" name="SolicitudEstadoTransition_EstadoFinalIdempotente_DebePermitir" />
    </UnitTest>
    <UnitTest name="EsTransicionPermitida_TransicionesValidas_DebeRetornarTrue (AOCR En Revision,AOCR Validado)" storage="c:\aocr\aocr\aocr05-01-2026\aocr1\aocr\aocr.tests\bin\debug\aocr.tests.dll" id="fd3121a5-0467-9c14-1917-e0e774685500">
      <Execution id="b6234db8-c2c3-4422-b817-d7f88cc7e899" />
      <TestMethod codeBase="C:\AOCR\AOCR\AOCR05-01-2026\AOCR1\AOCR\AOCR.Tests\bin\Debug\AOCR.Tests.dll" adapterTypeName="executor://mstestadapter/v2" className="AOCR.Tests.Unit.SolicitudEstadoTransitionBLTests" name="EsTransicionPermitida_TransicionesValidas_DebeRetornarTrue" />
    </UnitTest>
    <UnitTest name="EsTransicionPermitida_TransicionesInvalidas_DebeRetornarFalse (AOCR Emitido/Recibido,AOCR En Revision)" storage="c:\aocr\aocr\aocr05-01-2026\aocr1\aocr\aocr.tests\bin\debug\aocr.tests.dll" id="0f8d89cc-3c25-0b90-bf6b-463ae237c8d9">
      <Execution id="926e01ea-66d8-4c29-86c5-3e54d3fc1ed1" />
      <TestMethod codeBase="C:\AOCR\AOCR\AOCR05-01-2026\AOCR1\AOCR\AOCR.Tests\bin\Debug\AOCR.Tests.dll" adapterTypeName="executor://mstestadapter/v2" className="AOCR.Tests.Unit.SolicitudEstadoTransitionBLTests" name="EsTransicionPermitida_TransicionesInvalidas_DebeRetornarFalse" />
    </UnitTest>
    <UnitTest name="Matriz_TransicionesInvalidas_DebeBloquear (Documentacion Pendiente,AOCR En Revision)" storage="c:\aocr\aocr\aocr05-01-2026\aocr1\aocr\aocr.tests\bin\debug\aocr.tests.dll" id="d925989e-ccfb-699e-945b-1068d4a9d076">
      <Execution id="d188cfef-c032-4c8c-8236-3271b69d28d9" />
      <TestMethod codeBase="C:\AOCR\AOCR\AOCR05-01-2026\AOCR1\AOCR\AOCR.Tests\bin\Debug\AOCR.Tests.dll" adapterTypeName="executor://mstestadapter/v2" className="AOCR.Tests.Unit.EstadoSolicitudTransitionMatrixTests" name="Matriz_TransicionesInvalidas_DebeBloquear" />
    </UnitTest>
    <UnitTest name="Matriz_TransicionesValidas_DebePermitir (AOCR En Elaboracion,AOCR En Revision)" storage="c:\aocr\aocr\aocr05-01-2026\aocr1\aocr\aocr.tests\bin\debug\aocr.tests.dll" id="1c9c850f-e9cc-6746-d57b-f8101af5b0ba">
      <Execution id="4cde1348-7a66-421b-8040-82a878ed89be" />
      <TestMethod codeBase="C:\AOCR\AOCR\AOCR05-01-2026\AOCR1\AOCR\AOCR.Tests\bin\Debug\AOCR.Tests.dll" adapterTypeName="executor://mstestadapter/v2" className="AOCR.Tests.Unit.EstadoSolicitudTransitionMatrixTests" name="Matriz_TransicionesValidas_DebePermitir" />
    </UnitTest>
    <UnitTest name="Matriz_TransicionesValidas_DebePermitir (Documentacion Pendiente,Observada)" storage="c:\aocr\aocr\aocr05-01-2026\aocr1\aocr\aocr.tests\bin\debug\aocr.tests.dll" id="d4753ea5-7a73-da42-2b09-1b2e24fe28d3">
      <Execution id="2c950d2c-b3aa-48b6-bb47-4268efb37be6" />
      <TestMethod codeBase="C:\AOCR\AOCR\AOCR05-01-2026\AOCR1\AOCR\AOCR.Tests\bin\Debug\AOCR.Tests.dll" adapterTypeName="executor://mstestadapter/v2" className="AOCR.Tests.Unit.EstadoSolicitudTransitionMatrixTests" name="Matriz_TransicionesValidas_DebePermitir" />
    </UnitTest>
    <UnitTest name="Matriz_TransicionesInvalidas_DebeBloquear (AOCR Validado,En Inspeccion)" storage="c:\aocr\aocr\aocr05-01-2026\aocr1\aocr\aocr.tests\bin\debug\aocr.tests.dll" id="a7db5e90-ba70-eb9f-924f-0c598e8e2950">
      <Execution id="dad6eb1d-38b7-42ff-9592-03225102c6ca" />
      <TestMethod codeBase="C:\AOCR\AOCR\AOCR05-01-2026\AOCR1\AOCR\AOCR.Tests\bin\Debug\AOCR.Tests.dll" adapterTypeName="executor://mstestadapter/v2" className="AOCR.Tests.Unit.EstadoSolicitudTransitionMatrixTests" name="Matriz_TransicionesInvalidas_DebeBloquear" />
    </UnitTest>
    <UnitTest name="Matriz_TransicionesValidas_DebePermitir (En Inspeccion,AOCR En Elaboracion)" storage="c:\aocr\aocr\aocr05-01-2026\aocr1\aocr\aocr.tests\bin\debug\aocr.tests.dll" id="8524fd19-a0a7-cd7c-e3ef-a83e05ec6059">
      <Execution id="0aa453e9-9408-4625-9aff-d8b56ff88f3b" />
      <TestMethod codeBase="C:\AOCR\AOCR\AOCR05-01-2026\AOCR1\AOCR\AOCR.Tests\bin\Debug\AOCR.Tests.dll" adapterTypeName="executor://mstestadapter/v2" className="AOCR.Tests.Unit.EstadoSolicitudTransitionMatrixTests" name="Matriz_TransicionesValidas_DebePermitir" />
    </UnitTest>
    <UnitTest name="Matriz_TransicionesInvalidas_DebeBloquear (En Inspeccion,AOCR Legalizado)" storage="c:\aocr\aocr\aocr05-01-2026\aocr1\aocr\aocr.tests\bin\debug\aocr.tests.dll" id="8bd54b3b-52ea-b441-3df4-26f5f61ddae6">
      <Execution id="d3070aa4-a106-450f-a154-c47ab944439a" />
      <TestMethod codeBase="C:\AOCR\AOCR\AOCR05-01-2026\AOCR1\AOCR\AOCR.Tests\bin\Debug\AOCR.Tests.dll" adapterTypeName="executor://mstestadapter/v2" className="AOCR.Tests.Unit.EstadoSolicitudTransitionMatrixTests" name="Matriz_TransicionesInvalidas_DebeBloquear" />
    </UnitTest>
    <UnitTest name="ValidarArchivo_ExtensionExe_Invalido" storage="c:\aocr\aocr\aocr05-01-2026\aocr1\aocr\aocr.tests\bin\debug\aocr.tests.dll" id="a0d8548d-c447-a5f1-8f7f-c0f1cc016639">
      <Execution id="12b91207-2f94-4392-abf4-ee865b85342e" />
      <TestMethod codeBase="C:\AOCR\AOCR\AOCR05-01-2026\AOCR1\AOCR\AOCR.Tests\bin\Debug\AOCR.Tests.dll" adapterTypeName="executor://mstestadapter/v2" className="AOCR.Tests.Unit.ValidacionesTests" name="ValidarArchivo_ExtensionExe_Invalido" />
    </UnitTest>
    <UnitTest name="ValidarArchivo_PathTraversal_Sanitizado" storage="c:\aocr\aocr\aocr05-01-2026\aocr1\aocr\aocr.tests\bin\debug\aocr.tests.dll" id="7efac4e5-0d4a-c79b-3fe6-9f8215db521e">
      <Execution id="547d9d10-5aa8-4a24-ab29-f763778c916c" />
      <TestMethod codeBase="C:\AOCR\AOCR\AOCR05-01-2026\AOCR1\AOCR\AOCR.Tests\bin\Debug\AOCR.Tests.dll" adapterTypeName="executor://mstestadapter/v2" className="AOCR.Tests.Unit.SecurityTests" name="ValidarArchivo_PathTraversal_Sanitizado" />
    </UnitTest>
    <UnitTest name="Matriz_TransicionesValidas_DebePermitir (AOCR Validado,AOCR Legalizado)" storage="c:\aocr\aocr\aocr05-01-2026\aocr1\aocr\aocr.tests\bin\debug\aocr.tests.dll" id="e0199b15-fa31-f0be-64b9-0a763b398054">
      <Execution id="828bc1bc-c2aa-44a1-a950-e76780aa24e3" />
      <TestMethod codeBase="C:\AOCR\AOCR\AOCR05-01-2026\AOCR1\AOCR\AOCR.Tests\bin\Debug\AOCR.Tests.dll" adapterTypeName="executor://mstestadapter/v2" className="AOCR.Tests.Unit.EstadoSolicitudTransitionMatrixTests" name="Matriz_TransicionesValidas_DebePermitir" />
    </UnitTest>
    <UnitTest name="EsTransicionPermitida_TransicionesInvalidas_DebeRetornarFalse (Pendiente Asignacion RT,AOCR Legalizado)" storage="c:\aocr\aocr\aocr05-01-2026\aocr1\aocr\aocr.tests\bin\debug\aocr.tests.dll" id="6610b768-d115-7a2d-859e-2a476dac1781">
      <Execution id="a0084653-a3bc-4988-abbb-c7eacd3e1ebe" />
      <TestMethod codeBase="C:\AOCR\AOCR\AOCR05-01-2026\AOCR1\AOCR\AOCR.Tests\bin\Debug\AOCR.Tests.dll" adapterTypeName="executor://mstestadapter/v2" className="AOCR.Tests.Unit.SolicitudEstadoTransitionBLTests" name="EsTransicionPermitida_TransicionesInvalidas_DebeRetornarFalse" />
    </UnitTest>
    <UnitTest name="EsTransicionPermitida_TransicionesInvalidas_DebeRetornarFalse (Pendiente,AOCR Legalizado)" storage="c:\aocr\aocr\aocr05-01-2026\aocr1\aocr\aocr.tests\bin\debug\aocr.tests.dll" id="8b8f40c0-0f9f-4a7f-709b-5f419eda5cf3">
      <Execution id="f10f305b-0941-4d31-8123-1b64567b6641" />
      <TestMethod codeBase="C:\AOCR\AOCR\AOCR05-01-2026\AOCR1\AOCR\AOCR.Tests\bin\Debug\AOCR.Tests.dll" adapterTypeName="executor://mstestadapter/v2" className="AOCR.Tests.Unit.SolicitudEstadoTransitionBLTests" name="EsTransicionPermitida_TransicionesInvalidas_DebeRetornarFalse" />
    </UnitTest>
    <UnitTest name="EsTransicionPermitida_TransicionesValidas_DebeRetornarTrue (Documentacion Completa,En Inspeccion)" storage="c:\aocr\aocr\aocr05-01-2026\aocr1\aocr\aocr.tests\bin\debug\aocr.tests.dll" id="e05d4a0d-05df-4d45-46db-c44a4bab4935">
      <Execution id="a940711e-9534-4b1a-8172-7adfd6827444" />
      <TestMethod codeBase="C:\AOCR\AOCR\AOCR05-01-2026\AOCR1\AOCR\AOCR.Tests\bin\Debug\AOCR.Tests.dll" adapterTypeName="executor://mstestadapter/v2" className="AOCR.Tests.Unit.SolicitudEstadoTransitionBLTests" name="EsTransicionPermitida_TransicionesValidas_DebeRetornarTrue" />
    </UnitTest>
    <UnitTest name="Matriz_TransicionesInvalidas_DebeBloquear (Solicitud Creada,AOCR Legalizado)" storage="c:\aocr\aocr\aocr05-01-2026\aocr1\aocr\aocr.tests\bin\debug\aocr.tests.dll" id="635f5c69-2052-56ac-66a5-5151569efbb8">
      <Execution id="326a93dc-f55c-4ff2-8677-2f3b6600e508" />
      <TestMethod codeBase="C:\AOCR\AOCR\AOCR05-01-2026\AOCR1\AOCR\AOCR.Tests\bin\Debug\AOCR.Tests.dll" adapterTypeName="executor://mstestadapter/v2" className="AOCR.Tests.Unit.EstadoSolicitudTransitionMatrixTests" name="Matriz_TransicionesInvalidas_DebeBloquear" />
    </UnitTest>
    <UnitTest name="EsTransicionPermitida_TransicionesValidas_DebeRetornarTrue (AOCR Legalizado,AOCR Emitido/Recibido)" storage="c:\aocr\aocr\aocr05-01-2026\aocr1\aocr\aocr.tests\bin\debug\aocr.tests.dll" id="3571b916-2103-d541-e0fd-a0f64ee224a6">
      <Execution id="4960e9f2-59b5-43d4-96b3-00732b3f22e3" />
      <TestMethod codeBase="C:\AOCR\AOCR\AOCR05-01-2026\AOCR1\AOCR\AOCR.Tests\bin\Debug\AOCR.Tests.dll" adapterTypeName="executor://mstestadapter/v2" className="AOCR.Tests.Unit.SolicitudEstadoTransitionBLTests" name="EsTransicionPermitida_TransicionesValidas_DebeRetornarTrue" />
    </UnitTest>
    <UnitTest name="EsTransicionPermitida_TransicionesInvalidas_DebeRetornarFalse (Rechazada,AOCR Emitido/Recibido)" storage="c:\aocr\aocr\aocr05-01-2026\aocr1\aocr\aocr.tests\bin\debug\aocr.tests.dll" id="e7c2c311-456b-9100-d2b8-2c29a30333e5">
      <Execution id="825018d4-6711-431e-8946-eaf57cbe20ca" />
      <TestMethod codeBase="C:\AOCR\AOCR\AOCR05-01-2026\AOCR1\AOCR\AOCR.Tests\bin\Debug\AOCR.Tests.dll" adapterTypeName="executor://mstestadapter/v2" className="AOCR.Tests.Unit.SolicitudEstadoTransitionBLTests" name="EsTransicionPermitida_TransicionesInvalidas_DebeRetornarFalse" />
    </UnitTest>
    <UnitTest name="OrdenRecaudacion_DefaultContribuyenteId_NoDebeSerNull" storage="c:\aocr\aocr\aocr05-01-2026\aocr1\aocr\aocr.tests\bin\debug\aocr.tests.dll" id="4239db07-f4af-9762-5d58-0070fb510b67">
      <Execution id="6b69efd0-2c41-4053-baa1-2851d1dcc22d" />
      <TestMethod codeBase="C:\AOCR\AOCR\AOCR05-01-2026\AOCR1\AOCR\AOCR.Tests\bin\Debug\AOCR.Tests.dll" adapterTypeName="executor://mstestadapter/v2" className="AOCR.Tests.Unit.NullSafetyRegressionTests" name="OrdenRecaudacion_DefaultContribuyenteId_NoDebeSerNull" />
    </UnitTest>
    <UnitTest name="EsTransicionPermitida_TransicionesValidas_DebeRetornarTrue (En Revision,Aceptacion Documental)" storage="c:\aocr\aocr\aocr05-01-2026\aocr1\aocr\aocr.tests\bin\debug\aocr.tests.dll" id="f4db67e1-4556-8e73-1ed7-178372bc52c5">
      <Execution id="04e77149-8ba2-4263-8f93-a5157ada2a23" />
      <TestMethod codeBase="C:\AOCR\AOCR\AOCR05-01-2026\AOCR1\AOCR\AOCR.Tests\bin\Debug\AOCR.Tests.dll" adapterTypeName="executor://mstestadapter/v2" className="AOCR.Tests.Unit.SolicitudEstadoTransitionBLTests" name="EsTransicionPermitida_TransicionesValidas_DebeRetornarTrue" />
    </UnitTest>
    <UnitTest name="EsTransicionPermitida_TransicionesValidas_DebeRetornarTrue (Pendiente Asignacion RT,En Inspeccion)" storage="c:\aocr\aocr\aocr05-01-2026\aocr1\aocr\aocr.tests\bin\debug\aocr.tests.dll" id="9a257d47-c25c-4046-6ece-592514569a27">
      <Execution id="82399c55-3110-48c6-bb47-7ac724e7f002" />
      <TestMethod codeBase="C:\AOCR\AOCR\AOCR05-01-2026\AOCR1\AOCR\AOCR.Tests\bin\Debug\AOCR.Tests.dll" adapterTypeName="executor://mstestadapter/v2" className="AOCR.Tests.Unit.SolicitudEstadoTransitionBLTests" name="EsTransicionPermitida_TransicionesValidas_DebeRetornarTrue" />
    </UnitTest>
    <UnitTest name="GenerarPdf_SinNumeroOrden_Falla" storage="c:\aocr\aocr\aocr05-01-2026\aocr1\aocr\aocr.tests\bin\debug\aocr.tests.dll" id="6162ed3c-60f9-ca87-f0b1-14954518e2b2">
      <Execution id="7f056daf-f5d2-48a7-a463-34d8dc800295" />
      <TestMethod codeBase="C:\AOCR\AOCR\AOCR05-01-2026\AOCR1\AOCR\AOCR.Tests\bin\Debug\AOCR.Tests.dll" adapterTypeName="executor://mstestadapter/v2" className="AOCR.Tests.Unit.PdfGeneratorTests" name="GenerarPdf_SinNumeroOrden_Falla" />
    </UnitTest>
    <UnitTest name="EsTransicionPermitida_TransicionesValidas_DebeRetornarTrue (Pendiente,Observada)" storage="c:\aocr\aocr\aocr05-01-2026\aocr1\aocr\aocr.tests\bin\debug\aocr.tests.dll" id="11d557d1-7edc-cfe1-4cae-1b1e55518806">
      <Execution id="2266fa3d-13d9-49cf-a70a-4cc083d48111" />
      <TestMethod codeBase="C:\AOCR\AOCR\AOCR05-01-2026\AOCR1\AOCR\AOCR.Tests\bin\Debug\AOCR.Tests.dll" adapterTypeName="executor://mstestadapter/v2" className="AOCR.Tests.Unit.SolicitudEstadoTransitionBLTests" name="EsTransicionPermitida_TransicionesValidas_DebeRetornarTrue" />
    </UnitTest>
    <UnitTest name="EsTransicionPermitida_TransicionesInvalidas_DebeRetornarFalse (Observada,AOCR Validado)" storage="c:\aocr\aocr\aocr05-01-2026\aocr1\aocr\aocr.tests\bin\debug\aocr.tests.dll" id="030b14fb-3b14-4960-f94b-83394855ae9d">
      <Execution id="78cf6c0c-d7bf-49df-8290-2a338c3f0417" />
      <TestMethod codeBase="C:\AOCR\AOCR\AOCR05-01-2026\AOCR1\AOCR\AOCR.Tests\bin\Debug\AOCR.Tests.dll" adapterTypeName="executor://mstestadapter/v2" className="AOCR.Tests.Unit.SolicitudEstadoTransitionBLTests" name="EsTransicionPermitida_TransicionesInvalidas_DebeRetornarFalse" />
    </UnitTest>
    <UnitTest name="Matriz_TransicionesValidas_DebePermitir (Observada,Subsanada)" storage="c:\aocr\aocr\aocr05-01-2026\aocr1\aocr\aocr.tests\bin\debug\aocr.tests.dll" id="7a15ec3f-551f-205c-000c-e0c3860d58fa">
      <Execution id="38c3d3db-d2e4-45dd-b329-4e8668b9e4b5" />
      <TestMethod codeBase="C:\AOCR\AOCR\AOCR05-01-2026\AOCR1\AOCR\AOCR.Tests\bin\Debug\AOCR.Tests.dll" adapterTypeName="executor://mstestadapter/v2" className="AOCR.Tests.Unit.EstadoSolicitudTransitionMatrixTests" name="Matriz_TransicionesValidas_DebePermitir" />
    </UnitTest>
    <UnitTest name="Matriz_TransicionesInvalidas_DebeBloquear (AOCR En Elaboracion,AOCR Emitido/Recibido)" storage="c:\aocr\aocr\aocr05-01-2026\aocr1\aocr\aocr.tests\bin\debug\aocr.tests.dll" id="e5a43bfc-f34b-653c-c011-ccdffb4b60be">
      <Execution id="a870e84b-63ad-4d79-bfbf-e7dc9ec60d64" />
      <TestMethod codeBase="C:\AOCR\AOCR\AOCR05-01-2026\AOCR1\AOCR\AOCR.Tests\bin\Debug\AOCR.Tests.dll" adapterTypeName="executor://mstestadapter/v2" className="AOCR.Tests.Unit.EstadoSolicitudTransitionMatrixTests" name="Matriz_TransicionesInvalidas_DebeBloquear" />
    </UnitTest>
    <UnitTest name="Matriz_TransicionesValidas_DebePermitir (AOCR Legalizado,AOCR Emitido/Recibido)" storage="c:\aocr\aocr\aocr05-01-2026\aocr1\aocr\aocr.tests\bin\debug\aocr.tests.dll" id="ac3f7675-4029-0865-00a0-3f2e8bcbbf75">
      <Execution id="3d7cb50b-214b-4578-bdff-683e88a46296" />
      <TestMethod codeBase="C:\AOCR\AOCR\AOCR05-01-2026\AOCR1\AOCR\AOCR.Tests\bin\Debug\AOCR.Tests.dll" adapterTypeName="executor://mstestadapter/v2" className="AOCR.Tests.Unit.EstadoSolicitudTransitionMatrixTests" name="Matriz_TransicionesValidas_DebePermitir" />
    </UnitTest>
    <UnitTest name="Matriz_TransicionesValidas_DebePermitir (AOCR En Revision,AOCR Validado)" storage="c:\aocr\aocr\aocr05-01-2026\aocr1\aocr\aocr.tests\bin\debug\aocr.tests.dll" id="65669073-f6cb-b796-f369-61f20dec513b">
      <Execution id="526b0d8d-3cf9-4068-9869-a1cfbed89233" />
      <TestMethod codeBase="C:\AOCR\AOCR\AOCR05-01-2026\AOCR1\AOCR\AOCR.Tests\bin\Debug\AOCR.Tests.dll" adapterTypeName="executor://mstestadapter/v2" className="AOCR.Tests.Unit.EstadoSolicitudTransitionMatrixTests" name="Matriz_TransicionesValidas_DebePermitir" />
    </UnitTest>
    <UnitTest name="CrearOrden_SinContribuyente_EsCero" storage="c:\aocr\aocr\aocr05-01-2026\aocr1\aocr\aocr.tests\bin\debug\aocr.tests.dll" id="061be749-4608-9c9e-beec-eb09973ea57b">
      <Execution id="d9b1ec28-c2d2-49d3-8739-82786db4db48" />
      <TestMethod codeBase="C:\AOCR\AOCR\AOCR05-01-2026\AOCR1\AOCR\AOCR.Tests\bin\Debug\AOCR.Tests.dll" adapterTypeName="executor://mstestadapter/v2" className="AOCR.Tests.Unit.OrdenRecaudacionOrchestratorTests" name="CrearOrden_SinContribuyente_EsCero" />
    </UnitTest>
    <UnitTest name="Matriz_TransicionesInvalidas_DebeBloquear (Observada,AOCR En Elaboracion)" storage="c:\aocr\aocr\aocr05-01-2026\aocr1\aocr\aocr.tests\bin\debug\aocr.tests.dll" id="011f4e7d-42a6-7237-eb5c-a4f4604928ef">
      <Execution id="f96f3b59-b4ef-46d0-ab55-66446425e40e" />
      <TestMethod codeBase="C:\AOCR\AOCR\AOCR05-01-2026\AOCR1\AOCR\AOCR.Tests\bin\Debug\AOCR.Tests.dll" adapterTypeName="executor://mstestadapter/v2" className="AOCR.Tests.Unit.EstadoSolicitudTransitionMatrixTests" name="Matriz_TransicionesInvalidas_DebeBloquear" />
    </UnitTest>
    <UnitTest name="ObtenerOrden_IdInexistente_RetornaNull" storage="c:\aocr\aocr\aocr05-01-2026\aocr1\aocr\aocr.tests\bin\debug\aocr.tests.dll" id="85ab1dac-d7cf-9cf5-c392-49272ac40b1a">
      <Execution id="fb1956ad-cd2a-446f-8021-6b3541ed9d34" />
      <TestMethod codeBase="C:\AOCR\AOCR\AOCR05-01-2026\AOCR1\AOCR\AOCR.Tests\bin\Debug\AOCR.Tests.dll" adapterTypeName="executor://mstestadapter/v2" className="AOCR.Tests.Unit.OrdenRecaudacionOrchestratorTests" name="ObtenerOrden_IdInexistente_RetornaNull" />
    </UnitTest>
    <UnitTest name="Matriz_TransicionesValidas_DebePermitir (Subsanada,Documentacion Pendiente)" storage="c:\aocr\aocr\aocr05-01-2026\aocr1\aocr\aocr.tests\bin\debug\aocr.tests.dll" id="55f3a4f2-6020-440a-ef9f-f35d7b91779a">
      <Execution id="cade2d47-5730-4268-a02f-159bb924c5a2" />
      <TestMethod codeBase="C:\AOCR\AOCR\AOCR05-01-2026\AOCR1\AOCR\AOCR.Tests\bin\Debug\AOCR.Tests.dll" adapterTypeName="executor://mstestadapter/v2" className="AOCR.Tests.Unit.EstadoSolicitudTransitionMatrixTests" name="Matriz_TransicionesValidas_DebePermitir" />
    </UnitTest>
  </TestDefinitions>
  <TestEntries>
    <TestEntry testId="85ab1dac-d7cf-9cf5-c392-49272ac40b1a" executionId="fb1956ad-cd2a-446f-8021-6b3541ed9d34" testListId="8c84fa94-04c1-424b-9868-57a2d4851a1d" />
    <TestEntry testId="d925989e-ccfb-699e-945b-1068d4a9d076" executionId="d188cfef-c032-4c8c-8236-3271b69d28d9" testListId="8c84fa94-04c1-424b-9868-57a2d4851a1d" />
    <TestEntry testId="bddd4904-c6a0-388b-5775-56ee2a0af1ec" executionId="e310601e-6db6-4aa4-9c3a-be2288075e89" testListId="8c84fa94-04c1-424b-9868-57a2d4851a1d" />
    <TestEntry testId="931616ce-b494-8596-41ef-25a325d1a42a" executionId="282cfebf-c329-49a1-949f-e929b1ad5a56" testListId="8c84fa94-04c1-424b-9868-57a2d4851a1d" />
    <TestEntry testId="ac3f7675-4029-0865-00a0-3f2e8bcbbf75" executionId="3d7cb50b-214b-4578-bdff-683e88a46296" testListId="8c84fa94-04c1-424b-9868-57a2d4851a1d" />
    <TestEntry testId="98af0476-00fc-2b2e-5e94-efb32518d639" executionId="30baa932-5fba-4da0-bb01-037ff19f1572" testListId="8c84fa94-04c1-424b-9868-57a2d4851a1d" />
    <TestEntry testId="3cd830cc-999b-0acb-ff86-a1918f340789" executionId="8d7316dd-7138-402b-9954-e578ef15ffc6" testListId="8c84fa94-04c1-424b-9868-57a2d4851a1d" />
    <TestEntry testId="e0199b15-fa31-f0be-64b9-0a763b398054" executionId="828bc1bc-c2aa-44a1-a950-e76780aa24e3" testListId="8c84fa94-04c1-424b-9868-57a2d4851a1d" />
    <TestEntry testId="e7c2c311-456b-9100-d2b8-2c29a30333e5" executionId="825018d4-6711-431e-8946-eaf57cbe20ca" testListId="8c84fa94-04c1-424b-9868-57a2d4851a1d" />
    <TestEntry testId="7efac4e5-0d4a-c79b-3fe6-9f8215db521e" executionId="547d9d10-5aa8-4a24-ab29-f763778c916c" testListId="8c84fa94-04c1-424b-9868-57a2d4851a1d" />
    <TestEntry testId="a7db5e90-ba70-eb9f-924f-0c598e8e2950" executionId="dad6eb1d-38b7-42ff-9592-03225102c6ca" testListId="8c84fa94-04c1-424b-9868-57a2d4851a1d" />
    <TestEntry testId="e4cb36bd-f93d-c4a9-fda2-5aeada9eecd9" executionId="b10b5bee-7b96-4229-9761-3d92aa25d24d" testListId="8c84fa94-04c1-424b-9868-57a2d4851a1d" />
    <TestEntry testId="0f8d89cc-3c25-0b90-bf6b-463ae237c8d9" executionId="926e01ea-66d8-4c29-86c5-3e54d3fc1ed1" testListId="8c84fa94-04c1-424b-9868-57a2d4851a1d" />
    <TestEntry testId="9e6da589-d1d4-2673-576f-395e7a104363" executionId="bca8ea05-3404-43a6-8308-f473539fb293" testListId="8c84fa94-04c1-424b-9868-57a2d4851a1d" />
    <TestEntry testId="e05d4a0d-05df-4d45-46db-c44a4bab4935" executionId="a940711e-9534-4b1a-8172-7adfd6827444" testListId="8c84fa94-04c1-424b-9868-57a2d4851a1d" />
    <TestEntry testId="7a15ec3f-551f-205c-000c-e0c3860d58fa" executionId="38c3d3db-d2e4-45dd-b329-4e8668b9e4b5" testListId="8c84fa94-04c1-424b-9868-57a2d4851a1d" />
    <TestEntry testId="87153650-0b4b-e7dd-edb3-d7d29f8f1e7e" executionId="76cdf093-160d-4b1f-895d-8df748e9dff0" testListId="8c84fa94-04c1-424b-9868-57a2d4851a1d" />
    <TestEntry testId="6f81574e-136a-66d4-6a01-38ca2c6dd3bc" executionId="668bed7b-0c7b-4e9a-aa70-614810031cde" testListId="8c84fa94-04c1-424b-9868-57a2d4851a1d" />
    <TestEntry testId="670bb6d9-a4f1-135c-c7dd-f0ccc69b993e" executionId="bcab7d8e-1d20-43c0-8e40-43e061e6a61e" testListId="8c84fa94-04c1-424b-9868-57a2d4851a1d" />
    <TestEntry testId="6d0b85d9-49c7-d679-5b96-d17a0df938d1" executionId="2caf03b7-1fc3-496d-9381-6168f6cc3665" testListId="8c84fa94-04c1-424b-9868-57a2d4851a1d" />
    <TestEntry testId="6162ed3c-60f9-ca87-f0b1-14954518e2b2" executionId="7f056daf-f5d2-48a7-a463-34d8dc800295" testListId="8c84fa94-04c1-424b-9868-57a2d4851a1d" />
    <TestEntry testId="b2764189-3653-005f-53bb-8993f83d050d" executionId="d392c216-0ea0-4fc5-8654-39e369ff6f8f" testListId="8c84fa94-04c1-424b-9868-57a2d4851a1d" />
    <TestEntry testId="5bb6a88d-92cf-ad24-4246-eb79316e0c63" executionId="4ab5d868-13c1-41ad-9112-4a6ebe2bdd55" testListId="8c84fa94-04c1-424b-9868-57a2d4851a1d" />
    <TestEntry testId="84f0f9fc-fd71-c2d4-a3c2-44dce01adef7" executionId="267792eb-5a1e-4a33-b1dd-7fd3202c63fa" testListId="8c84fa94-04c1-424b-9868-57a2d4851a1d" />
    <TestEntry testId="084b2f8b-72e1-b973-5a12-41e9ee505641" executionId="a04ab954-d638-439f-99cd-20714b870e21" testListId="8c84fa94-04c1-424b-9868-57a2d4851a1d" />
    <TestEntry testId="061be749-4608-9c9e-beec-eb09973ea57b" executionId="d9b1ec28-c2d2-49d3-8739-82786db4db48" testListId="8c84fa94-04c1-424b-9868-57a2d4851a1d" />
    <TestEntry testId="e5a43bfc-f34b-653c-c011-ccdffb4b60be" executionId="a870e84b-63ad-4d79-bfbf-e7dc9ec60d64" testListId="8c84fa94-04c1-424b-9868-57a2d4851a1d" />
    <TestEntry testId="3d058df1-d70c-be0b-f690-2dc4115ce34f" executionId="1960f558-88db-4d2c-8e24-a02c083b2540" testListId="8c84fa94-04c1-424b-9868-57a2d4851a1d" />
    <TestEntry testId="030b14fb-3b14-4960-f94b-83394855ae9d" executionId="78cf6c0c-d7bf-49df-8290-2a338c3f0417" testListId="8c84fa94-04c1-424b-9868-57a2d4851a1d" />
    <TestEntry testId="8bd54b3b-52ea-b441-3df4-26f5f61ddae6" executionId="d3070aa4-a106-450f-a154-c47ab944439a" testListId="8c84fa94-04c1-424b-9868-57a2d4851a1d" />
    <TestEntry testId="9a257d47-c25c-4046-6ece-592514569a27" executionId="82399c55-3110-48c6-bb47-7ac724e7f002" testListId="8c84fa94-04c1-424b-9868-57a2d4851a1d" />
    <TestEntry testId="f4db67e1-4556-8e73-1ed7-178372bc52c5" executionId="04e77149-8ba2-4263-8f93-a5157ada2a23" testListId="8c84fa94-04c1-424b-9868-57a2d4851a1d" />
    <TestEntry testId="1c9c850f-e9cc-6746-d57b-f8101af5b0ba" executionId="4cde1348-7a66-421b-8040-82a878ed89be" testListId="8c84fa94-04c1-424b-9868-57a2d4851a1d" />
    <TestEntry testId="fd3121a5-0467-9c14-1917-e0e774685500" executionId="b6234db8-c2c3-4422-b817-d7f88cc7e899" testListId="8c84fa94-04c1-424b-9868-57a2d4851a1d" />
    <TestEntry testId="4239db07-f4af-9762-5d58-0070fb510b67" executionId="6b69efd0-2c41-4053-baa1-2851d1dcc22d" testListId="8c84fa94-04c1-424b-9868-57a2d4851a1d" />
    <TestEntry testId="11d557d1-7edc-cfe1-4cae-1b1e55518806" executionId="2266fa3d-13d9-49cf-a70a-4cc083d48111" testListId="8c84fa94-04c1-424b-9868-57a2d4851a1d" />
    <TestEntry testId="3571b916-2103-d541-e0fd-a0f64ee224a6" executionId="4960e9f2-59b5-43d4-96b3-00732b3f22e3" testListId="8c84fa94-04c1-424b-9868-57a2d4851a1d" />
    <TestEntry testId="6610b768-d115-7a2d-859e-2a476dac1781" executionId="a0084653-a3bc-4988-abbb-c7eacd3e1ebe" testListId="8c84fa94-04c1-424b-9868-57a2d4851a1d" />
    <TestEntry testId="18e234b8-2d7b-b4d0-344c-5811693677a2" executionId="2074ab94-1c28-4fe6-9694-989bc04cdd24" testListId="8c84fa94-04c1-424b-9868-57a2d4851a1d" />
    <TestEntry testId="65669073-f6cb-b796-f369-61f20dec513b" executionId="526b0d8d-3cf9-4068-9869-a1cfbed89233" testListId="8c84fa94-04c1-424b-9868-57a2d4851a1d" />
    <TestEntry testId="55f3a4f2-6020-440a-ef9f-f35d7b91779a" executionId="cade2d47-5730-4268-a02f-159bb924c5a2" testListId="8c84fa94-04c1-424b-9868-57a2d4851a1d" />
    <TestEntry testId="5d4bfedd-0225-eef3-2127-50d8f8dff382" executionId="400d8801-a8bd-4bf9-ba94-05ad042380e5" testListId="8c84fa94-04c1-424b-9868-57a2d4851a1d" />
    <TestEntry testId="011f4e7d-42a6-7237-eb5c-a4f4604928ef" executionId="f96f3b59-b4ef-46d0-ab55-66446425e40e" testListId="8c84fa94-04c1-424b-9868-57a2d4851a1d" />
    <TestEntry testId="bec301a9-3f89-743f-3e03-3a3c24a4683a" executionId="b90d5e08-7c4d-4d6f-b0a4-4b4acf02c51b" testListId="8c84fa94-04c1-424b-9868-57a2d4851a1d" />
    <TestEntry testId="fb712e4c-a09a-a4b4-e631-d7f7301c144b" executionId="cea0c36b-e1e1-4fa5-a17e-9af7a76d0a92" testListId="8c84fa94-04c1-424b-9868-57a2d4851a1d" />
    <TestEntry testId="d82655b2-40df-3a77-4406-62f9c05f4586" executionId="243ea372-7413-492c-9cd6-e609c2b18c21" testListId="8c84fa94-04c1-424b-9868-57a2d4851a1d" />
    <TestEntry testId="e47674b4-3125-881c-8b67-bcc4e26d823f" executionId="2b1472fd-8c7b-4756-a8ca-b22a40bee305" testListId="8c84fa94-04c1-424b-9868-57a2d4851a1d" />
    <TestEntry testId="635f5c69-2052-56ac-66a5-5151569efbb8" executionId="326a93dc-f55c-4ff2-8677-2f3b6600e508" testListId="8c84fa94-04c1-424b-9868-57a2d4851a1d" />
    <TestEntry testId="d4753ea5-7a73-da42-2b09-1b2e24fe28d3" executionId="2c950d2c-b3aa-48b6-bb47-4268efb37be6" testListId="8c84fa94-04c1-424b-9868-57a2d4851a1d" />
    <TestEntry testId="a0d8548d-c447-a5f1-8f7f-c0f1cc016639" executionId="12b91207-2f94-4392-abf4-ee865b85342e" testListId="8c84fa94-04c1-424b-9868-57a2d4851a1d" />
    <TestEntry testId="8621eede-c3e5-5e1d-65c1-f772369c5c9d" executionId="9fd43ea8-58ac-4f12-a2b0-2710b5e277ef" testListId="8c84fa94-04c1-424b-9868-57a2d4851a1d" />
    <TestEntry testId="7ba9af93-e836-cee5-2d32-1f38b166c3bf" executionId="c1c9841e-248c-438b-9afc-ced2e60f7728" testListId="8c84fa94-04c1-424b-9868-57a2d4851a1d" />
    <TestEntry testId="8b2f8c39-66aa-9a67-5b44-b3416762c893" executionId="3c1992b5-64a4-4db3-b4b7-2aea62286ca5" testListId="8c84fa94-04c1-424b-9868-57a2d4851a1d" />
    <TestEntry testId="8524fd19-a0a7-cd7c-e3ef-a83e05ec6059" executionId="0aa453e9-9408-4625-9aff-d8b56ff88f3b" testListId="8c84fa94-04c1-424b-9868-57a2d4851a1d" />
    <TestEntry testId="8b8f40c0-0f9f-4a7f-709b-5f419eda5cf3" executionId="f10f305b-0941-4d31-8123-1b64567b6641" testListId="8c84fa94-04c1-424b-9868-57a2d4851a1d" />
    <TestEntry testId="4d2a2ae8-d53e-60ea-b008-7f0dcdef2e7e" executionId="33f5840d-4193-4580-98c5-13f106868bbd" testListId="8c84fa94-04c1-424b-9868-57a2d4851a1d" />
  </TestEntries>
  <TestLists>
    <TestList name="Resultados sin formato de lista" id="8c84fa94-04c1-424b-9868-57a2d4851a1d" />
    <TestList name="Todos los resultados cargados" id="19431567-8539-422a-85d7-44ee4e166bda" />
  </TestLists>
  <ResultSummary outcome="Completed">
    <Counters total="56" executed="55" passed="55" failed="0" error="0" timeout="0" aborted="0" inconclusive="0" passedButRunAborted="0" notRunnable="0" notExecuted="0" disconnected="0" warning="0" completed="0" inProgress="0" pending="0" />
    <Output>
      <StdOut>Se ha omitido la prueba 'FlujoCompleto_CrearOrdenHastaPago_Exitoso' en la serie de pruebas.&#xD;
</StdOut>
    </Output>
  </ResultSummary>
</TestRun>